02-17 21:48:46.908 18010 18022 D cre.smashhit.vr: TrackPlayerBase::~TrackPlayerBase()
02-17 21:48:46.908 18010 18022 D cre.smashhit.vr: PlayerBase::~PlayerBase()
02-17 21:48:46.916  1733  1807 W system_server: ApkAssets: Deleting an ApkAssets object '<empty> and /data/app/~~MSn-GiJcQsvqP5dVui0Jxw==/com.mediocre.smashhit.vr-3NmcqKUWG542F8hTJupOWA==/base.apk' with 1 weak references
02-17 21:48:53.789  2574  2619 V WindowManagerShell: UNKNOWN MESSAGE (319134872409225255) 570 android.os.BinderProxy@97c7726 TransitionRequestInfo { type = OPEN, triggerTask = TaskInfo{userId=0 taskId=1508 effectiveUid=10095 displayId=0 isRunning=true baseIntent=Intent { act=android.intent.action.MAIN cat=[android.intent.category.LAUNCHER] flg=0x10a00000 cmp=com.mediocre.smashhit.vr/.Main } baseActivity=ComponentInfo{com.mediocre.smashhit.vr/com.mediocre.smashhit.vr.Main} topActivity=ComponentInfo{com.mediocre.smashhit.vr/com.mediocre.smashhit.vr.Main} origActivity=null realActivity=ComponentInfo{com.mediocre.smashhit.vr/com.mediocre.smashhit.vr.Main} numActivities=1 lastActiveTime=340082334 supportsMultiWindow=true resizeMode=1 isResizeable=true minWidth=-1 minHeight=-1 defaultMinSize=220 token=WCT{android.window.IWindowContainerToken$Stub$Proxy@3b07f67} topActivityType=1 pictureInPictureParams=null shouldDockBigOverlays=false launchIntoPipHostTaskId=-1 lastParentTaskIdBeforePip=-1 displayCutoutSafeInsets=Rect(0, 0 - 0, 0) topActivityInfo=ActivityInfo{9a1d114 com.mediocre.smashhit.vr.Main} launchCookies=[android.os.BinderProxy@1124dbd] positionInParent=Point(0, 0) parentTaskId=-1 isFocused=false isVisible=false isVisibleRequested=false isSleeping=false locusId=null displayAreaFeatureId=1 isTopActivityTransparent=false isTopActivityStyleFloating=false lastNonFullscreenBounds=Rect(95, 1061 - 1345, 1749) capturedLink=null capturedLinkTimestamp=0 appCompatTaskInfo=AppCompatTaskInfo { topActivityInSizeCompat=false eligibleForLetterboxEducation= false isLetterboxEducationEnabled= false isLetterboxDoubleTapEnabled= false eligibleForUserAspectRatioButton= false topActivityBoundsLetterboxed= false isFromLetterboxDoubleTap= false topActivityLetterboxVerticalPosition= -1 topActivityLetterboxHorizontalPosition= -1 topActivityLetterboxWidth=2880 topActivityLetterboxHeight=1440 topActivityLetterboxAppWidth=2712 topActivityLetterboxAppHeight=1440 isUserFullscreenOverrideEnabled=false isSystemFullscreenOverrideEnabled=false hasMinAspectRatioOverride=false cameraCompatTaskInfo=CameraCompatTaskInfo { freeformCameraCompatMode=inactive}}}, pipTask = null, remoteTransition = RemoteTransition { remoteTransition = android.window.IRemoteTransition$Stub$Proxy@5a8dfb2, appThread = android.app.IApplicationThread$Stub$Proxy@2bbab03, debugName = QuickstepLaunch }, displayChange = null, flags = 0, debugId = 570 }
02-17 21:48:53.791  1733  2895 I ActivityTaskManager: START u0 {act=android.intent.action.MAIN cat=[android.intent.category.LAUNCHER] flg=0x10200000 cmp=com.mediocre.smashhit.vr/.Main bnds=[582,1495][858,1948]} with LAUNCH_SINGLE_TASK from uid 10145 (BAL_ALLOW_VISIBLE_WINDOW) result code=2
02-17 21:48:53.794  2574  2619 D WindowManagerShell: UNKNOWN MESSAGE (-2103539361546619397) ComponentInfo{com.mediocre.smashhit.vr/com.mediocre.smashhit.vr.Main}
02-17 21:48:53.804 18010 18026 V smashhit: onStart()
02-17 21:48:53.804 18010 18026 V smashhit:     APP_CMD_START
02-17 21:48:53.804 18010 18026 V smashhit: onResume()
02-17 21:48:53.804 18010 18026 V smashhit:     APP_CMD_RESUME
02-17 21:48:53.808  1733  1834 V WindowManager: Sent Transition (#570) createdAt=02-17 21:48:53.779 via request=TransitionRequestInfo { type = OPEN, triggerTask = TaskInfo{userId=0 taskId=1508 effectiveUid=10095 displayId=0 isRunning=true baseIntent=Intent { act=android.intent.action.MAIN cat=[android.intent.category.LAUNCHER] flg=0x10a00000 cmp=com.mediocre.smashhit.vr/.Main } baseActivity=ComponentInfo{com.mediocre.smashhit.vr/com.mediocre.smashhit.vr.Main} topActivity=ComponentInfo{com.mediocre.smashhit.vr/com.mediocre.smashhit.vr.Main} origActivity=null realActivity=ComponentInfo{com.mediocre.smashhit.vr/com.mediocre.smashhit.vr.Main} numActivities=1 lastActiveTime=340082334 supportsMultiWindow=true resizeMode=1 isResizeable=true minWidth=-1 minHeight=-1 defaultMinSize=220 token=WCT{RemoteToken{b2364a5 Task{81020ca #1508 type=standard A=10095:com.mediocre.smashhit.vr isResizeable=true minWidth=-1 minHeight=-1}}} topActivityType=1 pictureInPictureParams=null shouldDockBigOverlays=false launchIntoPipHostTaskId=-1 lastParentTaskIdBeforePip=-1 displayCutoutSafeInsets=Rect(0, 0 - 0, 0) topActivityInfo=ActivityInfo{35a507a com.mediocre.smashhit.vr.Main} launchCookies=[android.os.BinderProxy@b58ec58] positionInParent=Point(0, 0) parentTaskId=-1 isFocused=false isVisible=false isVisibleRequested=false isSleeping=false locusId=null displayAreaFeatureId=1 isTopActivityTransparent=false isTopActivityStyleFloating=false lastNonFullscreenBounds=Rect(95, 1061 - 1345, 1749) capturedLink=null capturedLinkTimestamp=0 appCompatTaskInfo=AppCompatTaskInfo { topActivityInSizeCompat=false eligibleForLetterboxEducation= false isLetterboxEducationEnabled= false isLetterboxDoubleTapEnabled= false eligibleForUserAspectRatioButton= false topActivityBoundsLetterboxed= false isFromLetterboxDoubleTap= false topActivityLetterboxVerticalPosition= -1 topActivityLetterboxHorizontalPosition= -1 topActivityLetterboxWidth=2880 topActivityLetterboxHeight=1440 topActivityLetterboxAppWidth=2712 topActivityLetterboxAppHeight=1440 isUserFullscreenOverrideEnabled=false isSystemFullscreenOverrideEnabled=false hasMinAspectRatioOverride=false cameraCompatTaskInfo=CameraCompatTaskInfo { freeformCameraCompatMode=inactive}}}, pipTask = null, remoteTransition = RemoteTransition { remoteTransition = android.window.IRemoteTransition$Stub$Proxy@931f696, appThread = android.app.IApplicationThread$Stub$Proxy@16be217, debugName = QuickstepLaunch }, displayChange = null, flags = 0, debugId = 570 }
02-17 21:48:53.809  1733  1834 V WindowManager:         {WCT{RemoteToken{b2364a5 Task{81020ca #1508 type=standard A=10095:com.mediocre.smashhit.vr isResizeable=true minWidth=-1 minHeight=-1}}} m=TO_FRONT f=MOVE_TO_TOP leash=Surface(name=Task=1508)/@0x861f20f sb=Rect(0, 0 - 1440, 2880) eb=Rect(0, 0 - 1440, 2880) epz=Point(1440, 2880) d=0 endFixedRotation=1 taskParent=-1},
02-17 21:48:53.835 18010 18026 V smashhit: surfaceCreated()
02-17 21:48:53.835 18010 18026 V smashhit:     APP_CMD_INIT_WINDOW
02-17 21:48:53.835 18010 18026 V smashhit:         eglGetCurrentSurface( EGL_DRAW ) = 0xedc84fb0
02-17 21:48:53.835 18010 18026 V smashhit:         vrapi_EnterVrMode()
02-17 21:48:53.835 18010 18026 I OpenVRAPI: vrapi_EnterVrMode(0xe27b4cd8)
02-17 21:48:53.835 18010 18026 V smashhit:         eglGetCurrentSurface( EGL_DRAW ) = 0xedc84fb0
02-17 21:48:53.836 18010 18026 D cre.smashhit.vr: PlayerBase::PlayerBase()
02-17 21:48:53.836 18010 18026 D cre.smashhit.vr: TrackPlayerBase::TrackPlayerBase()
02-17 21:48:53.872  1733  2167 I ImeTracker: com.mediocre.smashhit.vr:7a7e0bbd: onRequestHide at ORIGIN_SERVER reason HIDE_UNSPECIFIED_WINDOW fromUser false
02-17 21:48:53.872  1733  2167 I ImeTracker: com.mediocre.smashhit.vr:7a7e0bbd: onCancelled at PHASE_SERVER_SHOULD_HIDE
02-17 21:48:53.877  1229  6530 I UsecaseValidator: verifyAudioAttributes update usage: 1 to AUDIO_USAGE_GAME for output: 21 pid: 18010 package: com.mediocre.smashhit.vr
02-17 21:48:53.878 18010 18026 I OpenVRAPI: vrapi_SetClockLevels(0xee119a90, 2, 3) -> 0
02-17 21:48:53.878 18010 18026 V smashhit: 		vrapi_SetClockLevels( 2, 3 )
02-17 21:48:53.878 18010 18026 I OpenVRAPI: vrapi_SetPerfThread(0xee119a90, 0, 18026) -> 0
02-17 21:48:53.878 18010 18026 V smashhit: 		vrapi_SetPerfThread( MAIN, 18026 )
02-17 21:48:53.878 18010 18026 I OpenVRAPI: vrapi_SetPerfThread(0xee119a90, 1, 0) -> 0
02-17 21:48:53.878 18010 18026 V smashhit: 		vrapi_SetPerfThread( RENDERER, 0 )
02-17 21:48:53.879 18010 18026 I OpenVRAPI: vrapi_GetTimeInSeconds() -> 1739850533.879020
02-17 21:48:53.879 18010 18026 I OpenVRAPI: vrapi_GetPredictedDisplayTime(0xee119a90, 1285) -> 1739850544.587353
02-17 21:48:53.879 18010 18026 I OpenVRAPI: vrapi_GetPredictedTracking2(0xee119a90, 1739850544.587353) -> [struct]
02-17 21:48:53.879 18010 18026 I OpenVRAPI: vrapi_GetTimeInSeconds() -> 1739850533.879092
02-17 21:48:53.882 18010 18026 W OpenVRAPI: hewo?
02-17 21:48:53.882 18010 18026 I OpenVRAPI: vrapi_SubmitFrame2(0xee119a90, 0xe27b4cd8) -> 0
02-17 21:48:53.882 18010 18026 I OpenVRAPI: vrapi_GetTimeInSeconds() -> 1739850533.882416
02-17 21:48:53.882 18010 18026 I OpenVRAPI: vrapi_GetPredictedDisplayTime(0xee119a90, 1286) -> 1739850544.599082
02-17 21:48:53.882 18010 18026 I OpenVRAPI: vrapi_GetPredictedTracking2(0xee119a90, 1739850544.599082) -> [struct]
02-17 21:48:53.882 18010 18026 I OpenVRAPI: vrapi_GetTimeInSeconds() -> 1739850533.882459
02-17 21:48:53.883 18010 18026 W OpenVRAPI: hewo?
02-17 21:48:53.883 18010 18026 I OpenVRAPI: vrapi_SubmitFrame2(0xee119a90, 0xe27b4cd8) -> 0
02-17 21:48:53.883 18010 18026 I OpenVRAPI: vrapi_GetTimeInSeconds() -> 1739850533.883465
02-17 21:48:53.883 18010 18026 I OpenVRAPI: vrapi_GetPredictedDisplayTime(0xee119a90, 1287) -> 1739850544.608465
02-17 21:48:53.883 18010 18026 I OpenVRAPI: vrapi_GetPredictedTracking2(0xee119a90, 1739850544.608465) -> [struct]
02-17 21:48:53.883 18010 18026 I OpenVRAPI: vrapi_GetTimeInSeconds() -> 1739850533.883521
02-17 21:48:53.884 18010 18026 W OpenVRAPI: hewo?
02-17 21:48:53.884 18010 18026 I OpenVRAPI: vrapi_SubmitFrame2(0xee119a90, 0xe27b4cd8) -> 0
02-17 21:48:53.884 18010 18026 I OpenVRAPI: vrapi_GetTimeInSeconds() -> 1739850533.884299
02-17 21:48:53.884 18010 18026 I OpenVRAPI: vrapi_GetPredictedDisplayTime(0xee119a90, 1288) -> 1739850544.617633
02-17 21:48:53.884 18010 18026 I OpenVRAPI: vrapi_GetPredictedTracking2(0xee119a90, 1739850544.617633) -> [struct]
02-17 21:48:53.884 18010 18026 I OpenVRAPI: vrapi_GetTimeInSeconds() -> 1739850533.884341
02-17 21:48:53.885 18010 18026 W OpenVRAPI: hewo?
02-17 21:48:53.885 18010 18026 I OpenVRAPI: vrapi_SubmitFrame2(0xee119a90, 0xe27b4cd8) -> 0
02-17 21:48:53.885 18010 18026 I OpenVRAPI: vrapi_GetTimeInSeconds() -> 1739850533.885081
02-17 21:48:53.885 18010 18026 I OpenVRAPI: vrapi_GetPredictedDisplayTime(0xee119a90, 1289) -> 1739850544.626747
02-17 21:48:53.885 18010 18026 I OpenVRAPI: vrapi_GetPredictedTracking2(0xee119a90, 1739850544.626747) -> [struct]
02-17 21:48:53.885 18010 18026 I OpenVRAPI: vrapi_GetTimeInSeconds() -> 1739850533.885121
02-17 21:48:53.885 18010 18026 W OpenVRAPI: hewo?
02-17 21:48:53.885 18010 18026 I OpenVRAPI: vrapi_SubmitFrame2(0xee119a90, 0xe27b4cd8) -> 0
02-17 21:48:53.885 18010 18026 I OpenVRAPI: vrapi_GetTimeInSeconds() -> 1739850533.885792
02-17 21:48:53.885 18010 18026 I OpenVRAPI: vrapi_GetPredictedDisplayTime(0xee119a90, 1290) -> 1739850544.635792
02-17 21:48:53.885 18010 18026 I OpenVRAPI: vrapi_GetPredictedTracking2(0xee119a90, 1739850544.635792) -> [struct]
02-17 21:48:53.885 18010 18026 I OpenVRAPI: vrapi_GetTimeInSeconds() -> 1739850533.885830
02-17 21:48:53.886 18010 18026 W OpenVRAPI: hewo?
02-17 21:48:53.886 18010 18026 I OpenVRAPI: vrapi_SubmitFrame2(0xee119a90, 0xe27b4cd8) -> 0
02-17 21:48:53.886 18010 18026 I OpenVRAPI: vrapi_GetTimeInSeconds() -> 1739850533.886459
02-17 21:48:53.886 18010 18026 I OpenVRAPI: vrapi_GetPredictedDisplayTime(0xee119a90, 1291) -> 1739850544.644792
02-17 21:48:53.886 18010 18026 I OpenVRAPI: vrapi_GetPredictedTracking2(0xee119a90, 1739850544.644792) -> [struct]
02-17 21:48:53.886 18010 18026 I OpenVRAPI: vrapi_GetTimeInSeconds() -> 1739850533.886497
02-17 21:48:53.887 18010 18026 W OpenVRAPI: hewo?
02-17 21:48:53.887 18010 18026 I OpenVRAPI: vrapi_SubmitFrame2(0xee119a90, 0xe27b4cd8) -> 0
02-17 21:48:53.887 18010 18026 I OpenVRAPI: vrapi_GetTimeInSeconds() -> 1739850533.887114
02-17 21:48:53.887 18010 18026 I OpenVRAPI: vrapi_GetPredictedDisplayTime(0xee119a90, 1292) -> 1739850544.653780
02-17 21:48:53.887 18010 18026 I OpenVRAPI: vrapi_GetPredictedTracking2(0xee119a90, 1739850544.653780) -> [struct]
02-17 21:48:53.887 18010 18026 I OpenVRAPI: vrapi_GetTimeInSeconds() -> 1739850533.887161
02-17 21:48:53.887 18010 18026 W OpenVRAPI: hewo?
02-17 21:48:53.887 18010 18026 I OpenVRAPI: vrapi_SubmitFrame2(0xee119a90, 0xe27b4cd8) -> 0
02-17 21:48:53.887 18010 18026 I OpenVRAPI: vrapi_GetTimeInSeconds() -> 1739850533.887759
02-17 21:48:53.887 18010 18026 I OpenVRAPI: vrapi_GetPredictedDisplayTime(0xee119a90, 1293) -> 1739850544.662760
02-17 21:48:53.887 18010 18026 I OpenVRAPI: vrapi_GetPredictedTracking2(0xee119a90, 1739850544.662760) -> [struct]
02-17 21:48:53.887 18010 18026 I OpenVRAPI: vrapi_GetTimeInSeconds() -> 1739850533.887806
02-17 21:48:53.888 18010 18026 W OpenVRAPI: hewo?
02-17 21:48:53.888 18010 18026 I OpenVRAPI: vrapi_SubmitFrame2(0xee119a90, 0xe27b4cd8) -> 0
02-17 21:48:53.888 18010 18026 I OpenVRAPI: vrapi_GetTimeInSeconds() -> 1739850533.888460
02-17 21:48:53.888 18010 18026 I OpenVRAPI: vrapi_GetPredictedDisplayTime(0xee119a90, 1294) -> 1739850544.671793
02-17 21:48:53.888 18010 18026 I OpenVRAPI: vrapi_GetPredictedTracking2(0xee119a90, 1739850544.671793) -> [struct]
02-17 21:48:53.888 18010 18026 I OpenVRAPI: vrapi_GetTimeInSeconds() -> 1739850533.888499
02-17 21:48:53.889 18010 18026 W OpenVRAPI: hewo?
02-17 21:48:53.889 18010 18026 I OpenVRAPI: vrapi_SubmitFrame2(0xee119a90, 0xe27b4cd8) -> 0
02-17 21:48:53.889 18010 18026 I OpenVRAPI: vrapi_GetTimeInSeconds() -> 1739850533.889222
02-17 21:48:53.889 18010 18026 I OpenVRAPI: vrapi_GetPredictedDisplayTime(0xee119a90, 1295) -> 1739850544.680889
02-17 21:48:53.889 18010 18026 I OpenVRAPI: vrapi_GetPredictedTracking2(0xee119a90, 1739850544.680889) -> [struct]
02-17 21:48:53.889 18010 18026 I OpenVRAPI: vrapi_GetTimeInSeconds() -> 1739850533.889263
02-17 21:48:53.889 18010 18026 W OpenVRAPI: hewo?
02-17 21:48:53.889 18010 18026 I OpenVRAPI: vrapi_SubmitFrame2(0xee119a90, 0xe27b4cd8) -> 0
02-17 21:48:53.889 18010 18026 I OpenVRAPI: vrapi_GetTimeInSeconds() -> 1739850533.889994
02-17 21:48:53.890 18010 18026 I OpenVRAPI: vrapi_GetPredictedDisplayTime(0xee119a90, 1296) -> 1739850544.689994
02-17 21:48:53.890 18010 18026 I OpenVRAPI: vrapi_GetPredictedTracking2(0xee119a90, 1739850544.689994) -> [struct]
02-17 21:48:53.890 18010 18026 I OpenVRAPI: vrapi_GetTimeInSeconds() -> 1739850533.890033
02-17 21:48:53.890 18010 18026 W OpenVRAPI: hewo?
02-17 21:48:53.890 18010 18026 I OpenVRAPI: vrapi_SubmitFrame2(0xee119a90, 0xe27b4cd8) -> 0
02-17 21:48:53.890 18010 18026 I OpenVRAPI: vrapi_GetTimeInSeconds() -> 1739850533.890752
02-17 21:48:53.890 18010 18026 I OpenVRAPI: vrapi_GetPredictedDisplayTime(0xee119a90, 1297) -> 1739850544.699086
02-17 21:48:53.890 18010 18026 I OpenVRAPI: vrapi_GetPredictedTracking2(0xee119a90, 1739850544.699086) -> [struct]
02-17 21:48:53.890 18010 18026 I OpenVRAPI: vrapi_GetTimeInSeconds() -> 1739850533.890802
02-17 21:48:53.891 18010 18026 W OpenVRAPI: hewo?
02-17 21:48:53.891 18010 18026 I OpenVRAPI: vrapi_SubmitFrame2(0xee119a90, 0xe27b4cd8) -> 0
02-17 21:48:53.891 18010 18026 I OpenVRAPI: vrapi_GetTimeInSeconds() -> 1739850533.891430
02-17 21:48:53.891 18010 18026 I OpenVRAPI: vrapi_GetPredictedDisplayTime(0xee119a90, 1298) -> 1739850544.708097
02-17 21:48:53.891 18010 18026 I OpenVRAPI: vrapi_GetPredictedTracking2(0xee119a90, 1739850544.708097) -> [struct]
02-17 21:48:53.891 18010 18026 I OpenVRAPI: vrapi_GetTimeInSeconds() -> 1739850533.891468
02-17 21:48:53.892 18010 18026 W OpenVRAPI: hewo?
02-17 21:48:53.892 18010 18026 I OpenVRAPI: vrapi_SubmitFrame2(0xee119a90, 0xe27b4cd8) -> 0
02-17 21:48:53.892 18010 18026 I OpenVRAPI: vrapi_GetTimeInSeconds() -> 1739850533.892571
02-17 21:48:53.892 18010 18026 I OpenVRAPI: vrapi_GetPredictedDisplayTime(0xee119a90, 1299) -> 1739850544.717571
02-17 21:48:53.892 18010 18026 I OpenVRAPI: vrapi_GetPredictedTracking2(0xee119a90, 1739850544.717571) -> [struct]
02-17 21:48:53.892 18010 18026 I OpenVRAPI: vrapi_GetTimeInSeconds() -> 1739850533.892619
02-17 21:48:53.893 18010 18026 W OpenVRAPI: hewo?
02-17 21:48:53.893 18010 18026 I OpenVRAPI: vrapi_SubmitFrame2(0xee119a90, 0xe27b4cd8) -> 0
02-17 21:48:53.893 18010 18026 I OpenVRAPI: vrapi_GetTimeInSeconds() -> 1739850533.893430
02-17 21:48:53.893 18010 18026 I OpenVRAPI: vrapi_GetPredictedDisplayTime(0xee119a90, 1300) -> 1739850544.726763
02-17 21:48:53.893 18010 18026 I OpenVRAPI: vrapi_GetPredictedTracking2(0xee119a90, 1739850544.726763) -> [struct]
02-17 21:48:53.893 18010 18026 I OpenVRAPI: vrapi_GetTimeInSeconds() -> 1739850533.893477
02-17 21:48:53.894 18010 18026 W OpenVRAPI: hewo?
02-17 21:48:53.894 18010 18026 I OpenVRAPI: vrapi_SubmitFrame2(0xee119a90, 0xe27b4cd8) -> 0
02-17 21:48:53.894 18010 18026 I OpenVRAPI: vrapi_GetTimeInSeconds() -> 1739850533.894263
02-17 21:48:53.894 18010 18026 I OpenVRAPI: vrapi_GetPredictedDisplayTime(0xee119a90, 1301) -> 1739850544.735930
02-17 21:48:53.894 18010 18026 I OpenVRAPI: vrapi_GetPredictedTracking2(0xee119a90, 1739850544.735930) -> [struct]
02-17 21:48:53.894 18010 18026 I OpenVRAPI: vrapi_GetTimeInSeconds() -> 1739850533.894345
02-17 21:48:53.895 18010 18026 W OpenVRAPI: hewo?
02-17 21:48:53.895 18010 18026 I OpenVRAPI: vrapi_SubmitFrame2(0xee119a90, 0xe27b4cd8) -> 0
02-17 21:48:53.895 18010 18026 I OpenVRAPI: vrapi_GetTimeInSeconds() -> 1739850533.895234
02-17 21:48:53.895 18010 18026 I OpenVRAPI: vrapi_GetPredictedDisplayTime(0xee119a90, 1302) -> 1739850544.745234
02-17 21:48:53.895 18010 18026 I OpenVRAPI: vrapi_GetPredictedTracking2(0xee119a90, 1739850544.745234) -> [struct]
02-17 21:48:53.895 18010 18026 I OpenVRAPI: vrapi_GetTimeInSeconds() -> 1739850533.895280
02-17 21:48:53.897 18010 18026 W OpenVRAPI: hewo?
02-17 21:48:53.897 18010 18026 I OpenVRAPI: vrapi_SubmitFrame2(0xee119a90, 0xe27b4cd8) -> 0
02-17 21:48:53.897 18010 18026 I OpenVRAPI: vrapi_GetTimeInSeconds() -> 1739850533.897283
02-17 21:48:53.897 18010 18026 I OpenVRAPI: vrapi_GetPredictedDisplayTime(0xee119a90, 1303) -> 1739850544.755616
02-17 21:48:53.897 18010 18026 I OpenVRAPI: vrapi_GetPredictedTracking2(0xee119a90, 1739850544.755616) -> [struct]
02-17 21:48:53.897 18010 18026 I OpenVRAPI: vrapi_GetTimeInSeconds() -> 1739850533.897329
02-17 21:48:53.902 18010 18026 W OpenVRAPI: hewo?
02-17 21:48:53.902 18010 18026 I OpenVRAPI: vrapi_SubmitFrame2(0xee119a90, 0xe27b4cd8) -> 0
02-17 21:48:53.902 18010 18026 I OpenVRAPI: vrapi_GetTimeInSeconds() -> 1739850533.902240
02-17 21:48:53.902 18010 18026 I OpenVRAPI: vrapi_GetPredictedDisplayTime(0xee119a90, 1304) -> 1739850544.768907
02-17 21:48:53.902 18010 18026 I OpenVRAPI: vrapi_GetPredictedTracking2(0xee119a90, 1739850544.768907) -> [struct]
02-17 21:48:53.902 18010 18026 I OpenVRAPI: vrapi_GetTimeInSeconds() -> 1739850533.902292
02-17 21:48:53.907 18010 18026 W OpenVRAPI: hewo?
02-17 21:48:53.907 18010 18026 I OpenVRAPI: vrapi_SubmitFrame2(0xee119a90, 0xe27b4cd8) -> 0
02-17 21:48:53.907 18010 18026 I OpenVRAPI: vrapi_GetTimeInSeconds() -> 1739850533.907215
02-17 21:48:53.907 18010 18026 I OpenVRAPI: vrapi_GetPredictedDisplayTime(0xee119a90, 1305) -> 1739850544.782215
02-17 21:48:53.907 18010 18026 I OpenVRAPI: vrapi_GetPredictedTracking2(0xee119a90, 1739850544.782215) -> [struct]
02-17 21:48:53.907 18010 18026 I OpenVRAPI: vrapi_GetTimeInSeconds() -> 1739850533.907492
02-17 21:48:53.915 18010 18026 W OpenVRAPI: hewo?
02-17 21:48:53.915 18010 18026 I OpenVRAPI: vrapi_SubmitFrame2(0xee119a90, 0xe27b4cd8) -> 0
02-17 21:48:53.915 18010 18026 I OpenVRAPI: vrapi_GetTimeInSeconds() -> 1739850533.915351
02-17 21:48:53.915 18010 18026 I OpenVRAPI: vrapi_GetPredictedDisplayTime(0xee119a90, 1306) -> 1739850544.798685
02-17 21:48:53.915 18010 18026 I OpenVRAPI: vrapi_GetPredictedTracking2(0xee119a90, 1739850544.798685) -> [struct]
02-17 21:48:53.915 18010 18026 I OpenVRAPI: vrapi_GetTimeInSeconds() -> 1739850533.915405
02-17 21:48:53.920 18010 18026 W OpenVRAPI: hewo?
02-17 21:48:53.920 18010 18026 I OpenVRAPI: vrapi_SubmitFrame2(0xee119a90, 0xe27b4cd8) -> 0
02-17 21:48:53.920 18010 18026 I OpenVRAPI: vrapi_GetTimeInSeconds() -> 1739850533.920067
02-17 21:48:53.920 18010 18026 I OpenVRAPI: vrapi_GetPredictedDisplayTime(0xee119a90, 1307) -> 1739850544.811733
02-17 21:48:53.920 18010 18026 I OpenVRAPI: vrapi_GetPredictedTracking2(0xee119a90, 1739850544.811733) -> [struct]
02-17 21:48:53.920 18010 18026 I OpenVRAPI: vrapi_GetTimeInSeconds() -> 1739850533.920113
02-17 21:48:53.926 18010 18026 W OpenVRAPI: hewo?
02-17 21:48:53.926 18010 18026 I OpenVRAPI: vrapi_SubmitFrame2(0xee119a90, 0xe27b4cd8) -> 0
02-17 21:48:53.926 18010 18026 I OpenVRAPI: vrapi_GetTimeInSeconds() -> 1739850533.926086
02-17 21:48:53.926 18010 18026 I OpenVRAPI: vrapi_GetPredictedDisplayTime(0xee119a90, 1308) -> 1739850544.826086
02-17 21:48:53.926 18010 18026 I OpenVRAPI: vrapi_GetPredictedTracking2(0xee119a90, 1739850544.826086) -> [struct]
02-17 21:48:53.926 18010 18026 I OpenVRAPI: vrapi_GetTimeInSeconds() -> 1739850533.926137
02-17 21:48:53.932 18010 18026 W OpenVRAPI: hewo?
02-17 21:48:53.932 18010 18026 I OpenVRAPI: vrapi_SubmitFrame2(0xee119a90, 0xe27b4cd8) -> 0
02-17 21:48:53.932 18010 18026 I OpenVRAPI: vrapi_GetTimeInSeconds() -> 1739850533.932335
02-17 21:48:53.932 18010 18026 I OpenVRAPI: vrapi_GetPredictedDisplayTime(0xee119a90, 1309) -> 1739850544.840669
02-17 21:48:53.932 18010 18026 I OpenVRAPI: vrapi_GetPredictedTracking2(0xee119a90, 1739850544.840669) -> [struct]
02-17 21:48:53.932 18010 18026 I OpenVRAPI: vrapi_GetTimeInSeconds() -> 1739850533.932386
02-17 21:48:53.936 18010 18026 W OpenVRAPI: hewo?
02-17 21:48:53.936 18010 18026 I OpenVRAPI: vrapi_SubmitFrame2(0xee119a90, 0xe27b4cd8) -> 0
02-17 21:48:53.936 18010 18026 I OpenVRAPI: vrapi_GetTimeInSeconds() -> 1739850533.936243
02-17 21:48:53.936 18010 18026 I OpenVRAPI: vrapi_GetPredictedDisplayTime(0xee119a90, 1310) -> 1739850544.852910
02-17 21:48:53.936 18010 18026 I OpenVRAPI: vrapi_GetPredictedTracking2(0xee119a90, 1739850544.852910) -> [struct]
02-17 21:48:53.936 18010 18026 I OpenVRAPI: vrapi_GetTimeInSeconds() -> 1739850533.936288
02-17 21:48:53.940 18010 18026 W OpenVRAPI: hewo?
02-17 21:48:53.940 18010 18026 I OpenVRAPI: vrapi_SubmitFrame2(0xee119a90, 0xe27b4cd8) -> 0
02-17 21:48:53.940 18010 18026 I OpenVRAPI: vrapi_GetTimeInSeconds() -> 1739850533.940577
02-17 21:48:53.940 18010 18026 I OpenVRAPI: vrapi_GetPredictedDisplayTime(0xee119a90, 1311) -> 1739850544.865577
02-17 21:48:53.940 18010 18026 I OpenVRAPI: vrapi_GetPredictedTracking2(0xee119a90, 1739850544.865577) -> [struct]
02-17 21:48:53.940 18010 18026 I OpenVRAPI: vrapi_GetTimeInSeconds() -> 1739850533.940625
02-17 21:48:53.943 18010 18026 W OpenVRAPI: hewo?
02-17 21:48:53.943 18010 18026 I OpenVRAPI: vrapi_SubmitFrame2(0xee119a90, 0xe27b4cd8) -> 0
02-17 21:48:53.943 18010 18026 I OpenVRAPI: vrapi_GetTimeInSeconds() -> 1739850533.943636
02-17 21:48:53.943 18010 18026 I OpenVRAPI: vrapi_GetPredictedDisplayTime(0xee119a90, 1312) -> 1739850544.876969
02-17 21:48:53.943 18010 18026 I OpenVRAPI: vrapi_GetPredictedTracking2(0xee119a90, 1739850544.876969) -> [struct]
02-17 21:48:53.943 18010 18026 I OpenVRAPI: vrapi_GetTimeInSeconds() -> 1739850533.943685
02-17 21:48:53.948 18010 18026 W OpenVRAPI: hewo?
02-17 21:48:53.948 18010 18026 I OpenVRAPI: vrapi_SubmitFrame2(0xee119a90, 0xe27b4cd8) -> 0
02-17 21:48:53.948 18010 18026 I OpenVRAPI: vrapi_GetTimeInSeconds() -> 1739850533.948354
02-17 21:48:53.948 18010 18026 I OpenVRAPI: vrapi_GetPredictedDisplayTime(0xee119a90, 1313) -> 1739850544.890020
02-17 21:48:53.948 18010 18026 I OpenVRAPI: vrapi_GetPredictedTracking2(0xee119a90, 1739850544.890020) -> [struct]
02-17 21:48:53.948 18010 18026 I OpenVRAPI: vrapi_GetTimeInSeconds() -> 1739850533.948428
02-17 21:48:53.951 18010 18026 W OpenVRAPI: hewo?
02-17 21:48:53.951 18010 18026 I OpenVRAPI: vrapi_SubmitFrame2(0xee119a90, 0xe27b4cd8) -> 0
02-17 21:48:53.951 18010 18026 I OpenVRAPI: vrapi_GetTimeInSeconds() -> 1739850533.951175
02-17 21:48:53.951 18010 18026 I OpenVRAPI: vrapi_GetPredictedDisplayTime(0xee119a90, 1314) -> 1739850544.901175
02-17 21:48:53.951 18010 18026 I OpenVRAPI: vrapi_GetPredictedTracking2(0xee119a90, 1739850544.901175) -> [struct]
02-17 21:48:53.951 18010 18026 I OpenVRAPI: vrapi_GetTimeInSeconds() -> 1739850533.951228
02-17 21:48:53.953 18010 18026 W OpenVRAPI: hewo?
02-17 21:48:53.953 18010 18026 I OpenVRAPI: vrapi_SubmitFrame2(0xee119a90, 0xe27b4cd8) -> 0
02-17 21:48:53.953 18010 18026 I OpenVRAPI: vrapi_GetTimeInSeconds() -> 1739850533.953697
02-17 21:48:53.953 18010 18026 I OpenVRAPI: vrapi_GetPredictedDisplayTime(0xee119a90, 1315) -> 1739850544.912030
02-17 21:48:53.953 18010 18026 I OpenVRAPI: vrapi_GetPredictedTracking2(0xee119a90, 1739850544.912030) -> [struct]
02-17 21:48:53.953 18010 18026 I OpenVRAPI: vrapi_GetTimeInSeconds() -> 1739850533.953740
02-17 21:48:53.957 18010 18026 W OpenVRAPI: hewo?
02-17 21:48:53.957 18010 18026 I OpenVRAPI: vrapi_SubmitFrame2(0xee119a90, 0xe27b4cd8) -> 0
02-17 21:48:53.957 18010 18026 I OpenVRAPI: vrapi_GetTimeInSeconds() -> 1739850533.957729
02-17 21:48:53.957 18010 18026 I OpenVRAPI: vrapi_GetPredictedDisplayTime(0xee119a90, 1316) -> 1739850544.924396
02-17 21:48:53.957 18010 18026 I OpenVRAPI: vrapi_GetPredictedTracking2(0xee119a90, 1739850544.924396) -> [struct]
02-17 21:48:53.957 18010 18026 I OpenVRAPI: vrapi_GetTimeInSeconds() -> 1739850533.957780
02-17 21:48:53.960 18010 18026 W OpenVRAPI: hewo?
02-17 21:48:53.960 18010 18026 I OpenVRAPI: vrapi_SubmitFrame2(0xee119a90, 0xe27b4cd8) -> 0
02-17 21:48:53.960 18010 18026 I OpenVRAPI: vrapi_GetTimeInSeconds() -> 1739850533.960224
02-17 21:48:53.960 18010 18026 I OpenVRAPI: vrapi_GetPredictedDisplayTime(0xee119a90, 1317) -> 1739850544.935224
02-17 21:48:53.960 18010 18026 I OpenVRAPI: vrapi_GetPredictedTracking2(0xee119a90, 1739850544.935224) -> [struct]
02-17 21:48:53.960 18010 18026 I OpenVRAPI: vrapi_GetTimeInSeconds() -> 1739850533.960266
02-17 21:48:53.964 18010 18026 W OpenVRAPI: hewo?
02-17 21:48:53.964 18010 18026 I OpenVRAPI: vrapi_SubmitFrame2(0xee119a90, 0xe27b4cd8) -> 0
02-17 21:48:53.964 18010 18026 I OpenVRAPI: vrapi_GetTimeInSeconds() -> 1739850533.964057
02-17 21:48:53.964 18010 18026 I OpenVRAPI: vrapi_GetPredictedDisplayTime(0xee119a90, 1318) -> 1739850544.947391
02-17 21:48:53.964 18010 18026 I OpenVRAPI: vrapi_GetPredictedTracking2(0xee119a90, 1739850544.947391) -> [struct]
02-17 21:48:53.964 18010 18026 I OpenVRAPI: vrapi_GetTimeInSeconds() -> 1739850533.964103
02-17 21:48:53.966 18010 18026 W OpenVRAPI: hewo?
02-17 21:48:53.966 18010 18026 I OpenVRAPI: vrapi_SubmitFrame2(0xee119a90, 0xe27b4cd8) -> 0
02-17 21:48:53.966 18010 18026 I OpenVRAPI: vrapi_GetTimeInSeconds() -> 1739850533.966784
02-17 21:48:53.966 18010 18026 I OpenVRAPI: vrapi_GetPredictedDisplayTime(0xee119a90, 1319) -> 1739850544.958451
02-17 21:48:53.966 18010 18026 I OpenVRAPI: vrapi_GetPredictedTracking2(0xee119a90, 1739850544.958451) -> [struct]
02-17 21:48:53.966 18010 18026 I OpenVRAPI: vrapi_GetTimeInSeconds() -> 1739850533.966838
02-17 21:48:53.969 18010 18026 W OpenVRAPI: hewo?
02-17 21:48:53.969 18010 18026 I OpenVRAPI: vrapi_SubmitFrame2(0xee119a90, 0xe27b4cd8) -> 0
02-17 21:48:53.969 18010 18026 I OpenVRAPI: vrapi_GetTimeInSeconds() -> 1739850533.969243
02-17 21:48:53.969 18010 18026 I OpenVRAPI: vrapi_GetPredictedDisplayTime(0xee119a90, 1320) -> 1739850544.969243
02-17 21:48:53.969 18010 18026 I OpenVRAPI: vrapi_GetPredictedTracking2(0xee119a90, 1739850544.969243) -> [struct]
02-17 21:48:53.969 18010 18026 I OpenVRAPI: vrapi_GetTimeInSeconds() -> 1739850533.969285
02-17 21:48:53.971 18010 18026 W OpenVRAPI: hewo?
02-17 21:48:53.971 18010 18026 I OpenVRAPI: vrapi_SubmitFrame2(0xee119a90, 0xe27b4cd8) -> 0
02-17 21:48:53.971 18010 18026 I OpenVRAPI: vrapi_GetTimeInSeconds() -> 1739850533.971825
02-17 21:48:53.971 18010 18026 I OpenVRAPI: vrapi_GetPredictedDisplayTime(0xee119a90, 1321) -> 1739850544.980159
02-17 21:48:53.971 18010 18026 I OpenVRAPI: vrapi_GetPredictedTracking2(0xee119a90, 1739850544.980159) -> [struct]
02-17 21:48:53.971 18010 18026 I OpenVRAPI: vrapi_GetTimeInSeconds() -> 1739850533.971864
02-17 21:48:53.975 18010 18026 W OpenVRAPI: hewo?
02-17 21:48:53.975 18010 18026 I OpenVRAPI: vrapi_SubmitFrame2(0xee119a90, 0xe27b4cd8) -> 0
02-17 21:48:53.975 18010 18026 I OpenVRAPI: vrapi_GetTimeInSeconds() -> 1739850533.975901
02-17 21:48:53.975 18010 18026 I OpenVRAPI: vrapi_GetPredictedDisplayTime(0xee119a90, 1322) -> 1739850544.992568
02-17 21:48:53.975 18010 18026 I OpenVRAPI: vrapi_GetPredictedTracking2(0xee119a90, 1739850544.992568) -> [struct]
02-17 21:48:53.975 18010 18026 I OpenVRAPI: vrapi_GetTimeInSeconds() -> 1739850533.975944
02-17 21:48:53.979 18010 18026 W OpenVRAPI: hewo?
02-17 21:48:53.979 18010 18026 I OpenVRAPI: vrapi_SubmitFrame2(0xee119a90, 0xe27b4cd8) -> 0
02-17 21:48:53.979 18010 18026 I OpenVRAPI: vrapi_GetTimeInSeconds() -> 1739850533.979677
02-17 21:48:53.979 18010 18026 I OpenVRAPI: vrapi_GetPredictedDisplayTime(0xee119a90, 1323) -> 1739850545.004677
02-17 21:48:53.979 18010 18026 I OpenVRAPI: vrapi_GetPredictedTracking2(0xee119a90, 1739850545.004677) -> [struct]
02-17 21:48:53.979 18010 18026 I OpenVRAPI: vrapi_GetTimeInSeconds() -> 1739850533.979719
02-17 21:48:53.982 18010 18026 W OpenVRAPI: hewo?
02-17 21:48:53.982 18010 18026 I OpenVRAPI: vrapi_SubmitFrame2(0xee119a90, 0xe27b4cd8) -> 0
02-17 21:48:53.982 18010 18026 I OpenVRAPI: vrapi_GetTimeInSeconds() -> 1739850533.982189
02-17 21:48:53.982 18010 18026 I OpenVRAPI: vrapi_GetPredictedDisplayTime(0xee119a90, 1324) -> 1739850545.015522
02-17 21:48:53.982 18010 18026 I OpenVRAPI: vrapi_GetPredictedTracking2(0xee119a90, 1739850545.015522) -> [struct]
02-17 21:48:53.982 18010 18026 I OpenVRAPI: vrapi_GetTimeInSeconds() -> 1739850533.982232
02-17 21:48:53.984 18010 18026 W OpenVRAPI: hewo?
02-17 21:48:53.984 18010 18026 I OpenVRAPI: vrapi_SubmitFrame2(0xee119a90, 0xe27b4cd8) -> 0
02-17 21:48:53.984 18010 18026 I OpenVRAPI: vrapi_GetTimeInSeconds() -> 1739850533.984699
02-17 21:48:53.984 18010 18026 I OpenVRAPI: vrapi_GetPredictedDisplayTime(0xee119a90, 1325) -> 1739850545.026366
02-17 21:48:53.984 18010 18026 I OpenVRAPI: vrapi_GetPredictedTracking2(0xee119a90, 1739850545.026366) -> [struct]
02-17 21:48:53.984 18010 18026 I OpenVRAPI: vrapi_GetTimeInSeconds() -> 1739850533.984742
02-17 21:48:53.987 18010 18026 W OpenVRAPI: hewo?
02-17 21:48:53.987 18010 18026 I OpenVRAPI: vrapi_SubmitFrame2(0xee119a90, 0xe27b4cd8) -> 0
02-17 21:48:53.987 18010 18026 I OpenVRAPI: vrapi_GetTimeInSeconds() -> 1739850533.987238
02-17 21:48:53.987 18010 18026 I OpenVRAPI: vrapi_GetPredictedDisplayTime(0xee119a90, 1326) -> 1739850545.037238
02-17 21:48:53.987 18010 18026 I OpenVRAPI: vrapi_GetPredictedTracking2(0xee119a90, 1739850545.037238) -> [struct]
02-17 21:48:53.987 18010 18026 I OpenVRAPI: vrapi_GetTimeInSeconds() -> 1739850533.987278
02-17 21:48:53.992 18010 18026 W OpenVRAPI: hewo?
02-17 21:48:53.992 18010 18026 I OpenVRAPI: vrapi_SubmitFrame2(0xee119a90, 0xe27b4cd8) -> 0
02-17 21:48:53.992 18010 18026 I OpenVRAPI: vrapi_GetTimeInSeconds() -> 1739850533.992424
02-17 21:48:53.992 18010 18026 I OpenVRAPI: vrapi_GetPredictedDisplayTime(0xee119a90, 1327) -> 1739850545.050758
02-17 21:48:53.992 18010 18026 I OpenVRAPI: vrapi_GetPredictedTracking2(0xee119a90, 1739850545.050758) -> [struct]
02-17 21:48:53.992 18010 18026 I OpenVRAPI: vrapi_GetTimeInSeconds() -> 1739850533.992473
02-17 21:48:53.996 18010 18026 W OpenVRAPI: hewo?
02-17 21:48:53.996 18010 18026 I OpenVRAPI: vrapi_SubmitFrame2(0xee119a90, 0xe27b4cd8) -> 0
02-17 21:48:53.996 18010 18026 I OpenVRAPI: vrapi_GetTimeInSeconds() -> 1739850533.996634
02-17 21:48:53.996 18010 18026 I OpenVRAPI: vrapi_GetPredictedDisplayTime(0xee119a90, 1328) -> 1739850545.063300
02-17 21:48:53.996 18010 18026 I OpenVRAPI: vrapi_GetPredictedTracking2(0xee119a90, 1739850545.063300) -> [struct]
02-17 21:48:53.996 18010 18026 I OpenVRAPI: vrapi_GetTimeInSeconds() -> 1739850533.996678
02-17 21:48:53.999 18010 18026 W OpenVRAPI: hewo?
02-17 21:48:53.999 18010 18026 I OpenVRAPI: vrapi_SubmitFrame2(0xee119a90, 0xe27b4cd8) -> 0
02-17 21:48:53.999 18010 18026 I OpenVRAPI: vrapi_GetTimeInSeconds() -> 1739850533.999264
02-17 21:48:53.999 18010 18026 I OpenVRAPI: vrapi_GetPredictedDisplayTime(0xee119a90, 1329) -> 1739850545.074264
02-17 21:48:53.999 18010 18026 I OpenVRAPI: vrapi_GetPredictedTracking2(0xee119a90, 1739850545.074264) -> [struct]
02-17 21:48:53.999 18010 18026 I OpenVRAPI: vrapi_GetTimeInSeconds() -> 1739850533.999312
02-17 21:48:54.001 18010 18026 W OpenVRAPI: hewo?
02-17 21:48:54.001 18010 18026 I OpenVRAPI: vrapi_SubmitFrame2(0xee119a90, 0xe27b4cd8) -> 0
02-17 21:48:54.001 18010 18026 I OpenVRAPI: vrapi_GetTimeInSeconds() -> 1739850534.001869
02-17 21:48:54.001 18010 18026 I OpenVRAPI: vrapi_GetPredictedDisplayTime(0xee119a90, 1330) -> 1739850545.085202
02-17 21:48:54.001 18010 18026 I OpenVRAPI: vrapi_GetPredictedTracking2(0xee119a90, 1739850545.085202) -> [struct]
02-17 21:48:54.001 18010 18026 I OpenVRAPI: vrapi_GetTimeInSeconds() -> 1739850534.001928
02-17 21:48:54.004 18010 18026 W OpenVRAPI: hewo?
02-17 21:48:54.004 18010 18026 I OpenVRAPI: vrapi_SubmitFrame2(0xee119a90, 0xe27b4cd8) -> 0
02-17 21:48:54.004 18010 18026 I OpenVRAPI: vrapi_GetTimeInSeconds() -> 1739850534.004223
02-17 21:48:54.004 18010 18026 I OpenVRAPI: vrapi_GetPredictedDisplayTime(0xee119a90, 1331) -> 1739850545.095890
02-17 21:48:54.004 18010 18026 I OpenVRAPI: vrapi_GetPredictedTracking2(0xee119a90, 1739850545.095890) -> [struct]
02-17 21:48:54.004 18010 18026 I OpenVRAPI: vrapi_GetTimeInSeconds() -> 1739850534.004269
02-17 21:48:54.008 18010 18026 W OpenVRAPI: hewo?
02-17 21:48:54.008 18010 18026 I OpenVRAPI: vrapi_SubmitFrame2(0xee119a90, 0xe27b4cd8) -> 0
02-17 21:48:54.008 18010 18026 I OpenVRAPI: vrapi_GetTimeInSeconds() -> 1739850534.008833
02-17 21:48:54.008 18010 18026 I OpenVRAPI: vrapi_GetPredictedDisplayTime(0xee119a90, 1332) -> 1739850545.108833
02-17 21:48:54.008 18010 18026 I OpenVRAPI: vrapi_GetPredictedTracking2(0xee119a90, 1739850545.108833) -> [struct]
02-17 21:48:54.008 18010 18026 I OpenVRAPI: vrapi_GetTimeInSeconds() -> 1739850534.008878
02-17 21:48:54.011 18010 18026 W OpenVRAPI: hewo?
02-17 21:48:54.011 18010 18026 I OpenVRAPI: vrapi_SubmitFrame2(0xee119a90, 0xe27b4cd8) -> 0
02-17 21:48:54.011 18010 18026 I OpenVRAPI: vrapi_GetTimeInSeconds() -> 1739850534.011274
02-17 21:48:54.011 18010 18026 I OpenVRAPI: vrapi_GetPredictedDisplayTime(0xee119a90, 1333) -> 1739850545.119607
02-17 21:48:54.011 18010 18026 I OpenVRAPI: vrapi_GetPredictedTracking2(0xee119a90, 1739850545.119607) -> [struct]
02-17 21:48:54.011 18010 18026 I OpenVRAPI: vrapi_GetTimeInSeconds() -> 1739850534.011343
02-17 21:48:54.014 18010 18026 W OpenVRAPI: hewo?
02-17 21:48:54.014 18010 18026 I OpenVRAPI: vrapi_SubmitFrame2(0xee119a90, 0xe27b4cd8) -> 0
02-17 21:48:54.014 18010 18026 I OpenVRAPI: vrapi_GetTimeInSeconds() -> 1739850534.014827
02-17 21:48:54.014 18010 18026 I OpenVRAPI: vrapi_GetPredictedDisplayTime(0xee119a90, 1334) -> 1739850545.131493
02-17 21:48:54.014 18010 18026 I OpenVRAPI: vrapi_GetPredictedTracking2(0xee119a90, 1739850545.131493) -> [struct]
02-17 21:48:54.014 18010 18026 I OpenVRAPI: vrapi_GetTimeInSeconds() -> 1739850534.014875
02-17 21:48:54.016 18010 18026 W OpenVRAPI: hewo?
02-17 21:48:54.016 18010 18026 I OpenVRAPI: vrapi_SubmitFrame2(0xee119a90, 0xe27b4cd8) -> 0
02-17 21:48:54.016 18010 18026 I OpenVRAPI: vrapi_GetTimeInSeconds() -> 1739850534.016722
02-17 21:48:54.016 18010 18026 I OpenVRAPI: vrapi_GetPredictedDisplayTime(0xee119a90, 1335) -> 1739850545.141722
02-17 21:48:54.016 18010 18026 I OpenVRAPI: vrapi_GetPredictedTracking2(0xee119a90, 1739850545.141722) -> [struct]
02-17 21:48:54.016 18010 18026 I OpenVRAPI: vrapi_GetTimeInSeconds() -> 1739850534.016776
02-17 21:48:54.018 18010 18026 W OpenVRAPI: hewo?
02-17 21:48:54.018 18010 18026 I OpenVRAPI: vrapi_SubmitFrame2(0xee119a90, 0xe27b4cd8) -> 0
02-17 21:48:54.018 18010 18026 I OpenVRAPI: vrapi_GetTimeInSeconds() -> 1739850534.018672
02-17 21:48:54.018 18010 18026 I OpenVRAPI: vrapi_GetPredictedDisplayTime(0xee119a90, 1336) -> 1739850545.152005
02-17 21:48:54.018 18010 18026 I OpenVRAPI: vrapi_GetPredictedTracking2(0xee119a90, 1739850545.152005) -> [struct]
02-17 21:48:54.018 18010 18026 I OpenVRAPI: vrapi_GetTimeInSeconds() -> 1739850534.018718
02-17 21:48:54.020 18010 18026 W OpenVRAPI: hewo?
02-17 21:48:54.020 18010 18026 I OpenVRAPI: vrapi_SubmitFrame2(0xee119a90, 0xe27b4cd8) -> 0
02-17 21:48:54.020 18010 18026 I OpenVRAPI: vrapi_GetTimeInSeconds() -> 1739850534.020759
02-17 21:48:54.020 18010 18026 I OpenVRAPI: vrapi_GetPredictedDisplayTime(0xee119a90, 1337) -> 1739850545.162426
02-17 21:48:54.020 18010 18026 I OpenVRAPI: vrapi_GetPredictedTracking2(0xee119a90, 1739850545.162426) -> [struct]
02-17 21:48:54.020 18010 18026 I OpenVRAPI: vrapi_GetTimeInSeconds() -> 1739850534.020806
02-17 21:48:54.025 18010 18026 W OpenVRAPI: hewo?
02-17 21:48:54.025 18010 18026 I OpenVRAPI: vrapi_SubmitFrame2(0xee119a90, 0xe27b4cd8) -> 0
02-17 21:48:54.025 18010 18026 I OpenVRAPI: vrapi_GetTimeInSeconds() -> 1739850534.025375
02-17 21:48:54.025 18010 18026 I OpenVRAPI: vrapi_GetPredictedDisplayTime(0xee119a90, 1338) -> 1739850545.175375
02-17 21:48:54.025 18010 18026 I OpenVRAPI: vrapi_GetPredictedTracking2(0xee119a90, 1739850545.175375) -> [struct]
02-17 21:48:54.025 18010 18026 I OpenVRAPI: vrapi_GetTimeInSeconds() -> 1739850534.025423
02-17 21:48:54.027 18010 18026 W OpenVRAPI: hewo?
02-17 21:48:54.027 18010 18026 I OpenVRAPI: vrapi_SubmitFrame2(0xee119a90, 0xe27b4cd8) -> 0
02-17 21:48:54.027 18010 18026 I OpenVRAPI: vrapi_GetTimeInSeconds() -> 1739850534.027149
02-17 21:48:54.027 18010 18026 I OpenVRAPI: vrapi_GetPredictedDisplayTime(0xee119a90, 1339) -> 1739850545.185482
02-17 21:48:54.027 18010 18026 I OpenVRAPI: vrapi_GetPredictedTracking2(0xee119a90, 1739850545.185482) -> [struct]
02-17 21:48:54.027 18010 18026 I OpenVRAPI: vrapi_GetTimeInSeconds() -> 1739850534.027193
02-17 21:48:54.030 18010 18026 W OpenVRAPI: hewo?
02-17 21:48:54.030 18010 18026 I OpenVRAPI: vrapi_SubmitFrame2(0xee119a90, 0xe27b4cd8) -> 0
02-17 21:48:54.030 18010 18026 I OpenVRAPI: vrapi_GetTimeInSeconds() -> 1739850534.030105
02-17 21:48:54.030 18010 18026 I OpenVRAPI: vrapi_GetPredictedDisplayTime(0xee119a90, 1340) -> 1739850545.196772
02-17 21:48:54.030 18010 18026 I OpenVRAPI: vrapi_GetPredictedTracking2(0xee119a90, 1739850545.196772) -> [struct]
02-17 21:48:54.030 18010 18026 I OpenVRAPI: vrapi_GetTimeInSeconds() -> 1739850534.030154
02-17 21:48:54.031 18010 18026 W OpenVRAPI: hewo?
02-17 21:48:54.031 18010 18026 I OpenVRAPI: vrapi_SubmitFrame2(0xee119a90, 0xe27b4cd8) -> 0
02-17 21:48:54.031 18010 18026 I OpenVRAPI: vrapi_GetTimeInSeconds() -> 1739850534.031984
02-17 21:48:54.032 18010 18026 I OpenVRAPI: vrapi_GetPredictedDisplayTime(0xee119a90, 1341) -> 1739850545.206984
02-17 21:48:54.032 18010 18026 I OpenVRAPI: vrapi_GetPredictedTracking2(0xee119a90, 1739850545.206984) -> [struct]
02-17 21:48:54.032 18010 18026 I OpenVRAPI: vrapi_GetTimeInSeconds() -> 1739850534.032032
02-17 21:48:54.034 18010 18026 W OpenVRAPI: hewo?
02-17 21:48:54.034 18010 18026 I OpenVRAPI: vrapi_SubmitFrame2(0xee119a90, 0xe27b4cd8) -> 0
02-17 21:48:54.034 18010 18026 I OpenVRAPI: vrapi_GetTimeInSeconds() -> 1739850534.034105
02-17 21:48:54.034 18010 18026 I OpenVRAPI: vrapi_GetPredictedDisplayTime(0xee119a90, 1342) -> 1739850545.217439
02-17 21:48:54.034 18010 18026 I OpenVRAPI: vrapi_GetPredictedTracking2(0xee119a90, 1739850545.217439) -> [struct]
02-17 21:48:54.034 18010 18026 I OpenVRAPI: vrapi_GetTimeInSeconds() -> 1739850534.034159
02-17 21:48:54.035 18010 18026 W OpenVRAPI: hewo?
02-17 21:48:54.035 18010 18026 I OpenVRAPI: vrapi_SubmitFrame2(0xee119a90, 0xe27b4cd8) -> 0
02-17 21:48:54.035 18010 18026 I OpenVRAPI: vrapi_GetTimeInSeconds() -> 1739850534.035918
02-17 21:48:54.035 18010 18026 I OpenVRAPI: vrapi_GetPredictedDisplayTime(0xee119a90, 1343) -> 1739850545.227585
02-17 21:48:54.035 18010 18026 I OpenVRAPI: vrapi_GetPredictedTracking2(0xee119a90, 1739850545.227585) -> [struct]
02-17 21:48:54.035 18010 18026 I OpenVRAPI: vrapi_GetTimeInSeconds() -> 1739850534.035965
02-17 21:48:54.037 18010 18026 W OpenVRAPI: hewo?
02-17 21:48:54.037 18010 18026 I OpenVRAPI: vrapi_SubmitFrame2(0xee119a90, 0xe27b4cd8) -> 0
02-17 21:48:54.037 18010 18026 I OpenVRAPI: vrapi_GetTimeInSeconds() -> 1739850534.037849
02-17 21:48:54.037 18010 18026 I OpenVRAPI: vrapi_GetPredictedDisplayTime(0xee119a90, 1344) -> 1739850545.237849
02-17 21:48:54.037 18010 18026 I OpenVRAPI: vrapi_GetPredictedTracking2(0xee119a90, 1739850545.237849) -> [struct]
02-17 21:48:54.037 18010 18026 I OpenVRAPI: vrapi_GetTimeInSeconds() -> 1739850534.037887
02-17 21:48:54.042 18010 18026 W OpenVRAPI: hewo?
02-17 21:48:54.042 18010 18026 I OpenVRAPI: vrapi_SubmitFrame2(0xee119a90, 0xe27b4cd8) -> 0
02-17 21:48:54.042 18010 18026 I OpenVRAPI: vrapi_GetTimeInSeconds() -> 1739850534.042098
02-17 21:48:54.042 18010 18026 I OpenVRAPI: vrapi_GetPredictedDisplayTime(0xee119a90, 1345) -> 1739850545.250432
02-17 21:48:54.042 18010 18026 I OpenVRAPI: vrapi_GetPredictedTracking2(0xee119a90, 1739850545.250432) -> [struct]
02-17 21:48:54.042 18010 18026 I OpenVRAPI: vrapi_GetTimeInSeconds() -> 1739850534.042138
02-17 21:48:54.043 18010 18026 W OpenVRAPI: hewo?
02-17 21:48:54.043 18010 18026 I OpenVRAPI: vrapi_SubmitFrame2(0xee119a90, 0xe27b4cd8) -> 0
02-17 21:48:54.043 18010 18026 I OpenVRAPI: vrapi_GetTimeInSeconds() -> 1739850534.043993
02-17 21:48:54.044 18010 18026 I OpenVRAPI: vrapi_GetPredictedDisplayTime(0xee119a90, 1346) -> 1739850545.260660
02-17 21:48:54.044 18010 18026 I OpenVRAPI: vrapi_GetPredictedTracking2(0xee119a90, 1739850545.260660) -> [struct]
02-17 21:48:54.044 18010 18026 I OpenVRAPI: vrapi_GetTimeInSeconds() -> 1739850534.044038
02-17 21:48:54.048 18010 18026 W OpenVRAPI: hewo?
02-17 21:48:54.048 18010 18026 I OpenVRAPI: vrapi_SubmitFrame2(0xee119a90, 0xe27b4cd8) -> 0
02-17 21:48:54.048 18010 18026 I OpenVRAPI: vrapi_GetTimeInSeconds() -> 1739850534.048362
02-17 21:48:54.048 18010 18026 I OpenVRAPI: vrapi_GetPredictedDisplayTime(0xee119a90, 1347) -> 1739850545.273362
02-17 21:48:54.048 18010 18026 I OpenVRAPI: vrapi_GetPredictedTracking2(0xee119a90, 1739850545.273362) -> [struct]
02-17 21:48:54.048 18010 18026 I OpenVRAPI: vrapi_GetTimeInSeconds() -> 1739850534.048433
02-17 21:48:54.050 18010 18026 W OpenVRAPI: hewo?
02-17 21:48:54.050 18010 18026 I OpenVRAPI: vrapi_SubmitFrame2(0xee119a90, 0xe27b4cd8) -> 0
02-17 21:48:54.050 18010 18026 I OpenVRAPI: vrapi_GetTimeInSeconds() -> 1739850534.050324
02-17 21:48:54.050 18010 18026 I OpenVRAPI: vrapi_GetPredictedDisplayTime(0xee119a90, 1348) -> 1739850545.283658
02-17 21:48:54.050 18010 18026 I OpenVRAPI: vrapi_GetPredictedTracking2(0xee119a90, 1739850545.283658) -> [struct]
02-17 21:48:54.050 18010 18026 I OpenVRAPI: vrapi_GetTimeInSeconds() -> 1739850534.050366
02-17 21:48:54.052 18010 18026 W OpenVRAPI: hewo?
02-17 21:48:54.052 18010 18026 I OpenVRAPI: vrapi_SubmitFrame2(0xee119a90, 0xe27b4cd8) -> 0
02-17 21:48:54.052 18010 18026 I OpenVRAPI: vrapi_GetTimeInSeconds() -> 1739850534.052132
02-17 21:48:54.052 18010 18026 I OpenVRAPI: vrapi_GetPredictedDisplayTime(0xee119a90, 1349) -> 1739850545.293799
02-17 21:48:54.052 18010 18026 I OpenVRAPI: vrapi_GetPredictedTracking2(0xee119a90, 1739850545.293799) -> [struct]
02-17 21:48:54.052 18010 18026 I OpenVRAPI: vrapi_GetTimeInSeconds() -> 1739850534.052207
02-17 21:48:54.054 18010 18026 W OpenVRAPI: hewo?
02-17 21:48:54.054 18010 18026 I OpenVRAPI: vrapi_SubmitFrame2(0xee119a90, 0xe27b4cd8) -> 0
02-17 21:48:54.054 18010 18026 I OpenVRAPI: vrapi_GetTimeInSeconds() -> 1739850534.054108
02-17 21:48:54.054 18010 18026 I OpenVRAPI: vrapi_GetPredictedDisplayTime(0xee119a90, 1350) -> 1739850545.304108
02-17 21:48:54.054 18010 18026 I OpenVRAPI: vrapi_GetPredictedTracking2(0xee119a90, 1739850545.304108) -> [struct]
02-17 21:48:54.054 18010 18026 I OpenVRAPI: vrapi_GetTimeInSeconds() -> 1739850534.054145
02-17 21:48:54.056 18010 18026 W OpenVRAPI: hewo?
02-17 21:48:54.056 18010 18026 I OpenVRAPI: vrapi_SubmitFrame2(0xee119a90, 0xe27b4cd8) -> 0
02-17 21:48:54.056 18010 18026 I OpenVRAPI: vrapi_GetTimeInSeconds() -> 1739850534.056104
02-17 21:48:54.056 18010 18026 I OpenVRAPI: vrapi_GetPredictedDisplayTime(0xee119a90, 1351) -> 1739850545.314438
02-17 21:48:54.056 18010 18026 I OpenVRAPI: vrapi_GetPredictedTracking2(0xee119a90, 1739850545.314438) -> [struct]
02-17 21:48:54.056 18010 18026 I OpenVRAPI: vrapi_GetTimeInSeconds() -> 1739850534.056152
02-17 21:48:54.060 18010 18026 W OpenVRAPI: hewo?
02-17 21:48:54.060 18010 18026 I OpenVRAPI: vrapi_SubmitFrame2(0xee119a90, 0xe27b4cd8) -> 0
02-17 21:48:54.060 18010 18026 I OpenVRAPI: vrapi_GetTimeInSeconds() -> 1739850534.060650
02-17 21:48:54.060 18010 18026 I OpenVRAPI: vrapi_GetPredictedDisplayTime(0xee119a90, 1352) -> 1739850545.327317
02-17 21:48:54.060 18010 18026 I OpenVRAPI: vrapi_GetPredictedTracking2(0xee119a90, 1739850545.327317) -> [struct]
02-17 21:48:54.060 18010 18026 I OpenVRAPI: vrapi_GetTimeInSeconds() -> 1739850534.060703
02-17 21:48:54.063 18010 18026 W OpenVRAPI: hewo?
02-17 21:48:54.063 18010 18026 I OpenVRAPI: vrapi_SubmitFrame2(0xee119a90, 0xe27b4cd8) -> 0
02-17 21:48:54.063 18010 18026 I OpenVRAPI: vrapi_GetTimeInSeconds() -> 1739850534.063632
02-17 21:48:54.063 18010 18026 I OpenVRAPI: vrapi_GetPredictedDisplayTime(0xee119a90, 1353) -> 1739850545.338632
02-17 21:48:54.063 18010 18026 I OpenVRAPI: vrapi_GetPredictedTracking2(0xee119a90, 1739850545.338632) -> [struct]
02-17 21:48:54.063 18010 18026 I OpenVRAPI: vrapi_GetTimeInSeconds() -> 1739850534.063680
02-17 21:48:54.065 18010 18026 W OpenVRAPI: hewo?
02-17 21:48:54.065 18010 18026 I OpenVRAPI: vrapi_SubmitFrame2(0xee119a90, 0xe27b4cd8) -> 0
02-17 21:48:54.065 18010 18026 I OpenVRAPI: vrapi_GetTimeInSeconds() -> 1739850534.065477
02-17 21:48:54.065 18010 18026 I OpenVRAPI: vrapi_GetPredictedDisplayTime(0xee119a90, 1354) -> 1739850545.348811
02-17 21:48:54.065 18010 18026 I OpenVRAPI: vrapi_GetPredictedTracking2(0xee119a90, 1739850545.348811) -> [struct]
02-17 21:48:54.065 18010 18026 I OpenVRAPI: vrapi_GetTimeInSeconds() -> 1739850534.065517
02-17 21:48:54.067 18010 18026 W OpenVRAPI: hewo?
02-17 21:48:54.067 18010 18026 I OpenVRAPI: vrapi_SubmitFrame2(0xee119a90, 0xe27b4cd8) -> 0
02-17 21:48:54.067 18010 18026 I OpenVRAPI: vrapi_GetTimeInSeconds() -> 1739850534.067487
02-17 21:48:54.067 18010 18026 I OpenVRAPI: vrapi_GetPredictedDisplayTime(0xee119a90, 1355) -> 1739850545.359154
02-17 21:48:54.067 18010 18026 I OpenVRAPI: vrapi_GetPredictedTracking2(0xee119a90, 1739850545.359154) -> [struct]
02-17 21:48:54.067 18010 18026 I OpenVRAPI: vrapi_GetTimeInSeconds() -> 1739850534.067530
02-17 21:48:54.069 18010 18026 W OpenVRAPI: hewo?
02-17 21:48:54.069 18010 18026 I OpenVRAPI: vrapi_SubmitFrame2(0xee119a90, 0xe27b4cd8) -> 0
02-17 21:48:54.069 18010 18026 I OpenVRAPI: vrapi_GetTimeInSeconds() -> 1739850534.069359
02-17 21:48:54.069 18010 18026 I OpenVRAPI: vrapi_GetPredictedDisplayTime(0xee119a90, 1356) -> 1739850545.369359
02-17 21:48:54.069 18010 18026 I OpenVRAPI: vrapi_GetPredictedTracking2(0xee119a90, 1739850545.369359) -> [struct]
02-17 21:48:54.069 18010 18026 I OpenVRAPI: vrapi_GetTimeInSeconds() -> 1739850534.069411
02-17 21:48:54.071 18010 18026 W OpenVRAPI: hewo?
02-17 21:48:54.071 18010 18026 I OpenVRAPI: vrapi_SubmitFrame2(0xee119a90, 0xe27b4cd8) -> 0
02-17 21:48:54.071 18010 18026 I OpenVRAPI: vrapi_GetTimeInSeconds() -> 1739850534.071292
02-17 21:48:54.071 18010 18026 I OpenVRAPI: vrapi_GetPredictedDisplayTime(0xee119a90, 1357) -> 1739850545.379626
02-17 21:48:54.071 18010 18026 I OpenVRAPI: vrapi_GetPredictedTracking2(0xee119a90, 1739850545.379626) -> [struct]
02-17 21:48:54.071 18010 18026 I OpenVRAPI: vrapi_GetTimeInSeconds() -> 1739850534.071329
02-17 21:48:54.075 18010 18026 W OpenVRAPI: hewo?
02-17 21:48:54.075 18010 18026 I OpenVRAPI: vrapi_SubmitFrame2(0xee119a90, 0xe27b4cd8) -> 0
02-17 21:48:54.076 18010 18026 I OpenVRAPI: vrapi_GetTimeInSeconds() -> 1739850534.076017
02-17 21:48:54.076 18010 18026 I OpenVRAPI: vrapi_GetPredictedDisplayTime(0xee119a90, 1358) -> 1739850545.392684
02-17 21:48:54.076 18010 18026 I OpenVRAPI: vrapi_GetPredictedTracking2(0xee119a90, 1739850545.392684) -> [struct]
02-17 21:48:54.076 18010 18026 I OpenVRAPI: vrapi_GetTimeInSeconds() -> 1739850534.076059
02-17 21:48:54.077 18010 18026 W OpenVRAPI: hewo?
02-17 21:48:54.077 18010 18026 I OpenVRAPI: vrapi_SubmitFrame2(0xee119a90, 0xe27b4cd8) -> 0
02-17 21:48:54.077 18010 18026 I OpenVRAPI: vrapi_GetTimeInSeconds() -> 1739850534.077806
02-17 21:48:54.077 18010 18026 I OpenVRAPI: vrapi_GetPredictedDisplayTime(0xee119a90, 1359) -> 1739850545.402806
02-17 21:48:54.077 18010 18026 I OpenVRAPI: vrapi_GetPredictedTracking2(0xee119a90, 1739850545.402806) -> [struct]
02-17 21:48:54.077 18010 18026 I OpenVRAPI: vrapi_GetTimeInSeconds() -> 1739850534.077850
02-17 21:48:54.081 18010 18026 W OpenVRAPI: hewo?
02-17 21:48:54.081 18010 18026 I OpenVRAPI: vrapi_SubmitFrame2(0xee119a90, 0xe27b4cd8) -> 0
02-17 21:48:54.081 18010 18026 I OpenVRAPI: vrapi_GetTimeInSeconds() -> 1739850534.081138
02-17 21:48:54.081 18010 18026 I OpenVRAPI: vrapi_GetPredictedDisplayTime(0xee119a90, 1360) -> 1739850545.414471
02-17 21:48:54.081 18010 18026 I OpenVRAPI: vrapi_GetPredictedTracking2(0xee119a90, 1739850545.414471) -> [struct]
02-17 21:48:54.081 18010 18026 I OpenVRAPI: vrapi_GetTimeInSeconds() -> 1739850534.081176
02-17 21:48:54.083 18010 18026 W OpenVRAPI: hewo?
02-17 21:48:54.083 18010 18026 I OpenVRAPI: vrapi_SubmitFrame2(0xee119a90, 0xe27b4cd8) -> 0
02-17 21:48:54.083 18010 18026 I OpenVRAPI: vrapi_GetTimeInSeconds() -> 1739850534.083040
02-17 21:48:54.083 18010 18026 I OpenVRAPI: vrapi_GetPredictedDisplayTime(0xee119a90, 1361) -> 1739850545.424707
02-17 21:48:54.083 18010 18026 I OpenVRAPI: vrapi_GetPredictedTracking2(0xee119a90, 1739850545.424707) -> [struct]
02-17 21:48:54.083 18010 18026 I OpenVRAPI: vrapi_GetTimeInSeconds() -> 1739850534.083082
02-17 21:48:54.085 18010 18026 W OpenVRAPI: hewo?
02-17 21:48:54.085 18010 18026 I OpenVRAPI: vrapi_SubmitFrame2(0xee119a90, 0xe27b4cd8) -> 0
02-17 21:48:54.085 18010 18026 I OpenVRAPI: vrapi_GetTimeInSeconds() -> 1739850534.085330
02-17 21:48:54.085 18010 18026 I OpenVRAPI: vrapi_GetPredictedDisplayTime(0xee119a90, 1362) -> 1739850545.435330
02-17 21:48:54.085 18010 18026 I OpenVRAPI: vrapi_GetPredictedTracking2(0xee119a90, 1739850545.435330) -> [struct]
02-17 21:48:54.085 18010 18026 I OpenVRAPI: vrapi_GetTimeInSeconds() -> 1739850534.085392
02-17 21:48:54.087 18010 18026 W OpenVRAPI: hewo?
02-17 21:48:54.087 18010 18026 I OpenVRAPI: vrapi_SubmitFrame2(0xee119a90, 0xe27b4cd8) -> 0
02-17 21:48:54.087 18010 18026 I OpenVRAPI: vrapi_GetTimeInSeconds() -> 1739850534.087086
02-17 21:48:54.087 18010 18026 I OpenVRAPI: vrapi_GetPredictedDisplayTime(0xee119a90, 1363) -> 1739850545.445420
02-17 21:48:54.087 18010 18026 I OpenVRAPI: vrapi_GetPredictedTracking2(0xee119a90, 1739850545.445420) -> [struct]
02-17 21:48:54.087 18010 18026 I OpenVRAPI: vrapi_GetTimeInSeconds() -> 1739850534.087128
02-17 21:48:54.088 18010 18026 W OpenVRAPI: hewo?
02-17 21:48:54.088 18010 18026 I OpenVRAPI: vrapi_SubmitFrame2(0xee119a90, 0xe27b4cd8) -> 0
02-17 21:48:54.088 18010 18026 I OpenVRAPI: vrapi_GetTimeInSeconds() -> 1739850534.088959
02-17 21:48:54.088 18010 18026 I OpenVRAPI: vrapi_GetPredictedDisplayTime(0xee119a90, 1364) -> 1739850545.455626
02-17 21:48:54.088 18010 18026 I OpenVRAPI: vrapi_GetPredictedTracking2(0xee119a90, 1739850545.455626) -> [struct]
02-17 21:48:54.089 18010 18026 I OpenVRAPI: vrapi_GetTimeInSeconds() -> 1739850534.089000
02-17 21:48:54.093 18010 18026 W OpenVRAPI: hewo?
02-17 21:48:54.093 18010 18026 I OpenVRAPI: vrapi_SubmitFrame2(0xee119a90, 0xe27b4cd8) -> 0
02-17 21:48:54.093 18010 18026 I OpenVRAPI: vrapi_GetTimeInSeconds() -> 1739850534.093518
02-17 21:48:54.093 18010 18026 I OpenVRAPI: vrapi_GetPredictedDisplayTime(0xee119a90, 1365) -> 1739850545.468518
02-17 21:48:54.093 18010 18026 I OpenVRAPI: vrapi_GetPredictedTracking2(0xee119a90, 1739850545.468518) -> [struct]
02-17 21:48:54.093 18010 18026 I OpenVRAPI: vrapi_GetTimeInSeconds() -> 1739850534.093561
02-17 21:48:54.095 18010 18026 W OpenVRAPI: hewo?
02-17 21:48:54.095 18010 18026 I OpenVRAPI: vrapi_SubmitFrame2(0xee119a90, 0xe27b4cd8) -> 0
02-17 21:48:54.095 18010 18026 I OpenVRAPI: vrapi_GetTimeInSeconds() -> 1739850534.095299
02-17 21:48:54.095 18010 18026 I OpenVRAPI: vrapi_GetPredictedDisplayTime(0xee119a90, 1366) -> 1739850545.478632
02-17 21:48:54.095 18010 18026 I OpenVRAPI: vrapi_GetPredictedTracking2(0xee119a90, 1739850545.478632) -> [struct]
02-17 21:48:54.095 18010 18026 I OpenVRAPI: vrapi_GetTimeInSeconds() -> 1739850534.095339
02-17 21:48:54.098 18010 18026 W OpenVRAPI: hewo?
02-17 21:48:54.098 18010 18026 I OpenVRAPI: vrapi_SubmitFrame2(0xee119a90, 0xe27b4cd8) -> 0
02-17 21:48:54.098 18010 18026 I OpenVRAPI: vrapi_GetTimeInSeconds() -> 1739850534.098341
02-17 21:48:54.098 18010 18026 I OpenVRAPI: vrapi_GetPredictedDisplayTime(0xee119a90, 1367) -> 1739850545.490007
02-17 21:48:54.098 18010 18026 I OpenVRAPI: vrapi_GetPredictedTracking2(0xee119a90, 1739850545.490007) -> [struct]
02-17 21:48:54.098 18010 18026 I OpenVRAPI: vrapi_GetTimeInSeconds() -> 1739850534.098412
02-17 21:48:54.100 18010 18026 W OpenVRAPI: hewo?
02-17 21:48:54.100 18010 18026 I OpenVRAPI: vrapi_SubmitFrame2(0xee119a90, 0xe27b4cd8) -> 0
02-17 21:48:54.100 18010 18026 I OpenVRAPI: vrapi_GetTimeInSeconds() -> 1739850534.100304
02-17 21:48:54.100 18010 18026 I OpenVRAPI: vrapi_GetPredictedDisplayTime(0xee119a90, 1368) -> 1739850545.500304
02-17 21:48:54.100 18010 18026 I OpenVRAPI: vrapi_GetPredictedTracking2(0xee119a90, 1739850545.500304) -> [struct]
02-17 21:48:54.100 18010 18026 I OpenVRAPI: vrapi_GetTimeInSeconds() -> 1739850534.100345
02-17 21:48:54.102 18010 18026 W OpenVRAPI: hewo?
02-17 21:48:54.102 18010 18026 I OpenVRAPI: vrapi_SubmitFrame2(0xee119a90, 0xe27b4cd8) -> 0
02-17 21:48:54.102 18010 18026 I OpenVRAPI: vrapi_GetTimeInSeconds() -> 1739850534.102163
02-17 21:48:54.102 18010 18026 I OpenVRAPI: vrapi_GetPredictedDisplayTime(0xee119a90, 1369) -> 1739850545.510496
02-17 21:48:54.102 18010 18026 I OpenVRAPI: vrapi_GetPredictedTracking2(0xee119a90, 1739850545.510496) -> [struct]
02-17 21:48:54.102 18010 18026 I OpenVRAPI: vrapi_GetTimeInSeconds() -> 1739850534.102215
02-17 21:48:54.104 18010 18026 W OpenVRAPI: hewo?
02-17 21:48:54.104 18010 18026 I OpenVRAPI: vrapi_SubmitFrame2(0xee119a90, 0xe27b4cd8) -> 0
02-17 21:48:54.104 18010 18026 I OpenVRAPI: vrapi_GetTimeInSeconds() -> 1739850534.104092
02-17 21:48:54.104 18010 18026 I OpenVRAPI: vrapi_GetPredictedDisplayTime(0xee119a90, 1370) -> 1739850545.520759
02-17 21:48:54.104 18010 18026 I OpenVRAPI: vrapi_GetPredictedTracking2(0xee119a90, 1739850545.520759) -> [struct]
02-17 21:48:54.104 18010 18026 I OpenVRAPI: vrapi_GetTimeInSeconds() -> 1739850534.104133
02-17 21:48:54.106 18010 18026 W OpenVRAPI: hewo?
02-17 21:48:54.106 18010 18026 I OpenVRAPI: vrapi_SubmitFrame2(0xee119a90, 0xe27b4cd8) -> 0
02-17 21:48:54.106 18010 18026 I OpenVRAPI: vrapi_GetTimeInSeconds() -> 1739850534.106177
02-17 21:48:54.106 18010 18026 I OpenVRAPI: vrapi_GetPredictedDisplayTime(0xee119a90, 1371) -> 1739850545.531177
02-17 21:48:54.106 18010 18026 I OpenVRAPI: vrapi_GetPredictedTracking2(0xee119a90, 1739850545.531177) -> [struct]
02-17 21:48:54.106 18010 18026 I OpenVRAPI: vrapi_GetTimeInSeconds() -> 1739850534.106218
02-17 21:48:54.110 18010 18026 W OpenVRAPI: hewo?
02-17 21:48:54.110 18010 18026 I OpenVRAPI: vrapi_SubmitFrame2(0xee119a90, 0xe27b4cd8) -> 0
02-17 21:48:54.110 18010 18026 I OpenVRAPI: vrapi_GetTimeInSeconds() -> 1739850534.110830
02-17 21:48:54.110 18010 18026 I OpenVRAPI: vrapi_GetPredictedDisplayTime(0xee119a90, 1372) -> 1739850545.544163
02-17 21:48:54.110 18010 18026 I OpenVRAPI: vrapi_GetPredictedTracking2(0xee119a90, 1739850545.544163) -> [struct]
02-17 21:48:54.110 18010 18026 I OpenVRAPI: vrapi_GetTimeInSeconds() -> 1739850534.110921
02-17 21:48:54.113 18010 18026 W OpenVRAPI: hewo?
02-17 21:48:54.113 18010 18026 I OpenVRAPI: vrapi_SubmitFrame2(0xee119a90, 0xe27b4cd8) -> 0
02-17 21:48:54.113 18010 18026 I OpenVRAPI: vrapi_GetTimeInSeconds() -> 1739850534.113816
02-17 21:48:54.113 18010 18026 I OpenVRAPI: vrapi_GetPredictedDisplayTime(0xee119a90, 1373) -> 1739850545.555483
02-17 21:48:54.113 18010 18026 I OpenVRAPI: vrapi_GetPredictedTracking2(0xee119a90, 1739850545.555483) -> [struct]
02-17 21:48:54.113 18010 18026 I OpenVRAPI: vrapi_GetTimeInSeconds() -> 1739850534.113867
02-17 21:48:54.115 18010 18026 W OpenVRAPI: hewo?
02-17 21:48:54.115 18010 18026 I OpenVRAPI: vrapi_SubmitFrame2(0xee119a90, 0xe27b4cd8) -> 0
02-17 21:48:54.115 18010 18026 I OpenVRAPI: vrapi_GetTimeInSeconds() -> 1739850534.115693
02-17 21:48:54.115 18010 18026 I OpenVRAPI: vrapi_GetPredictedDisplayTime(0xee119a90, 1374) -> 1739850545.565693
02-17 21:48:54.115 18010 18026 I OpenVRAPI: vrapi_GetPredictedTracking2(0xee119a90, 1739850545.565693) -> [struct]
02-17 21:48:54.115 18010 18026 I OpenVRAPI: vrapi_GetTimeInSeconds() -> 1739850534.115781
02-17 21:48:54.117 18010 18026 W OpenVRAPI: hewo?
02-17 21:48:54.117 18010 18026 I OpenVRAPI: vrapi_SubmitFrame2(0xee119a90, 0xe27b4cd8) -> 0
02-17 21:48:54.117 18010 18026 I OpenVRAPI: vrapi_GetTimeInSeconds() -> 1739850534.117639
02-17 21:48:54.117 18010 18026 I OpenVRAPI: vrapi_GetPredictedDisplayTime(0xee119a90, 1375) -> 1739850545.575972
02-17 21:48:54.117 18010 18026 I OpenVRAPI: vrapi_GetPredictedTracking2(0xee119a90, 1739850545.575972) -> [struct]
02-17 21:48:54.117 18010 18026 I OpenVRAPI: vrapi_GetTimeInSeconds() -> 1739850534.117684
02-17 21:48:54.119 18010 18026 W OpenVRAPI: hewo?
02-17 21:48:54.119 18010 18026 I OpenVRAPI: vrapi_SubmitFrame2(0xee119a90, 0xe27b4cd8) -> 0
02-17 21:48:54.119 18010 18026 I OpenVRAPI: vrapi_GetTimeInSeconds() -> 1739850534.119481
02-17 21:48:54.119 18010 18026 I OpenVRAPI: vrapi_GetPredictedDisplayTime(0xee119a90, 1376) -> 1739850545.586148
02-17 21:48:54.119 18010 18026 I OpenVRAPI: vrapi_GetPredictedTracking2(0xee119a90, 1739850545.586148) -> [struct]
02-17 21:48:54.119 18010 18026 I OpenVRAPI: vrapi_GetTimeInSeconds() -> 1739850534.119544
02-17 21:48:54.121 18010 18026 W OpenVRAPI: hewo?
02-17 21:48:54.121 18010 18026 I OpenVRAPI: vrapi_SubmitFrame2(0xee119a90, 0xe27b4cd8) -> 0
02-17 21:48:54.121 18010 18026 I OpenVRAPI: vrapi_GetTimeInSeconds() -> 1739850534.121459
02-17 21:48:54.121 18010 18026 I OpenVRAPI: vrapi_GetPredictedDisplayTime(0xee119a90, 1377) -> 1739850545.596459
02-17 21:48:54.121 18010 18026 I OpenVRAPI: vrapi_GetPredictedTracking2(0xee119a90, 1739850545.596459) -> [struct]
02-17 21:48:54.121 18010 18026 I OpenVRAPI: vrapi_GetTimeInSeconds() -> 1739850534.121501
02-17 21:48:54.123 18010 18026 W OpenVRAPI: hewo?
02-17 21:48:54.123 18010 18026 I OpenVRAPI: vrapi_SubmitFrame2(0xee119a90, 0xe27b4cd8) -> 0
02-17 21:48:54.123 18010 18026 I OpenVRAPI: vrapi_GetTimeInSeconds() -> 1739850534.123494
02-17 21:48:54.123 18010 18026 I OpenVRAPI: vrapi_GetPredictedDisplayTime(0xee119a90, 1378) -> 1739850545.606827
02-17 21:48:54.123 18010 18026 I OpenVRAPI: vrapi_GetPredictedTracking2(0xee119a90, 1739850545.606827) -> [struct]
02-17 21:48:54.123 18010 18026 I OpenVRAPI: vrapi_GetTimeInSeconds() -> 1739850534.123538
02-17 21:48:54.126 18010 18026 W OpenVRAPI: hewo?
02-17 21:48:54.126 18010 18026 I OpenVRAPI: vrapi_SubmitFrame2(0xee119a90, 0xe27b4cd8) -> 0
02-17 21:48:54.126 18010 18026 I OpenVRAPI: vrapi_GetTimeInSeconds() -> 1739850534.126326
02-17 21:48:54.126 18010 18026 I OpenVRAPI: vrapi_GetPredictedDisplayTime(0xee119a90, 1379) -> 1739850545.617993
02-17 21:48:54.126 18010 18026 I OpenVRAPI: vrapi_GetPredictedTracking2(0xee119a90, 1739850545.617993) -> [struct]
02-17 21:48:54.126 18010 18026 I OpenVRAPI: vrapi_GetTimeInSeconds() -> 1739850534.126370
02-17 21:48:54.127 18010 18026 W OpenVRAPI: hewo?
02-17 21:48:54.127 18010 18026 I OpenVRAPI: vrapi_SubmitFrame2(0xee119a90, 0xe27b4cd8) -> 0
02-17 21:48:54.127 18010 18026 I OpenVRAPI: vrapi_GetTimeInSeconds() -> 1739850534.127359
02-17 21:48:54.127 18010 18026 I OpenVRAPI: vrapi_GetPredictedDisplayTime(0xee119a90, 1380) -> 1739850545.627359
02-17 21:48:54.127 18010 18026 I OpenVRAPI: vrapi_GetPredictedTracking2(0xee119a90, 1739850545.627359) -> [struct]
02-17 21:48:54.127 18010 18026 I OpenVRAPI: vrapi_GetTimeInSeconds() -> 1739850534.127398
02-17 21:48:54.130 18010 18026 W OpenVRAPI: hewo?
02-17 21:48:54.130 18010 18026 I OpenVRAPI: vrapi_SubmitFrame2(0xee119a90, 0xe27b4cd8) -> 0
02-17 21:48:54.130 18010 18026 I OpenVRAPI: vrapi_GetTimeInSeconds() -> 1739850534.130703
02-17 21:48:54.130 18010 18026 I OpenVRAPI: vrapi_GetPredictedDisplayTime(0xee119a90, 1381) -> 1739850545.639036
02-17 21:48:54.130 18010 18026 I OpenVRAPI: vrapi_GetPredictedTracking2(0xee119a90, 1739850545.639036) -> [struct]
02-17 21:48:54.130 18010 18026 I OpenVRAPI: vrapi_GetTimeInSeconds() -> 1739850534.130741
02-17 21:48:54.132 18010 18026 W OpenVRAPI: hewo?
02-17 21:48:54.132 18010 18026 I OpenVRAPI: vrapi_SubmitFrame2(0xee119a90, 0xe27b4cd8) -> 0
02-17 21:48:54.132 18010 18026 I OpenVRAPI: vrapi_GetTimeInSeconds() -> 1739850534.132490
02-17 21:48:54.132 18010 18026 I OpenVRAPI: vrapi_GetPredictedDisplayTime(0xee119a90, 1382) -> 1739850545.649157
02-17 21:48:54.132 18010 18026 I OpenVRAPI: vrapi_GetPredictedTracking2(0xee119a90, 1739850545.649157) -> [struct]
02-17 21:48:54.132 18010 18026 I OpenVRAPI: vrapi_GetTimeInSeconds() -> 1739850534.132542
02-17 21:48:54.134 18010 18026 W OpenVRAPI: hewo?
02-17 21:48:54.134 18010 18026 I OpenVRAPI: vrapi_SubmitFrame2(0xee119a90, 0xe27b4cd8) -> 0
02-17 21:48:54.134 18010 18026 I OpenVRAPI: vrapi_GetTimeInSeconds() -> 1739850534.134633
02-17 21:48:54.134 18010 18026 I OpenVRAPI: vrapi_GetPredictedDisplayTime(0xee119a90, 1383) -> 1739850545.659633
02-17 21:48:54.134 18010 18026 I OpenVRAPI: vrapi_GetPredictedTracking2(0xee119a90, 1739850545.659633) -> [struct]
02-17 21:48:54.134 18010 18026 I OpenVRAPI: vrapi_GetTimeInSeconds() -> 1739850534.134673
02-17 21:48:54.136 18010 18026 W OpenVRAPI: hewo?
02-17 21:48:54.136 18010 18026 I OpenVRAPI: vrapi_SubmitFrame2(0xee119a90, 0xe27b4cd8) -> 0
02-17 21:48:54.136 18010 18026 I OpenVRAPI: vrapi_GetTimeInSeconds() -> 1739850534.136451
02-17 21:48:54.136 18010 18026 I OpenVRAPI: vrapi_GetPredictedDisplayTime(0xee119a90, 1384) -> 1739850545.669784
02-17 21:48:54.136 18010 18026 I OpenVRAPI: vrapi_GetPredictedTracking2(0xee119a90, 1739850545.669784) -> [struct]
02-17 21:48:54.136 18010 18026 I OpenVRAPI: vrapi_GetTimeInSeconds() -> 1739850534.136503
02-17 21:48:54.138 18010 18026 W OpenVRAPI: hewo?
02-17 21:48:54.138 18010 18026 I OpenVRAPI: vrapi_SubmitFrame2(0xee119a90, 0xe27b4cd8) -> 0
02-17 21:48:54.138 18010 18026 I OpenVRAPI: vrapi_GetTimeInSeconds() -> 1739850534.138442
02-17 21:48:54.138 18010 18026 I OpenVRAPI: vrapi_GetPredictedDisplayTime(0xee119a90, 1385) -> 1739850545.680108
02-17 21:48:54.138 18010 18026 I OpenVRAPI: vrapi_GetPredictedTracking2(0xee119a90, 1739850545.680108) -> [struct]
02-17 21:48:54.138 18010 18026 I OpenVRAPI: vrapi_GetTimeInSeconds() -> 1739850534.138478
02-17 21:48:54.140 18010 18026 W OpenVRAPI: hewo?
02-17 21:48:54.140 18010 18026 I OpenVRAPI: vrapi_SubmitFrame2(0xee119a90, 0xe27b4cd8) -> 0
02-17 21:48:54.140 18010 18026 I OpenVRAPI: vrapi_GetTimeInSeconds() -> 1739850534.140291
02-17 21:48:54.140 18010 18026 I OpenVRAPI: vrapi_GetPredictedDisplayTime(0xee119a90, 1386) -> 1739850545.690291
02-17 21:48:54.140 18010 18026 I OpenVRAPI: vrapi_GetPredictedTracking2(0xee119a90, 1739850545.690291) -> [struct]
02-17 21:48:54.140 18010 18026 I OpenVRAPI: vrapi_GetTimeInSeconds() -> 1739850534.140334
02-17 21:48:54.142 18010 18026 W OpenVRAPI: hewo?
02-17 21:48:54.142 18010 18026 I OpenVRAPI: vrapi_SubmitFrame2(0xee119a90, 0xe27b4cd8) -> 0
02-17 21:48:54.142 18010 18026 I OpenVRAPI: vrapi_GetTimeInSeconds() -> 1739850534.142310
02-17 21:48:54.142 18010 18026 I OpenVRAPI: vrapi_GetPredictedDisplayTime(0xee119a90, 1387) -> 1739850545.700644
02-17 21:48:54.142 18010 18026 I OpenVRAPI: vrapi_GetPredictedTracking2(0xee119a90, 1739850545.700644) -> [struct]
02-17 21:48:54.142 18010 18026 I OpenVRAPI: vrapi_GetTimeInSeconds() -> 1739850534.142353
02-17 21:48:54.144 18010 18026 W OpenVRAPI: hewo?
02-17 21:48:54.144 18010 18026 I OpenVRAPI: vrapi_SubmitFrame2(0xee119a90, 0xe27b4cd8) -> 0
02-17 21:48:54.144 18010 18026 I OpenVRAPI: vrapi_GetTimeInSeconds() -> 1739850534.144066
02-17 21:48:54.144 18010 18026 I OpenVRAPI: vrapi_GetPredictedDisplayTime(0xee119a90, 1388) -> 1739850545.710733
02-17 21:48:54.144 18010 18026 I OpenVRAPI: vrapi_GetPredictedTracking2(0xee119a90, 1739850545.710733) -> [struct]
02-17 21:48:54.144 18010 18026 I OpenVRAPI: vrapi_GetTimeInSeconds() -> 1739850534.144106
02-17 21:48:54.147 18010 18026 W OpenVRAPI: hewo?
02-17 21:48:54.147 18010 18026 I OpenVRAPI: vrapi_SubmitFrame2(0xee119a90, 0xe27b4cd8) -> 0
02-17 21:48:54.147 18010 18026 I OpenVRAPI: vrapi_GetTimeInSeconds() -> 1739850534.147237
02-17 21:48:54.147 18010 18026 I OpenVRAPI: vrapi_GetPredictedDisplayTime(0xee119a90, 1389) -> 1739850545.722237
02-17 21:48:54.147 18010 18026 I OpenVRAPI: vrapi_GetPredictedTracking2(0xee119a90, 1739850545.722237) -> [struct]
02-17 21:48:54.147 18010 18026 I OpenVRAPI: vrapi_GetTimeInSeconds() -> 1739850534.147315
02-17 21:48:54.148 18010 18026 W OpenVRAPI: hewo?
02-17 21:48:54.148 18010 18026 I OpenVRAPI: vrapi_SubmitFrame2(0xee119a90, 0xe27b4cd8) -> 0
02-17 21:48:54.148 18010 18026 I OpenVRAPI: vrapi_GetTimeInSeconds() -> 1739850534.148943
02-17 21:48:54.148 18010 18026 I OpenVRAPI: vrapi_GetPredictedDisplayTime(0xee119a90, 1390) -> 1739850545.732276
02-17 21:48:54.148 18010 18026 I OpenVRAPI: vrapi_GetPredictedTracking2(0xee119a90, 1739850545.732276) -> [struct]
02-17 21:48:54.148 18010 18026 I OpenVRAPI: vrapi_GetTimeInSeconds() -> 1739850534.148997
02-17 21:48:54.151 18010 18026 W OpenVRAPI: hewo?
02-17 21:48:54.151 18010 18026 I OpenVRAPI: vrapi_SubmitFrame2(0xee119a90, 0xe27b4cd8) -> 0
02-17 21:48:54.151 18010 18026 I OpenVRAPI: vrapi_GetTimeInSeconds() -> 1739850534.151075
02-17 21:48:54.151 18010 18026 I OpenVRAPI: vrapi_GetPredictedDisplayTime(0xee119a90, 1391) -> 1739850545.742742
02-17 21:48:54.151 18010 18026 I OpenVRAPI: vrapi_GetPredictedTracking2(0xee119a90, 1739850545.742742) -> [struct]
02-17 21:48:54.151 18010 18026 I OpenVRAPI: vrapi_GetTimeInSeconds() -> 1739850534.151118
02-17 21:48:54.152 18010 18026 W OpenVRAPI: hewo?
02-17 21:48:54.152 18010 18026 I OpenVRAPI: vrapi_SubmitFrame2(0xee119a90, 0xe27b4cd8) -> 0
02-17 21:48:54.152 18010 18026 I OpenVRAPI: vrapi_GetTimeInSeconds() -> 1739850534.152894
02-17 21:48:54.152 18010 18026 I OpenVRAPI: vrapi_GetPredictedDisplayTime(0xee119a90, 1392) -> 1739850545.752893
02-17 21:48:54.152 18010 18026 I OpenVRAPI: vrapi_GetPredictedTracking2(0xee119a90, 1739850545.752893) -> [struct]
02-17 21:48:54.152 18010 18026 I OpenVRAPI: vrapi_GetTimeInSeconds() -> 1739850534.152944
02-17 21:48:54.154 18010 18026 W OpenVRAPI: hewo?
02-17 21:48:54.154 18010 18026 I OpenVRAPI: vrapi_SubmitFrame2(0xee119a90, 0xe27b4cd8) -> 0
02-17 21:48:54.154 18010 18026 I OpenVRAPI: vrapi_GetTimeInSeconds() -> 1739850534.154820
02-17 21:48:54.154 18010 18026 I OpenVRAPI: vrapi_GetPredictedDisplayTime(0xee119a90, 1393) -> 1739850545.763153
02-17 21:48:54.154 18010 18026 I OpenVRAPI: vrapi_GetPredictedTracking2(0xee119a90, 1739850545.763153) -> [struct]
02-17 21:48:54.154 18010 18026 I OpenVRAPI: vrapi_GetTimeInSeconds() -> 1739850534.154860
02-17 21:48:54.156 18010 18026 W OpenVRAPI: hewo?
02-17 21:48:54.156 18010 18026 I OpenVRAPI: vrapi_SubmitFrame2(0xee119a90, 0xe27b4cd8) -> 0
02-17 21:48:54.156 18010 18026 I OpenVRAPI: vrapi_GetTimeInSeconds() -> 1739850534.156684
02-17 21:48:54.156 18010 18026 I OpenVRAPI: vrapi_GetPredictedDisplayTime(0xee119a90, 1394) -> 1739850545.773350
02-17 21:48:54.156 18010 18026 I OpenVRAPI: vrapi_GetPredictedTracking2(0xee119a90, 1739850545.773350) -> [struct]
02-17 21:48:54.156 18010 18026 I OpenVRAPI: vrapi_GetTimeInSeconds() -> 1739850534.156730
02-17 21:48:54.158 18010 18026 W OpenVRAPI: hewo?
02-17 21:48:54.158 18010 18026 I OpenVRAPI: vrapi_SubmitFrame2(0xee119a90, 0xe27b4cd8) -> 0
02-17 21:48:54.158 18010 18026 I OpenVRAPI: vrapi_GetTimeInSeconds() -> 1739850534.158698
02-17 21:48:54.158 18010 18026 I OpenVRAPI: vrapi_GetPredictedDisplayTime(0xee119a90, 1395) -> 1739850545.783698
02-17 21:48:54.158 18010 18026 I OpenVRAPI: vrapi_GetPredictedTracking2(0xee119a90, 1739850545.783698) -> [struct]
02-17 21:48:54.158 18010 18026 I OpenVRAPI: vrapi_GetTimeInSeconds() -> 1739850534.158738
02-17 21:48:54.160 18010 18026 W OpenVRAPI: hewo?
02-17 21:48:54.160 18010 18026 I OpenVRAPI: vrapi_SubmitFrame2(0xee119a90, 0xe27b4cd8) -> 0
02-17 21:48:54.160 18010 18026 I OpenVRAPI: vrapi_GetTimeInSeconds() -> 1739850534.160480
02-17 21:48:54.160 18010 18026 I OpenVRAPI: vrapi_GetPredictedDisplayTime(0xee119a90, 1396) -> 1739850545.793813
02-17 21:48:54.160 18010 18026 I OpenVRAPI: vrapi_GetPredictedTracking2(0xee119a90, 1739850545.793813) -> [struct]
02-17 21:48:54.160 18010 18026 I OpenVRAPI: vrapi_GetTimeInSeconds() -> 1739850534.160519
02-17 21:48:54.163 18010 18026 W OpenVRAPI: hewo?
02-17 21:48:54.163 18010 18026 I OpenVRAPI: vrapi_SubmitFrame2(0xee119a90, 0xe27b4cd8) -> 0
02-17 21:48:54.163 18010 18026 I OpenVRAPI: vrapi_GetTimeInSeconds() -> 1739850534.163494
02-17 21:48:54.163 18010 18026 I OpenVRAPI: vrapi_GetPredictedDisplayTime(0xee119a90, 1397) -> 1739850545.805160
02-17 21:48:54.163 18010 18026 I OpenVRAPI: vrapi_GetPredictedTracking2(0xee119a90, 1739850545.805160) -> [struct]
02-17 21:48:54.163 18010 18026 I OpenVRAPI: vrapi_GetTimeInSeconds() -> 1739850534.163534
02-17 21:48:54.165 18010 18026 W OpenVRAPI: hewo?
02-17 21:48:54.165 18010 18026 I OpenVRAPI: vrapi_SubmitFrame2(0xee119a90, 0xe27b4cd8) -> 0
02-17 21:48:54.165 18010 18026 I OpenVRAPI: vrapi_GetTimeInSeconds() -> 1739850534.165336
02-17 21:48:54.165 18010 18026 I OpenVRAPI: vrapi_GetPredictedDisplayTime(0xee119a90, 1398) -> 1739850545.815336
02-17 21:48:54.165 18010 18026 I OpenVRAPI: vrapi_GetPredictedTracking2(0xee119a90, 1739850545.815336) -> [struct]
02-17 21:48:54.165 18010 18026 I OpenVRAPI: vrapi_GetTimeInSeconds() -> 1739850534.165380
02-17 21:48:54.167 18010 18026 W OpenVRAPI: hewo?
02-17 21:48:54.167 18010 18026 I OpenVRAPI: vrapi_SubmitFrame2(0xee119a90, 0xe27b4cd8) -> 0
02-17 21:48:54.167 18010 18026 I OpenVRAPI: vrapi_GetTimeInSeconds() -> 1739850534.167269
02-17 21:48:54.167 18010 18026 I OpenVRAPI: vrapi_GetPredictedDisplayTime(0xee119a90, 1399) -> 1739850545.825602
02-17 21:48:54.167 18010 18026 I OpenVRAPI: vrapi_GetPredictedTracking2(0xee119a90, 1739850545.825602) -> [struct]
02-17 21:48:54.167 18010 18026 I OpenVRAPI: vrapi_GetTimeInSeconds() -> 1739850534.167310
02-17 21:48:54.169 18010 18026 W OpenVRAPI: hewo?
02-17 21:48:54.169 18010 18026 I OpenVRAPI: vrapi_SubmitFrame2(0xee119a90, 0xe27b4cd8) -> 0
02-17 21:48:54.169 18010 18026 I OpenVRAPI: vrapi_GetTimeInSeconds() -> 1739850534.169185
02-17 21:48:54.169 18010 18026 I OpenVRAPI: vrapi_GetPredictedDisplayTime(0xee119a90, 1400) -> 1739850545.835852
02-17 21:48:54.169 18010 18026 I OpenVRAPI: vrapi_GetPredictedTracking2(0xee119a90, 1739850545.835852) -> [struct]
02-17 21:48:54.169 18010 18026 I OpenVRAPI: vrapi_GetTimeInSeconds() -> 1739850534.169245
02-17 21:48:54.171 18010 18026 W OpenVRAPI: hewo?
02-17 21:48:54.171 18010 18026 I OpenVRAPI: vrapi_SubmitFrame2(0xee119a90, 0xe27b4cd8) -> 0
02-17 21:48:54.171 18010 18026 I OpenVRAPI: vrapi_GetTimeInSeconds() -> 1739850534.171207
02-17 21:48:54.171 18010 18026 I OpenVRAPI: vrapi_GetPredictedDisplayTime(0xee119a90, 1401) -> 1739850545.846207
02-17 21:48:54.171 18010 18026 I OpenVRAPI: vrapi_GetPredictedTracking2(0xee119a90, 1739850545.846207) -> [struct]
02-17 21:48:54.171 18010 18026 I OpenVRAPI: vrapi_GetTimeInSeconds() -> 1739850534.171247
02-17 21:48:54.173 18010 18026 W OpenVRAPI: hewo?
02-17 21:48:54.173 18010 18026 I OpenVRAPI: vrapi_SubmitFrame2(0xee119a90, 0xe27b4cd8) -> 0
02-17 21:48:54.173 18010 18026 I OpenVRAPI: vrapi_GetTimeInSeconds() -> 1739850534.173093
02-17 21:48:54.173 18010 18026 I OpenVRAPI: vrapi_GetPredictedDisplayTime(0xee119a90, 1402) -> 1739850545.856426
02-17 21:48:54.173 18010 18026 I OpenVRAPI: vrapi_GetPredictedTracking2(0xee119a90, 1739850545.856426) -> [struct]
02-17 21:48:54.173 18010 18026 I OpenVRAPI: vrapi_GetTimeInSeconds() -> 1739850534.173155
02-17 21:48:54.175 18010 18026 W OpenVRAPI: hewo?
02-17 21:48:54.175 18010 18026 I OpenVRAPI: vrapi_SubmitFrame2(0xee119a90, 0xe27b4cd8) -> 0
02-17 21:48:54.175 18010 18026 I OpenVRAPI: vrapi_GetTimeInSeconds() -> 1739850534.175100
02-17 21:48:54.175 18010 18026 I OpenVRAPI: vrapi_GetPredictedDisplayTime(0xee119a90, 1403) -> 1739850545.866766
02-17 21:48:54.175 18010 18026 I OpenVRAPI: vrapi_GetPredictedTracking2(0xee119a90, 1739850545.866766) -> [struct]
02-17 21:48:54.175 18010 18026 I OpenVRAPI: vrapi_GetTimeInSeconds() -> 1739850534.175144
02-17 21:48:54.176 18010 18026 W OpenVRAPI: hewo?
02-17 21:48:54.176 18010 18026 I OpenVRAPI: vrapi_SubmitFrame2(0xee119a90, 0xe27b4cd8) -> 0
02-17 21:48:54.176 18010 18026 I OpenVRAPI: vrapi_GetTimeInSeconds() -> 1739850534.176869
02-17 21:48:54.176 18010 18026 I OpenVRAPI: vrapi_GetPredictedDisplayTime(0xee119a90, 1404) -> 1739850545.876869
02-17 21:48:54.176 18010 18026 I OpenVRAPI: vrapi_GetPredictedTracking2(0xee119a90, 1739850545.876869) -> [struct]
02-17 21:48:54.176 18010 18026 I OpenVRAPI: vrapi_GetTimeInSeconds() -> 1739850534.176908
02-17 21:48:54.178 18010 18026 W OpenVRAPI: hewo?
02-17 21:48:54.178 18010 18026 I OpenVRAPI: vrapi_SubmitFrame2(0xee119a90, 0xe27b4cd8) -> 0
02-17 21:48:54.178 18010 18026 I OpenVRAPI: vrapi_GetTimeInSeconds() -> 1739850534.178726
02-17 21:48:54.178 18010 18026 I OpenVRAPI: vrapi_GetPredictedDisplayTime(0xee119a90, 1405) -> 1739850545.887059
02-17 21:48:54.178 18010 18026 I OpenVRAPI: vrapi_GetPredictedTracking2(0xee119a90, 1739850545.887059) -> [struct]
02-17 21:48:54.178 18010 18026 I OpenVRAPI: vrapi_GetTimeInSeconds() -> 1739850534.178765
02-17 21:48:54.181 18010 18026 W OpenVRAPI: hewo?
02-17 21:48:54.181 18010 18026 I OpenVRAPI: vrapi_SubmitFrame2(0xee119a90, 0xe27b4cd8) -> 0
02-17 21:48:54.181 18010 18026 I OpenVRAPI: vrapi_GetTimeInSeconds() -> 1739850534.181728
02-17 21:48:54.181 18010 18026 I OpenVRAPI: vrapi_GetPredictedDisplayTime(0xee119a90, 1406) -> 1739850545.898395
02-17 21:48:54.181 18010 18026 I OpenVRAPI: vrapi_GetPredictedTracking2(0xee119a90, 1739850545.898395) -> [struct]
02-17 21:48:54.181 18010 18026 I OpenVRAPI: vrapi_GetTimeInSeconds() -> 1739850534.181772
02-17 21:48:54.183 18010 18026 W OpenVRAPI: hewo?
02-17 21:48:54.183 18010 18026 I OpenVRAPI: vrapi_SubmitFrame2(0xee119a90, 0xe27b4cd8) -> 0
02-17 21:48:54.183 18010 18026 I OpenVRAPI: vrapi_GetTimeInSeconds() -> 1739850534.183614
02-17 21:48:54.183 18010 18026 I OpenVRAPI: vrapi_GetPredictedDisplayTime(0xee119a90, 1407) -> 1739850545.908614
02-17 21:48:54.183 18010 18026 I OpenVRAPI: vrapi_GetPredictedTracking2(0xee119a90, 1739850545.908614) -> [struct]
02-17 21:48:54.183 18010 18026 I OpenVRAPI: vrapi_GetTimeInSeconds() -> 1739850534.183653
02-17 21:48:54.185 18010 18026 W OpenVRAPI: hewo?
02-17 21:48:54.185 18010 18026 I OpenVRAPI: vrapi_SubmitFrame2(0xee119a90, 0xe27b4cd8) -> 0
02-17 21:48:54.185 18010 18026 I OpenVRAPI: vrapi_GetTimeInSeconds() -> 1739850534.185611
02-17 21:48:54.185 18010 18026 I OpenVRAPI: vrapi_GetPredictedDisplayTime(0xee119a90, 1408) -> 1739850545.918944
02-17 21:48:54.185 18010 18026 I OpenVRAPI: vrapi_GetPredictedTracking2(0xee119a90, 1739850545.918944) -> [struct]
02-17 21:48:54.185 18010 18026 I OpenVRAPI: vrapi_GetTimeInSeconds() -> 1739850534.185654
02-17 21:48:54.187 18010 18026 W OpenVRAPI: hewo?
02-17 21:48:54.187 18010 18026 I OpenVRAPI: vrapi_SubmitFrame2(0xee119a90, 0xe27b4cd8) -> 0
02-17 21:48:54.187 18010 18026 I OpenVRAPI: vrapi_GetTimeInSeconds() -> 1739850534.187589
02-17 21:48:54.187 18010 18026 I OpenVRAPI: vrapi_GetPredictedDisplayTime(0xee119a90, 1409) -> 1739850545.929256
02-17 21:48:54.187 18010 18026 I OpenVRAPI: vrapi_GetPredictedTracking2(0xee119a90, 1739850545.929256) -> [struct]
02-17 21:48:54.187 18010 18026 I OpenVRAPI: vrapi_GetTimeInSeconds() -> 1739850534.187633
02-17 21:48:54.189 18010 18026 W OpenVRAPI: hewo?
02-17 21:48:54.189 18010 18026 I OpenVRAPI: vrapi_SubmitFrame2(0xee119a90, 0xe27b4cd8) -> 0
02-17 21:48:54.189 18010 18026 I OpenVRAPI: vrapi_GetTimeInSeconds() -> 1739850534.189503
02-17 21:48:54.189 18010 18026 I OpenVRAPI: vrapi_GetPredictedDisplayTime(0xee119a90, 1410) -> 1739850545.939503
02-17 21:48:54.189 18010 18026 I OpenVRAPI: vrapi_GetPredictedTracking2(0xee119a90, 1739850545.939503) -> [struct]
02-17 21:48:54.189 18010 18026 I OpenVRAPI: vrapi_GetTimeInSeconds() -> 1739850534.189562
02-17 21:48:54.191 18010 18026 W OpenVRAPI: hewo?
02-17 21:48:54.191 18010 18026 I OpenVRAPI: vrapi_SubmitFrame2(0xee119a90, 0xe27b4cd8) -> 0
02-17 21:48:54.191 18010 18026 I OpenVRAPI: vrapi_GetTimeInSeconds() -> 1739850534.191482
02-17 21:48:54.191 18010 18026 I OpenVRAPI: vrapi_GetPredictedDisplayTime(0xee119a90, 1411) -> 1739850545.949816
02-17 21:48:54.191 18010 18026 I OpenVRAPI: vrapi_GetPredictedTracking2(0xee119a90, 1739850545.949816) -> [struct]
02-17 21:48:54.191 18010 18026 I OpenVRAPI: vrapi_GetTimeInSeconds() -> 1739850534.191647
02-17 21:48:54.193 18010 18026 W OpenVRAPI: hewo?
02-17 21:48:54.193 18010 18026 I OpenVRAPI: vrapi_SubmitFrame2(0xee119a90, 0xe27b4cd8) -> 0
02-17 21:48:54.193 18010 18026 I OpenVRAPI: vrapi_GetTimeInSeconds() -> 1739850534.193424
02-17 21:48:54.193 18010 18026 I OpenVRAPI: vrapi_GetPredictedDisplayTime(0xee119a90, 1412) -> 1739850545.960090
02-17 21:48:54.193 18010 18026 I OpenVRAPI: vrapi_GetPredictedTracking2(0xee119a90, 1739850545.960090) -> [struct]
02-17 21:48:54.193 18010 18026 I OpenVRAPI: vrapi_GetTimeInSeconds() -> 1739850534.193465
02-17 21:48:54.195 18010 18026 W OpenVRAPI: hewo?
02-17 21:48:54.195 18010 18026 I OpenVRAPI: vrapi_SubmitFrame2(0xee119a90, 0xe27b4cd8) -> 0
02-17 21:48:54.195 18010 18026 I OpenVRAPI: vrapi_GetTimeInSeconds() -> 1739850534.195229
02-17 21:48:54.195 18010 18026 I OpenVRAPI: vrapi_GetPredictedDisplayTime(0xee119a90, 1413) -> 1739850545.970229
02-17 21:48:54.195 18010 18026 I OpenVRAPI: vrapi_GetPredictedTracking2(0xee119a90, 1739850545.970229) -> [struct]
02-17 21:48:54.195 18010 18026 I OpenVRAPI: vrapi_GetTimeInSeconds() -> 1739850534.195272
02-17 21:48:54.198 18010 18026 W OpenVRAPI: hewo?
02-17 21:48:54.198 18010 18026 I OpenVRAPI: vrapi_SubmitFrame2(0xee119a90, 0xe27b4cd8) -> 0
02-17 21:48:54.198 18010 18026 I OpenVRAPI: vrapi_GetTimeInSeconds() -> 1739850534.198202
02-17 21:48:54.198 18010 18026 I OpenVRAPI: vrapi_GetPredictedDisplayTime(0xee119a90, 1414) -> 1739850545.981535
02-17 21:48:54.198 18010 18026 I OpenVRAPI: vrapi_GetPredictedTracking2(0xee119a90, 1739850545.981535) -> [struct]
02-17 21:48:54.198 18010 18026 I OpenVRAPI: vrapi_GetTimeInSeconds() -> 1739850534.198243
02-17 21:48:54.200 18010 18026 W OpenVRAPI: hewo?
02-17 21:48:54.200 18010 18026 I OpenVRAPI: vrapi_SubmitFrame2(0xee119a90, 0xe27b4cd8) -> 0
02-17 21:48:54.200 18010 18026 I OpenVRAPI: vrapi_GetTimeInSeconds() -> 1739850534.200090
02-17 21:48:54.200 18010 18026 I OpenVRAPI: vrapi_GetPredictedDisplayTime(0xee119a90, 1415) -> 1739850545.991757
02-17 21:48:54.200 18010 18026 I OpenVRAPI: vrapi_GetPredictedTracking2(0xee119a90, 1739850545.991757) -> [struct]
02-17 21:48:54.200 18010 18026 I OpenVRAPI: vrapi_GetTimeInSeconds() -> 1739850534.200143
02-17 21:48:54.202 18010 18026 W OpenVRAPI: hewo?
02-17 21:48:54.202 18010 18026 I OpenVRAPI: vrapi_SubmitFrame2(0xee119a90, 0xe27b4cd8) -> 0
02-17 21:48:54.202 18010 18026 I OpenVRAPI: vrapi_GetTimeInSeconds() -> 1739850534.202107
02-17 21:48:54.202 18010 18026 I OpenVRAPI: vrapi_GetPredictedDisplayTime(0xee119a90, 1416) -> 1739850546.002107
02-17 21:48:54.202 18010 18026 I OpenVRAPI: vrapi_GetPredictedTracking2(0xee119a90, 1739850546.002107) -> [struct]
02-17 21:48:54.202 18010 18026 I OpenVRAPI: vrapi_GetTimeInSeconds() -> 1739850534.202154
02-17 21:48:54.204 18010 18026 W OpenVRAPI: hewo?
02-17 21:48:54.204 18010 18026 I OpenVRAPI: vrapi_SubmitFrame2(0xee119a90, 0xe27b4cd8) -> 0
02-17 21:48:54.204 18010 18026 I OpenVRAPI: vrapi_GetTimeInSeconds() -> 1739850534.204093
02-17 21:48:54.204 18010 18026 I OpenVRAPI: vrapi_GetPredictedDisplayTime(0xee119a90, 1417) -> 1739850546.012426
02-17 21:48:54.204 18010 18026 I OpenVRAPI: vrapi_GetPredictedTracking2(0xee119a90, 1739850546.012426) -> [struct]
02-17 21:48:54.204 18010 18026 I OpenVRAPI: vrapi_GetTimeInSeconds() -> 1739850534.204148
02-17 21:48:54.205 18010 18026 W OpenVRAPI: hewo?
02-17 21:48:54.205 18010 18026 I OpenVRAPI: vrapi_SubmitFrame2(0xee119a90, 0xe27b4cd8) -> 0
02-17 21:48:54.206 18010 18026 I OpenVRAPI: vrapi_GetTimeInSeconds() -> 1739850534.206011
02-17 21:48:54.206 18010 18026 I OpenVRAPI: vrapi_GetPredictedDisplayTime(0xee119a90, 1418) -> 1739850546.022678
02-17 21:48:54.206 18010 18026 I OpenVRAPI: vrapi_GetPredictedTracking2(0xee119a90, 1739850546.022678) -> [struct]
02-17 21:48:54.206 18010 18026 I OpenVRAPI: vrapi_GetTimeInSeconds() -> 1739850534.206053
02-17 21:48:54.207 18010 18026 W OpenVRAPI: hewo?
02-17 21:48:54.207 18010 18026 I OpenVRAPI: vrapi_SubmitFrame2(0xee119a90, 0xe27b4cd8) -> 0
02-17 21:48:54.207 18010 18026 I OpenVRAPI: vrapi_GetTimeInSeconds() -> 1739850534.207922
02-17 21:48:54.207 18010 18026 I OpenVRAPI: vrapi_GetPredictedDisplayTime(0xee119a90, 1419) -> 1739850546.032923
02-17 21:48:54.207 18010 18026 I OpenVRAPI: vrapi_GetPredictedTracking2(0xee119a90, 1739850546.032923) -> [struct]
02-17 21:48:54.207 18010 18026 I OpenVRAPI: vrapi_GetTimeInSeconds() -> 1739850534.207965
02-17 21:48:54.209 18010 18026 W OpenVRAPI: hewo?
02-17 21:48:54.209 18010 18026 I OpenVRAPI: vrapi_SubmitFrame2(0xee119a90, 0xe27b4cd8) -> 0
02-17 21:48:54.209 18010 18026 I OpenVRAPI: vrapi_GetTimeInSeconds() -> 1739850534.209862
02-17 21:48:54.209 18010 18026 I OpenVRAPI: vrapi_GetPredictedDisplayTime(0xee119a90, 1420) -> 1739850546.043195
02-17 21:48:54.209 18010 18026 I OpenVRAPI: vrapi_GetPredictedTracking2(0xee119a90, 1739850546.043195) -> [struct]
02-17 21:48:54.209 18010 18026 I OpenVRAPI: vrapi_GetTimeInSeconds() -> 1739850534.209904
02-17 21:48:54.211 18010 18026 W OpenVRAPI: hewo?
02-17 21:48:54.211 18010 18026 I OpenVRAPI: vrapi_SubmitFrame2(0xee119a90, 0xe27b4cd8) -> 0
02-17 21:48:54.211 18010 18026 I OpenVRAPI: vrapi_GetTimeInSeconds() -> 1739850534.211692
02-17 21:48:54.211 18010 18026 I OpenVRAPI: vrapi_GetPredictedDisplayTime(0xee119a90, 1421) -> 1739850546.053358
02-17 21:48:54.211 18010 18026 I OpenVRAPI: vrapi_GetPredictedTracking2(0xee119a90, 1739850546.053358) -> [struct]
02-17 21:48:54.211 18010 18026 I OpenVRAPI: vrapi_GetTimeInSeconds() -> 1739850534.211755
02-17 21:48:54.214 18010 18026 W OpenVRAPI: hewo?
02-17 21:48:54.214 18010 18026 I OpenVRAPI: vrapi_SubmitFrame2(0xee119a90, 0xe27b4cd8) -> 0
02-17 21:48:54.215 18010 18026 I OpenVRAPI: vrapi_GetTimeInSeconds() -> 1739850534.215006
02-17 21:48:54.215 18010 18026 I OpenVRAPI: vrapi_GetPredictedDisplayTime(0xee119a90, 1422) -> 1739850546.065006
02-17 21:48:54.215 18010 18026 I OpenVRAPI: vrapi_GetPredictedTracking2(0xee119a90, 1739850546.065006) -> [struct]
02-17 21:48:54.215 18010 18026 I OpenVRAPI: vrapi_GetTimeInSeconds() -> 1739850534.215058
02-17 21:48:54.216 18010 18026 W OpenVRAPI: hewo?
02-17 21:48:54.216 18010 18026 I OpenVRAPI: vrapi_SubmitFrame2(0xee119a90, 0xe27b4cd8) -> 0
02-17 21:48:54.216 18010 18026 I OpenVRAPI: vrapi_GetTimeInSeconds() -> 1739850534.216876
02-17 21:48:54.216 18010 18026 I OpenVRAPI: vrapi_GetPredictedDisplayTime(0xee119a90, 1423) -> 1739850546.075210
02-17 21:48:54.216 18010 18026 I OpenVRAPI: vrapi_GetPredictedTracking2(0xee119a90, 1739850546.075210) -> [struct]
02-17 21:48:54.216 18010 18026 I OpenVRAPI: vrapi_GetTimeInSeconds() -> 1739850534.216933
02-17 21:48:54.218 18010 18026 W OpenVRAPI: hewo?
02-17 21:48:54.219 18010 18026 I OpenVRAPI: vrapi_SubmitFrame2(0xee119a90, 0xe27b4cd8) -> 0
02-17 21:48:54.219 18010 18026 I OpenVRAPI: vrapi_GetTimeInSeconds() -> 1739850534.219048
02-17 21:48:54.219 18010 18026 I OpenVRAPI: vrapi_GetPredictedDisplayTime(0xee119a90, 1424) -> 1739850546.085715
02-17 21:48:54.219 18010 18026 I OpenVRAPI: vrapi_GetPredictedTracking2(0xee119a90, 1739850546.085715) -> [struct]
02-17 21:48:54.219 18010 18026 I OpenVRAPI: vrapi_GetTimeInSeconds() -> 1739850534.219137
02-17 21:48:54.220 18010 18026 W OpenVRAPI: hewo?
02-17 21:48:54.220 18010 18026 I OpenVRAPI: vrapi_SubmitFrame2(0xee119a90, 0xe27b4cd8) -> 0
02-17 21:48:54.220 18010 18026 I OpenVRAPI: vrapi_GetTimeInSeconds() -> 1739850534.220723
02-17 21:48:54.220 18010 18026 I OpenVRAPI: vrapi_GetPredictedDisplayTime(0xee119a90, 1425) -> 1739850546.095723
02-17 21:48:54.220 18010 18026 I OpenVRAPI: vrapi_GetPredictedTracking2(0xee119a90, 1739850546.095723) -> [struct]
02-17 21:48:54.220 18010 18026 I OpenVRAPI: vrapi_GetTimeInSeconds() -> 1739850534.220814
02-17 21:48:54.222 18010 18026 W OpenVRAPI: hewo?
02-17 21:48:54.222 18010 18026 I OpenVRAPI: vrapi_SubmitFrame2(0xee119a90, 0xe27b4cd8) -> 0
02-17 21:48:54.222 18010 18026 I OpenVRAPI: vrapi_GetTimeInSeconds() -> 1739850534.222836
02-17 21:48:54.222 18010 18026 I OpenVRAPI: vrapi_GetPredictedDisplayTime(0xee119a90, 1426) -> 1739850546.106169
02-17 21:48:54.222 18010 18026 I OpenVRAPI: vrapi_GetPredictedTracking2(0xee119a90, 1739850546.106169) -> [struct]
02-17 21:48:54.222 18010 18026 I OpenVRAPI: vrapi_GetTimeInSeconds() -> 1739850534.222887
02-17 21:48:54.224 18010 18026 W OpenVRAPI: hewo?
02-17 21:48:54.224 18010 18026 I OpenVRAPI: vrapi_SubmitFrame2(0xee119a90, 0xe27b4cd8) -> 0
02-17 21:48:54.224 18010 18026 I OpenVRAPI: vrapi_GetTimeInSeconds() -> 1739850534.224730
02-17 21:48:54.224 18010 18026 I OpenVRAPI: vrapi_GetPredictedDisplayTime(0xee119a90, 1427) -> 1739850546.116396
02-17 21:48:54.224 18010 18026 I OpenVRAPI: vrapi_GetPredictedTracking2(0xee119a90, 1739850546.116396) -> [struct]
02-17 21:48:54.224 18010 18026 I OpenVRAPI: vrapi_GetTimeInSeconds() -> 1739850534.224771
02-17 21:48:54.226 18010 18026 W OpenVRAPI: hewo?
02-17 21:48:54.226 18010 18026 I OpenVRAPI: vrapi_SubmitFrame2(0xee119a90, 0xe27b4cd8) -> 0
02-17 21:48:54.226 18010 18026 I OpenVRAPI: vrapi_GetTimeInSeconds() -> 1739850534.226691
02-17 21:48:54.226 18010 18026 I OpenVRAPI: vrapi_GetPredictedDisplayTime(0xee119a90, 1428) -> 1739850546.126691
02-17 21:48:54.226 18010 18026 I OpenVRAPI: vrapi_GetPredictedTracking2(0xee119a90, 1739850546.126691) -> [struct]
02-17 21:48:54.226 18010 18026 I OpenVRAPI: vrapi_GetTimeInSeconds() -> 1739850534.226746
02-17 21:48:54.228 18010 18026 W OpenVRAPI: hewo?
02-17 21:48:54.228 18010 18026 I OpenVRAPI: vrapi_SubmitFrame2(0xee119a90, 0xe27b4cd8) -> 0
02-17 21:48:54.228 18010 18026 I OpenVRAPI: vrapi_GetTimeInSeconds() -> 1739850534.228519
02-17 21:48:54.228 18010 18026 I OpenVRAPI: vrapi_GetPredictedDisplayTime(0xee119a90, 1429) -> 1739850546.136852
02-17 21:48:54.228 18010 18026 I OpenVRAPI: vrapi_GetPredictedTracking2(0xee119a90, 1739850546.136852) -> [struct]
02-17 21:48:54.228 18010 18026 I OpenVRAPI: vrapi_GetTimeInSeconds() -> 1739850534.228558
02-17 21:48:54.231 18010 18026 W OpenVRAPI: hewo?
02-17 21:48:54.231 18010 18026 I OpenVRAPI: vrapi_SubmitFrame2(0xee119a90, 0xe27b4cd8) -> 0
02-17 21:48:54.231 18010 18026 I OpenVRAPI: vrapi_GetTimeInSeconds() -> 1739850534.231940
02-17 21:48:54.231 18010 18026 I OpenVRAPI: vrapi_GetPredictedDisplayTime(0xee119a90, 1430) -> 1739850546.148607
02-17 21:48:54.231 18010 18026 I OpenVRAPI: vrapi_GetPredictedTracking2(0xee119a90, 1739850546.148607) -> [struct]
02-17 21:48:54.231 18010 18026 I OpenVRAPI: vrapi_GetTimeInSeconds() -> 1739850534.231988
02-17 21:48:54.233 18010 18026 W OpenVRAPI: hewo?
02-17 21:48:54.233 18010 18026 I OpenVRAPI: vrapi_SubmitFrame2(0xee119a90, 0xe27b4cd8) -> 0
02-17 21:48:54.233 18010 18026 I OpenVRAPI: vrapi_GetTimeInSeconds() -> 1739850534.233681
02-17 21:48:54.233 18010 18026 I OpenVRAPI: vrapi_GetPredictedDisplayTime(0xee119a90, 1431) -> 1739850546.158681
02-17 21:48:54.233 18010 18026 I OpenVRAPI: vrapi_GetPredictedTracking2(0xee119a90, 1739850546.158681) -> [struct]
02-17 21:48:54.233 18010 18026 I OpenVRAPI: vrapi_GetTimeInSeconds() -> 1739850534.233734
02-17 21:48:54.235 18010 18026 W OpenVRAPI: hewo?
02-17 21:48:54.235 18010 18026 I OpenVRAPI: vrapi_SubmitFrame2(0xee119a90, 0xe27b4cd8) -> 0
02-17 21:48:54.235 18010 18026 I OpenVRAPI: vrapi_GetTimeInSeconds() -> 1739850534.235634
02-17 21:48:54.235 18010 18026 I OpenVRAPI: vrapi_GetPredictedDisplayTime(0xee119a90, 1432) -> 1739850546.168967
02-17 21:48:54.235 18010 18026 I OpenVRAPI: vrapi_GetPredictedTracking2(0xee119a90, 1739850546.168967) -> [struct]
02-17 21:48:54.235 18010 18026 I OpenVRAPI: vrapi_GetTimeInSeconds() -> 1739850534.235676
02-17 21:48:54.237 18010 18026 W OpenVRAPI: hewo?
02-17 21:48:54.237 18010 18026 I OpenVRAPI: vrapi_SubmitFrame2(0xee119a90, 0xe27b4cd8) -> 0
02-17 21:48:54.237 18010 18026 I OpenVRAPI: vrapi_GetTimeInSeconds() -> 1739850534.237472
02-17 21:48:54.237 18010 18026 I OpenVRAPI: vrapi_GetPredictedDisplayTime(0xee119a90, 1433) -> 1739850546.179139
02-17 21:48:54.237 18010 18026 I OpenVRAPI: vrapi_GetPredictedTracking2(0xee119a90, 1739850546.179139) -> [struct]
02-17 21:48:54.237 18010 18026 I OpenVRAPI: vrapi_GetTimeInSeconds() -> 1739850534.237514
02-17 21:48:54.239 18010 18026 W OpenVRAPI: hewo?
02-17 21:48:54.239 18010 18026 I OpenVRAPI: vrapi_SubmitFrame2(0xee119a90, 0xe27b4cd8) -> 0
02-17 21:48:54.239 18010 18026 I OpenVRAPI: vrapi_GetTimeInSeconds() -> 1739850534.239555
02-17 21:48:54.239 18010 18026 I OpenVRAPI: vrapi_GetPredictedDisplayTime(0xee119a90, 1434) -> 1739850546.189555
02-17 21:48:54.239 18010 18026 I OpenVRAPI: vrapi_GetPredictedTracking2(0xee119a90, 1739850546.189555) -> [struct]
02-17 21:48:54.239 18010 18026 I OpenVRAPI: vrapi_GetTimeInSeconds() -> 1739850534.239598
02-17 21:48:54.241 18010 18026 W OpenVRAPI: hewo?
02-17 21:48:54.241 18010 18026 I OpenVRAPI: vrapi_SubmitFrame2(0xee119a90, 0xe27b4cd8) -> 0
02-17 21:48:54.241 18010 18026 I OpenVRAPI: vrapi_GetTimeInSeconds() -> 1739850534.241438
02-17 21:48:54.241 18010 18026 I OpenVRAPI: vrapi_GetPredictedDisplayTime(0xee119a90, 1435) -> 1739850546.199771
02-17 21:48:54.241 18010 18026 I OpenVRAPI: vrapi_GetPredictedTracking2(0xee119a90, 1739850546.199771) -> [struct]
02-17 21:48:54.241 18010 18026 I OpenVRAPI: vrapi_GetTimeInSeconds() -> 1739850534.241479
02-17 21:48:54.243 18010 18026 W OpenVRAPI: hewo?
02-17 21:48:54.243 18010 18026 I OpenVRAPI: vrapi_SubmitFrame2(0xee119a90, 0xe27b4cd8) -> 0
02-17 21:48:54.243 18010 18026 I OpenVRAPI: vrapi_GetTimeInSeconds() -> 1739850534.243402
02-17 21:48:54.243 18010 18026 I OpenVRAPI: vrapi_GetPredictedDisplayTime(0xee119a90, 1436) -> 1739850546.210068
02-17 21:48:54.243 18010 18026 I OpenVRAPI: vrapi_GetPredictedTracking2(0xee119a90, 1739850546.210068) -> [struct]
02-17 21:48:54.243 18010 18026 I OpenVRAPI: vrapi_GetTimeInSeconds() -> 1739850534.243443
02-17 21:48:54.245 18010 18026 W OpenVRAPI: hewo?
02-17 21:48:54.245 18010 18026 I OpenVRAPI: vrapi_SubmitFrame2(0xee119a90, 0xe27b4cd8) -> 0
02-17 21:48:54.245 18010 18026 I OpenVRAPI: vrapi_GetTimeInSeconds() -> 1739850534.245231
02-17 21:48:54.245 18010 18026 I OpenVRAPI: vrapi_GetPredictedDisplayTime(0xee119a90, 1437) -> 1739850546.220231
02-17 21:48:54.245 18010 18026 I OpenVRAPI: vrapi_GetPredictedTracking2(0xee119a90, 1739850546.220231) -> [struct]
02-17 21:48:54.245 18010 18026 I OpenVRAPI: vrapi_GetTimeInSeconds() -> 1739850534.245271
02-17 21:48:54.248 18010 18026 W OpenVRAPI: hewo?
02-17 21:48:54.248 18010 18026 I OpenVRAPI: vrapi_SubmitFrame2(0xee119a90, 0xe27b4cd8) -> 0
02-17 21:48:54.248 18010 18026 I OpenVRAPI: vrapi_GetTimeInSeconds() -> 1739850534.248562
02-17 21:48:54.248 18010 18026 I OpenVRAPI: vrapi_GetPredictedDisplayTime(0xee119a90, 1438) -> 1739850546.231896
02-17 21:48:54.248 18010 18026 I OpenVRAPI: vrapi_GetPredictedTracking2(0xee119a90, 1739850546.231896) -> [struct]
02-17 21:48:54.248 18010 18026 I OpenVRAPI: vrapi_GetTimeInSeconds() -> 1739850534.248613
02-17 21:48:54.250 18010 18026 W OpenVRAPI: hewo?
02-17 21:48:54.250 18010 18026 I OpenVRAPI: vrapi_SubmitFrame2(0xee119a90, 0xe27b4cd8) -> 0
02-17 21:48:54.250 18010 18026 I OpenVRAPI: vrapi_GetTimeInSeconds() -> 1739850534.250403
02-17 21:48:54.250 18010 18026 I OpenVRAPI: vrapi_GetPredictedDisplayTime(0xee119a90, 1439) -> 1739850546.242069
02-17 21:48:54.250 18010 18026 I OpenVRAPI: vrapi_GetPredictedTracking2(0xee119a90, 1739850546.242069) -> [struct]
02-17 21:48:54.250 18010 18026 I OpenVRAPI: vrapi_GetTimeInSeconds() -> 1739850534.250451
02-17 21:48:54.252 18010 18026 W OpenVRAPI: hewo?
02-17 21:48:54.252 18010 18026 I OpenVRAPI: vrapi_SubmitFrame2(0xee119a90, 0xe27b4cd8) -> 0
02-17 21:48:54.252 18010 18026 I OpenVRAPI: vrapi_GetTimeInSeconds() -> 1739850534.252357
02-17 21:48:54.252 18010 18026 I OpenVRAPI: vrapi_GetPredictedDisplayTime(0xee119a90, 1440) -> 1739850546.252357
02-17 21:48:54.252 18010 18026 I OpenVRAPI: vrapi_GetPredictedTracking2(0xee119a90, 1739850546.252357) -> [struct]
02-17 21:48:54.252 18010 18026 I OpenVRAPI: vrapi_GetTimeInSeconds() -> 1739850534.252399
02-17 21:48:54.254 18010 18026 W OpenVRAPI: hewo?
02-17 21:48:54.254 18010 18026 I OpenVRAPI: vrapi_SubmitFrame2(0xee119a90, 0xe27b4cd8) -> 0
02-17 21:48:54.254 18010 18026 I OpenVRAPI: vrapi_GetTimeInSeconds() -> 1739850534.254181
02-17 21:48:54.254 18010 18026 I OpenVRAPI: vrapi_GetPredictedDisplayTime(0xee119a90, 1441) -> 1739850546.262514
02-17 21:48:54.254 18010 18026 I OpenVRAPI: vrapi_GetPredictedTracking2(0xee119a90, 1739850546.262514) -> [struct]
02-17 21:48:54.254 18010 18026 I OpenVRAPI: vrapi_GetTimeInSeconds() -> 1739850534.254228
02-17 21:48:54.256 18010 18026 W OpenVRAPI: hewo?
02-17 21:48:54.256 18010 18026 I OpenVRAPI: vrapi_SubmitFrame2(0xee119a90, 0xe27b4cd8) -> 0
02-17 21:48:54.256 18010 18026 I OpenVRAPI: vrapi_GetTimeInSeconds() -> 1739850534.256304
02-17 21:48:54.256 18010 18026 I OpenVRAPI: vrapi_GetPredictedDisplayTime(0xee119a90, 1442) -> 1739850546.272970
02-17 21:48:54.256 18010 18026 I OpenVRAPI: vrapi_GetPredictedTracking2(0xee119a90, 1739850546.272970) -> [struct]
02-17 21:48:54.256 18010 18026 I OpenVRAPI: vrapi_GetTimeInSeconds() -> 1739850534.256345
02-17 21:48:54.258 18010 18026 W OpenVRAPI: hewo?
02-17 21:48:54.258 18010 18026 I OpenVRAPI: vrapi_SubmitFrame2(0xee119a90, 0xe27b4cd8) -> 0
02-17 21:48:54.258 18010 18026 I OpenVRAPI: vrapi_GetTimeInSeconds() -> 1739850534.258240
02-17 21:48:54.258 18010 18026 I OpenVRAPI: vrapi_GetPredictedDisplayTime(0xee119a90, 1443) -> 1739850546.283240
02-17 21:48:54.258 18010 18026 I OpenVRAPI: vrapi_GetPredictedTracking2(0xee119a90, 1739850546.283240) -> [struct]
02-17 21:48:54.258 18010 18026 I OpenVRAPI: vrapi_GetTimeInSeconds() -> 1739850534.258284
02-17 21:48:54.260 18010 18026 W OpenVRAPI: hewo?
02-17 21:48:54.260 18010 18026 I OpenVRAPI: vrapi_SubmitFrame2(0xee119a90, 0xe27b4cd8) -> 0
02-17 21:48:54.260 18010 18026 I OpenVRAPI: vrapi_GetTimeInSeconds() -> 1739850534.260129
02-17 21:48:54.260 18010 18026 I OpenVRAPI: vrapi_GetPredictedDisplayTime(0xee119a90, 1444) -> 1739850546.293462
02-17 21:48:54.260 18010 18026 I OpenVRAPI: vrapi_GetPredictedTracking2(0xee119a90, 1739850546.293462) -> [struct]
02-17 21:48:54.260 18010 18026 I OpenVRAPI: vrapi_GetTimeInSeconds() -> 1739850534.260172
02-17 21:48:54.261 18010 18026 W OpenVRAPI: hewo?
02-17 21:48:54.261 18010 18026 I OpenVRAPI: vrapi_SubmitFrame2(0xee119a90, 0xe27b4cd8) -> 0
02-17 21:48:54.261 18010 18026 I OpenVRAPI: vrapi_GetTimeInSeconds() -> 1739850534.261947
02-17 21:48:54.261 18010 18026 I OpenVRAPI: vrapi_GetPredictedDisplayTime(0xee119a90, 1445) -> 1739850546.303614
02-17 21:48:54.261 18010 18026 I OpenVRAPI: vrapi_GetPredictedTracking2(0xee119a90, 1739850546.303614) -> [struct]
02-17 21:48:54.261 18010 18026 I OpenVRAPI: vrapi_GetTimeInSeconds() -> 1739850534.261986
02-17 21:48:54.264 18010 18026 W OpenVRAPI: hewo?
02-17 21:48:54.264 18010 18026 I OpenVRAPI: vrapi_SubmitFrame2(0xee119a90, 0xe27b4cd8) -> 0
02-17 21:48:54.264 18010 18026 I OpenVRAPI: vrapi_GetTimeInSeconds() -> 1739850534.264960
02-17 21:48:54.264 18010 18026 I OpenVRAPI: vrapi_GetPredictedDisplayTime(0xee119a90, 1446) -> 1739850546.314960
02-17 21:48:54.264 18010 18026 I OpenVRAPI: vrapi_GetPredictedTracking2(0xee119a90, 1739850546.314960) -> [struct]
02-17 21:48:54.265 18010 18026 I OpenVRAPI: vrapi_GetTimeInSeconds() -> 1739850534.265001
02-17 21:48:54.266 18010 18026 W OpenVRAPI: hewo?
02-17 21:48:54.266 18010 18026 I OpenVRAPI: vrapi_SubmitFrame2(0xee119a90, 0xe27b4cd8) -> 0
02-17 21:48:54.266 18010 18026 I OpenVRAPI: vrapi_GetTimeInSeconds() -> 1739850534.266816
02-17 21:48:54.266 18010 18026 I OpenVRAPI: vrapi_GetPredictedDisplayTime(0xee119a90, 1447) -> 1739850546.325149
02-17 21:48:54.266 18010 18026 I OpenVRAPI: vrapi_GetPredictedTracking2(0xee119a90, 1739850546.325149) -> [struct]
02-17 21:48:54.266 18010 18026 I OpenVRAPI: vrapi_GetTimeInSeconds() -> 1739850534.266870
02-17 21:48:54.268 18010 18026 W OpenVRAPI: hewo?
02-17 21:48:54.268 18010 18026 I OpenVRAPI: vrapi_SubmitFrame2(0xee119a90, 0xe27b4cd8) -> 0
02-17 21:48:54.268 18010 18026 I OpenVRAPI: vrapi_GetTimeInSeconds() -> 1739850534.268827
02-17 21:48:54.268 18010 18026 I OpenVRAPI: vrapi_GetPredictedDisplayTime(0xee119a90, 1448) -> 1739850546.335493
02-17 21:48:54.268 18010 18026 I OpenVRAPI: vrapi_GetPredictedTracking2(0xee119a90, 1739850546.335493) -> [struct]
02-17 21:48:54.268 18010 18026 I OpenVRAPI: vrapi_GetTimeInSeconds() -> 1739850534.268869
02-17 21:48:54.270 18010 18026 W OpenVRAPI: hewo?
02-17 21:48:54.270 18010 18026 I OpenVRAPI: vrapi_SubmitFrame2(0xee119a90, 0xe27b4cd8) -> 0
02-17 21:48:54.270 18010 18026 I OpenVRAPI: vrapi_GetTimeInSeconds() -> 1739850534.270623
02-17 21:48:54.270 18010 18026 I OpenVRAPI: vrapi_GetPredictedDisplayTime(0xee119a90, 1449) -> 1739850546.345623
02-17 21:48:54.270 18010 18026 I OpenVRAPI: vrapi_GetPredictedTracking2(0xee119a90, 1739850546.345623) -> [struct]
02-17 21:48:54.270 18010 18026 I OpenVRAPI: vrapi_GetTimeInSeconds() -> 1739850534.270675
02-17 21:48:54.272 18010 18026 W OpenVRAPI: hewo?
02-17 21:48:54.272 18010 18026 I OpenVRAPI: vrapi_SubmitFrame2(0xee119a90, 0xe27b4cd8) -> 0
02-17 21:48:54.272 18010 18026 I OpenVRAPI: vrapi_GetTimeInSeconds() -> 1739850534.272723
02-17 21:48:54.272 18010 18026 I OpenVRAPI: vrapi_GetPredictedDisplayTime(0xee119a90, 1450) -> 1739850546.356056
02-17 21:48:54.272 18010 18026 I OpenVRAPI: vrapi_GetPredictedTracking2(0xee119a90, 1739850546.356056) -> [struct]
02-17 21:48:54.272 18010 18026 I OpenVRAPI: vrapi_GetTimeInSeconds() -> 1739850534.272761
02-17 21:48:54.274 18010 18026 W OpenVRAPI: hewo?
02-17 21:48:54.274 18010 18026 I OpenVRAPI: vrapi_SubmitFrame2(0xee119a90, 0xe27b4cd8) -> 0
02-17 21:48:54.274 18010 18026 I OpenVRAPI: vrapi_GetTimeInSeconds() -> 1739850534.274625
02-17 21:48:54.274 18010 18026 I OpenVRAPI: vrapi_GetPredictedDisplayTime(0xee119a90, 1451) -> 1739850546.366292
02-17 21:48:54.274 18010 18026 I OpenVRAPI: vrapi_GetPredictedTracking2(0xee119a90, 1739850546.366292) -> [struct]
02-17 21:48:54.274 18010 18026 I OpenVRAPI: vrapi_GetTimeInSeconds() -> 1739850534.274743
02-17 21:48:54.276 18010 18026 W OpenVRAPI: hewo?
02-17 21:48:54.276 18010 18026 I OpenVRAPI: vrapi_SubmitFrame2(0xee119a90, 0xe27b4cd8) -> 0
02-17 21:48:54.276 18010 18026 I OpenVRAPI: vrapi_GetTimeInSeconds() -> 1739850534.276593
02-17 21:48:54.276 18010 18026 I OpenVRAPI: vrapi_GetPredictedDisplayTime(0xee119a90, 1452) -> 1739850546.376593
02-17 21:48:54.276 18010 18026 I OpenVRAPI: vrapi_GetPredictedTracking2(0xee119a90, 1739850546.376593) -> [struct]
02-17 21:48:54.276 18010 18026 I OpenVRAPI: vrapi_GetTimeInSeconds() -> 1739850534.276634
02-17 21:48:54.278 18010 18026 W OpenVRAPI: hewo?
02-17 21:48:54.278 18010 18026 I OpenVRAPI: vrapi_SubmitFrame2(0xee119a90, 0xe27b4cd8) -> 0
02-17 21:48:54.278 18010 18026 I OpenVRAPI: vrapi_GetTimeInSeconds() -> 1739850534.278476
02-17 21:48:54.278 18010 18026 I OpenVRAPI: vrapi_GetPredictedDisplayTime(0xee119a90, 1453) -> 1739850546.386810
02-17 21:48:54.278 18010 18026 I OpenVRAPI: vrapi_GetPredictedTracking2(0xee119a90, 1739850546.386810) -> [struct]
02-17 21:48:54.278 18010 18026 I OpenVRAPI: vrapi_GetTimeInSeconds() -> 1739850534.278516
02-17 21:48:54.281 18010 18026 W OpenVRAPI: hewo?
02-17 21:48:54.281 18010 18026 I OpenVRAPI: vrapi_SubmitFrame2(0xee119a90, 0xe27b4cd8) -> 0
02-17 21:48:54.281 18010 18026 I OpenVRAPI: vrapi_GetTimeInSeconds() -> 1739850534.281385
02-17 21:48:54.281 18010 18026 I OpenVRAPI: vrapi_GetPredictedDisplayTime(0xee119a90, 1454) -> 1739850546.398052
02-17 21:48:54.281 18010 18026 I OpenVRAPI: vrapi_GetPredictedTracking2(0xee119a90, 1739850546.398052) -> [struct]
02-17 21:48:54.281 18010 18026 I OpenVRAPI: vrapi_GetTimeInSeconds() -> 1739850534.281425
02-17 21:48:54.283 18010 18026 W OpenVRAPI: hewo?
02-17 21:48:54.283 18010 18026 I OpenVRAPI: vrapi_SubmitFrame2(0xee119a90, 0xe27b4cd8) -> 0
02-17 21:48:54.283 18010 18026 I OpenVRAPI: vrapi_GetTimeInSeconds() -> 1739850534.283281
02-17 21:48:54.283 18010 18026 I OpenVRAPI: vrapi_GetPredictedDisplayTime(0xee119a90, 1455) -> 1739850546.408281
02-17 21:48:54.283 18010 18026 I OpenVRAPI: vrapi_GetPredictedTracking2(0xee119a90, 1739850546.408281) -> [struct]
02-17 21:48:54.283 18010 18026 I OpenVRAPI: vrapi_GetTimeInSeconds() -> 1739850534.283344
02-17 21:48:54.285 18010 18026 W OpenVRAPI: hewo?
02-17 21:48:54.285 18010 18026 I OpenVRAPI: vrapi_SubmitFrame2(0xee119a90, 0xe27b4cd8) -> 0
02-17 21:48:54.285 18010 18026 I OpenVRAPI: vrapi_GetTimeInSeconds() -> 1739850534.285236
02-17 21:48:54.285 18010 18026 I OpenVRAPI: vrapi_GetPredictedDisplayTime(0xee119a90, 1456) -> 1739850546.418569
02-17 21:48:54.285 18010 18026 I OpenVRAPI: vrapi_GetPredictedTracking2(0xee119a90, 1739850546.418569) -> [struct]
02-17 21:48:54.285 18010 18026 I OpenVRAPI: vrapi_GetTimeInSeconds() -> 1739850534.285298
02-17 21:48:54.287 18010 18026 W OpenVRAPI: hewo?
02-17 21:48:54.287 18010 18026 I OpenVRAPI: vrapi_SubmitFrame2(0xee119a90, 0xe27b4cd8) -> 0
02-17 21:48:54.287 18010 18026 I OpenVRAPI: vrapi_GetTimeInSeconds() -> 1739850534.287072
02-17 21:48:54.287 18010 18026 I OpenVRAPI: vrapi_GetPredictedDisplayTime(0xee119a90, 1457) -> 1739850546.428738
02-17 21:48:54.287 18010 18026 I OpenVRAPI: vrapi_GetPredictedTracking2(0xee119a90, 1739850546.428738) -> [struct]
02-17 21:48:54.287 18010 18026 I OpenVRAPI: vrapi_GetTimeInSeconds() -> 1739850534.287127
02-17 21:48:54.289 18010 18026 W OpenVRAPI: hewo?
02-17 21:48:54.289 18010 18026 I OpenVRAPI: vrapi_SubmitFrame2(0xee119a90, 0xe27b4cd8) -> 0
02-17 21:48:54.289 18010 18026 I OpenVRAPI: vrapi_GetTimeInSeconds() -> 1739850534.289160
02-17 21:48:54.289 18010 18026 I OpenVRAPI: vrapi_GetPredictedDisplayTime(0xee119a90, 1458) -> 1739850546.439160
02-17 21:48:54.289 18010 18026 I OpenVRAPI: vrapi_GetPredictedTracking2(0xee119a90, 1739850546.439160) -> [struct]
02-17 21:48:54.289 18010 18026 I OpenVRAPI: vrapi_GetTimeInSeconds() -> 1739850534.289201
02-17 21:48:54.291 18010 18026 W OpenVRAPI: hewo?
02-17 21:48:54.291 18010 18026 I OpenVRAPI: vrapi_SubmitFrame2(0xee119a90, 0xe27b4cd8) -> 0
02-17 21:48:54.291 18010 18026 I OpenVRAPI: vrapi_GetTimeInSeconds() -> 1739850534.291050
02-17 21:48:54.291 18010 18026 I OpenVRAPI: vrapi_GetPredictedDisplayTime(0xee119a90, 1459) -> 1739850546.449383
02-17 21:48:54.291 18010 18026 I OpenVRAPI: vrapi_GetPredictedTracking2(0xee119a90, 1739850546.449383) -> [struct]
02-17 21:48:54.291 18010 18026 I OpenVRAPI: vrapi_GetTimeInSeconds() -> 1739850534.291097
02-17 21:48:54.293 18010 18026 W OpenVRAPI: hewo?
02-17 21:48:54.293 18010 18026 I OpenVRAPI: vrapi_SubmitFrame2(0xee119a90, 0xe27b4cd8) -> 0
02-17 21:48:54.293 18010 18026 I OpenVRAPI: vrapi_GetTimeInSeconds() -> 1739850534.293083
02-17 21:48:54.293 18010 18026 I OpenVRAPI: vrapi_GetPredictedDisplayTime(0xee119a90, 1460) -> 1739850546.459750
02-17 21:48:54.293 18010 18026 I OpenVRAPI: vrapi_GetPredictedTracking2(0xee119a90, 1739850546.459750) -> [struct]
02-17 21:48:54.293 18010 18026 I OpenVRAPI: vrapi_GetTimeInSeconds() -> 1739850534.293128
02-17 21:48:54.294 18010 18026 W OpenVRAPI: hewo?
02-17 21:48:54.294 18010 18026 I OpenVRAPI: vrapi_SubmitFrame2(0xee119a90, 0xe27b4cd8) -> 0
02-17 21:48:54.294 18010 18026 I OpenVRAPI: vrapi_GetTimeInSeconds() -> 1739850534.294861
02-17 21:48:54.294 18010 18026 I OpenVRAPI: vrapi_GetPredictedDisplayTime(0xee119a90, 1461) -> 1739850546.469861
02-17 21:48:54.294 18010 18026 I OpenVRAPI: vrapi_GetPredictedTracking2(0xee119a90, 1739850546.469861) -> [struct]
02-17 21:48:54.294 18010 18026 I OpenVRAPI: vrapi_GetTimeInSeconds() -> 1739850534.294902
02-17 21:48:54.296 18010 18026 W OpenVRAPI: hewo?
02-17 21:48:54.296 18010 18026 I OpenVRAPI: vrapi_SubmitFrame2(0xee119a90, 0xe27b4cd8) -> 0
02-17 21:48:54.296 18010 18026 I OpenVRAPI: vrapi_GetTimeInSeconds() -> 1739850534.296746
02-17 21:48:54.296 18010 18026 I OpenVRAPI: vrapi_GetPredictedDisplayTime(0xee119a90, 1462) -> 1739850546.480079
02-17 21:48:54.296 18010 18026 I OpenVRAPI: vrapi_GetPredictedTracking2(0xee119a90, 1739850546.480079) -> [struct]
02-17 21:48:54.296 18010 18026 I OpenVRAPI: vrapi_GetTimeInSeconds() -> 1739850534.296788
02-17 21:48:54.300 18010 18026 W OpenVRAPI: hewo?
02-17 21:48:54.300 18010 18026 I OpenVRAPI: vrapi_SubmitFrame2(0xee119a90, 0xe27b4cd8) -> 0
02-17 21:48:54.300 18010 18026 I OpenVRAPI: vrapi_GetTimeInSeconds() -> 1739850534.300066
02-17 21:48:54.300 18010 18026 I OpenVRAPI: vrapi_GetPredictedDisplayTime(0xee119a90, 1463) -> 1739850546.491733
02-17 21:48:54.300 18010 18026 I OpenVRAPI: vrapi_GetPredictedTracking2(0xee119a90, 1739850546.491733) -> [struct]
02-17 21:48:54.300 18010 18026 I OpenVRAPI: vrapi_GetTimeInSeconds() -> 1739850534.300125
02-17 21:48:54.301 18010 18026 W OpenVRAPI: hewo?
02-17 21:48:54.301 18010 18026 I OpenVRAPI: vrapi_SubmitFrame2(0xee119a90, 0xe27b4cd8) -> 0
02-17 21:48:54.302 18010 18026 I OpenVRAPI: vrapi_GetTimeInSeconds() -> 1739850534.302016
02-17 21:48:54.302 18010 18026 I OpenVRAPI: vrapi_GetPredictedDisplayTime(0xee119a90, 1464) -> 1739850546.502016
02-17 21:48:54.302 18010 18026 I OpenVRAPI: vrapi_GetPredictedTracking2(0xee119a90, 1739850546.502016) -> [struct]
02-17 21:48:54.302 18010 18026 I OpenVRAPI: vrapi_GetTimeInSeconds() -> 1739850534.302060
02-17 21:48:54.303 18010 18026 W OpenVRAPI: hewo?
02-17 21:48:54.303 18010 18026 I OpenVRAPI: vrapi_SubmitFrame2(0xee119a90, 0xe27b4cd8) -> 0
02-17 21:48:54.303 18010 18026 I OpenVRAPI: vrapi_GetTimeInSeconds() -> 1739850534.303892
02-17 21:48:54.303 18010 18026 I OpenVRAPI: vrapi_GetPredictedDisplayTime(0xee119a90, 1465) -> 1739850546.512225
02-17 21:48:54.303 18010 18026 I OpenVRAPI: vrapi_GetPredictedTracking2(0xee119a90, 1739850546.512225) -> [struct]
02-17 21:48:54.303 18010 18026 I OpenVRAPI: vrapi_GetTimeInSeconds() -> 1739850534.303945
02-17 21:48:54.305 18010 18026 W OpenVRAPI: hewo?
02-17 21:48:54.305 18010 18026 I OpenVRAPI: vrapi_SubmitFrame2(0xee119a90, 0xe27b4cd8) -> 0
02-17 21:48:54.305 18010 18026 I OpenVRAPI: vrapi_GetTimeInSeconds() -> 1739850534.305978
02-17 21:48:54.305 18010 18026 I OpenVRAPI: vrapi_GetPredictedDisplayTime(0xee119a90, 1466) -> 1739850546.522645
02-17 21:48:54.306 18010 18026 I OpenVRAPI: vrapi_GetPredictedTracking2(0xee119a90, 1739850546.522645) -> [struct]
02-17 21:48:54.306 18010 18026 I OpenVRAPI: vrapi_GetTimeInSeconds() -> 1739850534.306018
02-17 21:48:54.307 18010 18026 W OpenVRAPI: hewo?
02-17 21:48:54.307 18010 18026 I OpenVRAPI: vrapi_SubmitFrame2(0xee119a90, 0xe27b4cd8) -> 0
02-17 21:48:54.307 18010 18026 I OpenVRAPI: vrapi_GetTimeInSeconds() -> 1739850534.307845
02-17 21:48:54.307 18010 18026 I OpenVRAPI: vrapi_GetPredictedDisplayTime(0xee119a90, 1467) -> 1739850546.532845
02-17 21:48:54.307 18010 18026 I OpenVRAPI: vrapi_GetPredictedTracking2(0xee119a90, 1739850546.532845) -> [struct]
02-17 21:48:54.307 18010 18026 I OpenVRAPI: vrapi_GetTimeInSeconds() -> 1739850534.307911
02-17 21:48:54.309 18010 18026 W OpenVRAPI: hewo?
02-17 21:48:54.309 18010 18026 I OpenVRAPI: vrapi_SubmitFrame2(0xee119a90, 0xe27b4cd8) -> 0
02-17 21:48:54.309 18010 18026 I OpenVRAPI: vrapi_GetTimeInSeconds() -> 1739850534.309904
02-17 21:48:54.309 18010 18026 I OpenVRAPI: vrapi_GetPredictedDisplayTime(0xee119a90, 1468) -> 1739850546.543237
02-17 21:48:54.309 18010 18026 I OpenVRAPI: vrapi_GetPredictedTracking2(0xee119a90, 1739850546.543237) -> [struct]
02-17 21:48:54.309 18010 18026 I OpenVRAPI: vrapi_GetTimeInSeconds() -> 1739850534.309958
02-17 21:48:54.311 18010 18026 W OpenVRAPI: hewo?
02-17 21:48:54.311 18010 18026 I OpenVRAPI: vrapi_SubmitFrame2(0xee119a90, 0xe27b4cd8) -> 0
02-17 21:48:54.311 18010 18026 I OpenVRAPI: vrapi_GetTimeInSeconds() -> 1739850534.311830
02-17 21:48:54.311 18010 18026 I OpenVRAPI: vrapi_GetPredictedDisplayTime(0xee119a90, 1469) -> 1739850546.553497
02-17 21:48:54.311 18010 18026 I OpenVRAPI: vrapi_GetPredictedTracking2(0xee119a90, 1739850546.553497) -> [struct]
02-17 21:48:54.311 18010 18026 I OpenVRAPI: vrapi_GetTimeInSeconds() -> 1739850534.311898
02-17 21:48:54.313 18010 18026 W OpenVRAPI: hewo?
02-17 21:48:54.313 18010 18026 I OpenVRAPI: vrapi_SubmitFrame2(0xee119a90, 0xe27b4cd8) -> 0
02-17 21:48:54.313 18010 18026 I OpenVRAPI: vrapi_GetTimeInSeconds() -> 1739850534.313597
02-17 21:48:54.313 18010 18026 I OpenVRAPI: vrapi_GetPredictedDisplayTime(0xee119a90, 1470) -> 1739850546.563597
02-17 21:48:54.313 18010 18026 I OpenVRAPI: vrapi_GetPredictedTracking2(0xee119a90, 1739850546.563597) -> [struct]
02-17 21:48:54.313 18010 18026 I OpenVRAPI: vrapi_GetTimeInSeconds() -> 1739850534.313677
02-17 21:48:54.316 18010 18026 W OpenVRAPI: hewo?
02-17 21:48:54.316 18010 18026 I OpenVRAPI: vrapi_SubmitFrame2(0xee119a90, 0xe27b4cd8) -> 0
02-17 21:48:54.316 18010 18026 I OpenVRAPI: vrapi_GetTimeInSeconds() -> 1739850534.316758
02-17 21:48:54.316 18010 18026 I OpenVRAPI: vrapi_GetPredictedDisplayTime(0xee119a90, 1471) -> 1739850546.575092
02-17 21:48:54.316 18010 18026 I OpenVRAPI: vrapi_GetPredictedTracking2(0xee119a90, 1739850546.575092) -> [struct]
02-17 21:48:54.316 18010 18026 I OpenVRAPI: vrapi_GetTimeInSeconds() -> 1739850534.316841
02-17 21:48:54.318 18010 18026 W OpenVRAPI: hewo?
02-17 21:48:54.318 18010 18026 I OpenVRAPI: vrapi_SubmitFrame2(0xee119a90, 0xe27b4cd8) -> 0
02-17 21:48:54.318 18010 18026 I OpenVRAPI: vrapi_GetTimeInSeconds() -> 1739850534.318540
02-17 21:48:54.318 18010 18026 I OpenVRAPI: vrapi_GetPredictedDisplayTime(0xee119a90, 1472) -> 1739850546.585207
02-17 21:48:54.318 18010 18026 I OpenVRAPI: vrapi_GetPredictedTracking2(0xee119a90, 1739850546.585207) -> [struct]
02-17 21:48:54.318 18010 18026 I OpenVRAPI: vrapi_GetTimeInSeconds() -> 1739850534.318634
02-17 21:48:54.320 18010 18026 W OpenVRAPI: hewo?
02-17 21:48:54.320 18010 18026 I OpenVRAPI: vrapi_SubmitFrame2(0xee119a90, 0xe27b4cd8) -> 0
02-17 21:48:54.320 18010 18026 I OpenVRAPI: vrapi_GetTimeInSeconds() -> 1739850534.320427
02-17 21:48:54.320 18010 18026 I OpenVRAPI: vrapi_GetPredictedDisplayTime(0xee119a90, 1473) -> 1739850546.595427
02-17 21:48:54.320 18010 18026 I OpenVRAPI: vrapi_GetPredictedTracking2(0xee119a90, 1739850546.595427) -> [struct]
02-17 21:48:54.320 18010 18026 I OpenVRAPI: vrapi_GetTimeInSeconds() -> 1739850534.320501
02-17 21:48:54.322 18010 18026 W OpenVRAPI: hewo?
02-17 21:48:54.322 18010 18026 I OpenVRAPI: vrapi_SubmitFrame2(0xee119a90, 0xe27b4cd8) -> 0
02-17 21:48:54.322 18010 18026 I OpenVRAPI: vrapi_GetTimeInSeconds() -> 1739850534.322453
02-17 21:48:54.322 18010 18026 I OpenVRAPI: vrapi_GetPredictedDisplayTime(0xee119a90, 1474) -> 1739850546.605786
02-17 21:48:54.322 18010 18026 I OpenVRAPI: vrapi_GetPredictedTracking2(0xee119a90, 1739850546.605786) -> [struct]
02-17 21:48:54.322 18010 18026 I OpenVRAPI: vrapi_GetTimeInSeconds() -> 1739850534.322532
02-17 21:48:54.324 18010 18026 W OpenVRAPI: hewo?
02-17 21:48:54.324 18010 18026 I OpenVRAPI: vrapi_SubmitFrame2(0xee119a90, 0xe27b4cd8) -> 0
02-17 21:48:54.324 18010 18026 I OpenVRAPI: vrapi_GetTimeInSeconds() -> 1739850534.324315
02-17 21:48:54.324 18010 18026 I OpenVRAPI: vrapi_GetPredictedDisplayTime(0xee119a90, 1475) -> 1739850546.615982
02-17 21:48:54.324 18010 18026 I OpenVRAPI: vrapi_GetPredictedTracking2(0xee119a90, 1739850546.615982) -> [struct]
02-17 21:48:54.324 18010 18026 I OpenVRAPI: vrapi_GetTimeInSeconds() -> 1739850534.324373
02-17 21:48:54.326 18010 18026 W OpenVRAPI: hewo?
02-17 21:48:54.326 18010 18026 I OpenVRAPI: vrapi_SubmitFrame2(0xee119a90, 0xe27b4cd8) -> 0
02-17 21:48:54.326 18010 18026 I OpenVRAPI: vrapi_GetTimeInSeconds() -> 1739850534.326283
02-17 21:48:54.326 18010 18026 I OpenVRAPI: vrapi_GetPredictedDisplayTime(0xee119a90, 1476) -> 1739850546.626283
02-17 21:48:54.326 18010 18026 I OpenVRAPI: vrapi_GetPredictedTracking2(0xee119a90, 1739850546.626283) -> [struct]
02-17 21:48:54.326 18010 18026 I OpenVRAPI: vrapi_GetTimeInSeconds() -> 1739850534.326327
02-17 21:48:54.328 18010 18026 W OpenVRAPI: hewo?
02-17 21:48:54.328 18010 18026 I OpenVRAPI: vrapi_SubmitFrame2(0xee119a90, 0xe27b4cd8) -> 0
02-17 21:48:54.328 18010 18026 I OpenVRAPI: vrapi_GetTimeInSeconds() -> 1739850534.328172
02-17 21:48:54.328 18010 18026 I OpenVRAPI: vrapi_GetPredictedDisplayTime(0xee119a90, 1477) -> 1739850546.636506
02-17 21:48:54.328 18010 18026 I OpenVRAPI: vrapi_GetPredictedTracking2(0xee119a90, 1739850546.636506) -> [struct]
02-17 21:48:54.328 18010 18026 I OpenVRAPI: vrapi_GetTimeInSeconds() -> 1739850534.328212
02-17 21:48:54.329 18010 18026 W OpenVRAPI: hewo?
02-17 21:48:54.329 18010 18026 I OpenVRAPI: vrapi_SubmitFrame2(0xee119a90, 0xe27b4cd8) -> 0
02-17 21:48:54.330 18010 18026 I OpenVRAPI: vrapi_GetTimeInSeconds() -> 1739850534.329998
02-17 21:48:54.330 18010 18026 I OpenVRAPI: vrapi_GetPredictedDisplayTime(0xee119a90, 1478) -> 1739850546.646664
02-17 21:48:54.330 18010 18026 I OpenVRAPI: vrapi_GetPredictedTracking2(0xee119a90, 1739850546.646664) -> [struct]
02-17 21:48:54.330 18010 18026 I OpenVRAPI: vrapi_GetTimeInSeconds() -> 1739850534.330038
02-17 21:48:54.332 18010 18026 W OpenVRAPI: hewo?
02-17 21:48:54.332 18010 18026 I OpenVRAPI: vrapi_SubmitFrame2(0xee119a90, 0xe27b4cd8) -> 0
02-17 21:48:54.332 18010 18026 I OpenVRAPI: vrapi_GetTimeInSeconds() -> 1739850534.332972
02-17 21:48:54.332 18010 18026 I OpenVRAPI: vrapi_GetPredictedDisplayTime(0xee119a90, 1479) -> 1739850546.657972
02-17 21:48:54.333 18010 18026 I OpenVRAPI: vrapi_GetPredictedTracking2(0xee119a90, 1739850546.657972) -> [struct]
02-17 21:48:54.333 18010 18026 I OpenVRAPI: vrapi_GetTimeInSeconds() -> 1739850534.333011
02-17 21:48:54.334 18010 18026 W OpenVRAPI: hewo?
02-17 21:48:54.334 18010 18026 I OpenVRAPI: vrapi_SubmitFrame2(0xee119a90, 0xe27b4cd8) -> 0
02-17 21:48:54.334 18010 18026 I OpenVRAPI: vrapi_GetTimeInSeconds() -> 1739850534.334847
02-17 21:48:54.334 18010 18026 I OpenVRAPI: vrapi_GetPredictedDisplayTime(0xee119a90, 1480) -> 1739850546.668181
02-17 21:48:54.334 18010 18026 I OpenVRAPI: vrapi_GetPredictedTracking2(0xee119a90, 1739850546.668181) -> [struct]
02-17 21:48:54.334 18010 18026 I OpenVRAPI: vrapi_GetTimeInSeconds() -> 1739850534.334900
02-17 21:48:54.336 18010 18026 W OpenVRAPI: hewo?
02-17 21:48:54.336 18010 18026 I OpenVRAPI: vrapi_SubmitFrame2(0xee119a90, 0xe27b4cd8) -> 0
02-17 21:48:54.336 18010 18026 I OpenVRAPI: vrapi_GetTimeInSeconds() -> 1739850534.336775
02-17 21:48:54.336 18010 18026 I OpenVRAPI: vrapi_GetPredictedDisplayTime(0xee119a90, 1481) -> 1739850546.678442
02-17 21:48:54.336 18010 18026 I OpenVRAPI: vrapi_GetPredictedTracking2(0xee119a90, 1739850546.678442) -> [struct]
02-17 21:48:54.336 18010 18026 I OpenVRAPI: vrapi_GetTimeInSeconds() -> 1739850534.336817
02-17 21:48:54.338 18010 18026 W OpenVRAPI: hewo?
02-17 21:48:54.338 18010 18026 I OpenVRAPI: vrapi_SubmitFrame2(0xee119a90, 0xe27b4cd8) -> 0
02-17 21:48:54.338 18010 18026 I OpenVRAPI: vrapi_GetTimeInSeconds() -> 1739850534.338780
02-17 21:48:54.338 18010 18026 I OpenVRAPI: vrapi_GetPredictedDisplayTime(0xee119a90, 1482) -> 1739850546.688780
02-17 21:48:54.338 18010 18026 I OpenVRAPI: vrapi_GetPredictedTracking2(0xee119a90, 1739850546.688780) -> [struct]
02-17 21:48:54.338 18010 18026 I OpenVRAPI: vrapi_GetTimeInSeconds() -> 1739850534.338821
02-17 21:48:54.340 18010 18026 W OpenVRAPI: hewo?
02-17 21:48:54.340 18010 18026 I OpenVRAPI: vrapi_SubmitFrame2(0xee119a90, 0xe27b4cd8) -> 0
02-17 21:48:54.340 18010 18026 I OpenVRAPI: vrapi_GetTimeInSeconds() -> 1739850534.340687
02-17 21:48:54.340 18010 18026 I OpenVRAPI: vrapi_GetPredictedDisplayTime(0xee119a90, 1483) -> 1739850546.699020
02-17 21:48:54.340 18010 18026 I OpenVRAPI: vrapi_GetPredictedTracking2(0xee119a90, 1739850546.699020) -> [struct]
02-17 21:48:54.340 18010 18026 I OpenVRAPI: vrapi_GetTimeInSeconds() -> 1739850534.340726
02-17 21:48:54.342 18010 18026 W OpenVRAPI: hewo?
02-17 21:48:54.342 18010 18026 I OpenVRAPI: vrapi_SubmitFrame2(0xee119a90, 0xe27b4cd8) -> 0
02-17 21:48:54.342 18010 18026 I OpenVRAPI: vrapi_GetTimeInSeconds() -> 1739850534.342670
02-17 21:48:54.342 18010 18026 I OpenVRAPI: vrapi_GetPredictedDisplayTime(0xee119a90, 1484) -> 1739850546.709337
02-17 21:48:54.342 18010 18026 I OpenVRAPI: vrapi_GetPredictedTracking2(0xee119a90, 1739850546.709337) -> [struct]
02-17 21:48:54.342 18010 18026 I OpenVRAPI: vrapi_GetTimeInSeconds() -> 1739850534.342710
02-17 21:48:54.344 18010 18026 W OpenVRAPI: hewo?
02-17 21:48:54.344 18010 18026 I OpenVRAPI: vrapi_SubmitFrame2(0xee119a90, 0xe27b4cd8) -> 0
02-17 21:48:54.344 18010 18026 I OpenVRAPI: vrapi_GetTimeInSeconds() -> 1739850534.344534
02-17 21:48:54.344 18010 18026 I OpenVRAPI: vrapi_GetPredictedDisplayTime(0xee119a90, 1485) -> 1739850546.719534
02-17 21:48:54.344 18010 18026 I OpenVRAPI: vrapi_GetPredictedTracking2(0xee119a90, 1739850546.719534) -> [struct]
02-17 21:48:54.344 18010 18026 I OpenVRAPI: vrapi_GetTimeInSeconds() -> 1739850534.344578
02-17 21:48:54.346 18010 18026 W OpenVRAPI: hewo?
02-17 21:48:54.346 18010 18026 I OpenVRAPI: vrapi_SubmitFrame2(0xee119a90, 0xe27b4cd8) -> 0
02-17 21:48:54.346 18010 18026 I OpenVRAPI: vrapi_GetTimeInSeconds() -> 1739850534.346390
02-17 21:48:54.346 18010 18026 I OpenVRAPI: vrapi_GetPredictedDisplayTime(0xee119a90, 1486) -> 1739850546.729723
02-17 21:48:54.346 18010 18026 I OpenVRAPI: vrapi_GetPredictedTracking2(0xee119a90, 1739850546.729723) -> [struct]
02-17 21:48:54.346 18010 18026 I OpenVRAPI: vrapi_GetTimeInSeconds() -> 1739850534.346431
02-17 21:48:54.349 18010 18026 W OpenVRAPI: hewo?
02-17 21:48:54.349 18010 18026 I OpenVRAPI: vrapi_SubmitFrame2(0xee119a90, 0xe27b4cd8) -> 0
02-17 21:48:54.349 18010 18026 I OpenVRAPI: vrapi_GetTimeInSeconds() -> 1739850534.349427
02-17 21:48:54.349 18010 18026 I OpenVRAPI: vrapi_GetPredictedDisplayTime(0xee119a90, 1487) -> 1739850546.741094
02-17 21:48:54.349 18010 18026 I OpenVRAPI: vrapi_GetPredictedTracking2(0xee119a90, 1739850546.741094) -> [struct]
02-17 21:48:54.349 18010 18026 I OpenVRAPI: vrapi_GetTimeInSeconds() -> 1739850534.349512
02-17 21:48:54.351 18010 18026 W OpenVRAPI: hewo?
02-17 21:48:54.351 18010 18026 I OpenVRAPI: vrapi_SubmitFrame2(0xee119a90, 0xe27b4cd8) -> 0
02-17 21:48:54.351 18010 18026 I OpenVRAPI: vrapi_GetTimeInSeconds() -> 1739850534.351306
02-17 21:48:54.351 18010 18026 I OpenVRAPI: vrapi_GetPredictedDisplayTime(0xee119a90, 1488) -> 1739850546.751307
02-17 21:48:54.351 18010 18026 I OpenVRAPI: vrapi_GetPredictedTracking2(0xee119a90, 1739850546.751307) -> [struct]
02-17 21:48:54.351 18010 18026 I OpenVRAPI: vrapi_GetTimeInSeconds() -> 1739850534.351391
02-17 21:48:54.353 18010 18026 W OpenVRAPI: hewo?
02-17 21:48:54.353 18010 18026 I OpenVRAPI: vrapi_SubmitFrame2(0xee119a90, 0xe27b4cd8) -> 0
02-17 21:48:54.353 18010 18026 I OpenVRAPI: vrapi_GetTimeInSeconds() -> 1739850534.353307
02-17 21:48:54.353 18010 18026 I OpenVRAPI: vrapi_GetPredictedDisplayTime(0xee119a90, 1489) -> 1739850546.761640
02-17 21:48:54.353 18010 18026 I OpenVRAPI: vrapi_GetPredictedTracking2(0xee119a90, 1739850546.761640) -> [struct]
02-17 21:48:54.353 18010 18026 I OpenVRAPI: vrapi_GetTimeInSeconds() -> 1739850534.353385
02-17 21:48:54.355 18010 18026 W OpenVRAPI: hewo?
02-17 21:48:54.355 18010 18026 I OpenVRAPI: vrapi_SubmitFrame2(0xee119a90, 0xe27b4cd8) -> 0
02-17 21:48:54.355 18010 18026 I OpenVRAPI: vrapi_GetTimeInSeconds() -> 1739850534.355416
02-17 21:48:54.355 18010 18026 I OpenVRAPI: vrapi_GetPredictedDisplayTime(0xee119a90, 1490) -> 1739850546.772083
02-17 21:48:54.355 18010 18026 I OpenVRAPI: vrapi_GetPredictedTracking2(0xee119a90, 1739850546.772083) -> [struct]
02-17 21:48:54.355 18010 18026 I OpenVRAPI: vrapi_GetTimeInSeconds() -> 1739850534.355462
02-17 21:48:54.357 18010 18026 W OpenVRAPI: hewo?
02-17 21:48:54.357 18010 18026 I OpenVRAPI: vrapi_SubmitFrame2(0xee119a90, 0xe27b4cd8) -> 0
02-17 21:48:54.357 18010 18026 I OpenVRAPI: vrapi_GetTimeInSeconds() -> 1739850534.357259
02-17 21:48:54.357 18010 18026 I OpenVRAPI: vrapi_GetPredictedDisplayTime(0xee119a90, 1491) -> 1739850546.782259
02-17 21:48:54.357 18010 18026 I OpenVRAPI: vrapi_GetPredictedTracking2(0xee119a90, 1739850546.782259) -> [struct]
02-17 21:48:54.357 18010 18026 I OpenVRAPI: vrapi_GetTimeInSeconds() -> 1739850534.357298
02-17 21:48:54.359 18010 18026 W OpenVRAPI: hewo?
02-17 21:48:54.359 18010 18026 I OpenVRAPI: vrapi_SubmitFrame2(0xee119a90, 0xe27b4cd8) -> 0
02-17 21:48:54.359 18010 18026 I OpenVRAPI: vrapi_GetTimeInSeconds() -> 1739850534.359159
02-17 21:48:54.359 18010 18026 I OpenVRAPI: vrapi_GetPredictedDisplayTime(0xee119a90, 1492) -> 1739850546.792492
02-17 21:48:54.359 18010 18026 I OpenVRAPI: vrapi_GetPredictedTracking2(0xee119a90, 1739850546.792492) -> [struct]
02-17 21:48:54.359 18010 18026 I OpenVRAPI: vrapi_GetTimeInSeconds() -> 1739850534.359197
02-17 21:48:54.361 18010 18026 W OpenVRAPI: hewo?
02-17 21:48:54.361 18010 18026 I OpenVRAPI: vrapi_SubmitFrame2(0xee119a90, 0xe27b4cd8) -> 0
02-17 21:48:54.361 18010 18026 I OpenVRAPI: vrapi_GetTimeInSeconds() -> 1739850534.361213
02-17 21:48:54.361 18010 18026 I OpenVRAPI: vrapi_GetPredictedDisplayTime(0xee119a90, 1493) -> 1739850546.802880
02-17 21:48:54.361 18010 18026 I OpenVRAPI: vrapi_GetPredictedTracking2(0xee119a90, 1739850546.802880) -> [struct]
02-17 21:48:54.361 18010 18026 I OpenVRAPI: vrapi_GetTimeInSeconds() -> 1739850534.361257
02-17 21:48:54.363 18010 18026 W OpenVRAPI: hewo?
02-17 21:48:54.363 18010 18026 I OpenVRAPI: vrapi_SubmitFrame2(0xee119a90, 0xe27b4cd8) -> 0
02-17 21:48:54.363 18010 18026 I OpenVRAPI: vrapi_GetTimeInSeconds() -> 1739850534.363217
02-17 21:48:54.363 18010 18026 I OpenVRAPI: vrapi_GetPredictedDisplayTime(0xee119a90, 1494) -> 1739850546.813217
02-17 21:48:54.363 18010 18026 I OpenVRAPI: vrapi_GetPredictedTracking2(0xee119a90, 1739850546.813217) -> [struct]
02-17 21:48:54.363 18010 18026 I OpenVRAPI: vrapi_GetTimeInSeconds() -> 1739850534.363260
02-17 21:48:54.365 18010 18026 W OpenVRAPI: hewo?
02-17 21:48:54.365 18010 18026 I OpenVRAPI: vrapi_SubmitFrame2(0xee119a90, 0xe27b4cd8) -> 0
02-17 21:48:54.365 18010 18026 I OpenVRAPI: vrapi_GetTimeInSeconds() -> 1739850534.365164
02-17 21:48:54.365 18010 18026 I OpenVRAPI: vrapi_GetPredictedDisplayTime(0xee119a90, 1495) -> 1739850546.823498
02-17 21:48:54.365 18010 18026 I OpenVRAPI: vrapi_GetPredictedTracking2(0xee119a90, 1739850546.823498) -> [struct]
02-17 21:48:54.365 18010 18026 I OpenVRAPI: vrapi_GetTimeInSeconds() -> 1739850534.365215
02-17 21:48:54.368 18010 18026 W OpenVRAPI: hewo?
02-17 21:48:54.368 18010 18026 I OpenVRAPI: vrapi_SubmitFrame2(0xee119a90, 0xe27b4cd8) -> 0
02-17 21:48:54.368 18010 18026 I OpenVRAPI: vrapi_GetTimeInSeconds() -> 1739850534.368873
02-17 21:48:54.368 18010 18026 I OpenVRAPI: vrapi_GetPredictedDisplayTime(0xee119a90, 1496) -> 1739850546.835540
02-17 21:48:54.368 18010 18026 I OpenVRAPI: vrapi_GetPredictedTracking2(0xee119a90, 1739850546.835540) -> [struct]
02-17 21:48:54.368 18010 18026 I OpenVRAPI: vrapi_GetTimeInSeconds() -> 1739850534.368924
02-17 21:48:54.370 18010 18026 W OpenVRAPI: hewo?
02-17 21:48:54.370 18010 18026 I OpenVRAPI: vrapi_SubmitFrame2(0xee119a90, 0xe27b4cd8) -> 0
02-17 21:48:54.370 18010 18026 I OpenVRAPI: vrapi_GetTimeInSeconds() -> 1739850534.370783
02-17 21:48:54.370 18010 18026 I OpenVRAPI: vrapi_GetPredictedDisplayTime(0xee119a90, 1497) -> 1739850546.845783
02-17 21:48:54.370 18010 18026 I OpenVRAPI: vrapi_GetPredictedTracking2(0xee119a90, 1739850546.845783) -> [struct]
02-17 21:48:54.370 18010 18026 I OpenVRAPI: vrapi_GetTimeInSeconds() -> 1739850534.370829
02-17 21:48:54.372 18010 18026 W OpenVRAPI: hewo?
02-17 21:48:54.372 18010 18026 I OpenVRAPI: vrapi_SubmitFrame2(0xee119a90, 0xe27b4cd8) -> 0
02-17 21:48:54.372 18010 18026 I OpenVRAPI: vrapi_GetTimeInSeconds() -> 1739850534.372715
02-17 21:48:54.372 18010 18026 I OpenVRAPI: vrapi_GetPredictedDisplayTime(0xee119a90, 1498) -> 1739850546.856049
02-17 21:48:54.372 18010 18026 I OpenVRAPI: vrapi_GetPredictedTracking2(0xee119a90, 1739850546.856049) -> [struct]
02-17 21:48:54.372 18010 18026 I OpenVRAPI: vrapi_GetTimeInSeconds() -> 1739850534.372765
02-17 21:48:54.374 18010 18026 W OpenVRAPI: hewo?
02-17 21:48:54.374 18010 18026 I OpenVRAPI: vrapi_SubmitFrame2(0xee119a90, 0xe27b4cd8) -> 0
02-17 21:48:54.374 18010 18026 I OpenVRAPI: vrapi_GetTimeInSeconds() -> 1739850534.374738
02-17 21:48:54.374 18010 18026 I OpenVRAPI: vrapi_GetPredictedDisplayTime(0xee119a90, 1499) -> 1739850546.866404
02-17 21:48:54.374 18010 18026 I OpenVRAPI: vrapi_GetPredictedTracking2(0xee119a90, 1739850546.866404) -> [struct]
02-17 21:48:54.374 18010 18026 I OpenVRAPI: vrapi_GetTimeInSeconds() -> 1739850534.374786
02-17 21:48:54.376 18010 18026 W OpenVRAPI: hewo?
02-17 21:48:54.376 18010 18026 I OpenVRAPI: vrapi_SubmitFrame2(0xee119a90, 0xe27b4cd8) -> 0
02-17 21:48:54.376 18010 18026 I OpenVRAPI: vrapi_GetTimeInSeconds() -> 1739850534.376704
02-17 21:48:54.376 18010 18026 I OpenVRAPI: vrapi_GetPredictedDisplayTime(0xee119a90, 1500) -> 1739850546.876704
02-17 21:48:54.376 18010 18026 I OpenVRAPI: vrapi_GetPredictedTracking2(0xee119a90, 1739850546.876704) -> [struct]
02-17 21:48:54.376 18010 18026 I OpenVRAPI: vrapi_GetTimeInSeconds() -> 1739850534.376756
02-17 21:48:54.379 18010 18026 W OpenVRAPI: hewo?
02-17 21:48:54.379 18010 18026 I OpenVRAPI: vrapi_SubmitFrame2(0xee119a90, 0xe27b4cd8) -> 0
02-17 21:48:54.379 18010 18026 I OpenVRAPI: vrapi_GetTimeInSeconds() -> 1739850534.379280
02-17 21:48:54.379 18010 18026 I OpenVRAPI: vrapi_GetPredictedDisplayTime(0xee119a90, 1501) -> 1739850546.887614
02-17 21:48:54.379 18010 18026 I OpenVRAPI: vrapi_GetPredictedTracking2(0xee119a90, 1739850546.887614) -> [struct]
02-17 21:48:54.379 18010 18026 I OpenVRAPI: vrapi_GetTimeInSeconds() -> 1739850534.379338
02-17 21:48:54.381 18010 18026 W OpenVRAPI: hewo?
02-17 21:48:54.381 18010 18026 I OpenVRAPI: vrapi_SubmitFrame2(0xee119a90, 0xe27b4cd8) -> 0
02-17 21:48:54.381 18010 18026 I OpenVRAPI: vrapi_GetTimeInSeconds() -> 1739850534.381145
02-17 21:48:54.381 18010 18026 I OpenVRAPI: vrapi_GetPredictedDisplayTime(0xee119a90, 1502) -> 1739850546.897812
02-17 21:48:54.381 18010 18026 I OpenVRAPI: vrapi_GetPredictedTracking2(0xee119a90, 1739850546.897812) -> [struct]
02-17 21:48:54.381 18010 18026 I OpenVRAPI: vrapi_GetTimeInSeconds() -> 1739850534.381190
02-17 21:48:54.382 18010 18026 W OpenVRAPI: hewo?
02-17 21:48:54.382 18010 18026 I OpenVRAPI: vrapi_SubmitFrame2(0xee119a90, 0xe27b4cd8) -> 0
02-17 21:48:54.382 18010 18026 I OpenVRAPI: vrapi_GetTimeInSeconds() -> 1739850534.382861
02-17 21:48:54.382 18010 18026 I OpenVRAPI: vrapi_GetPredictedDisplayTime(0xee119a90, 1503) -> 1739850546.907861
02-17 21:48:54.382 18010 18026 I OpenVRAPI: vrapi_GetPredictedTracking2(0xee119a90, 1739850546.907861) -> [struct]
02-17 21:48:54.382 18010 18026 I OpenVRAPI: vrapi_GetTimeInSeconds() -> 1739850534.382909
02-17 21:48:54.384 18010 18026 W OpenVRAPI: hewo?
02-17 21:48:54.384 18010 18026 I OpenVRAPI: vrapi_SubmitFrame2(0xee119a90, 0xe27b4cd8) -> 0
02-17 21:48:54.384 18010 18026 I OpenVRAPI: vrapi_GetTimeInSeconds() -> 1739850534.384746
02-17 21:48:54.384 18010 18026 I OpenVRAPI: vrapi_GetPredictedDisplayTime(0xee119a90, 1504) -> 1739850546.918080
02-17 21:48:54.384 18010 18026 I OpenVRAPI: vrapi_GetPredictedTracking2(0xee119a90, 1739850546.918080) -> [struct]
02-17 21:48:54.384 18010 18026 I OpenVRAPI: vrapi_GetTimeInSeconds() -> 1739850534.384793
02-17 21:48:54.386 18010 18026 W OpenVRAPI: hewo?
02-17 21:48:54.386 18010 18026 I OpenVRAPI: vrapi_SubmitFrame2(0xee119a90, 0xe27b4cd8) -> 0
02-17 21:48:54.386 18010 18026 I OpenVRAPI: vrapi_GetTimeInSeconds() -> 1739850534.386618
02-17 21:48:54.386 18010 18026 I OpenVRAPI: vrapi_GetPredictedDisplayTime(0xee119a90, 1505) -> 1739850546.928284
02-17 21:48:54.386 18010 18026 I OpenVRAPI: vrapi_GetPredictedTracking2(0xee119a90, 1739850546.928284) -> [struct]
02-17 21:48:54.386 18010 18026 I OpenVRAPI: vrapi_GetTimeInSeconds() -> 1739850534.386665
02-17 21:48:54.387  1733  1834 V WindowManager:         {WCT{RemoteToken{b2364a5 Task{81020ca #1508 type=standard A=10095:com.mediocre.smashhit.vr isResizeable=true minWidth=-1 minHeight=-1}}} m=CHANGE f=NONE p=WCT{RemoteToken{1f919c9 DefaultTaskDisplayArea@209152467}} leash=Surface(name=Task=1508)/@0x861f20f sb=Rect(0, 0 - 1440, 2880) eb=Rect(0, 0 - 2880, 1440) epz=Point(2880, 1440) d=0 r=0->1:0 taskParent=-1},
02-17 21:48:54.388 18010 18026 W OpenVRAPI: hewo?
02-17 21:48:54.388 18010 18026 I OpenVRAPI: vrapi_SubmitFrame2(0xee119a90, 0xe27b4cd8) -> 0
02-17 21:48:54.388 18010 18026 I OpenVRAPI: vrapi_GetTimeInSeconds() -> 1739850534.388777
02-17 21:48:54.388 18010 18026 I OpenVRAPI: vrapi_GetPredictedDisplayTime(0xee119a90, 1506) -> 1739850546.938777
02-17 21:48:54.388 18010 18026 I OpenVRAPI: vrapi_GetPredictedTracking2(0xee119a90, 1739850546.938777) -> [struct]
02-17 21:48:54.388 18010 18026 I OpenVRAPI: vrapi_GetTimeInSeconds() -> 1739850534.388827
02-17 21:48:54.390 18010 18026 W OpenVRAPI: hewo?
02-17 21:48:54.390 18010 18026 I OpenVRAPI: vrapi_SubmitFrame2(0xee119a90, 0xe27b4cd8) -> 0
02-17 21:48:54.390 18010 18026 I OpenVRAPI: vrapi_GetTimeInSeconds() -> 1739850534.390665
02-17 21:48:54.390 18010 18026 I OpenVRAPI: vrapi_GetPredictedDisplayTime(0xee119a90, 1507) -> 1739850546.948998
02-17 21:48:54.390 18010 18026 I OpenVRAPI: vrapi_GetPredictedTracking2(0xee119a90, 1739850546.948998) -> [struct]
02-17 21:48:54.390 18010 18026 I OpenVRAPI: vrapi_GetTimeInSeconds() -> 1739850534.390710
02-17 21:48:54.392 18010 18026 W OpenVRAPI: hewo?
02-17 21:48:54.392 18010 18026 I OpenVRAPI: vrapi_SubmitFrame2(0xee119a90, 0xe27b4cd8) -> 0
02-17 21:48:54.392 18010 18026 I OpenVRAPI: vrapi_GetTimeInSeconds() -> 1739850534.392840
02-17 21:48:54.392 18010 18026 I OpenVRAPI: vrapi_GetPredictedDisplayTime(0xee119a90, 1508) -> 1739850546.959506
02-17 21:48:54.392 18010 18026 I OpenVRAPI: vrapi_GetPredictedTracking2(0xee119a90, 1739850546.959506) -> [struct]
02-17 21:48:54.392 18010 18026 I OpenVRAPI: vrapi_GetTimeInSeconds() -> 1739850534.392884
02-17 21:48:54.394 18010 18026 W OpenVRAPI: hewo?
02-17 21:48:54.394 18010 18026 I OpenVRAPI: vrapi_SubmitFrame2(0xee119a90, 0xe27b4cd8) -> 0
02-17 21:48:54.394 18010 18026 I OpenVRAPI: vrapi_GetTimeInSeconds() -> 1739850534.394782
02-17 21:48:54.394 18010 18026 I OpenVRAPI: vrapi_GetPredictedDisplayTime(0xee119a90, 1509) -> 1739850546.969782
02-17 21:48:54.394 18010 18026 I OpenVRAPI: vrapi_GetPredictedTracking2(0xee119a90, 1739850546.969782) -> [struct]
02-17 21:48:54.394 18010 18026 I OpenVRAPI: vrapi_GetTimeInSeconds() -> 1739850534.394834
02-17 21:48:54.397 18010 18026 W OpenVRAPI: hewo?
02-17 21:48:54.397 18010 18026 I OpenVRAPI: vrapi_SubmitFrame2(0xee119a90, 0xe27b4cd8) -> 0
02-17 21:48:54.397 18010 18026 I OpenVRAPI: vrapi_GetTimeInSeconds() -> 1739850534.397440
02-17 21:48:54.397 18010 18026 I OpenVRAPI: vrapi_GetPredictedDisplayTime(0xee119a90, 1510) -> 1739850546.980773
02-17 21:48:54.397 18010 18026 I OpenVRAPI: vrapi_GetPredictedTracking2(0xee119a90, 1739850546.980773) -> [struct]
02-17 21:48:54.397 18010 18026 I OpenVRAPI: vrapi_GetTimeInSeconds() -> 1739850534.397494
02-17 21:48:54.398 18010 18026 W OpenVRAPI: hewo?
02-17 21:48:54.398 18010 18026 I OpenVRAPI: vrapi_SubmitFrame2(0xee119a90, 0xe27b4cd8) -> 0
02-17 21:48:54.398 18010 18026 I OpenVRAPI: vrapi_GetTimeInSeconds() -> 1739850534.398992
02-17 21:48:54.399 18010 18026 I OpenVRAPI: vrapi_GetPredictedDisplayTime(0xee119a90, 1511) -> 1739850546.990658
02-17 21:48:54.399 18010 18026 I OpenVRAPI: vrapi_GetPredictedTracking2(0xee119a90, 1739850546.990658) -> [struct]
02-17 21:48:54.399 18010 18026 I OpenVRAPI: vrapi_GetTimeInSeconds() -> 1739850534.399034
02-17 21:48:54.400 18010 18026 W OpenVRAPI: hewo?
02-17 21:48:54.400 18010 18026 I OpenVRAPI: vrapi_SubmitFrame2(0xee119a90, 0xe27b4cd8) -> 0
02-17 21:48:54.400 18010 18026 I OpenVRAPI: vrapi_GetTimeInSeconds() -> 1739850534.400909
02-17 21:48:54.400 18010 18026 I OpenVRAPI: vrapi_GetPredictedDisplayTime(0xee119a90, 1512) -> 1739850547.000909
02-17 21:48:54.400 18010 18026 I OpenVRAPI: vrapi_GetPredictedTracking2(0xee119a90, 1739850547.000909) -> [struct]
02-17 21:48:54.400 18010 18026 I OpenVRAPI: vrapi_GetTimeInSeconds() -> 1739850534.400972
02-17 21:48:54.402 18010 18026 W OpenVRAPI: hewo?
02-17 21:48:54.402 18010 18026 I OpenVRAPI: vrapi_SubmitFrame2(0xee119a90, 0xe27b4cd8) -> 0
02-17 21:48:54.402 18010 18026 I OpenVRAPI: vrapi_GetTimeInSeconds() -> 1739850534.402764
02-17 21:48:54.402 18010 18026 I OpenVRAPI: vrapi_GetPredictedDisplayTime(0xee119a90, 1513) -> 1739850547.011097
02-17 21:48:54.402 18010 18026 I OpenVRAPI: vrapi_GetPredictedTracking2(0xee119a90, 1739850547.011097) -> [struct]
02-17 21:48:54.402 18010 18026 I OpenVRAPI: vrapi_GetTimeInSeconds() -> 1739850534.402829
02-17 21:48:54.404 18010 18026 W OpenVRAPI: hewo?
02-17 21:48:54.404 18010 18026 I OpenVRAPI: vrapi_SubmitFrame2(0xee119a90, 0xe27b4cd8) -> 0
02-17 21:48:54.404 18010 18026 I OpenVRAPI: vrapi_GetTimeInSeconds() -> 1739850534.404737
02-17 21:48:54.404 18010 18026 I OpenVRAPI: vrapi_GetPredictedDisplayTime(0xee119a90, 1514) -> 1739850547.021403
02-17 21:48:54.404 18010 18026 I OpenVRAPI: vrapi_GetPredictedTracking2(0xee119a90, 1739850547.021403) -> [struct]
02-17 21:48:54.404 18010 18026 I OpenVRAPI: vrapi_GetTimeInSeconds() -> 1739850534.404794
02-17 21:48:54.406 18010 18026 W OpenVRAPI: hewo?
02-17 21:48:54.406 18010 18026 I OpenVRAPI: vrapi_SubmitFrame2(0xee119a90, 0xe27b4cd8) -> 0
02-17 21:48:54.406 18010 18026 I OpenVRAPI: vrapi_GetTimeInSeconds() -> 1739850534.406790
02-17 21:48:54.406 18010 18026 I OpenVRAPI: vrapi_GetPredictedDisplayTime(0xee119a90, 1515) -> 1739850547.031790
02-17 21:48:54.406 18010 18026 I OpenVRAPI: vrapi_GetPredictedTracking2(0xee119a90, 1739850547.031790) -> [struct]
02-17 21:48:54.406 18010 18026 I OpenVRAPI: vrapi_GetTimeInSeconds() -> 1739850534.406843
02-17 21:48:54.408 18010 18026 W OpenVRAPI: hewo?
02-17 21:48:54.408 18010 18026 I OpenVRAPI: vrapi_SubmitFrame2(0xee119a90, 0xe27b4cd8) -> 0
02-17 21:48:54.408 18010 18026 I OpenVRAPI: vrapi_GetTimeInSeconds() -> 1739850534.408719
02-17 21:48:54.408 18010 18026 I OpenVRAPI: vrapi_GetPredictedDisplayTime(0xee119a90, 1516) -> 1739850547.042052
02-17 21:48:54.408 18010 18026 I OpenVRAPI: vrapi_GetPredictedTracking2(0xee119a90, 1739850547.042052) -> [struct]
02-17 21:48:54.408 18010 18026 I OpenVRAPI: vrapi_GetTimeInSeconds() -> 1739850534.408777
02-17 21:48:54.410 18010 18026 W OpenVRAPI: hewo?
02-17 21:48:54.410 18010 18026 I OpenVRAPI: vrapi_SubmitFrame2(0xee119a90, 0xe27b4cd8) -> 0
02-17 21:48:54.410 18010 18026 I OpenVRAPI: vrapi_GetTimeInSeconds() -> 1739850534.410583
02-17 21:48:54.410 18010 18026 I OpenVRAPI: vrapi_GetPredictedDisplayTime(0xee119a90, 1517) -> 1739850547.052249
02-17 21:48:54.410 18010 18026 I OpenVRAPI: vrapi_GetPredictedTracking2(0xee119a90, 1739850547.052249) -> [struct]
02-17 21:48:54.410 18010 18026 I OpenVRAPI: vrapi_GetTimeInSeconds() -> 1739850534.410627
02-17 21:48:54.412 18010 18026 W OpenVRAPI: hewo?
02-17 21:48:54.412 18010 18026 I OpenVRAPI: vrapi_SubmitFrame2(0xee119a90, 0xe27b4cd8) -> 0
02-17 21:48:54.412 18010 18026 I OpenVRAPI: vrapi_GetTimeInSeconds() -> 1739850534.412515
02-17 21:48:54.412 18010 18026 I OpenVRAPI: vrapi_GetPredictedDisplayTime(0xee119a90, 1518) -> 1739850547.062515
02-17 21:48:54.412 18010 18026 I OpenVRAPI: vrapi_GetPredictedTracking2(0xee119a90, 1739850547.062515) -> [struct]
02-17 21:48:54.412 18010 18026 I OpenVRAPI: vrapi_GetTimeInSeconds() -> 1739850534.412559
02-17 21:48:54.414 18010 18026 W OpenVRAPI: hewo?
02-17 21:48:54.414 18010 18026 I OpenVRAPI: vrapi_SubmitFrame2(0xee119a90, 0xe27b4cd8) -> 0
02-17 21:48:54.414 18010 18026 I OpenVRAPI: vrapi_GetTimeInSeconds() -> 1739850534.414470
02-17 21:48:54.414 18010 18026 I OpenVRAPI: vrapi_GetPredictedDisplayTime(0xee119a90, 1519) -> 1739850547.072803
02-17 21:48:54.414 18010 18026 I OpenVRAPI: vrapi_GetPredictedTracking2(0xee119a90, 1739850547.072803) -> [struct]
02-17 21:48:54.414 18010 18026 I OpenVRAPI: vrapi_GetTimeInSeconds() -> 1739850534.414510
02-17 21:48:54.416 18010 18026 W OpenVRAPI: hewo?
02-17 21:48:54.416 18010 18026 I OpenVRAPI: vrapi_SubmitFrame2(0xee119a90, 0xe27b4cd8) -> 0
02-17 21:48:54.416 18010 18026 I OpenVRAPI: vrapi_GetTimeInSeconds() -> 1739850534.416267
02-17 21:48:54.416 18010 18026 I OpenVRAPI: vrapi_GetPredictedDisplayTime(0xee119a90, 1520) -> 1739850547.082933
02-17 21:48:54.416 18010 18026 I OpenVRAPI: vrapi_GetPredictedTracking2(0xee119a90, 1739850547.082933) -> [struct]
02-17 21:48:54.416 18010 18026 I OpenVRAPI: vrapi_GetTimeInSeconds() -> 1739850534.416311
02-17 21:48:54.418 18010 18026 W OpenVRAPI: hewo?
02-17 21:48:54.418 18010 18026 I OpenVRAPI: vrapi_SubmitFrame2(0xee119a90, 0xe27b4cd8) -> 0
02-17 21:48:54.418 18010 18026 I OpenVRAPI: vrapi_GetTimeInSeconds() -> 1739850534.418526
02-17 21:48:54.418 18010 18026 I OpenVRAPI: vrapi_GetPredictedDisplayTime(0xee119a90, 1521) -> 1739850547.093526
02-17 21:48:54.418 18010 18026 I OpenVRAPI: vrapi_GetPredictedTracking2(0xee119a90, 1739850547.093526) -> [struct]
02-17 21:48:54.418 18010 18026 I OpenVRAPI: vrapi_GetTimeInSeconds() -> 1739850534.418568
02-17 21:48:54.420 18010 18026 W OpenVRAPI: hewo?
02-17 21:48:54.420 18010 18026 I OpenVRAPI: vrapi_SubmitFrame2(0xee119a90, 0xe27b4cd8) -> 0
02-17 21:48:54.420 18010 18026 I OpenVRAPI: vrapi_GetTimeInSeconds() -> 1739850534.420205
02-17 21:48:54.420 18010 18026 I OpenVRAPI: vrapi_GetPredictedDisplayTime(0xee119a90, 1522) -> 1739850547.103538
02-17 21:48:54.420 18010 18026 I OpenVRAPI: vrapi_GetPredictedTracking2(0xee119a90, 1739850547.103538) -> [struct]
02-17 21:48:54.420 18010 18026 I OpenVRAPI: vrapi_GetTimeInSeconds() -> 1739850534.420252
02-17 21:48:54.422 18010 18026 W OpenVRAPI: hewo?
02-17 21:48:54.422 18010 18026 I OpenVRAPI: vrapi_SubmitFrame2(0xee119a90, 0xe27b4cd8) -> 0
02-17 21:48:54.422 18010 18026 I OpenVRAPI: vrapi_GetTimeInSeconds() -> 1739850534.422285
02-17 21:48:54.422 18010 18026 I OpenVRAPI: vrapi_GetPredictedDisplayTime(0xee119a90, 1523) -> 1739850547.113951
02-17 21:48:54.422 18010 18026 I OpenVRAPI: vrapi_GetPredictedTracking2(0xee119a90, 1739850547.113951) -> [struct]
02-17 21:48:54.422 18010 18026 I OpenVRAPI: vrapi_GetTimeInSeconds() -> 1739850534.422329
02-17 21:48:54.424 18010 18026 W OpenVRAPI: hewo?
02-17 21:48:54.424 18010 18026 I OpenVRAPI: vrapi_SubmitFrame2(0xee119a90, 0xe27b4cd8) -> 0
02-17 21:48:54.424 18010 18026 I OpenVRAPI: vrapi_GetTimeInSeconds() -> 1739850534.424155
02-17 21:48:54.424 18010 18026 I OpenVRAPI: vrapi_GetPredictedDisplayTime(0xee119a90, 1524) -> 1739850547.124155
02-17 21:48:54.424 18010 18026 I OpenVRAPI: vrapi_GetPredictedTracking2(0xee119a90, 1739850547.124155) -> [struct]
02-17 21:48:54.424 18010 18026 I OpenVRAPI: vrapi_GetTimeInSeconds() -> 1739850534.424198
02-17 21:48:54.426 18010 18026 W OpenVRAPI: hewo?
02-17 21:48:54.426 18010 18026 I OpenVRAPI: vrapi_SubmitFrame2(0xee119a90, 0xe27b4cd8) -> 0
02-17 21:48:54.426 18010 18026 I OpenVRAPI: vrapi_GetTimeInSeconds() -> 1739850534.426326
02-17 21:48:54.426 18010 18026 I OpenVRAPI: vrapi_GetPredictedDisplayTime(0xee119a90, 1525) -> 1739850547.134659
02-17 21:48:54.426 18010 18026 I OpenVRAPI: vrapi_GetPredictedTracking2(0xee119a90, 1739850547.134659) -> [struct]
02-17 21:48:54.426 18010 18026 I OpenVRAPI: vrapi_GetTimeInSeconds() -> 1739850534.426385
02-17 21:48:54.428 18010 18026 W OpenVRAPI: hewo?
02-17 21:48:54.428 18010 18026 I OpenVRAPI: vrapi_SubmitFrame2(0xee119a90, 0xe27b4cd8) -> 0
02-17 21:48:54.428 18010 18026 I OpenVRAPI: vrapi_GetTimeInSeconds() -> 1739850534.428601
02-17 21:48:54.428 18010 18026 I OpenVRAPI: vrapi_GetPredictedDisplayTime(0xee119a90, 1526) -> 1739850547.145267
02-17 21:48:54.428 18010 18026 I OpenVRAPI: vrapi_GetPredictedTracking2(0xee119a90, 1739850547.145267) -> [struct]
02-17 21:48:54.428 18010 18026 I OpenVRAPI: vrapi_GetTimeInSeconds() -> 1739850534.428705
02-17 21:48:54.430 18010 18026 W OpenVRAPI: hewo?
02-17 21:48:54.430 18010 18026 I OpenVRAPI: vrapi_SubmitFrame2(0xee119a90, 0xe27b4cd8) -> 0
02-17 21:48:54.431 18010 18026 I OpenVRAPI: vrapi_GetTimeInSeconds() -> 1739850534.430988
02-17 21:48:54.431 18010 18026 I OpenVRAPI: vrapi_GetPredictedDisplayTime(0xee119a90, 1527) -> 1739850547.155988
02-17 21:48:54.431 18010 18026 I OpenVRAPI: vrapi_GetPredictedTracking2(0xee119a90, 1739850547.155988) -> [struct]
02-17 21:48:54.431 18010 18026 I OpenVRAPI: vrapi_GetTimeInSeconds() -> 1739850534.431084
02-17 21:48:54.433 18010 18026 W OpenVRAPI: hewo?
02-17 21:48:54.433 18010 18026 I OpenVRAPI: vrapi_SubmitFrame2(0xee119a90, 0xe27b4cd8) -> 0
02-17 21:48:54.433 18010 18026 I OpenVRAPI: vrapi_GetTimeInSeconds() -> 1739850534.433258
02-17 21:48:54.433 18010 18026 I OpenVRAPI: vrapi_GetPredictedDisplayTime(0xee119a90, 1528) -> 1739850547.166592
02-17 21:48:54.433 18010 18026 I OpenVRAPI: vrapi_GetPredictedTracking2(0xee119a90, 1739850547.166592) -> [struct]
02-17 21:48:54.433 18010 18026 I OpenVRAPI: vrapi_GetTimeInSeconds() -> 1739850534.433321
02-17 21:48:54.434 18010 18026 W OpenVRAPI: hewo?
02-17 21:48:54.434 18010 18026 I OpenVRAPI: vrapi_SubmitFrame2(0xee119a90, 0xe27b4cd8) -> 0
02-17 21:48:54.434 18010 18026 I OpenVRAPI: vrapi_GetTimeInSeconds() -> 1739850534.434369
02-17 21:48:54.434 18010 18026 I OpenVRAPI: vrapi_GetPredictedDisplayTime(0xee119a90, 1529) -> 1739850547.176035
02-17 21:48:54.434 18010 18026 I OpenVRAPI: vrapi_GetPredictedTracking2(0xee119a90, 1739850547.176035) -> [struct]
02-17 21:48:54.434 18010 18026 I OpenVRAPI: vrapi_GetTimeInSeconds() -> 1739850534.434410
02-17 21:48:54.435 18010 18026 W OpenVRAPI: hewo?
02-17 21:48:54.435 18010 18026 I OpenVRAPI: vrapi_SubmitFrame2(0xee119a90, 0xe27b4cd8) -> 0
02-17 21:48:54.435 18010 18026 I OpenVRAPI: vrapi_GetTimeInSeconds() -> 1739850534.435883
02-17 21:48:54.435 18010 18026 I OpenVRAPI: vrapi_GetPredictedDisplayTime(0xee119a90, 1530) -> 1739850547.185883
02-17 21:48:54.435 18010 18026 I OpenVRAPI: vrapi_GetPredictedTracking2(0xee119a90, 1739850547.185883) -> [struct]
02-17 21:48:54.435 18010 18026 I OpenVRAPI: vrapi_GetTimeInSeconds() -> 1739850534.435941
02-17 21:48:54.437 18010 18026 W OpenVRAPI: hewo?
02-17 21:48:54.437 18010 18026 I OpenVRAPI: vrapi_SubmitFrame2(0xee119a90, 0xe27b4cd8) -> 0
02-17 21:48:54.437 18010 18026 I OpenVRAPI: vrapi_GetTimeInSeconds() -> 1739850534.437805
02-17 21:48:54.437 18010 18026 I OpenVRAPI: vrapi_GetPredictedDisplayTime(0xee119a90, 1531) -> 1739850547.196138
02-17 21:48:54.437 18010 18026 I OpenVRAPI: vrapi_GetPredictedTracking2(0xee119a90, 1739850547.196138) -> [struct]
02-17 21:48:54.437 18010 18026 I OpenVRAPI: vrapi_GetTimeInSeconds() -> 1739850534.437852
02-17 21:48:54.439 18010 18026 W OpenVRAPI: hewo?
02-17 21:48:54.439 18010 18026 I OpenVRAPI: vrapi_SubmitFrame2(0xee119a90, 0xe27b4cd8) -> 0
02-17 21:48:54.439 18010 18026 I OpenVRAPI: vrapi_GetTimeInSeconds() -> 1739850534.439750
02-17 21:48:54.439 18010 18026 I OpenVRAPI: vrapi_GetPredictedDisplayTime(0xee119a90, 1532) -> 1739850547.206417
02-17 21:48:54.439 18010 18026 I OpenVRAPI: vrapi_GetPredictedTracking2(0xee119a90, 1739850547.206417) -> [struct]
02-17 21:48:54.439 18010 18026 I OpenVRAPI: vrapi_GetTimeInSeconds() -> 1739850534.439812
02-17 21:48:54.441 18010 18026 W OpenVRAPI: hewo?
02-17 21:48:54.441 18010 18026 I OpenVRAPI: vrapi_SubmitFrame2(0xee119a90, 0xe27b4cd8) -> 0
02-17 21:48:54.441 18010 18026 I OpenVRAPI: vrapi_GetTimeInSeconds() -> 1739850534.441742
02-17 21:48:54.441 18010 18026 I OpenVRAPI: vrapi_GetPredictedDisplayTime(0xee119a90, 1533) -> 1739850547.216742
02-17 21:48:54.441 18010 18026 I OpenVRAPI: vrapi_GetPredictedTracking2(0xee119a90, 1739850547.216742) -> [struct]
02-17 21:48:54.441 18010 18026 I OpenVRAPI: vrapi_GetTimeInSeconds() -> 1739850534.441787
02-17 21:48:54.443 18010 18026 W OpenVRAPI: hewo?
02-17 21:48:54.443 18010 18026 I OpenVRAPI: vrapi_SubmitFrame2(0xee119a90, 0xe27b4cd8) -> 0
02-17 21:48:54.443 18010 18026 I OpenVRAPI: vrapi_GetTimeInSeconds() -> 1739850534.443821
02-17 21:48:54.443 18010 18026 I OpenVRAPI: vrapi_GetPredictedDisplayTime(0xee119a90, 1534) -> 1739850547.227155
02-17 21:48:54.443 18010 18026 I OpenVRAPI: vrapi_GetPredictedTracking2(0xee119a90, 1739850547.227155) -> [struct]
02-17 21:48:54.443 18010 18026 I OpenVRAPI: vrapi_GetTimeInSeconds() -> 1739850534.443877
02-17 21:48:54.445 18010 18026 W OpenVRAPI: hewo?
02-17 21:48:54.445 18010 18026 I OpenVRAPI: vrapi_SubmitFrame2(0xee119a90, 0xe27b4cd8) -> 0
02-17 21:48:54.445 18010 18026 I OpenVRAPI: vrapi_GetTimeInSeconds() -> 1739850534.445928
02-17 21:48:54.445 18010 18026 I OpenVRAPI: vrapi_GetPredictedDisplayTime(0xee119a90, 1535) -> 1739850547.237594
02-17 21:48:54.445 18010 18026 I OpenVRAPI: vrapi_GetPredictedTracking2(0xee119a90, 1739850547.237594) -> [struct]
02-17 21:48:54.445 18010 18026 I OpenVRAPI: vrapi_GetTimeInSeconds() -> 1739850534.445984
02-17 21:48:54.447 18010 18026 W OpenVRAPI: hewo?
02-17 21:48:54.447 18010 18026 I OpenVRAPI: vrapi_SubmitFrame2(0xee119a90, 0xe27b4cd8) -> 0
02-17 21:48:54.447 18010 18026 I OpenVRAPI: vrapi_GetTimeInSeconds() -> 1739850534.447946
02-17 21:48:54.447 18010 18026 I OpenVRAPI: vrapi_GetPredictedDisplayTime(0xee119a90, 1536) -> 1739850547.247946
02-17 21:48:54.448 18010 18026 I OpenVRAPI: vrapi_GetPredictedTracking2(0xee119a90, 1739850547.247946) -> [struct]
02-17 21:48:54.448 18010 18026 I OpenVRAPI: vrapi_GetTimeInSeconds() -> 1739850534.448044
02-17 21:48:54.449 18010 18026 W OpenVRAPI: hewo?
02-17 21:48:54.449 18010 18026 I OpenVRAPI: vrapi_SubmitFrame2(0xee119a90, 0xe27b4cd8) -> 0
02-17 21:48:54.449 18010 18026 I OpenVRAPI: vrapi_GetTimeInSeconds() -> 1739850534.449918
02-17 21:48:54.449 18010 18026 I OpenVRAPI: vrapi_GetPredictedDisplayTime(0xee119a90, 1537) -> 1739850547.258251
02-17 21:48:54.449 18010 18026 I OpenVRAPI: vrapi_GetPredictedTracking2(0xee119a90, 1739850547.258251) -> [struct]
02-17 21:48:54.450 18010 18026 I OpenVRAPI: vrapi_GetTimeInSeconds() -> 1739850534.450006
02-17 21:48:54.452 18010 18026 W OpenVRAPI: hewo?
02-17 21:48:54.452 18010 18026 I OpenVRAPI: vrapi_SubmitFrame2(0xee119a90, 0xe27b4cd8) -> 0
02-17 21:48:54.452 18010 18026 I OpenVRAPI: vrapi_GetTimeInSeconds() -> 1739850534.452111
02-17 21:48:54.452 18010 18026 I OpenVRAPI: vrapi_GetPredictedDisplayTime(0xee119a90, 1538) -> 1739850547.268777
02-17 21:48:54.452 18010 18026 I OpenVRAPI: vrapi_GetPredictedTracking2(0xee119a90, 1739850547.268777) -> [struct]
02-17 21:48:54.452 18010 18026 I OpenVRAPI: vrapi_GetTimeInSeconds() -> 1739850534.452204
02-17 21:48:54.453 18010 18026 W OpenVRAPI: hewo?
02-17 21:48:54.453 18010 18026 I OpenVRAPI: vrapi_SubmitFrame2(0xee119a90, 0xe27b4cd8) -> 0
02-17 21:48:54.453 18010 18026 I OpenVRAPI: vrapi_GetTimeInSeconds() -> 1739850534.453862
02-17 21:48:54.453 18010 18026 I OpenVRAPI: vrapi_GetPredictedDisplayTime(0xee119a90, 1539) -> 1739850547.278862
02-17 21:48:54.453 18010 18026 I OpenVRAPI: vrapi_GetPredictedTracking2(0xee119a90, 1739850547.278862) -> [struct]
02-17 21:48:54.453 18010 18026 I OpenVRAPI: vrapi_GetTimeInSeconds() -> 1739850534.453958
02-17 21:48:54.455 18010 18026 W OpenVRAPI: hewo?
02-17 21:48:54.455 18010 18026 I OpenVRAPI: vrapi_SubmitFrame2(0xee119a90, 0xe27b4cd8) -> 0
02-17 21:48:54.455 18010 18026 I OpenVRAPI: vrapi_GetTimeInSeconds() -> 1739850534.455532
02-17 21:48:54.455 18010 18026 I OpenVRAPI: vrapi_GetPredictedDisplayTime(0xee119a90, 1540) -> 1739850547.288865
02-17 21:48:54.455 18010 18026 I OpenVRAPI: vrapi_GetPredictedTracking2(0xee119a90, 1739850547.288865) -> [struct]
02-17 21:48:54.455 18010 18026 I OpenVRAPI: vrapi_GetTimeInSeconds() -> 1739850534.455579
02-17 21:48:54.457 18010 18026 W OpenVRAPI: hewo?
02-17 21:48:54.457 18010 18026 I OpenVRAPI: vrapi_SubmitFrame2(0xee119a90, 0xe27b4cd8) -> 0
02-17 21:48:54.457 18010 18026 I OpenVRAPI: vrapi_GetTimeInSeconds() -> 1739850534.457745
02-17 21:48:54.457 18010 18026 I OpenVRAPI: vrapi_GetPredictedDisplayTime(0xee119a90, 1541) -> 1739850547.299412
02-17 21:48:54.457 18010 18026 I OpenVRAPI: vrapi_GetPredictedTracking2(0xee119a90, 1739850547.299412) -> [struct]
02-17 21:48:54.457 18010 18026 I OpenVRAPI: vrapi_GetTimeInSeconds() -> 1739850534.457797
02-17 21:48:54.459 18010 18026 W OpenVRAPI: hewo?
02-17 21:48:54.459 18010 18026 I OpenVRAPI: vrapi_SubmitFrame2(0xee119a90, 0xe27b4cd8) -> 0
02-17 21:48:54.459 18010 18026 I OpenVRAPI: vrapi_GetTimeInSeconds() -> 1739850534.459755
02-17 21:48:54.459 18010 18026 I OpenVRAPI: vrapi_GetPredictedDisplayTime(0xee119a90, 1542) -> 1739850547.309755
02-17 21:48:54.459 18010 18026 I OpenVRAPI: vrapi_GetPredictedTracking2(0xee119a90, 1739850547.309755) -> [struct]
02-17 21:48:54.459 18010 18026 I OpenVRAPI: vrapi_GetTimeInSeconds() -> 1739850534.459854
02-17 21:48:54.461 18010 18026 W OpenVRAPI: hewo?
02-17 21:48:54.462 18010 18026 I OpenVRAPI: vrapi_SubmitFrame2(0xee119a90, 0xe27b4cd8) -> 0
02-17 21:48:54.462 18010 18026 I OpenVRAPI: vrapi_GetTimeInSeconds() -> 1739850534.462054
02-17 21:48:54.462 18010 18026 I OpenVRAPI: vrapi_GetPredictedDisplayTime(0xee119a90, 1543) -> 1739850547.320388
02-17 21:48:54.462 18010 18026 I OpenVRAPI: vrapi_GetPredictedTracking2(0xee119a90, 1739850547.320388) -> [struct]
02-17 21:48:54.462 18010 18026 I OpenVRAPI: vrapi_GetTimeInSeconds() -> 1739850534.462151
02-17 21:48:54.463 18010 18026 W OpenVRAPI: hewo?
02-17 21:48:54.463 18010 18026 I OpenVRAPI: vrapi_SubmitFrame2(0xee119a90, 0xe27b4cd8) -> 0
02-17 21:48:54.463 18010 18026 I OpenVRAPI: vrapi_GetTimeInSeconds() -> 1739850534.463321
02-17 21:48:54.463 18010 18026 I OpenVRAPI: vrapi_GetPredictedDisplayTime(0xee119a90, 1544) -> 1739850547.329987
02-17 21:48:54.463 18010 18026 I OpenVRAPI: vrapi_GetPredictedTracking2(0xee119a90, 1739850547.329987) -> [struct]
02-17 21:48:54.463 18010 18026 I OpenVRAPI: vrapi_GetTimeInSeconds() -> 1739850534.463388
02-17 21:48:54.465 18010 18026 W OpenVRAPI: hewo?
02-17 21:48:54.465 18010 18026 I OpenVRAPI: vrapi_SubmitFrame2(0xee119a90, 0xe27b4cd8) -> 0
02-17 21:48:54.465 18010 18026 I OpenVRAPI: vrapi_GetTimeInSeconds() -> 1739850534.465338
02-17 21:48:54.465 18010 18026 I OpenVRAPI: vrapi_GetPredictedDisplayTime(0xee119a90, 1545) -> 1739850547.340338
02-17 21:48:54.465 18010 18026 I OpenVRAPI: vrapi_GetPredictedTracking2(0xee119a90, 1739850547.340338) -> [struct]
02-17 21:48:54.465 18010 18026 I OpenVRAPI: vrapi_GetTimeInSeconds() -> 1739850534.465434
02-17 21:48:54.467 18010 18026 W OpenVRAPI: hewo?
02-17 21:48:54.467 18010 18026 I OpenVRAPI: vrapi_SubmitFrame2(0xee119a90, 0xe27b4cd8) -> 0
02-17 21:48:54.467 18010 18026 I OpenVRAPI: vrapi_GetTimeInSeconds() -> 1739850534.467184
02-17 21:48:54.467 18010 18026 I OpenVRAPI: vrapi_GetPredictedDisplayTime(0xee119a90, 1546) -> 1739850547.350518
02-17 21:48:54.467 18010 18026 I OpenVRAPI: vrapi_GetPredictedTracking2(0xee119a90, 1739850547.350518) -> [struct]
02-17 21:48:54.467 18010 18026 I OpenVRAPI: vrapi_GetTimeInSeconds() -> 1739850534.467241
02-17 21:48:54.469 18010 18026 W OpenVRAPI: hewo?
02-17 21:48:54.469 18010 18026 I OpenVRAPI: vrapi_SubmitFrame2(0xee119a90, 0xe27b4cd8) -> 0
02-17 21:48:54.469 18010 18026 I OpenVRAPI: vrapi_GetTimeInSeconds() -> 1739850534.469146
02-17 21:48:54.469 18010 18026 I OpenVRAPI: vrapi_GetPredictedDisplayTime(0xee119a90, 1547) -> 1739850547.360812
02-17 21:48:54.469 18010 18026 I OpenVRAPI: vrapi_GetPredictedTracking2(0xee119a90, 1739850547.360812) -> [struct]
02-17 21:48:54.469 18010 18026 I OpenVRAPI: vrapi_GetTimeInSeconds() -> 1739850534.469203
02-17 21:48:54.471 18010 18026 W OpenVRAPI: hewo?
02-17 21:48:54.471 18010 18026 I OpenVRAPI: vrapi_SubmitFrame2(0xee119a90, 0xe27b4cd8) -> 0
02-17 21:48:54.471 18010 18026 I OpenVRAPI: vrapi_GetTimeInSeconds() -> 1739850534.471081
02-17 21:48:54.471 18010 18026 I OpenVRAPI: vrapi_GetPredictedDisplayTime(0xee119a90, 1548) -> 1739850547.371081
02-17 21:48:54.471 18010 18026 I OpenVRAPI: vrapi_GetPredictedTracking2(0xee119a90, 1739850547.371081) -> [struct]
02-17 21:48:54.471 18010 18026 I OpenVRAPI: vrapi_GetTimeInSeconds() -> 1739850534.471133
02-17 21:48:54.472 18010 18026 W OpenVRAPI: hewo?
02-17 21:48:54.473 18010 18026 I OpenVRAPI: vrapi_SubmitFrame2(0xee119a90, 0xe27b4cd8) -> 0
02-17 21:48:54.473 18010 18026 I OpenVRAPI: vrapi_GetTimeInSeconds() -> 1739850534.473040
02-17 21:48:54.473 18010 18026 I OpenVRAPI: vrapi_GetPredictedDisplayTime(0xee119a90, 1549) -> 1739850547.381373
02-17 21:48:54.473 18010 18026 I OpenVRAPI: vrapi_GetPredictedTracking2(0xee119a90, 1739850547.381373) -> [struct]
02-17 21:48:54.473 18010 18026 I OpenVRAPI: vrapi_GetTimeInSeconds() -> 1739850534.473083
02-17 21:48:54.474 18010 18026 W OpenVRAPI: hewo?
02-17 21:48:54.475 18010 18026 I OpenVRAPI: vrapi_SubmitFrame2(0xee119a90, 0xe27b4cd8) -> 0
02-17 21:48:54.475 18010 18026 I OpenVRAPI: vrapi_GetTimeInSeconds() -> 1739850534.475037
02-17 21:48:54.475 18010 18026 I OpenVRAPI: vrapi_GetPredictedDisplayTime(0xee119a90, 1550) -> 1739850547.391704
02-17 21:48:54.475 18010 18026 I OpenVRAPI: vrapi_GetPredictedTracking2(0xee119a90, 1739850547.391704) -> [struct]
02-17 21:48:54.475 18010 18026 I OpenVRAPI: vrapi_GetTimeInSeconds() -> 1739850534.475118
02-17 21:48:54.477 18010 18026 W OpenVRAPI: hewo?
02-17 21:48:54.477 18010 18026 I OpenVRAPI: vrapi_SubmitFrame2(0xee119a90, 0xe27b4cd8) -> 0
02-17 21:48:54.477 18010 18026 I OpenVRAPI: vrapi_GetTimeInSeconds() -> 1739850534.477868
02-17 21:48:54.477 18010 18026 I OpenVRAPI: vrapi_GetPredictedDisplayTime(0xee119a90, 1551) -> 1739850547.402868
02-17 21:48:54.477 18010 18026 I OpenVRAPI: vrapi_GetPredictedTracking2(0xee119a90, 1739850547.402868) -> [struct]
02-17 21:48:54.477 18010 18026 I OpenVRAPI: vrapi_GetTimeInSeconds() -> 1739850534.477923
02-17 21:48:54.479 18010 18026 W OpenVRAPI: hewo?
02-17 21:48:54.479 18010 18026 I OpenVRAPI: vrapi_SubmitFrame2(0xee119a90, 0xe27b4cd8) -> 0
02-17 21:48:54.479 18010 18026 I OpenVRAPI: vrapi_GetTimeInSeconds() -> 1739850534.479434
02-17 21:48:54.479 18010 18026 I OpenVRAPI: vrapi_GetPredictedDisplayTime(0xee119a90, 1552) -> 1739850547.412767
02-17 21:48:54.479 18010 18026 I OpenVRAPI: vrapi_GetPredictedTracking2(0xee119a90, 1739850547.412767) -> [struct]
02-17 21:48:54.479 18010 18026 I OpenVRAPI: vrapi_GetTimeInSeconds() -> 1739850534.479491
02-17 21:48:54.480 18010 18026 W OpenVRAPI: hewo?
02-17 21:48:54.480 18010 18026 I OpenVRAPI: vrapi_SubmitFrame2(0xee119a90, 0xe27b4cd8) -> 0
02-17 21:48:54.480 18010 18026 I OpenVRAPI: vrapi_GetTimeInSeconds() -> 1739850534.480881
02-17 21:48:54.480 18010 18026 I OpenVRAPI: vrapi_GetPredictedDisplayTime(0xee119a90, 1553) -> 1739850547.422548
02-17 21:48:54.480 18010 18026 I OpenVRAPI: vrapi_GetPredictedTracking2(0xee119a90, 1739850547.422548) -> [struct]
02-17 21:48:54.480 18010 18026 I OpenVRAPI: vrapi_GetTimeInSeconds() -> 1739850534.480933
02-17 21:48:54.482 18010 18026 W OpenVRAPI: hewo?
02-17 21:48:54.482 18010 18026 I OpenVRAPI: vrapi_SubmitFrame2(0xee119a90, 0xe27b4cd8) -> 0
02-17 21:48:54.482 18010 18026 I OpenVRAPI: vrapi_GetTimeInSeconds() -> 1739850534.482839
02-17 21:48:54.482 18010 18026 I OpenVRAPI: vrapi_GetPredictedDisplayTime(0xee119a90, 1554) -> 1739850547.432839
02-17 21:48:54.482 18010 18026 I OpenVRAPI: vrapi_GetPredictedTracking2(0xee119a90, 1739850547.432839) -> [struct]
02-17 21:48:54.482 18010 18026 I OpenVRAPI: vrapi_GetTimeInSeconds() -> 1739850534.482893
02-17 21:48:54.484 18010 18026 W OpenVRAPI: hewo?
02-17 21:48:54.484 18010 18026 I OpenVRAPI: vrapi_SubmitFrame2(0xee119a90, 0xe27b4cd8) -> 0
02-17 21:48:54.484 18010 18026 I OpenVRAPI: vrapi_GetTimeInSeconds() -> 1739850534.484735
02-17 21:48:54.484 18010 18026 I OpenVRAPI: vrapi_GetPredictedDisplayTime(0xee119a90, 1555) -> 1739850547.443069
02-17 21:48:54.484 18010 18026 I OpenVRAPI: vrapi_GetPredictedTracking2(0xee119a90, 1739850547.443069) -> [struct]
02-17 21:48:54.484 18010 18026 I OpenVRAPI: vrapi_GetTimeInSeconds() -> 1739850534.484789
02-17 21:48:54.486 18010 18026 W OpenVRAPI: hewo?
02-17 21:48:54.486 18010 18026 I OpenVRAPI: vrapi_SubmitFrame2(0xee119a90, 0xe27b4cd8) -> 0
02-17 21:48:54.486 18010 18026 I OpenVRAPI: vrapi_GetTimeInSeconds() -> 1739850534.486598
02-17 21:48:54.486 18010 18026 I OpenVRAPI: vrapi_GetPredictedDisplayTime(0xee119a90, 1556) -> 1739850547.453265
02-17 21:48:54.486 18010 18026 I OpenVRAPI: vrapi_GetPredictedTracking2(0xee119a90, 1739850547.453265) -> [struct]
02-17 21:48:54.486 18010 18026 I OpenVRAPI: vrapi_GetTimeInSeconds() -> 1739850534.486651
02-17 21:48:54.488 18010 18026 W OpenVRAPI: hewo?
02-17 21:48:54.488 18010 18026 I OpenVRAPI: vrapi_SubmitFrame2(0xee119a90, 0xe27b4cd8) -> 0
02-17 21:48:54.488 18010 18026 I OpenVRAPI: vrapi_GetTimeInSeconds() -> 1739850534.488536
02-17 21:48:54.488 18010 18026 I OpenVRAPI: vrapi_GetPredictedDisplayTime(0xee119a90, 1557) -> 1739850547.463536
02-17 21:48:54.488 18010 18026 I OpenVRAPI: vrapi_GetPredictedTracking2(0xee119a90, 1739850547.463536) -> [struct]
02-17 21:48:54.488 18010 18026 I OpenVRAPI: vrapi_GetTimeInSeconds() -> 1739850534.488604
02-17 21:48:54.490 18010 18026 W OpenVRAPI: hewo?
02-17 21:48:54.490 18010 18026 I OpenVRAPI: vrapi_SubmitFrame2(0xee119a90, 0xe27b4cd8) -> 0
02-17 21:48:54.490 18010 18026 I OpenVRAPI: vrapi_GetTimeInSeconds() -> 1739850534.490514
02-17 21:48:54.490 18010 18026 I OpenVRAPI: vrapi_GetPredictedDisplayTime(0xee119a90, 1558) -> 1739850547.473847
02-17 21:48:54.490 18010 18026 I OpenVRAPI: vrapi_GetPredictedTracking2(0xee119a90, 1739850547.473847) -> [struct]
02-17 21:48:54.490 18010 18026 I OpenVRAPI: vrapi_GetTimeInSeconds() -> 1739850534.490579
02-17 21:48:54.492 18010 18026 W OpenVRAPI: hewo?
02-17 21:48:54.492 18010 18026 I OpenVRAPI: vrapi_SubmitFrame2(0xee119a90, 0xe27b4cd8) -> 0
02-17 21:48:54.492 18010 18026 I OpenVRAPI: vrapi_GetTimeInSeconds() -> 1739850534.492430
02-17 21:48:54.492 18010 18026 I OpenVRAPI: vrapi_GetPredictedDisplayTime(0xee119a90, 1559) -> 1739850547.484096
02-17 21:48:54.492 18010 18026 I OpenVRAPI: vrapi_GetPredictedTracking2(0xee119a90, 1739850547.484096) -> [struct]
02-17 21:48:54.492 18010 18026 I OpenVRAPI: vrapi_GetTimeInSeconds() -> 1739850534.492483
02-17 21:48:54.494 18010 18026 W OpenVRAPI: hewo?
02-17 21:48:54.494 18010 18026 I OpenVRAPI: vrapi_SubmitFrame2(0xee119a90, 0xe27b4cd8) -> 0
02-17 21:48:54.494 18010 18026 I OpenVRAPI: vrapi_GetTimeInSeconds() -> 1739850534.494562
02-17 21:48:54.494 18010 18026 I OpenVRAPI: vrapi_GetPredictedDisplayTime(0xee119a90, 1560) -> 1739850547.494562
02-17 21:48:54.494 18010 18026 I OpenVRAPI: vrapi_GetPredictedTracking2(0xee119a90, 1739850547.494562) -> [struct]
02-17 21:48:54.494 18010 18026 I OpenVRAPI: vrapi_GetTimeInSeconds() -> 1739850534.494608
02-17 21:48:54.496 18010 18026 W OpenVRAPI: hewo?
02-17 21:48:54.496 18010 18026 I OpenVRAPI: vrapi_SubmitFrame2(0xee119a90, 0xe27b4cd8) -> 0
02-17 21:48:54.496 18010 18026 I OpenVRAPI: vrapi_GetTimeInSeconds() -> 1739850534.496317
02-17 21:48:54.496 18010 18026 I OpenVRAPI: vrapi_GetPredictedDisplayTime(0xee119a90, 1561) -> 1739850547.504650
02-17 21:48:54.496 18010 18026 I OpenVRAPI: vrapi_GetPredictedTracking2(0xee119a90, 1739850547.504650) -> [struct]
02-17 21:48:54.496 18010 18026 I OpenVRAPI: vrapi_GetTimeInSeconds() -> 1739850534.496356
02-17 21:48:54.498 18010 18026 W OpenVRAPI: hewo?
02-17 21:48:54.498 18010 18026 I OpenVRAPI: vrapi_SubmitFrame2(0xee119a90, 0xe27b4cd8) -> 0
02-17 21:48:54.498 18010 18026 I OpenVRAPI: vrapi_GetTimeInSeconds() -> 1739850534.498188
02-17 21:48:54.498 18010 18026 I OpenVRAPI: vrapi_GetPredictedDisplayTime(0xee119a90, 1562) -> 1739850547.514855
02-17 21:48:54.498 18010 18026 I OpenVRAPI: vrapi_GetPredictedTracking2(0xee119a90, 1739850547.514855) -> [struct]
02-17 21:48:54.498 18010 18026 I OpenVRAPI: vrapi_GetTimeInSeconds() -> 1739850534.498238
02-17 21:48:54.500 18010 18026 W OpenVRAPI: hewo?
02-17 21:48:54.500 18010 18026 I OpenVRAPI: vrapi_SubmitFrame2(0xee119a90, 0xe27b4cd8) -> 0
02-17 21:48:54.500 18010 18026 I OpenVRAPI: vrapi_GetTimeInSeconds() -> 1739850534.500057
02-17 21:48:54.500 18010 18026 I OpenVRAPI: vrapi_GetPredictedDisplayTime(0xee119a90, 1563) -> 1739850547.525058
02-17 21:48:54.500 18010 18026 I OpenVRAPI: vrapi_GetPredictedTracking2(0xee119a90, 1739850547.525058) -> [struct]
02-17 21:48:54.500 18010 18026 I OpenVRAPI: vrapi_GetTimeInSeconds() -> 1739850534.500107
02-17 21:48:54.501 18010 18026 W OpenVRAPI: hewo?
02-17 21:48:54.501 18010 18026 I OpenVRAPI: vrapi_SubmitFrame2(0xee119a90, 0xe27b4cd8) -> 0
02-17 21:48:54.501 18010 18026 I OpenVRAPI: vrapi_GetTimeInSeconds() -> 1739850534.501911
02-17 21:48:54.501 18010 18026 I OpenVRAPI: vrapi_GetPredictedDisplayTime(0xee119a90, 1564) -> 1739850547.535245
02-17 21:48:54.501 18010 18026 I OpenVRAPI: vrapi_GetPredictedTracking2(0xee119a90, 1739850547.535245) -> [struct]
02-17 21:48:54.501 18010 18026 I OpenVRAPI: vrapi_GetTimeInSeconds() -> 1739850534.501951
02-17 21:48:54.503 18010 18026 W OpenVRAPI: hewo?
02-17 21:48:54.503 18010 18026 I OpenVRAPI: vrapi_SubmitFrame2(0xee119a90, 0xe27b4cd8) -> 0
02-17 21:48:54.503 18010 18026 I OpenVRAPI: vrapi_GetTimeInSeconds() -> 1739850534.503866
02-17 21:48:54.503 18010 18026 I OpenVRAPI: vrapi_GetPredictedDisplayTime(0xee119a90, 1565) -> 1739850547.545533
02-17 21:48:54.503 18010 18026 I OpenVRAPI: vrapi_GetPredictedTracking2(0xee119a90, 1739850547.545533) -> [struct]
02-17 21:48:54.503 18010 18026 I OpenVRAPI: vrapi_GetTimeInSeconds() -> 1739850534.503905
02-17 21:48:54.505 18010 18026 W OpenVRAPI: hewo?
02-17 21:48:54.505 18010 18026 I OpenVRAPI: vrapi_SubmitFrame2(0xee119a90, 0xe27b4cd8) -> 0
02-17 21:48:54.505 18010 18026 I OpenVRAPI: vrapi_GetTimeInSeconds() -> 1739850534.505772
02-17 21:48:54.505 18010 18026 I OpenVRAPI: vrapi_GetPredictedDisplayTime(0xee119a90, 1566) -> 1739850547.555772
02-17 21:48:54.505 18010 18026 I OpenVRAPI: vrapi_GetPredictedTracking2(0xee119a90, 1739850547.555772) -> [struct]
02-17 21:48:54.505 18010 18026 I OpenVRAPI: vrapi_GetTimeInSeconds() -> 1739850534.505811
02-17 21:48:54.507 18010 18026 W OpenVRAPI: hewo?
02-17 21:48:54.507 18010 18026 I OpenVRAPI: vrapi_SubmitFrame2(0xee119a90, 0xe27b4cd8) -> 0
02-17 21:48:54.507 18010 18026 I OpenVRAPI: vrapi_GetTimeInSeconds() -> 1739850534.507684
02-17 21:48:54.507 18010 18026 I OpenVRAPI: vrapi_GetPredictedDisplayTime(0xee119a90, 1567) -> 1739850547.566017
02-17 21:48:54.507 18010 18026 I OpenVRAPI: vrapi_GetPredictedTracking2(0xee119a90, 1739850547.566017) -> [struct]
02-17 21:48:54.507 18010 18026 I OpenVRAPI: vrapi_GetTimeInSeconds() -> 1739850534.507725
02-17 21:48:54.509 18010 18026 W OpenVRAPI: hewo?
02-17 21:48:54.509 18010 18026 I OpenVRAPI: vrapi_SubmitFrame2(0xee119a90, 0xe27b4cd8) -> 0
02-17 21:48:54.509 18010 18026 I OpenVRAPI: vrapi_GetTimeInSeconds() -> 1739850534.509659
02-17 21:48:54.509 18010 18026 I OpenVRAPI: vrapi_GetPredictedDisplayTime(0xee119a90, 1568) -> 1739850547.576326
02-17 21:48:54.509 18010 18026 I OpenVRAPI: vrapi_GetPredictedTracking2(0xee119a90, 1739850547.576326) -> [struct]
02-17 21:48:54.509 18010 18026 I OpenVRAPI: vrapi_GetTimeInSeconds() -> 1739850534.509701
02-17 21:48:54.511 18010 18026 W OpenVRAPI: hewo?
02-17 21:48:54.511 18010 18026 I OpenVRAPI: vrapi_SubmitFrame2(0xee119a90, 0xe27b4cd8) -> 0
02-17 21:48:54.511 18010 18026 I OpenVRAPI: vrapi_GetTimeInSeconds() -> 1739850534.511535
02-17 21:48:54.511 18010 18026 I OpenVRAPI: vrapi_GetPredictedDisplayTime(0xee119a90, 1569) -> 1739850547.586535
02-17 21:48:54.511 18010 18026 I OpenVRAPI: vrapi_GetPredictedTracking2(0xee119a90, 1739850547.586535) -> [struct]
02-17 21:48:54.511 18010 18026 I OpenVRAPI: vrapi_GetTimeInSeconds() -> 1739850534.511577
02-17 21:48:54.513 18010 18026 W OpenVRAPI: hewo?
02-17 21:48:54.513 18010 18026 I OpenVRAPI: vrapi_SubmitFrame2(0xee119a90, 0xe27b4cd8) -> 0
02-17 21:48:54.513 18010 18026 I OpenVRAPI: vrapi_GetTimeInSeconds() -> 1739850534.513507
02-17 21:48:54.513 18010 18026 I OpenVRAPI: vrapi_GetPredictedDisplayTime(0xee119a90, 1570) -> 1739850547.596841
02-17 21:48:54.513 18010 18026 I OpenVRAPI: vrapi_GetPredictedTracking2(0xee119a90, 1739850547.596841) -> [struct]
02-17 21:48:54.513 18010 18026 I OpenVRAPI: vrapi_GetTimeInSeconds() -> 1739850534.513558
02-17 21:48:54.515 18010 18026 W OpenVRAPI: hewo?
02-17 21:48:54.515 18010 18026 I OpenVRAPI: vrapi_SubmitFrame2(0xee119a90, 0xe27b4cd8) -> 0
02-17 21:48:54.515 18010 18026 I OpenVRAPI: vrapi_GetTimeInSeconds() -> 1739850534.515351
02-17 21:48:54.515 18010 18026 I OpenVRAPI: vrapi_GetPredictedDisplayTime(0xee119a90, 1571) -> 1739850547.607017
02-17 21:48:54.515 18010 18026 I OpenVRAPI: vrapi_GetPredictedTracking2(0xee119a90, 1739850547.607017) -> [struct]
02-17 21:48:54.515 18010 18026 I OpenVRAPI: vrapi_GetTimeInSeconds() -> 1739850534.515423
02-17 21:48:54.517 18010 18026 W OpenVRAPI: hewo?
02-17 21:48:54.517 18010 18026 I OpenVRAPI: vrapi_SubmitFrame2(0xee119a90, 0xe27b4cd8) -> 0
02-17 21:48:54.517 18010 18026 I OpenVRAPI: vrapi_GetTimeInSeconds() -> 1739850534.517180
02-17 21:48:54.517 18010 18026 I OpenVRAPI: vrapi_GetPredictedDisplayTime(0xee119a90, 1572) -> 1739850547.617180
02-17 21:48:54.517 18010 18026 I OpenVRAPI: vrapi_GetPredictedTracking2(0xee119a90, 1739850547.617180) -> [struct]
02-17 21:48:54.517 18010 18026 I OpenVRAPI: vrapi_GetTimeInSeconds() -> 1739850534.517248
02-17 21:48:54.518 18010 18026 W OpenVRAPI: hewo?
02-17 21:48:54.519 18010 18026 I OpenVRAPI: vrapi_SubmitFrame2(0xee119a90, 0xe27b4cd8) -> 0
02-17 21:48:54.519 18010 18026 I OpenVRAPI: vrapi_GetTimeInSeconds() -> 1739850534.519032
02-17 21:48:54.519 18010 18026 I OpenVRAPI: vrapi_GetPredictedDisplayTime(0xee119a90, 1573) -> 1739850547.627365
02-17 21:48:54.519 18010 18026 I OpenVRAPI: vrapi_GetPredictedTracking2(0xee119a90, 1739850547.627365) -> [struct]
02-17 21:48:54.519 18010 18026 I OpenVRAPI: vrapi_GetTimeInSeconds() -> 1739850534.519081
02-17 21:48:54.520 18010 18026 W OpenVRAPI: hewo?
02-17 21:48:54.520 18010 18026 I OpenVRAPI: vrapi_SubmitFrame2(0xee119a90, 0xe27b4cd8) -> 0
02-17 21:48:54.520 18010 18026 I OpenVRAPI: vrapi_GetTimeInSeconds() -> 1739850534.520907
02-17 21:48:54.520 18010 18026 I OpenVRAPI: vrapi_GetPredictedDisplayTime(0xee119a90, 1574) -> 1739850547.637574
02-17 21:48:54.520 18010 18026 I OpenVRAPI: vrapi_GetPredictedTracking2(0xee119a90, 1739850547.637574) -> [struct]
02-17 21:48:54.520 18010 18026 I OpenVRAPI: vrapi_GetTimeInSeconds() -> 1739850534.520960
02-17 21:48:54.522 18010 18026 W OpenVRAPI: hewo?
02-17 21:48:54.522 18010 18026 I OpenVRAPI: vrapi_SubmitFrame2(0xee119a90, 0xe27b4cd8) -> 0
02-17 21:48:54.522 18010 18026 I OpenVRAPI: vrapi_GetTimeInSeconds() -> 1739850534.522766
02-17 21:48:54.522 18010 18026 I OpenVRAPI: vrapi_GetPredictedDisplayTime(0xee119a90, 1575) -> 1739850547.647766
02-17 21:48:54.522 18010 18026 I OpenVRAPI: vrapi_GetPredictedTracking2(0xee119a90, 1739850547.647766) -> [struct]
02-17 21:48:54.522 18010 18026 I OpenVRAPI: vrapi_GetTimeInSeconds() -> 1739850534.522817
02-17 21:48:54.524 18010 18026 W OpenVRAPI: hewo?
02-17 21:48:54.524 18010 18026 I OpenVRAPI: vrapi_SubmitFrame2(0xee119a90, 0xe27b4cd8) -> 0
02-17 21:48:54.524 18010 18026 I OpenVRAPI: vrapi_GetTimeInSeconds() -> 1739850534.524685
02-17 21:48:54.524 18010 18026 I OpenVRAPI: vrapi_GetPredictedDisplayTime(0xee119a90, 1576) -> 1739850547.658019
02-17 21:48:54.524 18010 18026 I OpenVRAPI: vrapi_GetPredictedTracking2(0xee119a90, 1739850547.658019) -> [struct]
02-17 21:48:54.524 18010 18026 I OpenVRAPI: vrapi_GetTimeInSeconds() -> 1739850534.524726
02-17 21:48:54.526 18010 18026 W OpenVRAPI: hewo?
02-17 21:48:54.526 18010 18026 I OpenVRAPI: vrapi_SubmitFrame2(0xee119a90, 0xe27b4cd8) -> 0
02-17 21:48:54.526 18010 18026 I OpenVRAPI: vrapi_GetTimeInSeconds() -> 1739850534.526618
02-17 21:48:54.526 18010 18026 I OpenVRAPI: vrapi_GetPredictedDisplayTime(0xee119a90, 1577) -> 1739850547.668284
02-17 21:48:54.526 18010 18026 I OpenVRAPI: vrapi_GetPredictedTracking2(0xee119a90, 1739850547.668284) -> [struct]
02-17 21:48:54.526 18010 18026 I OpenVRAPI: vrapi_GetTimeInSeconds() -> 1739850534.526656
02-17 21:48:54.528 18010 18026 W OpenVRAPI: hewo?
02-17 21:48:54.528 18010 18026 I OpenVRAPI: vrapi_SubmitFrame2(0xee119a90, 0xe27b4cd8) -> 0
02-17 21:48:54.528 18010 18026 I OpenVRAPI: vrapi_GetTimeInSeconds() -> 1739850534.528467
02-17 21:48:54.528 18010 18026 I OpenVRAPI: vrapi_GetPredictedDisplayTime(0xee119a90, 1578) -> 1739850547.678468
02-17 21:48:54.528 18010 18026 I OpenVRAPI: vrapi_GetPredictedTracking2(0xee119a90, 1739850547.678468) -> [struct]
02-17 21:48:54.528 18010 18026 I OpenVRAPI: vrapi_GetTimeInSeconds() -> 1739850534.528507
02-17 21:48:54.530 18010 18026 W OpenVRAPI: hewo?
02-17 21:48:54.530 18010 18026 I OpenVRAPI: vrapi_SubmitFrame2(0xee119a90, 0xe27b4cd8) -> 0
02-17 21:48:54.530 18010 18026 I OpenVRAPI: vrapi_GetTimeInSeconds() -> 1739850534.530357
02-17 21:48:54.530 18010 18026 I OpenVRAPI: vrapi_GetPredictedDisplayTime(0xee119a90, 1579) -> 1739850547.688690
02-17 21:48:54.530 18010 18026 I OpenVRAPI: vrapi_GetPredictedTracking2(0xee119a90, 1739850547.688690) -> [struct]
02-17 21:48:54.530 18010 18026 I OpenVRAPI: vrapi_GetTimeInSeconds() -> 1739850534.530397
02-17 21:48:54.532 18010 18026 W OpenVRAPI: hewo?
02-17 21:48:54.532 18010 18026 I OpenVRAPI: vrapi_SubmitFrame2(0xee119a90, 0xe27b4cd8) -> 0
02-17 21:48:54.532 18010 18026 I OpenVRAPI: vrapi_GetTimeInSeconds() -> 1739850534.532180
02-17 21:48:54.532 18010 18026 I OpenVRAPI: vrapi_GetPredictedDisplayTime(0xee119a90, 1580) -> 1739850547.698847
02-17 21:48:54.532 18010 18026 I OpenVRAPI: vrapi_GetPredictedTracking2(0xee119a90, 1739850547.698847) -> [struct]
02-17 21:48:54.532 18010 18026 I OpenVRAPI: vrapi_GetTimeInSeconds() -> 1739850534.532226
02-17 21:48:54.534 18010 18026 W OpenVRAPI: hewo?
02-17 21:48:54.534 18010 18026 I OpenVRAPI: vrapi_SubmitFrame2(0xee119a90, 0xe27b4cd8) -> 0
02-17 21:48:54.534 18010 18026 I OpenVRAPI: vrapi_GetTimeInSeconds() -> 1739850534.534137
02-17 21:48:54.534 18010 18026 I OpenVRAPI: vrapi_GetPredictedDisplayTime(0xee119a90, 1581) -> 1739850547.709137
02-17 21:48:54.534 18010 18026 I OpenVRAPI: vrapi_GetPredictedTracking2(0xee119a90, 1739850547.709137) -> [struct]
02-17 21:48:54.534 18010 18026 I OpenVRAPI: vrapi_GetTimeInSeconds() -> 1739850534.534181
02-17 21:48:54.535 18010 18026 W OpenVRAPI: hewo?
02-17 21:48:54.535 18010 18026 I OpenVRAPI: vrapi_SubmitFrame2(0xee119a90, 0xe27b4cd8) -> 0
02-17 21:48:54.536 18010 18026 I OpenVRAPI: vrapi_GetTimeInSeconds() -> 1739850534.535998
02-17 21:48:54.536 18010 18026 I OpenVRAPI: vrapi_GetPredictedDisplayTime(0xee119a90, 1582) -> 1739850547.719332
02-17 21:48:54.536 18010 18026 I OpenVRAPI: vrapi_GetPredictedTracking2(0xee119a90, 1739850547.719332) -> [struct]
02-17 21:48:54.536 18010 18026 I OpenVRAPI: vrapi_GetTimeInSeconds() -> 1739850534.536047
02-17 21:48:54.537 18010 18026 W OpenVRAPI: hewo?
02-17 21:48:54.537 18010 18026 I OpenVRAPI: vrapi_SubmitFrame2(0xee119a90, 0xe27b4cd8) -> 0
02-17 21:48:54.537 18010 18026 I OpenVRAPI: vrapi_GetTimeInSeconds() -> 1739850534.537894
02-17 21:48:54.537 18010 18026 I OpenVRAPI: vrapi_GetPredictedDisplayTime(0xee119a90, 1583) -> 1739850547.729560
02-17 21:48:54.537 18010 18026 I OpenVRAPI: vrapi_GetPredictedTracking2(0xee119a90, 1739850547.729560) -> [struct]
02-17 21:48:54.537 18010 18026 I OpenVRAPI: vrapi_GetTimeInSeconds() -> 1739850534.537932
02-17 21:48:54.539 18010 18026 W OpenVRAPI: hewo?
02-17 21:48:54.539 18010 18026 I OpenVRAPI: vrapi_SubmitFrame2(0xee119a90, 0xe27b4cd8) -> 0
02-17 21:48:54.539 18010 18026 I OpenVRAPI: vrapi_GetTimeInSeconds() -> 1739850534.539723
02-17 21:48:54.539 18010 18026 I OpenVRAPI: vrapi_GetPredictedDisplayTime(0xee119a90, 1584) -> 1739850547.739723
02-17 21:48:54.539 18010 18026 I OpenVRAPI: vrapi_GetPredictedTracking2(0xee119a90, 1739850547.739723) -> [struct]
02-17 21:48:54.539 18010 18026 I OpenVRAPI: vrapi_GetTimeInSeconds() -> 1739850534.539769
02-17 21:48:54.541 18010 18026 W OpenVRAPI: hewo?
02-17 21:48:54.541 18010 18026 I OpenVRAPI: vrapi_SubmitFrame2(0xee119a90, 0xe27b4cd8) -> 0
02-17 21:48:54.541 18010 18026 I OpenVRAPI: vrapi_GetTimeInSeconds() -> 1739850534.541614
02-17 21:48:54.541 18010 18026 I OpenVRAPI: vrapi_GetPredictedDisplayTime(0xee119a90, 1585) -> 1739850547.749947
02-17 21:48:54.541 18010 18026 I OpenVRAPI: vrapi_GetPredictedTracking2(0xee119a90, 1739850547.749947) -> [struct]
02-17 21:48:54.541 18010 18026 I OpenVRAPI: vrapi_GetTimeInSeconds() -> 1739850534.541652
02-17 21:48:54.543 18010 18026 W OpenVRAPI: hewo?
02-17 21:48:54.543 18010 18026 I OpenVRAPI: vrapi_SubmitFrame2(0xee119a90, 0xe27b4cd8) -> 0
02-17 21:48:54.543 18010 18026 I OpenVRAPI: vrapi_GetTimeInSeconds() -> 1739850534.543496
02-17 21:48:54.543 18010 18026 I OpenVRAPI: vrapi_GetPredictedDisplayTime(0xee119a90, 1586) -> 1739850547.760163
02-17 21:48:54.543 18010 18026 I OpenVRAPI: vrapi_GetPredictedTracking2(0xee119a90, 1739850547.760163) -> [struct]
02-17 21:48:54.543 18010 18026 I OpenVRAPI: vrapi_GetTimeInSeconds() -> 1739850534.543535
02-17 21:48:54.545 18010 18026 W OpenVRAPI: hewo?
02-17 21:48:54.545 18010 18026 I OpenVRAPI: vrapi_SubmitFrame2(0xee119a90, 0xe27b4cd8) -> 0
02-17 21:48:54.545 18010 18026 I OpenVRAPI: vrapi_GetTimeInSeconds() -> 1739850534.545394
02-17 21:48:54.545 18010 18026 I OpenVRAPI: vrapi_GetPredictedDisplayTime(0xee119a90, 1587) -> 1739850547.770394
02-17 21:48:54.545 18010 18026 I OpenVRAPI: vrapi_GetPredictedTracking2(0xee119a90, 1739850547.770394) -> [struct]
02-17 21:48:54.545 18010 18026 I OpenVRAPI: vrapi_GetTimeInSeconds() -> 1739850534.545433
02-17 21:48:54.547 18010 18026 W OpenVRAPI: hewo?
02-17 21:48:54.547 18010 18026 I OpenVRAPI: vrapi_SubmitFrame2(0xee119a90, 0xe27b4cd8) -> 0
02-17 21:48:54.547 18010 18026 I OpenVRAPI: vrapi_GetTimeInSeconds() -> 1739850534.547302
02-17 21:48:54.547 18010 18026 I OpenVRAPI: vrapi_GetPredictedDisplayTime(0xee119a90, 1588) -> 1739850547.780636
02-17 21:48:54.547 18010 18026 I OpenVRAPI: vrapi_GetPredictedTracking2(0xee119a90, 1739850547.780636) -> [struct]
02-17 21:48:54.547 18010 18026 I OpenVRAPI: vrapi_GetTimeInSeconds() -> 1739850534.547339
02-17 21:48:54.549 18010 18026 W OpenVRAPI: hewo?
02-17 21:48:54.549 18010 18026 I OpenVRAPI: vrapi_SubmitFrame2(0xee119a90, 0xe27b4cd8) -> 0
02-17 21:48:54.549 18010 18026 I OpenVRAPI: vrapi_GetTimeInSeconds() -> 1739850534.549165
02-17 21:48:54.549 18010 18026 I OpenVRAPI: vrapi_GetPredictedDisplayTime(0xee119a90, 1589) -> 1739850547.790831
02-17 21:48:54.549 18010 18026 I OpenVRAPI: vrapi_GetPredictedTracking2(0xee119a90, 1739850547.790831) -> [struct]
02-17 21:48:54.549 18010 18026 I OpenVRAPI: vrapi_GetTimeInSeconds() -> 1739850534.549203
02-17 21:48:54.551 18010 18026 W OpenVRAPI: hewo?
02-17 21:48:54.551 18010 18026 I OpenVRAPI: vrapi_SubmitFrame2(0xee119a90, 0xe27b4cd8) -> 0
02-17 21:48:54.551 18010 18026 I OpenVRAPI: vrapi_GetTimeInSeconds() -> 1739850534.551160
02-17 21:48:54.551 18010 18026 I OpenVRAPI: vrapi_GetPredictedDisplayTime(0xee119a90, 1590) -> 1739850547.801160
02-17 21:48:54.551 18010 18026 I OpenVRAPI: vrapi_GetPredictedTracking2(0xee119a90, 1739850547.801160) -> [struct]
02-17 21:48:54.551 18010 18026 I OpenVRAPI: vrapi_GetTimeInSeconds() -> 1739850534.551198
02-17 21:48:54.553 18010 18026 W OpenVRAPI: hewo?
02-17 21:48:54.553 18010 18026 I OpenVRAPI: vrapi_SubmitFrame2(0xee119a90, 0xe27b4cd8) -> 0
02-17 21:48:54.553 18010 18026 I OpenVRAPI: vrapi_GetTimeInSeconds() -> 1739850534.553061
02-17 21:48:54.553 18010 18026 I OpenVRAPI: vrapi_GetPredictedDisplayTime(0xee119a90, 1591) -> 1739850547.811395
02-17 21:48:54.553 18010 18026 I OpenVRAPI: vrapi_GetPredictedTracking2(0xee119a90, 1739850547.811395) -> [struct]
02-17 21:48:54.553 18010 18026 I OpenVRAPI: vrapi_GetTimeInSeconds() -> 1739850534.553100
02-17 21:48:54.554 18010 18026 W OpenVRAPI: hewo?
02-17 21:48:54.554 18010 18026 I OpenVRAPI: vrapi_SubmitFrame2(0xee119a90, 0xe27b4cd8) -> 0
02-17 21:48:54.554 18010 18026 I OpenVRAPI: vrapi_GetTimeInSeconds() -> 1739850534.554936
02-17 21:48:54.554 18010 18026 I OpenVRAPI: vrapi_GetPredictedDisplayTime(0xee119a90, 1592) -> 1739850547.821603
02-17 21:48:54.554 18010 18026 I OpenVRAPI: vrapi_GetPredictedTracking2(0xee119a90, 1739850547.821603) -> [struct]
02-17 21:48:54.554 18010 18026 I OpenVRAPI: vrapi_GetTimeInSeconds() -> 1739850534.554975
02-17 21:48:54.556 18010 18026 W OpenVRAPI: hewo?
02-17 21:48:54.556 18010 18026 I OpenVRAPI: vrapi_SubmitFrame2(0xee119a90, 0xe27b4cd8) -> 0
02-17 21:48:54.556 18010 18026 I OpenVRAPI: vrapi_GetTimeInSeconds() -> 1739850534.556826
02-17 21:48:54.556 18010 18026 I OpenVRAPI: vrapi_GetPredictedDisplayTime(0xee119a90, 1593) -> 1739850547.831826
02-17 21:48:54.556 18010 18026 I OpenVRAPI: vrapi_GetPredictedTracking2(0xee119a90, 1739850547.831826) -> [struct]
02-17 21:48:54.556 18010 18026 I OpenVRAPI: vrapi_GetTimeInSeconds() -> 1739850534.556866
02-17 21:48:54.558 18010 18026 W OpenVRAPI: hewo?
02-17 21:48:54.558 18010 18026 I OpenVRAPI: vrapi_SubmitFrame2(0xee119a90, 0xe27b4cd8) -> 0
02-17 21:48:54.558 18010 18026 I OpenVRAPI: vrapi_GetTimeInSeconds() -> 1739850534.558836
02-17 21:48:54.558 18010 18026 I OpenVRAPI: vrapi_GetPredictedDisplayTime(0xee119a90, 1594) -> 1739850547.842169
02-17 21:48:54.558 18010 18026 I OpenVRAPI: vrapi_GetPredictedTracking2(0xee119a90, 1739850547.842169) -> [struct]
02-17 21:48:54.558 18010 18026 I OpenVRAPI: vrapi_GetTimeInSeconds() -> 1739850534.558909
02-17 21:48:54.560 18010 18026 W OpenVRAPI: hewo?
02-17 21:48:54.560 18010 18026 I OpenVRAPI: vrapi_SubmitFrame2(0xee119a90, 0xe27b4cd8) -> 0
02-17 21:48:54.560 18010 18026 I OpenVRAPI: vrapi_GetTimeInSeconds() -> 1739850534.560671
02-17 21:48:54.560 18010 18026 I OpenVRAPI: vrapi_GetPredictedDisplayTime(0xee119a90, 1595) -> 1739850547.852338
02-17 21:48:54.560 18010 18026 I OpenVRAPI: vrapi_GetPredictedTracking2(0xee119a90, 1739850547.852338) -> [struct]
02-17 21:48:54.560 18010 18026 I OpenVRAPI: vrapi_GetTimeInSeconds() -> 1739850534.560724
02-17 21:48:54.562 18010 18026 W OpenVRAPI: hewo?
02-17 21:48:54.562 18010 18026 I OpenVRAPI: vrapi_SubmitFrame2(0xee119a90, 0xe27b4cd8) -> 0
02-17 21:48:54.562 18010 18026 I OpenVRAPI: vrapi_GetTimeInSeconds() -> 1739850534.562549
02-17 21:48:54.562 18010 18026 I OpenVRAPI: vrapi_GetPredictedDisplayTime(0xee119a90, 1596) -> 1739850547.862549
02-17 21:48:54.562 18010 18026 I OpenVRAPI: vrapi_GetPredictedTracking2(0xee119a90, 1739850547.862549) -> [struct]
02-17 21:48:54.562 18010 18026 I OpenVRAPI: vrapi_GetTimeInSeconds() -> 1739850534.562611
02-17 21:48:54.564 18010 18026 W OpenVRAPI: hewo?
02-17 21:48:54.564 18010 18026 I OpenVRAPI: vrapi_SubmitFrame2(0xee119a90, 0xe27b4cd8) -> 0
02-17 21:48:54.564 18010 18026 I OpenVRAPI: vrapi_GetTimeInSeconds() -> 1739850534.564402
02-17 21:48:54.564 18010 18026 I OpenVRAPI: vrapi_GetPredictedDisplayTime(0xee119a90, 1597) -> 1739850547.872735
02-17 21:48:54.564 18010 18026 I OpenVRAPI: vrapi_GetPredictedTracking2(0xee119a90, 1739850547.872735) -> [struct]
02-17 21:48:54.564 18010 18026 I OpenVRAPI: vrapi_GetTimeInSeconds() -> 1739850534.564445
02-17 21:48:54.566 18010 18026 W OpenVRAPI: hewo?
02-17 21:48:54.566 18010 18026 I OpenVRAPI: vrapi_SubmitFrame2(0xee119a90, 0xe27b4cd8) -> 0
02-17 21:48:54.566 18010 18026 I OpenVRAPI: vrapi_GetTimeInSeconds() -> 1739850534.566356
02-17 21:48:54.566 18010 18026 I OpenVRAPI: vrapi_GetPredictedDisplayTime(0xee119a90, 1598) -> 1739850547.883023
02-17 21:48:54.566 18010 18026 I OpenVRAPI: vrapi_GetPredictedTracking2(0xee119a90, 1739850547.883023) -> [struct]
02-17 21:48:54.566 18010 18026 I OpenVRAPI: vrapi_GetTimeInSeconds() -> 1739850534.566395
02-17 21:48:54.568 18010 18026 W OpenVRAPI: hewo?
02-17 21:48:54.568 18010 18026 I OpenVRAPI: vrapi_SubmitFrame2(0xee119a90, 0xe27b4cd8) -> 0
02-17 21:48:54.568 18010 18026 I OpenVRAPI: vrapi_GetTimeInSeconds() -> 1739850534.568206
02-17 21:48:54.568 18010 18026 I OpenVRAPI: vrapi_GetPredictedDisplayTime(0xee119a90, 1599) -> 1739850547.893206
02-17 21:48:54.568 18010 18026 I OpenVRAPI: vrapi_GetPredictedTracking2(0xee119a90, 1739850547.893206) -> [struct]
02-17 21:48:54.568 18010 18026 I OpenVRAPI: vrapi_GetTimeInSeconds() -> 1739850534.568257
02-17 21:48:54.570 18010 18026 W OpenVRAPI: hewo?
02-17 21:48:54.570 18010 18026 I OpenVRAPI: vrapi_SubmitFrame2(0xee119a90, 0xe27b4cd8) -> 0
02-17 21:48:54.570 18010 18026 I OpenVRAPI: vrapi_GetTimeInSeconds() -> 1739850534.570061
02-17 21:48:54.570 18010 18026 I OpenVRAPI: vrapi_GetPredictedDisplayTime(0xee119a90, 1600) -> 1739850547.903394
02-17 21:48:54.570 18010 18026 I OpenVRAPI: vrapi_GetPredictedTracking2(0xee119a90, 1739850547.903394) -> [struct]
02-17 21:48:54.570 18010 18026 I OpenVRAPI: vrapi_GetTimeInSeconds() -> 1739850534.570111
02-17 21:48:54.571 18010 18026 W OpenVRAPI: hewo?
02-17 21:48:54.571 18010 18026 I OpenVRAPI: vrapi_SubmitFrame2(0xee119a90, 0xe27b4cd8) -> 0
02-17 21:48:54.571 18010 18026 I OpenVRAPI: vrapi_GetTimeInSeconds() -> 1739850534.571945
02-17 21:48:54.571 18010 18026 I OpenVRAPI: vrapi_GetPredictedDisplayTime(0xee119a90, 1601) -> 1739850547.913612
02-17 21:48:54.571 18010 18026 I OpenVRAPI: vrapi_GetPredictedTracking2(0xee119a90, 1739850547.913612) -> [struct]
02-17 21:48:54.571 18010 18026 I OpenVRAPI: vrapi_GetTimeInSeconds() -> 1739850534.571985
02-17 21:48:54.573 18010 18026 W OpenVRAPI: hewo?
02-17 21:48:54.573 18010 18026 I OpenVRAPI: vrapi_SubmitFrame2(0xee119a90, 0xe27b4cd8) -> 0
02-17 21:48:54.573 18010 18026 I OpenVRAPI: vrapi_GetTimeInSeconds() -> 1739850534.573803
02-17 21:48:54.573 18010 18026 I OpenVRAPI: vrapi_GetPredictedDisplayTime(0xee119a90, 1602) -> 1739850547.923803
02-17 21:48:54.573 18010 18026 I OpenVRAPI: vrapi_GetPredictedTracking2(0xee119a90, 1739850547.923803) -> [struct]
02-17 21:48:54.573 18010 18026 I OpenVRAPI: vrapi_GetTimeInSeconds() -> 1739850534.573869
02-17 21:48:54.575 18010 18026 W OpenVRAPI: hewo?
02-17 21:48:54.575 18010 18026 I OpenVRAPI: vrapi_SubmitFrame2(0xee119a90, 0xe27b4cd8) -> 0
02-17 21:48:54.575 18010 18026 I OpenVRAPI: vrapi_GetTimeInSeconds() -> 1739850534.575723
02-17 21:48:54.575 18010 18026 I OpenVRAPI: vrapi_GetPredictedDisplayTime(0xee119a90, 1603) -> 1739850547.934056
02-17 21:48:54.575 18010 18026 I OpenVRAPI: vrapi_GetPredictedTracking2(0xee119a90, 1739850547.934056) -> [struct]
02-17 21:48:54.575 18010 18026 I OpenVRAPI: vrapi_GetTimeInSeconds() -> 1739850534.575763
02-17 21:48:54.577 18010 18026 W OpenVRAPI: hewo?
02-17 21:48:54.577 18010 18026 I OpenVRAPI: vrapi_SubmitFrame2(0xee119a90, 0xe27b4cd8) -> 0
02-17 21:48:54.577 18010 18026 I OpenVRAPI: vrapi_GetTimeInSeconds() -> 1739850534.577630
02-17 21:48:54.577 18010 18026 I OpenVRAPI: vrapi_GetPredictedDisplayTime(0xee119a90, 1604) -> 1739850547.944296
02-17 21:48:54.577 18010 18026 I OpenVRAPI: vrapi_GetPredictedTracking2(0xee119a90, 1739850547.944296) -> [struct]
02-17 21:48:54.577 18010 18026 I OpenVRAPI: vrapi_GetTimeInSeconds() -> 1739850534.577670
02-17 21:48:54.579 18010 18026 W OpenVRAPI: hewo?
02-17 21:48:54.579 18010 18026 I OpenVRAPI: vrapi_SubmitFrame2(0xee119a90, 0xe27b4cd8) -> 0
02-17 21:48:54.579 18010 18026 I OpenVRAPI: vrapi_GetTimeInSeconds() -> 1739850534.579525
02-17 21:48:54.579 18010 18026 I OpenVRAPI: vrapi_GetPredictedDisplayTime(0xee119a90, 1605) -> 1739850547.954525
02-17 21:48:54.579 18010 18026 I OpenVRAPI: vrapi_GetPredictedTracking2(0xee119a90, 1739850547.954525) -> [struct]
02-17 21:48:54.579 18010 18026 I OpenVRAPI: vrapi_GetTimeInSeconds() -> 1739850534.579563
02-17 21:48:54.581 18010 18026 W OpenVRAPI: hewo?
02-17 21:48:54.581 18010 18026 I OpenVRAPI: vrapi_SubmitFrame2(0xee119a90, 0xe27b4cd8) -> 0
02-17 21:48:54.581 18010 18026 I OpenVRAPI: vrapi_GetTimeInSeconds() -> 1739850534.581345
02-17 21:48:54.581 18010 18026 I OpenVRAPI: vrapi_GetPredictedDisplayTime(0xee119a90, 1606) -> 1739850547.964679
02-17 21:48:54.581 18010 18026 I OpenVRAPI: vrapi_GetPredictedTracking2(0xee119a90, 1739850547.964679) -> [struct]
02-17 21:48:54.581 18010 18026 I OpenVRAPI: vrapi_GetTimeInSeconds() -> 1739850534.581396
02-17 21:48:54.583 18010 18026 W OpenVRAPI: hewo?
02-17 21:48:54.583 18010 18026 I OpenVRAPI: vrapi_SubmitFrame2(0xee119a90, 0xe27b4cd8) -> 0
02-17 21:48:54.583 18010 18026 I OpenVRAPI: vrapi_GetTimeInSeconds() -> 1739850534.583327
02-17 21:48:54.583 18010 18026 I OpenVRAPI: vrapi_GetPredictedDisplayTime(0xee119a90, 1607) -> 1739850547.974994
02-17 21:48:54.583 18010 18026 I OpenVRAPI: vrapi_GetPredictedTracking2(0xee119a90, 1739850547.974994) -> [struct]
02-17 21:48:54.583 18010 18026 I OpenVRAPI: vrapi_GetTimeInSeconds() -> 1739850534.583379
02-17 21:48:54.585 18010 18026 W OpenVRAPI: hewo?
02-17 21:48:54.585 18010 18026 I OpenVRAPI: vrapi_SubmitFrame2(0xee119a90, 0xe27b4cd8) -> 0
02-17 21:48:54.585 18010 18026 I OpenVRAPI: vrapi_GetTimeInSeconds() -> 1739850534.585196
02-17 21:48:54.585 18010 18026 I OpenVRAPI: vrapi_GetPredictedDisplayTime(0xee119a90, 1608) -> 1739850547.985197
02-17 21:48:54.585 18010 18026 I OpenVRAPI: vrapi_GetPredictedTracking2(0xee119a90, 1739850547.985197) -> [struct]
02-17 21:48:54.585 18010 18026 I OpenVRAPI: vrapi_GetTimeInSeconds() -> 1739850534.585253
02-17 21:48:54.587 18010 18026 W OpenVRAPI: hewo?
02-17 21:48:54.587 18010 18026 I OpenVRAPI: vrapi_SubmitFrame2(0xee119a90, 0xe27b4cd8) -> 0
02-17 21:48:54.587 18010 18026 I OpenVRAPI: vrapi_GetTimeInSeconds() -> 1739850534.587069
02-17 21:48:54.587 18010 18026 I OpenVRAPI: vrapi_GetPredictedDisplayTime(0xee119a90, 1609) -> 1739850547.995402
02-17 21:48:54.587 18010 18026 I OpenVRAPI: vrapi_GetPredictedTracking2(0xee119a90, 1739850547.995402) -> [struct]
02-17 21:48:54.587 18010 18026 I OpenVRAPI: vrapi_GetTimeInSeconds() -> 1739850534.587116
02-17 21:48:54.588 18010 18026 W OpenVRAPI: hewo?
02-17 21:48:54.588 18010 18026 I OpenVRAPI: vrapi_SubmitFrame2(0xee119a90, 0xe27b4cd8) -> 0
02-17 21:48:54.588 18010 18026 I OpenVRAPI: vrapi_GetTimeInSeconds() -> 1739850534.588914
02-17 21:48:54.588 18010 18026 I OpenVRAPI: vrapi_GetPredictedDisplayTime(0xee119a90, 1610) -> 1739850548.005581
02-17 21:48:54.588 18010 18026 I OpenVRAPI: vrapi_GetPredictedTracking2(0xee119a90, 1739850548.005581) -> [struct]
02-17 21:48:54.588 18010 18026 I OpenVRAPI: vrapi_GetTimeInSeconds() -> 1739850534.588955
02-17 21:48:54.590 18010 18026 W OpenVRAPI: hewo?
02-17 21:48:54.590 18010 18026 I OpenVRAPI: vrapi_SubmitFrame2(0xee119a90, 0xe27b4cd8) -> 0
02-17 21:48:54.590 18010 18026 I OpenVRAPI: vrapi_GetTimeInSeconds() -> 1739850534.590770
02-17 21:48:54.590 18010 18026 I OpenVRAPI: vrapi_GetPredictedDisplayTime(0xee119a90, 1611) -> 1739850548.015769
02-17 21:48:54.590 18010 18026 I OpenVRAPI: vrapi_GetPredictedTracking2(0xee119a90, 1739850548.015769) -> [struct]
02-17 21:48:54.590 18010 18026 I OpenVRAPI: vrapi_GetTimeInSeconds() -> 1739850534.590808
02-17 21:48:54.592 18010 18026 W OpenVRAPI: hewo?
02-17 21:48:54.592 18010 18026 I OpenVRAPI: vrapi_SubmitFrame2(0xee119a90, 0xe27b4cd8) -> 0
02-17 21:48:54.592 18010 18026 I OpenVRAPI: vrapi_GetTimeInSeconds() -> 1739850534.592876
02-17 21:48:54.592 18010 18026 I OpenVRAPI: vrapi_GetPredictedDisplayTime(0xee119a90, 1612) -> 1739850548.026209
02-17 21:48:54.592 18010 18026 I OpenVRAPI: vrapi_GetPredictedTracking2(0xee119a90, 1739850548.026209) -> [struct]
02-17 21:48:54.592 18010 18026 I OpenVRAPI: vrapi_GetTimeInSeconds() -> 1739850534.592937
02-17 21:48:54.594 18010 18026 W OpenVRAPI: hewo?
02-17 21:48:54.594 18010 18026 I OpenVRAPI: vrapi_SubmitFrame2(0xee119a90, 0xe27b4cd8) -> 0
02-17 21:48:54.594 18010 18026 I OpenVRAPI: vrapi_GetTimeInSeconds() -> 1739850534.594548
02-17 21:48:54.594 18010 18026 I OpenVRAPI: vrapi_GetPredictedDisplayTime(0xee119a90, 1613) -> 1739850548.036215
02-17 21:48:54.594 18010 18026 I OpenVRAPI: vrapi_GetPredictedTracking2(0xee119a90, 1739850548.036215) -> [struct]
02-17 21:48:54.594 18010 18026 I OpenVRAPI: vrapi_GetTimeInSeconds() -> 1739850534.594589
02-17 21:48:54.596 18010 18026 W OpenVRAPI: hewo?
02-17 21:48:54.596 18010 18026 I OpenVRAPI: vrapi_SubmitFrame2(0xee119a90, 0xe27b4cd8) -> 0
02-17 21:48:54.596 18010 18026 I OpenVRAPI: vrapi_GetTimeInSeconds() -> 1739850534.596429
02-17 21:48:54.596 18010 18026 I OpenVRAPI: vrapi_GetPredictedDisplayTime(0xee119a90, 1614) -> 1739850548.046429
02-17 21:48:54.596 18010 18026 I OpenVRAPI: vrapi_GetPredictedTracking2(0xee119a90, 1739850548.046429) -> [struct]
02-17 21:48:54.596 18010 18026 I OpenVRAPI: vrapi_GetTimeInSeconds() -> 1739850534.596467
02-17 21:48:54.598 18010 18026 W OpenVRAPI: hewo?
02-17 21:48:54.598 18010 18026 I OpenVRAPI: vrapi_SubmitFrame2(0xee119a90, 0xe27b4cd8) -> 0
02-17 21:48:54.598 18010 18026 I OpenVRAPI: vrapi_GetTimeInSeconds() -> 1739850534.598259
02-17 21:48:54.598 18010 18026 I OpenVRAPI: vrapi_GetPredictedDisplayTime(0xee119a90, 1615) -> 1739850548.056592
02-17 21:48:54.598 18010 18026 I OpenVRAPI: vrapi_GetPredictedTracking2(0xee119a90, 1739850548.056592) -> [struct]
02-17 21:48:54.598 18010 18026 I OpenVRAPI: vrapi_GetTimeInSeconds() -> 1739850534.598299
02-17 21:48:54.600 18010 18026 W OpenVRAPI: hewo?
02-17 21:48:54.600 18010 18026 I OpenVRAPI: vrapi_SubmitFrame2(0xee119a90, 0xe27b4cd8) -> 0
02-17 21:48:54.600 18010 18026 I OpenVRAPI: vrapi_GetTimeInSeconds() -> 1739850534.600208
02-17 21:48:54.600 18010 18026 I OpenVRAPI: vrapi_GetPredictedDisplayTime(0xee119a90, 1616) -> 1739850548.066875
02-17 21:48:54.600 18010 18026 I OpenVRAPI: vrapi_GetPredictedTracking2(0xee119a90, 1739850548.066875) -> [struct]
02-17 21:48:54.600 18010 18026 I OpenVRAPI: vrapi_GetTimeInSeconds() -> 1739850534.600260
02-17 21:48:54.602 18010 18026 W OpenVRAPI: hewo?
02-17 21:48:54.602 18010 18026 I OpenVRAPI: vrapi_SubmitFrame2(0xee119a90, 0xe27b4cd8) -> 0
02-17 21:48:54.602 18010 18026 I OpenVRAPI: vrapi_GetTimeInSeconds() -> 1739850534.602074
02-17 21:48:54.602 18010 18026 I OpenVRAPI: vrapi_GetPredictedDisplayTime(0xee119a90, 1617) -> 1739850548.077074
02-17 21:48:54.602 18010 18026 I OpenVRAPI: vrapi_GetPredictedTracking2(0xee119a90, 1739850548.077074) -> [struct]
02-17 21:48:54.602 18010 18026 I OpenVRAPI: vrapi_GetTimeInSeconds() -> 1739850534.602126
02-17 21:48:54.603 18010 18026 W OpenVRAPI: hewo?
02-17 21:48:54.603 18010 18026 I OpenVRAPI: vrapi_SubmitFrame2(0xee119a90, 0xe27b4cd8) -> 0
02-17 21:48:54.603 18010 18026 I OpenVRAPI: vrapi_GetTimeInSeconds() -> 1739850534.603929
02-17 21:48:54.603 18010 18026 I OpenVRAPI: vrapi_GetPredictedDisplayTime(0xee119a90, 1618) -> 1739850548.087262
02-17 21:48:54.603 18010 18026 I OpenVRAPI: vrapi_GetPredictedTracking2(0xee119a90, 1739850548.087262) -> [struct]
02-17 21:48:54.603 18010 18026 I OpenVRAPI: vrapi_GetTimeInSeconds() -> 1739850534.603979
02-17 21:48:54.605 18010 18026 W OpenVRAPI: hewo?
02-17 21:48:54.605 18010 18026 I OpenVRAPI: vrapi_SubmitFrame2(0xee119a90, 0xe27b4cd8) -> 0
02-17 21:48:54.605 18010 18026 I OpenVRAPI: vrapi_GetTimeInSeconds() -> 1739850534.605814
02-17 21:48:54.605 18010 18026 I OpenVRAPI: vrapi_GetPredictedDisplayTime(0xee119a90, 1619) -> 1739850548.097480
02-17 21:48:54.605 18010 18026 I OpenVRAPI: vrapi_GetPredictedTracking2(0xee119a90, 1739850548.097480) -> [struct]
02-17 21:48:54.605 18010 18026 I OpenVRAPI: vrapi_GetTimeInSeconds() -> 1739850534.605854
02-17 21:48:54.607 18010 18026 W OpenVRAPI: hewo?
02-17 21:48:54.607 18010 18026 I OpenVRAPI: vrapi_SubmitFrame2(0xee119a90, 0xe27b4cd8) -> 0
02-17 21:48:54.607 18010 18026 I OpenVRAPI: vrapi_GetTimeInSeconds() -> 1739850534.607682
02-17 21:48:54.607 18010 18026 I OpenVRAPI: vrapi_GetPredictedDisplayTime(0xee119a90, 1620) -> 1739850548.107682
02-17 21:48:54.607 18010 18026 I OpenVRAPI: vrapi_GetPredictedTracking2(0xee119a90, 1739850548.107682) -> [struct]
02-17 21:48:54.607 18010 18026 I OpenVRAPI: vrapi_GetTimeInSeconds() -> 1739850534.607732
02-17 21:48:54.609 18010 18026 W OpenVRAPI: hewo?
02-17 21:48:54.609 18010 18026 I OpenVRAPI: vrapi_SubmitFrame2(0xee119a90, 0xe27b4cd8) -> 0
02-17 21:48:54.609 18010 18026 I OpenVRAPI: vrapi_GetTimeInSeconds() -> 1739850534.609556
02-17 21:48:54.609 18010 18026 I OpenVRAPI: vrapi_GetPredictedDisplayTime(0xee119a90, 1621) -> 1739850548.117890
02-17 21:48:54.609 18010 18026 I OpenVRAPI: vrapi_GetPredictedTracking2(0xee119a90, 1739850548.117890) -> [struct]
02-17 21:48:54.609 18010 18026 I OpenVRAPI: vrapi_GetTimeInSeconds() -> 1739850534.609605
02-17 21:48:54.611 18010 18026 W OpenVRAPI: hewo?
02-17 21:48:54.611 18010 18026 I OpenVRAPI: vrapi_SubmitFrame2(0xee119a90, 0xe27b4cd8) -> 0
02-17 21:48:54.611 18010 18026 I OpenVRAPI: vrapi_GetTimeInSeconds() -> 1739850534.611457
02-17 21:48:54.611 18010 18026 I OpenVRAPI: vrapi_GetPredictedDisplayTime(0xee119a90, 1622) -> 1739850548.128123
02-17 21:48:54.611 18010 18026 I OpenVRAPI: vrapi_GetPredictedTracking2(0xee119a90, 1739850548.128123) -> [struct]
02-17 21:48:54.611 18010 18026 I OpenVRAPI: vrapi_GetTimeInSeconds() -> 1739850534.611497
02-17 21:48:54.613 18010 18026 W OpenVRAPI: hewo?
02-17 21:48:54.613 18010 18026 I OpenVRAPI: vrapi_SubmitFrame2(0xee119a90, 0xe27b4cd8) -> 0
02-17 21:48:54.613 18010 18026 I OpenVRAPI: vrapi_GetTimeInSeconds() -> 1739850534.613314
02-17 21:48:54.613 18010 18026 I OpenVRAPI: vrapi_GetPredictedDisplayTime(0xee119a90, 1623) -> 1739850548.138314
02-17 21:48:54.613 18010 18026 I OpenVRAPI: vrapi_GetPredictedTracking2(0xee119a90, 1739850548.138314) -> [struct]
02-17 21:48:54.613 18010 18026 I OpenVRAPI: vrapi_GetTimeInSeconds() -> 1739850534.613365
02-17 21:48:54.615 18010 18026 W OpenVRAPI: hewo?
02-17 21:48:54.615 18010 18026 I OpenVRAPI: vrapi_SubmitFrame2(0xee119a90, 0xe27b4cd8) -> 0
02-17 21:48:54.615 18010 18026 I OpenVRAPI: vrapi_GetTimeInSeconds() -> 1739850534.615420
02-17 21:48:54.615 18010 18026 I OpenVRAPI: vrapi_GetPredictedDisplayTime(0xee119a90, 1624) -> 1739850548.148754
02-17 21:48:54.615 18010 18026 I OpenVRAPI: vrapi_GetPredictedTracking2(0xee119a90, 1739850548.148754) -> [struct]
02-17 21:48:54.615 18010 18026 I OpenVRAPI: vrapi_GetTimeInSeconds() -> 1739850534.615513
02-17 21:48:54.617 18010 18026 W OpenVRAPI: hewo?
02-17 21:48:54.617 18010 18026 I OpenVRAPI: vrapi_SubmitFrame2(0xee119a90, 0xe27b4cd8) -> 0
02-17 21:48:54.617 18010 18026 I OpenVRAPI: vrapi_GetTimeInSeconds() -> 1739850534.617179
02-17 21:48:54.617 18010 18026 I OpenVRAPI: vrapi_GetPredictedDisplayTime(0xee119a90, 1625) -> 1739850548.158846
02-17 21:48:54.617 18010 18026 I OpenVRAPI: vrapi_GetPredictedTracking2(0xee119a90, 1739850548.158846) -> [struct]
02-17 21:48:54.617 18010 18026 I OpenVRAPI: vrapi_GetTimeInSeconds() -> 1739850534.617282
02-17 21:48:54.618 18010 18026 W OpenVRAPI: hewo?
02-17 21:48:54.618 18010 18026 I OpenVRAPI: vrapi_SubmitFrame2(0xee119a90, 0xe27b4cd8) -> 0
02-17 21:48:54.619 18010 18026 I OpenVRAPI: vrapi_GetTimeInSeconds() -> 1739850534.619004
02-17 21:48:54.619 18010 18026 I OpenVRAPI: vrapi_GetPredictedDisplayTime(0xee119a90, 1626) -> 1739850548.169004
02-17 21:48:54.619 18010 18026 I OpenVRAPI: vrapi_GetPredictedTracking2(0xee119a90, 1739850548.169004) -> [struct]
02-17 21:48:54.619 18010 18026 I OpenVRAPI: vrapi_GetTimeInSeconds() -> 1739850534.619076
02-17 21:48:54.620 18010 18026 W OpenVRAPI: hewo?
02-17 21:48:54.620 18010 18026 I OpenVRAPI: vrapi_SubmitFrame2(0xee119a90, 0xe27b4cd8) -> 0
02-17 21:48:54.620 18010 18026 I OpenVRAPI: vrapi_GetTimeInSeconds() -> 1739850534.620858
02-17 21:48:54.620 18010 18026 I OpenVRAPI: vrapi_GetPredictedDisplayTime(0xee119a90, 1627) -> 1739850548.179191
02-17 21:48:54.620 18010 18026 I OpenVRAPI: vrapi_GetPredictedTracking2(0xee119a90, 1739850548.179191) -> [struct]
02-17 21:48:54.620 18010 18026 I OpenVRAPI: vrapi_GetTimeInSeconds() -> 1739850534.620940
02-17 21:48:54.622 18010 18026 W OpenVRAPI: hewo?
02-17 21:48:54.622 18010 18026 I OpenVRAPI: vrapi_SubmitFrame2(0xee119a90, 0xe27b4cd8) -> 0
02-17 21:48:54.622 18010 18026 I OpenVRAPI: vrapi_GetTimeInSeconds() -> 1739850534.622718
02-17 21:48:54.622 18010 18026 I OpenVRAPI: vrapi_GetPredictedDisplayTime(0xee119a90, 1628) -> 1739850548.189384
02-17 21:48:54.622 18010 18026 I OpenVRAPI: vrapi_GetPredictedTracking2(0xee119a90, 1739850548.189384) -> [struct]
02-17 21:48:54.622 18010 18026 I OpenVRAPI: vrapi_GetTimeInSeconds() -> 1739850534.622808
02-17 21:48:54.624 18010 18026 W OpenVRAPI: hewo?
02-17 21:48:54.624 18010 18026 I OpenVRAPI: vrapi_SubmitFrame2(0xee119a90, 0xe27b4cd8) -> 0
02-17 21:48:54.624 18010 18026 I OpenVRAPI: vrapi_GetTimeInSeconds() -> 1739850534.624607
02-17 21:48:54.624 18010 18026 I OpenVRAPI: vrapi_GetPredictedDisplayTime(0xee119a90, 1629) -> 1739850548.199607
02-17 21:48:54.624 18010 18026 I OpenVRAPI: vrapi_GetPredictedTracking2(0xee119a90, 1739850548.199607) -> [struct]
02-17 21:48:54.624 18010 18026 I OpenVRAPI: vrapi_GetTimeInSeconds() -> 1739850534.624685
02-17 21:48:54.626 18010 18026 W OpenVRAPI: hewo?
02-17 21:48:54.626 18010 18026 I OpenVRAPI: vrapi_SubmitFrame2(0xee119a90, 0xe27b4cd8) -> 0
02-17 21:48:54.626 18010 18026 I OpenVRAPI: vrapi_GetTimeInSeconds() -> 1739850534.626500
02-17 21:48:54.626 18010 18026 I OpenVRAPI: vrapi_GetPredictedDisplayTime(0xee119a90, 1630) -> 1739850548.209833
02-17 21:48:54.626 18010 18026 I OpenVRAPI: vrapi_GetPredictedTracking2(0xee119a90, 1739850548.209833) -> [struct]
02-17 21:48:54.626 18010 18026 I OpenVRAPI: vrapi_GetTimeInSeconds() -> 1739850534.626573
02-17 21:48:54.628 18010 18026 W OpenVRAPI: hewo?
02-17 21:48:54.628 18010 18026 I OpenVRAPI: vrapi_SubmitFrame2(0xee119a90, 0xe27b4cd8) -> 0
02-17 21:48:54.628 18010 18026 I OpenVRAPI: vrapi_GetTimeInSeconds() -> 1739850534.628469
02-17 21:48:54.628 18010 18026 I OpenVRAPI: vrapi_GetPredictedDisplayTime(0xee119a90, 1631) -> 1739850548.220136
02-17 21:48:54.628 18010 18026 I OpenVRAPI: vrapi_GetPredictedTracking2(0xee119a90, 1739850548.220136) -> [struct]
02-17 21:48:54.628 18010 18026 I OpenVRAPI: vrapi_GetTimeInSeconds() -> 1739850534.628548
02-17 21:48:54.630 18010 18026 W OpenVRAPI: hewo?
02-17 21:48:54.630 18010 18026 I OpenVRAPI: vrapi_SubmitFrame2(0xee119a90, 0xe27b4cd8) -> 0
02-17 21:48:54.630 18010 18026 I OpenVRAPI: vrapi_GetTimeInSeconds() -> 1739850534.630178
02-17 21:48:54.630 18010 18026 I OpenVRAPI: vrapi_GetPredictedDisplayTime(0xee119a90, 1632) -> 1739850548.230178
02-17 21:48:54.630 18010 18026 I OpenVRAPI: vrapi_GetPredictedTracking2(0xee119a90, 1739850548.230178) -> [struct]
02-17 21:48:54.630 18010 18026 I OpenVRAPI: vrapi_GetTimeInSeconds() -> 1739850534.630224
02-17 21:48:54.631 18010 18026 W OpenVRAPI: hewo?
02-17 21:48:54.632 18010 18026 I OpenVRAPI: vrapi_SubmitFrame2(0xee119a90, 0xe27b4cd8) -> 0
02-17 21:48:54.632 18010 18026 I OpenVRAPI: vrapi_GetTimeInSeconds() -> 1739850534.632031
02-17 21:48:54.632 18010 18026 I OpenVRAPI: vrapi_GetPredictedDisplayTime(0xee119a90, 1633) -> 1739850548.240365
02-17 21:48:54.632 18010 18026 I OpenVRAPI: vrapi_GetPredictedTracking2(0xee119a90, 1739850548.240365) -> [struct]
02-17 21:48:54.632 18010 18026 I OpenVRAPI: vrapi_GetTimeInSeconds() -> 1739850534.632086
02-17 21:48:54.633 18010 18026 W OpenVRAPI: hewo?
02-17 21:48:54.633 18010 18026 I OpenVRAPI: vrapi_SubmitFrame2(0xee119a90, 0xe27b4cd8) -> 0
02-17 21:48:54.633 18010 18026 I OpenVRAPI: vrapi_GetTimeInSeconds() -> 1739850534.633900
02-17 21:48:54.633 18010 18026 I OpenVRAPI: vrapi_GetPredictedDisplayTime(0xee119a90, 1634) -> 1739850548.250566
02-17 21:48:54.633 18010 18026 I OpenVRAPI: vrapi_GetPredictedTracking2(0xee119a90, 1739850548.250566) -> [struct]
02-17 21:48:54.633 18010 18026 I OpenVRAPI: vrapi_GetTimeInSeconds() -> 1739850534.633967
02-17 21:48:54.635 18010 18026 W OpenVRAPI: hewo?
02-17 21:48:54.635 18010 18026 I OpenVRAPI: vrapi_SubmitFrame2(0xee119a90, 0xe27b4cd8) -> 0
02-17 21:48:54.635 18010 18026 I OpenVRAPI: vrapi_GetTimeInSeconds() -> 1739850534.635763
02-17 21:48:54.635 18010 18026 I OpenVRAPI: vrapi_GetPredictedDisplayTime(0xee119a90, 1635) -> 1739850548.260763
02-17 21:48:54.635 18010 18026 I OpenVRAPI: vrapi_GetPredictedTracking2(0xee119a90, 1739850548.260763) -> [struct]
02-17 21:48:54.635 18010 18026 I OpenVRAPI: vrapi_GetTimeInSeconds() -> 1739850534.635810
02-17 21:48:54.637 18010 18026 W OpenVRAPI: hewo?
02-17 21:48:54.637 18010 18026 I OpenVRAPI: vrapi_SubmitFrame2(0xee119a90, 0xe27b4cd8) -> 0
02-17 21:48:54.637 18010 18026 I OpenVRAPI: vrapi_GetTimeInSeconds() -> 1739850534.637628
02-17 21:48:54.637 18010 18026 I OpenVRAPI: vrapi_GetPredictedDisplayTime(0xee119a90, 1636) -> 1739850548.270962
02-17 21:48:54.637 18010 18026 I OpenVRAPI: vrapi_GetPredictedTracking2(0xee119a90, 1739850548.270962) -> [struct]
02-17 21:48:54.637 18010 18026 I OpenVRAPI: vrapi_GetTimeInSeconds() -> 1739850534.637687
02-17 21:48:54.639 18010 18026 W OpenVRAPI: hewo?
02-17 21:48:54.639 18010 18026 I OpenVRAPI: vrapi_SubmitFrame2(0xee119a90, 0xe27b4cd8) -> 0
02-17 21:48:54.639 18010 18026 I OpenVRAPI: vrapi_GetTimeInSeconds() -> 1739850534.639525
02-17 21:48:54.639 18010 18026 I OpenVRAPI: vrapi_GetPredictedDisplayTime(0xee119a90, 1637) -> 1739850548.281192
02-17 21:48:54.639 18010 18026 I OpenVRAPI: vrapi_GetPredictedTracking2(0xee119a90, 1739850548.281192) -> [struct]
02-17 21:48:54.639 18010 18026 I OpenVRAPI: vrapi_GetTimeInSeconds() -> 1739850534.639567
02-17 21:48:54.641 18010 18026 W OpenVRAPI: hewo?
02-17 21:48:54.641 18010 18026 I OpenVRAPI: vrapi_SubmitFrame2(0xee119a90, 0xe27b4cd8) -> 0
02-17 21:48:54.641 18010 18026 I OpenVRAPI: vrapi_GetTimeInSeconds() -> 1739850534.641373
02-17 21:48:54.641 18010 18026 I OpenVRAPI: vrapi_GetPredictedDisplayTime(0xee119a90, 1638) -> 1739850548.291373
02-17 21:48:54.641 18010 18026 I OpenVRAPI: vrapi_GetPredictedTracking2(0xee119a90, 1739850548.291373) -> [struct]
02-17 21:48:54.641 18010 18026 I OpenVRAPI: vrapi_GetTimeInSeconds() -> 1739850534.641422
02-17 21:48:54.643 18010 18026 W OpenVRAPI: hewo?
02-17 21:48:54.643 18010 18026 I OpenVRAPI: vrapi_SubmitFrame2(0xee119a90, 0xe27b4cd8) -> 0
02-17 21:48:54.643 18010 18026 I OpenVRAPI: vrapi_GetTimeInSeconds() -> 1739850534.643267
02-17 21:48:54.643 18010 18026 I OpenVRAPI: vrapi_GetPredictedDisplayTime(0xee119a90, 1639) -> 1739850548.301601
02-17 21:48:54.643 18010 18026 I OpenVRAPI: vrapi_GetPredictedTracking2(0xee119a90, 1739850548.301601) -> [struct]
02-17 21:48:54.643 18010 18026 I OpenVRAPI: vrapi_GetTimeInSeconds() -> 1739850534.643311
02-17 21:48:54.645 18010 18026 W OpenVRAPI: hewo?
02-17 21:48:54.645 18010 18026 I OpenVRAPI: vrapi_SubmitFrame2(0xee119a90, 0xe27b4cd8) -> 0
02-17 21:48:54.645 18010 18026 I OpenVRAPI: vrapi_GetTimeInSeconds() -> 1739850534.645238
02-17 21:48:54.645 18010 18026 I OpenVRAPI: vrapi_GetPredictedDisplayTime(0xee119a90, 1640) -> 1739850548.311905
02-17 21:48:54.645 18010 18026 I OpenVRAPI: vrapi_GetPredictedTracking2(0xee119a90, 1739850548.311905) -> [struct]
02-17 21:48:54.645 18010 18026 I OpenVRAPI: vrapi_GetTimeInSeconds() -> 1739850534.645278
02-17 21:48:54.646 18010 18026 W OpenVRAPI: hewo?
02-17 21:48:54.646 18010 18026 I OpenVRAPI: vrapi_SubmitFrame2(0xee119a90, 0xe27b4cd8) -> 0
02-17 21:48:54.646 18010 18026 I OpenVRAPI: vrapi_GetTimeInSeconds() -> 1739850534.646977
02-17 21:48:54.646 18010 18026 I OpenVRAPI: vrapi_GetPredictedDisplayTime(0xee119a90, 1641) -> 1739850548.321977
02-17 21:48:54.647 18010 18026 I OpenVRAPI: vrapi_GetPredictedTracking2(0xee119a90, 1739850548.321977) -> [struct]
02-17 21:48:54.647 18010 18026 I OpenVRAPI: vrapi_GetTimeInSeconds() -> 1739850534.647030
02-17 21:48:54.648 18010 18026 W OpenVRAPI: hewo?
02-17 21:48:54.648 18010 18026 I OpenVRAPI: vrapi_SubmitFrame2(0xee119a90, 0xe27b4cd8) -> 0
02-17 21:48:54.648 18010 18026 I OpenVRAPI: vrapi_GetTimeInSeconds() -> 1739850534.648850
02-17 21:48:54.648 18010 18026 I OpenVRAPI: vrapi_GetPredictedDisplayTime(0xee119a90, 1642) -> 1739850548.332184
02-17 21:48:54.648 18010 18026 I OpenVRAPI: vrapi_GetPredictedTracking2(0xee119a90, 1739850548.332184) -> [struct]
02-17 21:48:54.648 18010 18026 I OpenVRAPI: vrapi_GetTimeInSeconds() -> 1739850534.648891
02-17 21:48:54.650 18010 18026 W OpenVRAPI: hewo?
02-17 21:48:54.650 18010 18026 I OpenVRAPI: vrapi_SubmitFrame2(0xee119a90, 0xe27b4cd8) -> 0
02-17 21:48:54.650 18010 18026 I OpenVRAPI: vrapi_GetTimeInSeconds() -> 1739850534.650702
02-17 21:48:54.650 18010 18026 I OpenVRAPI: vrapi_GetPredictedDisplayTime(0xee119a90, 1643) -> 1739850548.342369
02-17 21:48:54.650 18010 18026 I OpenVRAPI: vrapi_GetPredictedTracking2(0xee119a90, 1739850548.342369) -> [struct]
02-17 21:48:54.650 18010 18026 I OpenVRAPI: vrapi_GetTimeInSeconds() -> 1739850534.650753
02-17 21:48:54.652 18010 18026 W OpenVRAPI: hewo?
02-17 21:48:54.652 18010 18026 I OpenVRAPI: vrapi_SubmitFrame2(0xee119a90, 0xe27b4cd8) -> 0
02-17 21:48:54.652 18010 18026 I OpenVRAPI: vrapi_GetTimeInSeconds() -> 1739850534.652565
02-17 21:48:54.652 18010 18026 I OpenVRAPI: vrapi_GetPredictedDisplayTime(0xee119a90, 1644) -> 1739850548.352565
02-17 21:48:54.652 18010 18026 I OpenVRAPI: vrapi_GetPredictedTracking2(0xee119a90, 1739850548.352565) -> [struct]
02-17 21:48:54.652 18010 18026 I OpenVRAPI: vrapi_GetTimeInSeconds() -> 1739850534.652607
02-17 21:48:54.654 18010 18026 W OpenVRAPI: hewo?
02-17 21:48:54.654 18010 18026 I OpenVRAPI: vrapi_SubmitFrame2(0xee119a90, 0xe27b4cd8) -> 0
02-17 21:48:54.654 18010 18026 I OpenVRAPI: vrapi_GetTimeInSeconds() -> 1739850534.654425
02-17 21:48:54.654 18010 18026 I OpenVRAPI: vrapi_GetPredictedDisplayTime(0xee119a90, 1645) -> 1739850548.362758
02-17 21:48:54.654 18010 18026 I OpenVRAPI: vrapi_GetPredictedTracking2(0xee119a90, 1739850548.362758) -> [struct]
02-17 21:48:54.654 18010 18026 I OpenVRAPI: vrapi_GetTimeInSeconds() -> 1739850534.654479
02-17 21:48:54.656 18010 18026 W OpenVRAPI: hewo?
02-17 21:48:54.656 18010 18026 I OpenVRAPI: vrapi_SubmitFrame2(0xee119a90, 0xe27b4cd8) -> 0
02-17 21:48:54.656 18010 18026 I OpenVRAPI: vrapi_GetTimeInSeconds() -> 1739850534.656289
02-17 21:48:54.656 18010 18026 I OpenVRAPI: vrapi_GetPredictedDisplayTime(0xee119a90, 1646) -> 1739850548.372956
02-17 21:48:54.656 18010 18026 I OpenVRAPI: vrapi_GetPredictedTracking2(0xee119a90, 1739850548.372956) -> [struct]
02-17 21:48:54.656 18010 18026 I OpenVRAPI: vrapi_GetTimeInSeconds() -> 1739850534.656331
02-17 21:48:54.658 18010 18026 W OpenVRAPI: hewo?
02-17 21:48:54.658 18010 18026 I OpenVRAPI: vrapi_SubmitFrame2(0xee119a90, 0xe27b4cd8) -> 0
02-17 21:48:54.658 18010 18026 I OpenVRAPI: vrapi_GetTimeInSeconds() -> 1739850534.658149
02-17 21:48:54.658 18010 18026 I OpenVRAPI: vrapi_GetPredictedDisplayTime(0xee119a90, 1647) -> 1739850548.383149
02-17 21:48:54.658 18010 18026 I OpenVRAPI: vrapi_GetPredictedTracking2(0xee119a90, 1739850548.383149) -> [struct]
02-17 21:48:54.658 18010 18026 I OpenVRAPI: vrapi_GetTimeInSeconds() -> 1739850534.658201
02-17 21:48:54.659 18010 18026 W OpenVRAPI: hewo?
02-17 21:48:54.660 18010 18026 I OpenVRAPI: vrapi_SubmitFrame2(0xee119a90, 0xe27b4cd8) -> 0
02-17 21:48:54.660 18010 18026 I OpenVRAPI: vrapi_GetTimeInSeconds() -> 1739850534.660033
02-17 21:48:54.660 18010 18026 I OpenVRAPI: vrapi_GetPredictedDisplayTime(0xee119a90, 1648) -> 1739850548.393366
02-17 21:48:54.660 18010 18026 I OpenVRAPI: vrapi_GetPredictedTracking2(0xee119a90, 1739850548.393366) -> [struct]
02-17 21:48:54.660 18010 18026 I OpenVRAPI: vrapi_GetTimeInSeconds() -> 1739850534.660073
02-17 21:48:54.661 18010 18026 W OpenVRAPI: hewo?
02-17 21:48:54.661 18010 18026 I OpenVRAPI: vrapi_SubmitFrame2(0xee119a90, 0xe27b4cd8) -> 0
02-17 21:48:54.661 18010 18026 I OpenVRAPI: vrapi_GetTimeInSeconds() -> 1739850534.661911
02-17 21:48:54.661 18010 18026 I OpenVRAPI: vrapi_GetPredictedDisplayTime(0xee119a90, 1649) -> 1739850548.403578
02-17 21:48:54.661 18010 18026 I OpenVRAPI: vrapi_GetPredictedTracking2(0xee119a90, 1739850548.403578) -> [struct]
02-17 21:48:54.661 18010 18026 I OpenVRAPI: vrapi_GetTimeInSeconds() -> 1739850534.661958
02-17 21:48:54.663 18010 18026 W OpenVRAPI: hewo?
02-17 21:48:54.663 18010 18026 I OpenVRAPI: vrapi_SubmitFrame2(0xee119a90, 0xe27b4cd8) -> 0
02-17 21:48:54.663 18010 18026 I OpenVRAPI: vrapi_GetTimeInSeconds() -> 1739850534.663768
02-17 21:48:54.663 18010 18026 I OpenVRAPI: vrapi_GetPredictedDisplayTime(0xee119a90, 1650) -> 1739850548.413768
02-17 21:48:54.663 18010 18026 I OpenVRAPI: vrapi_GetPredictedTracking2(0xee119a90, 1739850548.413768) -> [struct]
02-17 21:48:54.663 18010 18026 I OpenVRAPI: vrapi_GetTimeInSeconds() -> 1739850534.663813
02-17 21:48:54.665 18010 18026 W OpenVRAPI: hewo?
02-17 21:48:54.665 18010 18026 I OpenVRAPI: vrapi_SubmitFrame2(0xee119a90, 0xe27b4cd8) -> 0
02-17 21:48:54.665 18010 18026 I OpenVRAPI: vrapi_GetTimeInSeconds() -> 1739850534.665878
02-17 21:48:54.665 18010 18026 I OpenVRAPI: vrapi_GetPredictedDisplayTime(0xee119a90, 1651) -> 1739850548.424212
02-17 21:48:54.665 18010 18026 I OpenVRAPI: vrapi_GetPredictedTracking2(0xee119a90, 1739850548.424212) -> [struct]
02-17 21:48:54.665 18010 18026 I OpenVRAPI: vrapi_GetTimeInSeconds() -> 1739850534.665956
02-17 21:48:54.667 18010 18026 W OpenVRAPI: hewo?
02-17 21:48:54.667 18010 18026 I OpenVRAPI: vrapi_SubmitFrame2(0xee119a90, 0xe27b4cd8) -> 0
02-17 21:48:54.667 18010 18026 I OpenVRAPI: vrapi_GetTimeInSeconds() -> 1739850534.667606
02-17 21:48:54.667 18010 18026 I OpenVRAPI: vrapi_GetPredictedDisplayTime(0xee119a90, 1652) -> 1739850548.434273
02-17 21:48:54.667 18010 18026 I OpenVRAPI: vrapi_GetPredictedTracking2(0xee119a90, 1739850548.434273) -> [struct]
02-17 21:48:54.667 18010 18026 I OpenVRAPI: vrapi_GetTimeInSeconds() -> 1739850534.667687
02-17 21:48:54.669 18010 18026 W OpenVRAPI: hewo?
02-17 21:48:54.669 18010 18026 I OpenVRAPI: vrapi_SubmitFrame2(0xee119a90, 0xe27b4cd8) -> 0
02-17 21:48:54.669 18010 18026 I OpenVRAPI: vrapi_GetTimeInSeconds() -> 1739850534.669471
02-17 21:48:54.669 18010 18026 I OpenVRAPI: vrapi_GetPredictedDisplayTime(0xee119a90, 1653) -> 1739850548.444471
02-17 21:48:54.669 18010 18026 I OpenVRAPI: vrapi_GetPredictedTracking2(0xee119a90, 1739850548.444471) -> [struct]
02-17 21:48:54.669 18010 18026 I OpenVRAPI: vrapi_GetTimeInSeconds() -> 1739850534.669550
02-17 21:48:54.671 18010 18026 W OpenVRAPI: hewo?
02-17 21:48:54.671 18010 18026 I OpenVRAPI: vrapi_SubmitFrame2(0xee119a90, 0xe27b4cd8) -> 0
02-17 21:48:54.671 18010 18026 I OpenVRAPI: vrapi_GetTimeInSeconds() -> 1739850534.671311
02-17 21:48:54.671 18010 18026 I OpenVRAPI: vrapi_GetPredictedDisplayTime(0xee119a90, 1654) -> 1739850548.454644
02-17 21:48:54.671 18010 18026 I OpenVRAPI: vrapi_GetPredictedTracking2(0xee119a90, 1739850548.454644) -> [struct]
02-17 21:48:54.671 18010 18026 I OpenVRAPI: vrapi_GetTimeInSeconds() -> 1739850534.671410
02-17 21:48:54.673 18010 18026 W OpenVRAPI: hewo?
02-17 21:48:54.673 18010 18026 I OpenVRAPI: vrapi_SubmitFrame2(0xee119a90, 0xe27b4cd8) -> 0
02-17 21:48:54.673 18010 18026 I OpenVRAPI: vrapi_GetTimeInSeconds() -> 1739850534.673132
02-17 21:48:54.673 18010 18026 I OpenVRAPI: vrapi_GetPredictedDisplayTime(0xee119a90, 1655) -> 1739850548.464799
02-17 21:48:54.673 18010 18026 I OpenVRAPI: vrapi_GetPredictedTracking2(0xee119a90, 1739850548.464799) -> [struct]
02-17 21:48:54.673 18010 18026 I OpenVRAPI: vrapi_GetTimeInSeconds() -> 1739850534.673191
02-17 21:48:54.674 18010 18026 W OpenVRAPI: hewo?
02-17 21:48:54.674 18010 18026 I OpenVRAPI: vrapi_SubmitFrame2(0xee119a90, 0xe27b4cd8) -> 0
02-17 21:48:54.675 18010 18026 I OpenVRAPI: vrapi_GetTimeInSeconds() -> 1739850534.674998
02-17 21:48:54.675 18010 18026 I OpenVRAPI: vrapi_GetPredictedDisplayTime(0xee119a90, 1656) -> 1739850548.474998
02-17 21:48:54.675 18010 18026 I OpenVRAPI: vrapi_GetPredictedTracking2(0xee119a90, 1739850548.474998) -> [struct]
02-17 21:48:54.675 18010 18026 I OpenVRAPI: vrapi_GetTimeInSeconds() -> 1739850534.675070
02-17 21:48:54.676 18010 18026 W OpenVRAPI: hewo?
02-17 21:48:54.676 18010 18026 I OpenVRAPI: vrapi_SubmitFrame2(0xee119a90, 0xe27b4cd8) -> 0
02-17 21:48:54.676 18010 18026 I OpenVRAPI: vrapi_GetTimeInSeconds() -> 1739850534.676890
02-17 21:48:54.676 18010 18026 I OpenVRAPI: vrapi_GetPredictedDisplayTime(0xee119a90, 1657) -> 1739850548.485224
02-17 21:48:54.676 18010 18026 I OpenVRAPI: vrapi_GetPredictedTracking2(0xee119a90, 1739850548.485224) -> [struct]
02-17 21:48:54.676 18010 18026 I OpenVRAPI: vrapi_GetTimeInSeconds() -> 1739850534.676943
02-17 21:48:54.678 18010 18026 W OpenVRAPI: hewo?
02-17 21:48:54.678 18010 18026 I OpenVRAPI: vrapi_SubmitFrame2(0xee119a90, 0xe27b4cd8) -> 0
02-17 21:48:54.678 18010 18026 I OpenVRAPI: vrapi_GetTimeInSeconds() -> 1739850534.678753
02-17 21:48:54.678 18010 18026 I OpenVRAPI: vrapi_GetPredictedDisplayTime(0xee119a90, 1658) -> 1739850548.495420
02-17 21:48:54.678 18010 18026 I OpenVRAPI: vrapi_GetPredictedTracking2(0xee119a90, 1739850548.495420) -> [struct]
02-17 21:48:54.678 18010 18026 I OpenVRAPI: vrapi_GetTimeInSeconds() -> 1739850534.678813
02-17 21:48:54.680 18010 18026 W OpenVRAPI: hewo?
02-17 21:48:54.680 18010 18026 I OpenVRAPI: vrapi_SubmitFrame2(0xee119a90, 0xe27b4cd8) -> 0
02-17 21:48:54.680 18010 18026 I OpenVRAPI: vrapi_GetTimeInSeconds() -> 1739850534.680600
02-17 21:48:54.680 18010 18026 I OpenVRAPI: vrapi_GetPredictedDisplayTime(0xee119a90, 1659) -> 1739850548.505600
02-17 21:48:54.680 18010 18026 I OpenVRAPI: vrapi_GetPredictedTracking2(0xee119a90, 1739850548.505600) -> [struct]
02-17 21:48:54.680 18010 18026 I OpenVRAPI: vrapi_GetTimeInSeconds() -> 1739850534.680660
02-17 21:48:54.682 18010 18026 W OpenVRAPI: hewo?
02-17 21:48:54.682 18010 18026 I OpenVRAPI: vrapi_SubmitFrame2(0xee119a90, 0xe27b4cd8) -> 0
02-17 21:48:54.682 18010 18026 I OpenVRAPI: vrapi_GetTimeInSeconds() -> 1739850534.682457
02-17 21:48:54.682 18010 18026 I OpenVRAPI: vrapi_GetPredictedDisplayTime(0xee119a90, 1660) -> 1739850548.515791
02-17 21:48:54.682 18010 18026 I OpenVRAPI: vrapi_GetPredictedTracking2(0xee119a90, 1739850548.515791) -> [struct]
02-17 21:48:54.682 18010 18026 I OpenVRAPI: vrapi_GetTimeInSeconds() -> 1739850534.682515
02-17 21:48:54.684 18010 18026 W OpenVRAPI: hewo?
02-17 21:48:54.684 18010 18026 I OpenVRAPI: vrapi_SubmitFrame2(0xee119a90, 0xe27b4cd8) -> 0
02-17 21:48:54.684 18010 18026 I OpenVRAPI: vrapi_GetTimeInSeconds() -> 1739850534.684328
02-17 21:48:54.684 18010 18026 I OpenVRAPI: vrapi_GetPredictedDisplayTime(0xee119a90, 1661) -> 1739850548.525994
02-17 21:48:54.684 18010 18026 I OpenVRAPI: vrapi_GetPredictedTracking2(0xee119a90, 1739850548.525994) -> [struct]
02-17 21:48:54.684 18010 18026 I OpenVRAPI: vrapi_GetTimeInSeconds() -> 1739850534.684396
02-17 21:48:54.686 18010 18026 W OpenVRAPI: hewo?
02-17 21:48:54.686 18010 18026 I OpenVRAPI: vrapi_SubmitFrame2(0xee119a90, 0xe27b4cd8) -> 0
02-17 21:48:54.686 18010 18026 I OpenVRAPI: vrapi_GetTimeInSeconds() -> 1739850534.686177
02-17 21:48:54.686 18010 18026 I OpenVRAPI: vrapi_GetPredictedDisplayTime(0xee119a90, 1662) -> 1739850548.536177
02-17 21:48:54.686 18010 18026 I OpenVRAPI: vrapi_GetPredictedTracking2(0xee119a90, 1739850548.536177) -> [struct]
02-17 21:48:54.686 18010 18026 I OpenVRAPI: vrapi_GetTimeInSeconds() -> 1739850534.686236
02-17 21:48:54.687 18010 18026 W OpenVRAPI: hewo?
02-17 21:48:54.688 18010 18026 I OpenVRAPI: vrapi_SubmitFrame2(0xee119a90, 0xe27b4cd8) -> 0
02-17 21:48:54.688 18010 18026 I OpenVRAPI: vrapi_GetTimeInSeconds() -> 1739850534.688030
02-17 21:48:54.688 18010 18026 I OpenVRAPI: vrapi_GetPredictedDisplayTime(0xee119a90, 1663) -> 1739850548.546364
02-17 21:48:54.688 18010 18026 I OpenVRAPI: vrapi_GetPredictedTracking2(0xee119a90, 1739850548.546364) -> [struct]
02-17 21:48:54.688 18010 18026 I OpenVRAPI: vrapi_GetTimeInSeconds() -> 1739850534.688109
02-17 21:48:54.689 18010 18026 W OpenVRAPI: hewo?
02-17 21:48:54.689 18010 18026 I OpenVRAPI: vrapi_SubmitFrame2(0xee119a90, 0xe27b4cd8) -> 0
02-17 21:48:54.689 18010 18026 I OpenVRAPI: vrapi_GetTimeInSeconds() -> 1739850534.689908
02-17 21:48:54.689 18010 18026 I OpenVRAPI: vrapi_GetPredictedDisplayTime(0xee119a90, 1664) -> 1739850548.556575
02-17 21:48:54.689 18010 18026 I OpenVRAPI: vrapi_GetPredictedTracking2(0xee119a90, 1739850548.556575) -> [struct]
02-17 21:48:54.689 18010 18026 I OpenVRAPI: vrapi_GetTimeInSeconds() -> 1739850534.689972
02-17 21:48:54.691 18010 18026 W OpenVRAPI: hewo?
02-17 21:48:54.691 18010 18026 I OpenVRAPI: vrapi_SubmitFrame2(0xee119a90, 0xe27b4cd8) -> 0
02-17 21:48:54.691 18010 18026 I OpenVRAPI: vrapi_GetTimeInSeconds() -> 1739850534.691813
02-17 21:48:54.691 18010 18026 I OpenVRAPI: vrapi_GetPredictedDisplayTime(0xee119a90, 1665) -> 1739850548.566813
02-17 21:48:54.691 18010 18026 I OpenVRAPI: vrapi_GetPredictedTracking2(0xee119a90, 1739850548.566813) -> [struct]
02-17 21:48:54.691 18010 18026 I OpenVRAPI: vrapi_GetTimeInSeconds() -> 1739850534.691892
02-17 21:48:54.693 18010 18026 W OpenVRAPI: hewo?
02-17 21:48:54.693 18010 18026 I OpenVRAPI: vrapi_SubmitFrame2(0xee119a90, 0xe27b4cd8) -> 0
02-17 21:48:54.693 18010 18026 I OpenVRAPI: vrapi_GetTimeInSeconds() -> 1739850534.693612
02-17 21:48:54.693 18010 18026 I OpenVRAPI: vrapi_GetPredictedDisplayTime(0xee119a90, 1666) -> 1739850548.576945
02-17 21:48:54.693 18010 18026 I OpenVRAPI: vrapi_GetPredictedTracking2(0xee119a90, 1739850548.576945) -> [struct]
02-17 21:48:54.693 18010 18026 I OpenVRAPI: vrapi_GetTimeInSeconds() -> 1739850534.693657
02-17 21:48:54.695 18010 18026 W OpenVRAPI: hewo?
02-17 21:48:54.695 18010 18026 I OpenVRAPI: vrapi_SubmitFrame2(0xee119a90, 0xe27b4cd8) -> 0
02-17 21:48:54.695 18010 18026 I OpenVRAPI: vrapi_GetTimeInSeconds() -> 1739850534.695515
02-17 21:48:54.695 18010 18026 I OpenVRAPI: vrapi_GetPredictedDisplayTime(0xee119a90, 1667) -> 1739850548.587182
02-17 21:48:54.695 18010 18026 I OpenVRAPI: vrapi_GetPredictedTracking2(0xee119a90, 1739850548.587182) -> [struct]
02-17 21:48:54.695 18010 18026 I OpenVRAPI: vrapi_GetTimeInSeconds() -> 1739850534.695555
02-17 21:48:54.697 18010 18026 W OpenVRAPI: hewo?
02-17 21:48:54.697 18010 18026 I OpenVRAPI: vrapi_SubmitFrame2(0xee119a90, 0xe27b4cd8) -> 0
02-17 21:48:54.697 18010 18026 I OpenVRAPI: vrapi_GetTimeInSeconds() -> 1739850534.697367
02-17 21:48:54.697 18010 18026 I OpenVRAPI: vrapi_GetPredictedDisplayTime(0xee119a90, 1668) -> 1739850548.597367
02-17 21:48:54.697 18010 18026 I OpenVRAPI: vrapi_GetPredictedTracking2(0xee119a90, 1739850548.597367) -> [struct]
02-17 21:48:54.697 18010 18026 I OpenVRAPI: vrapi_GetTimeInSeconds() -> 1739850534.697420
02-17 21:48:54.699 18010 18026 W OpenVRAPI: hewo?
02-17 21:48:54.699 18010 18026 I OpenVRAPI: vrapi_SubmitFrame2(0xee119a90, 0xe27b4cd8) -> 0
02-17 21:48:54.699 18010 18026 I OpenVRAPI: vrapi_GetTimeInSeconds() -> 1739850534.699237
02-17 21:48:54.699 18010 18026 I OpenVRAPI: vrapi_GetPredictedDisplayTime(0xee119a90, 1669) -> 1739850548.607571
02-17 21:48:54.699 18010 18026 I OpenVRAPI: vrapi_GetPredictedTracking2(0xee119a90, 1739850548.607571) -> [struct]
02-17 21:48:54.699 18010 18026 I OpenVRAPI: vrapi_GetTimeInSeconds() -> 1739850534.699284
02-17 21:48:54.701 18010 18026 W OpenVRAPI: hewo?
02-17 21:48:54.701 18010 18026 I OpenVRAPI: vrapi_SubmitFrame2(0xee119a90, 0xe27b4cd8) -> 0
02-17 21:48:54.701 18010 18026 I OpenVRAPI: vrapi_GetTimeInSeconds() -> 1739850534.701083
02-17 21:48:54.701 18010 18026 I OpenVRAPI: vrapi_GetPredictedDisplayTime(0xee119a90, 1670) -> 1739850548.617750
02-17 21:48:54.701 18010 18026 I OpenVRAPI: vrapi_GetPredictedTracking2(0xee119a90, 1739850548.617750) -> [struct]
02-17 21:48:54.701 18010 18026 I OpenVRAPI: vrapi_GetTimeInSeconds() -> 1739850534.701130
02-17 21:48:54.702 18010 18026 W OpenVRAPI: hewo?
02-17 21:48:54.702 18010 18026 I OpenVRAPI: vrapi_SubmitFrame2(0xee119a90, 0xe27b4cd8) -> 0
02-17 21:48:54.702 18010 18026 I OpenVRAPI: vrapi_GetTimeInSeconds() -> 1739850534.702945
02-17 21:48:54.702 18010 18026 I OpenVRAPI: vrapi_GetPredictedDisplayTime(0xee119a90, 1671) -> 1739850548.627945
02-17 21:48:54.702 18010 18026 I OpenVRAPI: vrapi_GetPredictedTracking2(0xee119a90, 1739850548.627945) -> [struct]
02-17 21:48:54.702 18010 18026 I OpenVRAPI: vrapi_GetTimeInSeconds() -> 1739850534.702992
02-17 21:48:54.704 18010 18026 W OpenVRAPI: hewo?
02-17 21:48:54.704 18010 18026 I OpenVRAPI: vrapi_SubmitFrame2(0xee119a90, 0xe27b4cd8) -> 0
02-17 21:48:54.704 18010 18026 I OpenVRAPI: vrapi_GetTimeInSeconds() -> 1739850534.704806
02-17 21:48:54.704 18010 18026 I OpenVRAPI: vrapi_GetPredictedDisplayTime(0xee119a90, 1672) -> 1739850548.638139
02-17 21:48:54.704 18010 18026 I OpenVRAPI: vrapi_GetPredictedTracking2(0xee119a90, 1739850548.638139) -> [struct]
02-17 21:48:54.704 18010 18026 I OpenVRAPI: vrapi_GetTimeInSeconds() -> 1739850534.704862
02-17 21:48:54.706 18010 18026 W OpenVRAPI: hewo?
02-17 21:48:54.706 18010 18026 I OpenVRAPI: vrapi_SubmitFrame2(0xee119a90, 0xe27b4cd8) -> 0
02-17 21:48:54.706 18010 18026 I OpenVRAPI: vrapi_GetTimeInSeconds() -> 1739850534.706679
02-17 21:48:54.706 18010 18026 I OpenVRAPI: vrapi_GetPredictedDisplayTime(0xee119a90, 1673) -> 1739850548.648346
02-17 21:48:54.706 18010 18026 I OpenVRAPI: vrapi_GetPredictedTracking2(0xee119a90, 1739850548.648346) -> [struct]
02-17 21:48:54.706 18010 18026 I OpenVRAPI: vrapi_GetTimeInSeconds() -> 1739850534.706722
02-17 21:48:54.708 18010 18026 W OpenVRAPI: hewo?
02-17 21:48:54.708 18010 18026 I OpenVRAPI: vrapi_SubmitFrame2(0xee119a90, 0xe27b4cd8) -> 0
02-17 21:48:54.708 18010 18026 I OpenVRAPI: vrapi_GetTimeInSeconds() -> 1739850534.708549
02-17 21:48:54.708 18010 18026 I OpenVRAPI: vrapi_GetPredictedDisplayTime(0xee119a90, 1674) -> 1739850548.658550
02-17 21:48:54.708 18010 18026 I OpenVRAPI: vrapi_GetPredictedTracking2(0xee119a90, 1739850548.658550) -> [struct]
02-17 21:48:54.708 18010 18026 I OpenVRAPI: vrapi_GetTimeInSeconds() -> 1739850534.708600
02-17 21:48:54.710 18010 18026 W OpenVRAPI: hewo?
02-17 21:48:54.710 18010 18026 I OpenVRAPI: vrapi_SubmitFrame2(0xee119a90, 0xe27b4cd8) -> 0
02-17 21:48:54.710 18010 18026 I OpenVRAPI: vrapi_GetTimeInSeconds() -> 1739850534.710451
02-17 21:48:54.710 18010 18026 I OpenVRAPI: vrapi_GetPredictedDisplayTime(0xee119a90, 1675) -> 1739850548.668785
02-17 21:48:54.710 18010 18026 I OpenVRAPI: vrapi_GetPredictedTracking2(0xee119a90, 1739850548.668785) -> [struct]
02-17 21:48:54.710 18010 18026 I OpenVRAPI: vrapi_GetTimeInSeconds() -> 1739850534.710492
02-17 21:48:54.712 18010 18026 W OpenVRAPI: hewo?
02-17 21:48:54.712 18010 18026 I OpenVRAPI: vrapi_SubmitFrame2(0xee119a90, 0xe27b4cd8) -> 0
02-17 21:48:54.712 18010 18026 I OpenVRAPI: vrapi_GetTimeInSeconds() -> 1739850534.712288
02-17 21:48:54.712 18010 18026 I OpenVRAPI: vrapi_GetPredictedDisplayTime(0xee119a90, 1676) -> 1739850548.678955
02-17 21:48:54.712 18010 18026 I OpenVRAPI: vrapi_GetPredictedTracking2(0xee119a90, 1739850548.678955) -> [struct]
02-17 21:48:54.712 18010 18026 I OpenVRAPI: vrapi_GetTimeInSeconds() -> 1739850534.712335
02-17 21:48:54.714 18010 18026 W OpenVRAPI: hewo?
02-17 21:48:54.714 18010 18026 I OpenVRAPI: vrapi_SubmitFrame2(0xee119a90, 0xe27b4cd8) -> 0
02-17 21:48:54.714 18010 18026 I OpenVRAPI: vrapi_GetTimeInSeconds() -> 1739850534.714146
02-17 21:48:54.714 18010 18026 I OpenVRAPI: vrapi_GetPredictedDisplayTime(0xee119a90, 1677) -> 1739850548.689146
02-17 21:48:54.714 18010 18026 I OpenVRAPI: vrapi_GetPredictedTracking2(0xee119a90, 1739850548.689146) -> [struct]
02-17 21:48:54.714 18010 18026 I OpenVRAPI: vrapi_GetTimeInSeconds() -> 1739850534.714191
02-17 21:48:54.715 18010 18026 W OpenVRAPI: hewo?
02-17 21:48:54.715 18010 18026 I OpenVRAPI: vrapi_SubmitFrame2(0xee119a90, 0xe27b4cd8) -> 0
02-17 21:48:54.716 18010 18026 I OpenVRAPI: vrapi_GetTimeInSeconds() -> 1739850534.716008
02-17 21:48:54.716 18010 18026 I OpenVRAPI: vrapi_GetPredictedDisplayTime(0xee119a90, 1678) -> 1739850548.699341
02-17 21:48:54.716 18010 18026 I OpenVRAPI: vrapi_GetPredictedTracking2(0xee119a90, 1739850548.699341) -> [struct]
02-17 21:48:54.716 18010 18026 I OpenVRAPI: vrapi_GetTimeInSeconds() -> 1739850534.716055
02-17 21:48:54.717 18010 18026 W OpenVRAPI: hewo?
02-17 21:48:54.717 18010 18026 I OpenVRAPI: vrapi_SubmitFrame2(0xee119a90, 0xe27b4cd8) -> 0
02-17 21:48:54.717 18010 18026 I OpenVRAPI: vrapi_GetTimeInSeconds() -> 1739850534.717865
02-17 21:48:54.717 18010 18026 I OpenVRAPI: vrapi_GetPredictedDisplayTime(0xee119a90, 1679) -> 1739850548.709532
02-17 21:48:54.717 18010 18026 I OpenVRAPI: vrapi_GetPredictedTracking2(0xee119a90, 1739850548.709532) -> [struct]
02-17 21:48:54.717 18010 18026 I OpenVRAPI: vrapi_GetTimeInSeconds() -> 1739850534.717912
02-17 21:48:54.719 18010 18026 W OpenVRAPI: hewo?
02-17 21:48:54.719 18010 18026 I OpenVRAPI: vrapi_SubmitFrame2(0xee119a90, 0xe27b4cd8) -> 0
02-17 21:48:54.719 18010 18026 I OpenVRAPI: vrapi_GetTimeInSeconds() -> 1739850534.719730
02-17 21:48:54.719 18010 18026 I OpenVRAPI: vrapi_GetPredictedDisplayTime(0xee119a90, 1680) -> 1739850548.719730
02-17 21:48:54.719 18010 18026 I OpenVRAPI: vrapi_GetPredictedTracking2(0xee119a90, 1739850548.719730) -> [struct]
02-17 21:48:54.719 18010 18026 I OpenVRAPI: vrapi_GetTimeInSeconds() -> 1739850534.719777
02-17 21:48:54.721 18010 18026 W OpenVRAPI: hewo?
02-17 21:48:54.721 18010 18026 I OpenVRAPI: vrapi_SubmitFrame2(0xee119a90, 0xe27b4cd8) -> 0
02-17 21:48:54.721 18010 18026 I OpenVRAPI: vrapi_GetTimeInSeconds() -> 1739850534.721592
02-17 21:48:54.721 18010 18026 I OpenVRAPI: vrapi_GetPredictedDisplayTime(0xee119a90, 1681) -> 1739850548.729925
02-17 21:48:54.721 18010 18026 I OpenVRAPI: vrapi_GetPredictedTracking2(0xee119a90, 1739850548.729925) -> [struct]
02-17 21:48:54.721 18010 18026 I OpenVRAPI: vrapi_GetTimeInSeconds() -> 1739850534.721639
02-17 21:48:54.723 18010 18026 W OpenVRAPI: hewo?
02-17 21:48:54.723 18010 18026 I OpenVRAPI: vrapi_SubmitFrame2(0xee119a90, 0xe27b4cd8) -> 0
02-17 21:48:54.723 18010 18026 I OpenVRAPI: vrapi_GetTimeInSeconds() -> 1739850534.723445
02-17 21:48:54.723 18010 18026 I OpenVRAPI: vrapi_GetPredictedDisplayTime(0xee119a90, 1682) -> 1739850548.740111
02-17 21:48:54.723 18010 18026 I OpenVRAPI: vrapi_GetPredictedTracking2(0xee119a90, 1739850548.740111) -> [struct]
02-17 21:48:54.723 18010 18026 I OpenVRAPI: vrapi_GetTimeInSeconds() -> 1739850534.723485
02-17 21:48:54.725 18010 18026 W OpenVRAPI: hewo?
02-17 21:48:54.725 18010 18026 I OpenVRAPI: vrapi_SubmitFrame2(0xee119a90, 0xe27b4cd8) -> 0
02-17 21:48:54.725 18010 18026 I OpenVRAPI: vrapi_GetTimeInSeconds() -> 1739850534.725312
02-17 21:48:54.725 18010 18026 I OpenVRAPI: vrapi_GetPredictedDisplayTime(0xee119a90, 1683) -> 1739850548.750312
02-17 21:48:54.725 18010 18026 I OpenVRAPI: vrapi_GetPredictedTracking2(0xee119a90, 1739850548.750312) -> [struct]
02-17 21:48:54.725 18010 18026 I OpenVRAPI: vrapi_GetTimeInSeconds() -> 1739850534.725359
02-17 21:48:54.727 18010 18026 W OpenVRAPI: hewo?
02-17 21:48:54.727 18010 18026 I OpenVRAPI: vrapi_SubmitFrame2(0xee119a90, 0xe27b4cd8) -> 0
02-17 21:48:54.727 18010 18026 I OpenVRAPI: vrapi_GetTimeInSeconds() -> 1739850534.727186
02-17 21:48:54.727 18010 18026 I OpenVRAPI: vrapi_GetPredictedDisplayTime(0xee119a90, 1684) -> 1739850548.760519
02-17 21:48:54.727 18010 18026 I OpenVRAPI: vrapi_GetPredictedTracking2(0xee119a90, 1739850548.760519) -> [struct]
02-17 21:48:54.727 18010 18026 I OpenVRAPI: vrapi_GetTimeInSeconds() -> 1739850534.727228
02-17 21:48:54.729 18010 18026 W OpenVRAPI: hewo?
02-17 21:48:54.729 18010 18026 I OpenVRAPI: vrapi_SubmitFrame2(0xee119a90, 0xe27b4cd8) -> 0
02-17 21:48:54.729 18010 18026 I OpenVRAPI: vrapi_GetTimeInSeconds() -> 1739850534.729059
02-17 21:48:54.729 18010 18026 I OpenVRAPI: vrapi_GetPredictedDisplayTime(0xee119a90, 1685) -> 1739850548.770726
02-17 21:48:54.729 18010 18026 I OpenVRAPI: vrapi_GetPredictedTracking2(0xee119a90, 1739850548.770726) -> [struct]
02-17 21:48:54.729 18010 18026 I OpenVRAPI: vrapi_GetTimeInSeconds() -> 1739850534.729107
02-17 21:48:54.730 18010 18026 W OpenVRAPI: hewo?
02-17 21:48:54.730 18010 18026 I OpenVRAPI: vrapi_SubmitFrame2(0xee119a90, 0xe27b4cd8) -> 0
02-17 21:48:54.730 18010 18026 I OpenVRAPI: vrapi_GetTimeInSeconds() -> 1739850534.730906
02-17 21:48:54.730 18010 18026 I OpenVRAPI: vrapi_GetPredictedDisplayTime(0xee119a90, 1686) -> 1739850548.780906
02-17 21:48:54.730 18010 18026 I OpenVRAPI: vrapi_GetPredictedTracking2(0xee119a90, 1739850548.780906) -> [struct]
02-17 21:48:54.730 18010 18026 I OpenVRAPI: vrapi_GetTimeInSeconds() -> 1739850534.730960
02-17 21:48:54.732 18010 18026 W OpenVRAPI: hewo?
02-17 21:48:54.732 18010 18026 I OpenVRAPI: vrapi_SubmitFrame2(0xee119a90, 0xe27b4cd8) -> 0
02-17 21:48:54.732 18010 18026 I OpenVRAPI: vrapi_GetTimeInSeconds() -> 1739850534.732755
02-17 21:48:54.732 18010 18026 I OpenVRAPI: vrapi_GetPredictedDisplayTime(0xee119a90, 1687) -> 1739850548.791088
02-17 21:48:54.732 18010 18026 I OpenVRAPI: vrapi_GetPredictedTracking2(0xee119a90, 1739850548.791088) -> [struct]
02-17 21:48:54.732 18010 18026 I OpenVRAPI: vrapi_GetTimeInSeconds() -> 1739850534.732801
02-17 21:48:54.734 18010 18026 W OpenVRAPI: hewo?
02-17 21:48:54.734 18010 18026 I OpenVRAPI: vrapi_SubmitFrame2(0xee119a90, 0xe27b4cd8) -> 0
02-17 21:48:54.734 18010 18026 I OpenVRAPI: vrapi_GetTimeInSeconds() -> 1739850534.734845
02-17 21:48:54.734 18010 18026 I OpenVRAPI: vrapi_GetPredictedDisplayTime(0xee119a90, 1688) -> 1739850548.801511
02-17 21:48:54.734 18010 18026 I OpenVRAPI: vrapi_GetPredictedTracking2(0xee119a90, 1739850548.801511) -> [struct]
02-17 21:48:54.734 18010 18026 I OpenVRAPI: vrapi_GetTimeInSeconds() -> 1739850534.734923
02-17 21:48:54.736 18010 18026 W OpenVRAPI: hewo?
02-17 21:48:54.736 18010 18026 I OpenVRAPI: vrapi_SubmitFrame2(0xee119a90, 0xe27b4cd8) -> 0
02-17 21:48:54.736 18010 18026 I OpenVRAPI: vrapi_GetTimeInSeconds() -> 1739850534.736571
02-17 21:48:54.736 18010 18026 I OpenVRAPI: vrapi_GetPredictedDisplayTime(0xee119a90, 1689) -> 1739850548.811571
02-17 21:48:54.736 18010 18026 I OpenVRAPI: vrapi_GetPredictedTracking2(0xee119a90, 1739850548.811571) -> [struct]
02-17 21:48:54.736 18010 18026 I OpenVRAPI: vrapi_GetTimeInSeconds() -> 1739850534.736648
02-17 21:48:54.738 18010 18026 W OpenVRAPI: hewo?
02-17 21:48:54.738 18010 18026 I OpenVRAPI: vrapi_SubmitFrame2(0xee119a90, 0xe27b4cd8) -> 0
02-17 21:48:54.738 18010 18026 I OpenVRAPI: vrapi_GetTimeInSeconds() -> 1739850534.738502
02-17 21:48:54.738 18010 18026 I OpenVRAPI: vrapi_GetPredictedDisplayTime(0xee119a90, 1690) -> 1739850548.821835
02-17 21:48:54.738 18010 18026 I OpenVRAPI: vrapi_GetPredictedTracking2(0xee119a90, 1739850548.821835) -> [struct]
02-17 21:48:54.738 18010 18026 I OpenVRAPI: vrapi_GetTimeInSeconds() -> 1739850534.738615
02-17 21:48:54.740 18010 18026 W OpenVRAPI: hewo?
02-17 21:48:54.740 18010 18026 I OpenVRAPI: vrapi_SubmitFrame2(0xee119a90, 0xe27b4cd8) -> 0
02-17 21:48:54.740 18010 18026 I OpenVRAPI: vrapi_GetTimeInSeconds() -> 1739850534.740200
02-17 21:48:54.740 18010 18026 I OpenVRAPI: vrapi_GetPredictedDisplayTime(0xee119a90, 1691) -> 1739850548.831867
02-17 21:48:54.740 18010 18026 I OpenVRAPI: vrapi_GetPredictedTracking2(0xee119a90, 1739850548.831867) -> [struct]
02-17 21:48:54.740 18010 18026 I OpenVRAPI: vrapi_GetTimeInSeconds() -> 1739850534.740242
02-17 21:48:54.742 18010 18026 W OpenVRAPI: hewo?
02-17 21:48:54.742 18010 18026 I OpenVRAPI: vrapi_SubmitFrame2(0xee119a90, 0xe27b4cd8) -> 0
02-17 21:48:54.742 18010 18026 I OpenVRAPI: vrapi_GetTimeInSeconds() -> 1739850534.742070
02-17 21:48:54.742 18010 18026 I OpenVRAPI: vrapi_GetPredictedDisplayTime(0xee119a90, 1692) -> 1739850548.842070
02-17 21:48:54.742 18010 18026 I OpenVRAPI: vrapi_GetPredictedTracking2(0xee119a90, 1739850548.842070) -> [struct]
02-17 21:48:54.742 18010 18026 I OpenVRAPI: vrapi_GetTimeInSeconds() -> 1739850534.742111
02-17 21:48:54.743 18010 18026 W OpenVRAPI: hewo?
02-17 21:48:54.743 18010 18026 I OpenVRAPI: vrapi_SubmitFrame2(0xee119a90, 0xe27b4cd8) -> 0
02-17 21:48:54.743 18010 18026 I OpenVRAPI: vrapi_GetTimeInSeconds() -> 1739850534.743951
02-17 21:48:54.743 18010 18026 I OpenVRAPI: vrapi_GetPredictedDisplayTime(0xee119a90, 1693) -> 1739850548.852284
02-17 21:48:54.743 18010 18026 I OpenVRAPI: vrapi_GetPredictedTracking2(0xee119a90, 1739850548.852284) -> [struct]
02-17 21:48:54.743 18010 18026 I OpenVRAPI: vrapi_GetTimeInSeconds() -> 1739850534.743993
02-17 21:48:54.745 18010 18026 W OpenVRAPI: hewo?
02-17 21:48:54.745 18010 18026 I OpenVRAPI: vrapi_SubmitFrame2(0xee119a90, 0xe27b4cd8) -> 0
02-17 21:48:54.745 18010 18026 I OpenVRAPI: vrapi_GetTimeInSeconds() -> 1739850534.745799
02-17 21:48:54.745 18010 18026 I OpenVRAPI: vrapi_GetPredictedDisplayTime(0xee119a90, 1694) -> 1739850548.862466
02-17 21:48:54.745 18010 18026 I OpenVRAPI: vrapi_GetPredictedTracking2(0xee119a90, 1739850548.862466) -> [struct]
02-17 21:48:54.745 18010 18026 I OpenVRAPI: vrapi_GetTimeInSeconds() -> 1739850534.745840
02-17 21:48:54.747 18010 18026 W OpenVRAPI: hewo?
02-17 21:48:54.747 18010 18026 I OpenVRAPI: vrapi_SubmitFrame2(0xee119a90, 0xe27b4cd8) -> 0
02-17 21:48:54.747 18010 18026 I OpenVRAPI: vrapi_GetTimeInSeconds() -> 1739850534.747652
02-17 21:48:54.747 18010 18026 I OpenVRAPI: vrapi_GetPredictedDisplayTime(0xee119a90, 1695) -> 1739850548.872652
02-17 21:48:54.747 18010 18026 I OpenVRAPI: vrapi_GetPredictedTracking2(0xee119a90, 1739850548.872652) -> [struct]
02-17 21:48:54.747 18010 18026 I OpenVRAPI: vrapi_GetTimeInSeconds() -> 1739850534.747704
02-17 21:48:54.749 18010 18026 W OpenVRAPI: hewo?
02-17 21:48:54.749 18010 18026 I OpenVRAPI: vrapi_SubmitFrame2(0xee119a90, 0xe27b4cd8) -> 0
02-17 21:48:54.749 18010 18026 I OpenVRAPI: vrapi_GetTimeInSeconds() -> 1739850534.749523
02-17 21:48:54.749 18010 18026 I OpenVRAPI: vrapi_GetPredictedDisplayTime(0xee119a90, 1696) -> 1739850548.882856
02-17 21:48:54.749 18010 18026 I OpenVRAPI: vrapi_GetPredictedTracking2(0xee119a90, 1739850548.882856) -> [struct]
02-17 21:48:54.749 18010 18026 I OpenVRAPI: vrapi_GetTimeInSeconds() -> 1739850534.749573
02-17 21:48:54.751 18010 18026 W OpenVRAPI: hewo?
02-17 21:48:54.751 18010 18026 I OpenVRAPI: vrapi_SubmitFrame2(0xee119a90, 0xe27b4cd8) -> 0
02-17 21:48:54.751 18010 18026 I OpenVRAPI: vrapi_GetTimeInSeconds() -> 1739850534.751386
02-17 21:48:54.751 18010 18026 I OpenVRAPI: vrapi_GetPredictedDisplayTime(0xee119a90, 1697) -> 1739850548.893053
02-17 21:48:54.751 18010 18026 I OpenVRAPI: vrapi_GetPredictedTracking2(0xee119a90, 1739850548.893053) -> [struct]
02-17 21:48:54.751 18010 18026 I OpenVRAPI: vrapi_GetTimeInSeconds() -> 1739850534.751427
02-17 21:48:54.753 18010 18026 W OpenVRAPI: hewo?
02-17 21:48:54.753 18010 18026 I OpenVRAPI: vrapi_SubmitFrame2(0xee119a90, 0xe27b4cd8) -> 0
02-17 21:48:54.753 18010 18026 I OpenVRAPI: vrapi_GetTimeInSeconds() -> 1739850534.753236
02-17 21:48:54.753 18010 18026 I OpenVRAPI: vrapi_GetPredictedDisplayTime(0xee119a90, 1698) -> 1739850548.903236
02-17 21:48:54.753 18010 18026 I OpenVRAPI: vrapi_GetPredictedTracking2(0xee119a90, 1739850548.903236) -> [struct]
02-17 21:48:54.753 18010 18026 I OpenVRAPI: vrapi_GetTimeInSeconds() -> 1739850534.753282
02-17 21:48:54.755 18010 18026 W OpenVRAPI: hewo?
02-17 21:48:54.755 18010 18026 I OpenVRAPI: vrapi_SubmitFrame2(0xee119a90, 0xe27b4cd8) -> 0
02-17 21:48:54.755 18010 18026 I OpenVRAPI: vrapi_GetTimeInSeconds() -> 1739850534.755157
02-17 21:48:54.755 18010 18026 I OpenVRAPI: vrapi_GetPredictedDisplayTime(0xee119a90, 1699) -> 1739850548.913490
02-17 21:48:54.755 18010 18026 I OpenVRAPI: vrapi_GetPredictedTracking2(0xee119a90, 1739850548.913490) -> [struct]
02-17 21:48:54.755 18010 18026 I OpenVRAPI: vrapi_GetTimeInSeconds() -> 1739850534.755204
02-17 21:48:54.756 18010 18026 W OpenVRAPI: hewo?
02-17 21:48:54.756 18010 18026 I OpenVRAPI: vrapi_SubmitFrame2(0xee119a90, 0xe27b4cd8) -> 0
02-17 21:48:54.756 18010 18026 I OpenVRAPI: vrapi_GetTimeInSeconds() -> 1739850534.756964
02-17 21:48:54.756 18010 18026 I OpenVRAPI: vrapi_GetPredictedDisplayTime(0xee119a90, 1700) -> 1739850548.923631
02-17 21:48:54.756 18010 18026 I OpenVRAPI: vrapi_GetPredictedTracking2(0xee119a90, 1739850548.923631) -> [struct]
02-17 21:48:54.757 18010 18026 I OpenVRAPI: vrapi_GetTimeInSeconds() -> 1739850534.757008
02-17 21:48:54.758 18010 18026 W OpenVRAPI: hewo?
02-17 21:48:54.758 18010 18026 I OpenVRAPI: vrapi_SubmitFrame2(0xee119a90, 0xe27b4cd8) -> 0
02-17 21:48:54.758 18010 18026 I OpenVRAPI: vrapi_GetTimeInSeconds() -> 1739850534.758822
02-17 21:48:54.758 18010 18026 I OpenVRAPI: vrapi_GetPredictedDisplayTime(0xee119a90, 1701) -> 1739850548.933822
02-17 21:48:54.758 18010 18026 I OpenVRAPI: vrapi_GetPredictedTracking2(0xee119a90, 1739850548.933822) -> [struct]
02-17 21:48:54.758 18010 18026 I OpenVRAPI: vrapi_GetTimeInSeconds() -> 1739850534.758870
02-17 21:48:54.760 18010 18026 W OpenVRAPI: hewo?
02-17 21:48:54.760 18010 18026 I OpenVRAPI: vrapi_SubmitFrame2(0xee119a90, 0xe27b4cd8) -> 0
02-17 21:48:54.760 18010 18026 I OpenVRAPI: vrapi_GetTimeInSeconds() -> 1739850534.760710
02-17 21:48:54.760 18010 18026 I OpenVRAPI: vrapi_GetPredictedDisplayTime(0xee119a90, 1702) -> 1739850548.944044
02-17 21:48:54.760 18010 18026 I OpenVRAPI: vrapi_GetPredictedTracking2(0xee119a90, 1739850548.944044) -> [struct]
02-17 21:48:54.760 18010 18026 I OpenVRAPI: vrapi_GetTimeInSeconds() -> 1739850534.760750
02-17 21:48:54.762 18010 18026 W OpenVRAPI: hewo?
02-17 21:48:54.762 18010 18026 I OpenVRAPI: vrapi_SubmitFrame2(0xee119a90, 0xe27b4cd8) -> 0
02-17 21:48:54.762 18010 18026 I OpenVRAPI: vrapi_GetTimeInSeconds() -> 1739850534.762551
02-17 21:48:54.762 18010 18026 I OpenVRAPI: vrapi_GetPredictedDisplayTime(0xee119a90, 1703) -> 1739850548.954217
02-17 21:48:54.762 18010 18026 I OpenVRAPI: vrapi_GetPredictedTracking2(0xee119a90, 1739850548.954217) -> [struct]
02-17 21:48:54.762 18010 18026 I OpenVRAPI: vrapi_GetTimeInSeconds() -> 1739850534.762593
02-17 21:48:54.764 18010 18026 W OpenVRAPI: hewo?
02-17 21:48:54.764 18010 18026 I OpenVRAPI: vrapi_SubmitFrame2(0xee119a90, 0xe27b4cd8) -> 0
02-17 21:48:54.764 18010 18026 I OpenVRAPI: vrapi_GetTimeInSeconds() -> 1739850534.764407
02-17 21:48:54.764 18010 18026 I OpenVRAPI: vrapi_GetPredictedDisplayTime(0xee119a90, 1704) -> 1739850548.964407
02-17 21:48:54.764 18010 18026 I OpenVRAPI: vrapi_GetPredictedTracking2(0xee119a90, 1739850548.964407) -> [struct]
02-17 21:48:54.764 18010 18026 I OpenVRAPI: vrapi_GetTimeInSeconds() -> 1739850534.764452
02-17 21:48:54.766 18010 18026 W OpenVRAPI: hewo?
02-17 21:48:54.766 18010 18026 I OpenVRAPI: vrapi_SubmitFrame2(0xee119a90, 0xe27b4cd8) -> 0
02-17 21:48:54.766 18010 18026 I OpenVRAPI: vrapi_GetTimeInSeconds() -> 1739850534.766263
02-17 21:48:54.766 18010 18026 I OpenVRAPI: vrapi_GetPredictedDisplayTime(0xee119a90, 1705) -> 1739850548.974597
02-17 21:48:54.766 18010 18026 I OpenVRAPI: vrapi_GetPredictedTracking2(0xee119a90, 1739850548.974597) -> [struct]
02-17 21:48:54.766 18010 18026 I OpenVRAPI: vrapi_GetTimeInSeconds() -> 1739850534.766312
02-17 21:48:54.768 18010 18026 W OpenVRAPI: hewo?
02-17 21:48:54.768 18010 18026 I OpenVRAPI: vrapi_SubmitFrame2(0xee119a90, 0xe27b4cd8) -> 0
02-17 21:48:54.768 18010 18026 I OpenVRAPI: vrapi_GetTimeInSeconds() -> 1739850534.768121
02-17 21:48:54.768 18010 18026 I OpenVRAPI: vrapi_GetPredictedDisplayTime(0xee119a90, 1706) -> 1739850548.984787
02-17 21:48:54.768 18010 18026 I OpenVRAPI: vrapi_GetPredictedTracking2(0xee119a90, 1739850548.984787) -> [struct]
02-17 21:48:54.768 18010 18026 I OpenVRAPI: vrapi_GetTimeInSeconds() -> 1739850534.768168
02-17 21:48:54.769 18010 18026 W OpenVRAPI: hewo?
02-17 21:48:54.769 18010 18026 I OpenVRAPI: vrapi_SubmitFrame2(0xee119a90, 0xe27b4cd8) -> 0
02-17 21:48:54.769 18010 18026 I OpenVRAPI: vrapi_GetTimeInSeconds() -> 1739850534.769986
02-17 21:48:54.770 18010 18026 I OpenVRAPI: vrapi_GetPredictedDisplayTime(0xee119a90, 1707) -> 1739850548.994986
02-17 21:48:54.770 18010 18026 I OpenVRAPI: vrapi_GetPredictedTracking2(0xee119a90, 1739850548.994986) -> [struct]
02-17 21:48:54.770 18010 18026 I OpenVRAPI: vrapi_GetTimeInSeconds() -> 1739850534.770035
02-17 21:48:54.771 18010 18026 W OpenVRAPI: hewo?
02-17 21:48:54.771 18010 18026 I OpenVRAPI: vrapi_SubmitFrame2(0xee119a90, 0xe27b4cd8) -> 0
02-17 21:48:54.771 18010 18026 I OpenVRAPI: vrapi_GetTimeInSeconds() -> 1739850534.771878
02-17 21:48:54.771 18010 18026 I OpenVRAPI: vrapi_GetPredictedDisplayTime(0xee119a90, 1708) -> 1739850549.005211
02-17 21:48:54.771 18010 18026 I OpenVRAPI: vrapi_GetPredictedTracking2(0xee119a90, 1739850549.005211) -> [struct]
02-17 21:48:54.771 18010 18026 I OpenVRAPI: vrapi_GetTimeInSeconds() -> 1739850534.771917
02-17 21:48:54.773 18010 18026 W OpenVRAPI: hewo?
02-17 21:48:54.773 18010 18026 I OpenVRAPI: vrapi_SubmitFrame2(0xee119a90, 0xe27b4cd8) -> 0
02-17 21:48:54.773 18010 18026 I OpenVRAPI: vrapi_GetTimeInSeconds() -> 1739850534.773708
02-17 21:48:54.773 18010 18026 I OpenVRAPI: vrapi_GetPredictedDisplayTime(0xee119a90, 1709) -> 1739850549.015374
02-17 21:48:54.773 18010 18026 I OpenVRAPI: vrapi_GetPredictedTracking2(0xee119a90, 1739850549.015374) -> [struct]
02-17 21:48:54.773 18010 18026 I OpenVRAPI: vrapi_GetTimeInSeconds() -> 1739850534.773752
02-17 21:48:54.775 18010 18026 W OpenVRAPI: hewo?
02-17 21:48:54.775 18010 18026 I OpenVRAPI: vrapi_SubmitFrame2(0xee119a90, 0xe27b4cd8) -> 0
02-17 21:48:54.775 18010 18026 I OpenVRAPI: vrapi_GetTimeInSeconds() -> 1739850534.775777
02-17 21:48:54.775 18010 18026 I OpenVRAPI: vrapi_GetPredictedDisplayTime(0xee119a90, 1710) -> 1739850549.025777
02-17 21:48:54.775 18010 18026 I OpenVRAPI: vrapi_GetPredictedTracking2(0xee119a90, 1739850549.025777) -> [struct]
02-17 21:48:54.775 18010 18026 I OpenVRAPI: vrapi_GetTimeInSeconds() -> 1739850534.775858
02-17 21:48:54.777 18010 18026 W OpenVRAPI: hewo?
02-17 21:48:54.777 18010 18026 I OpenVRAPI: vrapi_SubmitFrame2(0xee119a90, 0xe27b4cd8) -> 0
02-17 21:48:54.777 18010 18026 I OpenVRAPI: vrapi_GetTimeInSeconds() -> 1739850534.777560
02-17 21:48:54.777 18010 18026 I OpenVRAPI: vrapi_GetPredictedDisplayTime(0xee119a90, 1711) -> 1739850549.035893
02-17 21:48:54.777 18010 18026 I OpenVRAPI: vrapi_GetPredictedTracking2(0xee119a90, 1739850549.035893) -> [struct]
02-17 21:48:54.777 18010 18026 I OpenVRAPI: vrapi_GetTimeInSeconds() -> 1739850534.777668
02-17 21:48:54.779 18010 18026 W OpenVRAPI: hewo?
02-17 21:48:54.779 18010 18026 I OpenVRAPI: vrapi_SubmitFrame2(0xee119a90, 0xe27b4cd8) -> 0
02-17 21:48:54.779 18010 18026 I OpenVRAPI: vrapi_GetTimeInSeconds() -> 1739850534.779305
02-17 21:48:54.779 18010 18026 I OpenVRAPI: vrapi_GetPredictedDisplayTime(0xee119a90, 1712) -> 1739850549.045971
02-17 21:48:54.779 18010 18026 I OpenVRAPI: vrapi_GetPredictedTracking2(0xee119a90, 1739850549.045971) -> [struct]
02-17 21:48:54.779 18010 18026 I OpenVRAPI: vrapi_GetTimeInSeconds() -> 1739850534.779355
02-17 21:48:54.781 18010 18026 W OpenVRAPI: hewo?
02-17 21:48:54.781 18010 18026 I OpenVRAPI: vrapi_SubmitFrame2(0xee119a90, 0xe27b4cd8) -> 0
02-17 21:48:54.781 18010 18026 I OpenVRAPI: vrapi_GetTimeInSeconds() -> 1739850534.781152
02-17 21:48:54.781 18010 18026 I OpenVRAPI: vrapi_GetPredictedDisplayTime(0xee119a90, 1713) -> 1739850549.056152
02-17 21:48:54.781 18010 18026 I OpenVRAPI: vrapi_GetPredictedTracking2(0xee119a90, 1739850549.056152) -> [struct]
02-17 21:48:54.781 18010 18026 I OpenVRAPI: vrapi_GetTimeInSeconds() -> 1739850534.781205
02-17 21:48:54.782 18010 18026 W OpenVRAPI: hewo?
02-17 21:48:54.782 18010 18026 I OpenVRAPI: vrapi_SubmitFrame2(0xee119a90, 0xe27b4cd8) -> 0
02-17 21:48:54.783 18010 18026 I OpenVRAPI: vrapi_GetTimeInSeconds() -> 1739850534.783009
02-17 21:48:54.783 18010 18026 I OpenVRAPI: vrapi_GetPredictedDisplayTime(0xee119a90, 1714) -> 1739850549.066342
02-17 21:48:54.783 18010 18026 I OpenVRAPI: vrapi_GetPredictedTracking2(0xee119a90, 1739850549.066342) -> [struct]
02-17 21:48:54.783 18010 18026 I OpenVRAPI: vrapi_GetTimeInSeconds() -> 1739850534.783064
02-17 21:48:54.784 18010 18026 W OpenVRAPI: hewo?
02-17 21:48:54.784 18010 18026 I OpenVRAPI: vrapi_SubmitFrame2(0xee119a90, 0xe27b4cd8) -> 0
02-17 21:48:54.784 18010 18026 I OpenVRAPI: vrapi_GetTimeInSeconds() -> 1739850534.784895
02-17 21:48:54.784 18010 18026 I OpenVRAPI: vrapi_GetPredictedDisplayTime(0xee119a90, 1715) -> 1739850549.076562
02-17 21:48:54.784 18010 18026 I OpenVRAPI: vrapi_GetPredictedTracking2(0xee119a90, 1739850549.076562) -> [struct]
02-17 21:48:54.784 18010 18026 I OpenVRAPI: vrapi_GetTimeInSeconds() -> 1739850534.784940
02-17 21:48:54.786 18010 18026 W OpenVRAPI: hewo?
02-17 21:48:54.786 18010 18026 I OpenVRAPI: vrapi_SubmitFrame2(0xee119a90, 0xe27b4cd8) -> 0
02-17 21:48:54.786 18010 18026 I OpenVRAPI: vrapi_GetTimeInSeconds() -> 1739850534.786753
02-17 21:48:54.786 18010 18026 I OpenVRAPI: vrapi_GetPredictedDisplayTime(0xee119a90, 1716) -> 1739850549.086753
02-17 21:48:54.786 18010 18026 I OpenVRAPI: vrapi_GetPredictedTracking2(0xee119a90, 1739850549.086753) -> [struct]
02-17 21:48:54.786 18010 18026 I OpenVRAPI: vrapi_GetTimeInSeconds() -> 1739850534.786808
02-17 21:48:54.788 18010 18026 W OpenVRAPI: hewo?
02-17 21:48:54.788 18010 18026 I OpenVRAPI: vrapi_SubmitFrame2(0xee119a90, 0xe27b4cd8) -> 0
02-17 21:48:54.788 18010 18026 I OpenVRAPI: vrapi_GetTimeInSeconds() -> 1739850534.788613
02-17 21:48:54.788 18010 18026 I OpenVRAPI: vrapi_GetPredictedDisplayTime(0xee119a90, 1717) -> 1739850549.096946
02-17 21:48:54.788 18010 18026 I OpenVRAPI: vrapi_GetPredictedTracking2(0xee119a90, 1739850549.096946) -> [struct]
02-17 21:48:54.788 18010 18026 I OpenVRAPI: vrapi_GetTimeInSeconds() -> 1739850534.788659
02-17 21:48:54.790 18010 18026 W OpenVRAPI: hewo?
02-17 21:48:54.790 18010 18026 I OpenVRAPI: vrapi_SubmitFrame2(0xee119a90, 0xe27b4cd8) -> 0
02-17 21:48:54.790 18010 18026 I OpenVRAPI: vrapi_GetTimeInSeconds() -> 1739850534.790475
02-17 21:48:54.790 18010 18026 I OpenVRAPI: vrapi_GetPredictedDisplayTime(0xee119a90, 1718) -> 1739850549.107142
02-17 21:48:54.790 18010 18026 I OpenVRAPI: vrapi_GetPredictedTracking2(0xee119a90, 1739850549.107142) -> [struct]
02-17 21:48:54.790 18010 18026 I OpenVRAPI: vrapi_GetTimeInSeconds() -> 1739850534.790526
02-17 21:48:54.792 18010 18026 W OpenVRAPI: hewo?
02-17 21:48:54.792 18010 18026 I OpenVRAPI: vrapi_SubmitFrame2(0xee119a90, 0xe27b4cd8) -> 0
02-17 21:48:54.792 18010 18026 I OpenVRAPI: vrapi_GetTimeInSeconds() -> 1739850534.792370
02-17 21:48:54.792 18010 18026 I OpenVRAPI: vrapi_GetPredictedDisplayTime(0xee119a90, 1719) -> 1739850549.117370
02-17 21:48:54.792 18010 18026 I OpenVRAPI: vrapi_GetPredictedTracking2(0xee119a90, 1739850549.117370) -> [struct]
02-17 21:48:54.792 18010 18026 I OpenVRAPI: vrapi_GetTimeInSeconds() -> 1739850534.792423
02-17 21:48:54.794 18010 18026 W OpenVRAPI: hewo?
02-17 21:48:54.794 18010 18026 I OpenVRAPI: vrapi_SubmitFrame2(0xee119a90, 0xe27b4cd8) -> 0
02-17 21:48:54.794 18010 18026 I OpenVRAPI: vrapi_GetTimeInSeconds() -> 1739850534.794241
02-17 21:48:54.794 18010 18026 I OpenVRAPI: vrapi_GetPredictedDisplayTime(0xee119a90, 1720) -> 1739850549.127574
02-17 21:48:54.794 18010 18026 I OpenVRAPI: vrapi_GetPredictedTracking2(0xee119a90, 1739850549.127574) -> [struct]
02-17 21:48:54.794 18010 18026 I OpenVRAPI: vrapi_GetTimeInSeconds() -> 1739850534.794281
02-17 21:48:54.796 18010 18026 W OpenVRAPI: hewo?
02-17 21:48:54.796 18010 18026 I OpenVRAPI: vrapi_SubmitFrame2(0xee119a90, 0xe27b4cd8) -> 0
02-17 21:48:54.796 18010 18026 I OpenVRAPI: vrapi_GetTimeInSeconds() -> 1739850534.796093
02-17 21:48:54.796 18010 18026 I OpenVRAPI: vrapi_GetPredictedDisplayTime(0xee119a90, 1721) -> 1739850549.137759
02-17 21:48:54.796 18010 18026 I OpenVRAPI: vrapi_GetPredictedTracking2(0xee119a90, 1739850549.137759) -> [struct]
02-17 21:48:54.796 18010 18026 I OpenVRAPI: vrapi_GetTimeInSeconds() -> 1739850534.796136
02-17 21:48:54.797 18010 18026 W OpenVRAPI: hewo?
02-17 21:48:54.797 18010 18026 I OpenVRAPI: vrapi_SubmitFrame2(0xee119a90, 0xe27b4cd8) -> 0
02-17 21:48:54.797 18010 18026 I OpenVRAPI: vrapi_GetTimeInSeconds() -> 1739850534.797971
02-17 21:48:54.797 18010 18026 I OpenVRAPI: vrapi_GetPredictedDisplayTime(0xee119a90, 1722) -> 1739850549.147971
02-17 21:48:54.798 18010 18026 I OpenVRAPI: vrapi_GetPredictedTracking2(0xee119a90, 1739850549.147971) -> [struct]
02-17 21:48:54.798 18010 18026 I OpenVRAPI: vrapi_GetTimeInSeconds() -> 1739850534.798019
02-17 21:48:54.799 18010 18026 W OpenVRAPI: hewo?
02-17 21:48:54.799 18010 18026 I OpenVRAPI: vrapi_SubmitFrame2(0xee119a90, 0xe27b4cd8) -> 0
02-17 21:48:54.799 18010 18026 I OpenVRAPI: vrapi_GetTimeInSeconds() -> 1739850534.799825
02-17 21:48:54.799 18010 18026 I OpenVRAPI: vrapi_GetPredictedDisplayTime(0xee119a90, 1723) -> 1739850549.158158
02-17 21:48:54.799 18010 18026 I OpenVRAPI: vrapi_GetPredictedTracking2(0xee119a90, 1739850549.158158) -> [struct]
02-17 21:48:54.799 18010 18026 I OpenVRAPI: vrapi_GetTimeInSeconds() -> 1739850534.799877
02-17 21:48:54.801 18010 18026 W OpenVRAPI: hewo?
02-17 21:48:54.801 18010 18026 I OpenVRAPI: vrapi_SubmitFrame2(0xee119a90, 0xe27b4cd8) -> 0
02-17 21:48:54.801 18010 18026 I OpenVRAPI: vrapi_GetTimeInSeconds() -> 1739850534.801687
02-17 21:48:54.801 18010 18026 I OpenVRAPI: vrapi_GetPredictedDisplayTime(0xee119a90, 1724) -> 1739850549.168353
02-17 21:48:54.801 18010 18026 I OpenVRAPI: vrapi_GetPredictedTracking2(0xee119a90, 1739850549.168353) -> [struct]
02-17 21:48:54.801 18010 18026 I OpenVRAPI: vrapi_GetTimeInSeconds() -> 1739850534.801750
02-17 21:48:54.803 18010 18026 W OpenVRAPI: hewo?
02-17 21:48:54.803 18010 18026 I OpenVRAPI: vrapi_SubmitFrame2(0xee119a90, 0xe27b4cd8) -> 0
02-17 21:48:54.803 18010 18026 I OpenVRAPI: vrapi_GetTimeInSeconds() -> 1739850534.803560
02-17 21:48:54.803 18010 18026 I OpenVRAPI: vrapi_GetPredictedDisplayTime(0xee119a90, 1725) -> 1739850549.178560
02-17 21:48:54.803 18010 18026 I OpenVRAPI: vrapi_GetPredictedTracking2(0xee119a90, 1739850549.178560) -> [struct]
02-17 21:48:54.803 18010 18026 I OpenVRAPI: vrapi_GetTimeInSeconds() -> 1739850534.803609
02-17 21:48:54.805 18010 18026 W OpenVRAPI: hewo?
02-17 21:48:54.805 18010 18026 I OpenVRAPI: vrapi_SubmitFrame2(0xee119a90, 0xe27b4cd8) -> 0
02-17 21:48:54.805 18010 18026 I OpenVRAPI: vrapi_GetTimeInSeconds() -> 1739850534.805622
02-17 21:48:54.805 18010 18026 I OpenVRAPI: vrapi_GetPredictedDisplayTime(0xee119a90, 1726) -> 1739850549.188955
02-17 21:48:54.805 18010 18026 I OpenVRAPI: vrapi_GetPredictedTracking2(0xee119a90, 1739850549.188955) -> [struct]
02-17 21:48:54.805 18010 18026 I OpenVRAPI: vrapi_GetTimeInSeconds() -> 1739850534.805746
02-17 21:48:54.807 18010 18026 W OpenVRAPI: hewo?
02-17 21:48:54.807 18010 18026 I OpenVRAPI: vrapi_SubmitFrame2(0xee119a90, 0xe27b4cd8) -> 0
02-17 21:48:54.807 18010 18026 I OpenVRAPI: vrapi_GetTimeInSeconds() -> 1739850534.807366
02-17 21:48:54.807 18010 18026 I OpenVRAPI: vrapi_GetPredictedDisplayTime(0xee119a90, 1727) -> 1739850549.199032
02-17 21:48:54.807 18010 18026 I OpenVRAPI: vrapi_GetPredictedTracking2(0xee119a90, 1739850549.199032) -> [struct]
02-17 21:48:54.807 18010 18026 I OpenVRAPI: vrapi_GetTimeInSeconds() -> 1739850534.807468
02-17 21:48:54.809 18010 18026 W OpenVRAPI: hewo?
02-17 21:48:54.809 18010 18026 I OpenVRAPI: vrapi_SubmitFrame2(0xee119a90, 0xe27b4cd8) -> 0
02-17 21:48:54.809 18010 18026 I OpenVRAPI: vrapi_GetTimeInSeconds() -> 1739850534.809136
02-17 21:48:54.809 18010 18026 I OpenVRAPI: vrapi_GetPredictedDisplayTime(0xee119a90, 1728) -> 1739850549.209136
02-17 21:48:54.809 18010 18026 I OpenVRAPI: vrapi_GetPredictedTracking2(0xee119a90, 1739850549.209136) -> [struct]
02-17 21:48:54.809 18010 18026 I OpenVRAPI: vrapi_GetTimeInSeconds() -> 1739850534.809203
02-17 21:48:54.810 18010 18026 W OpenVRAPI: hewo?
02-17 21:48:54.811 18010 18026 I OpenVRAPI: vrapi_SubmitFrame2(0xee119a90, 0xe27b4cd8) -> 0
02-17 21:48:54.811 18010 18026 I OpenVRAPI: vrapi_GetTimeInSeconds() -> 1739850534.811020
02-17 21:48:54.811 18010 18026 I OpenVRAPI: vrapi_GetPredictedDisplayTime(0xee119a90, 1729) -> 1739850549.219353
02-17 21:48:54.811 18010 18026 I OpenVRAPI: vrapi_GetPredictedTracking2(0xee119a90, 1739850549.219353) -> [struct]
02-17 21:48:54.811 18010 18026 I OpenVRAPI: vrapi_GetTimeInSeconds() -> 1739850534.811059
02-17 21:48:54.812 18010 18026 W OpenVRAPI: hewo?
02-17 21:48:54.812 18010 18026 I OpenVRAPI: vrapi_SubmitFrame2(0xee119a90, 0xe27b4cd8) -> 0
02-17 21:48:54.812 18010 18026 I OpenVRAPI: vrapi_GetTimeInSeconds() -> 1739850534.812913
02-17 21:48:54.812 18010 18026 I OpenVRAPI: vrapi_GetPredictedDisplayTime(0xee119a90, 1730) -> 1739850549.229580
02-17 21:48:54.812 18010 18026 I OpenVRAPI: vrapi_GetPredictedTracking2(0xee119a90, 1739850549.229580) -> [struct]
02-17 21:48:54.812 18010 18026 I OpenVRAPI: vrapi_GetTimeInSeconds() -> 1739850534.812957
02-17 21:48:54.814 18010 18026 W OpenVRAPI: hewo?
02-17 21:48:54.814 18010 18026 I OpenVRAPI: vrapi_SubmitFrame2(0xee119a90, 0xe27b4cd8) -> 0
02-17 21:48:54.814 18010 18026 I OpenVRAPI: vrapi_GetTimeInSeconds() -> 1739850534.814747
02-17 21:48:54.814 18010 18026 I OpenVRAPI: vrapi_GetPredictedDisplayTime(0xee119a90, 1731) -> 1739850549.239747
02-17 21:48:54.814 18010 18026 I OpenVRAPI: vrapi_GetPredictedTracking2(0xee119a90, 1739850549.239747) -> [struct]
02-17 21:48:54.814 18010 18026 I OpenVRAPI: vrapi_GetTimeInSeconds() -> 1739850534.814798
02-17 21:48:54.816 18010 18026 W OpenVRAPI: hewo?
02-17 21:48:54.816 18010 18026 I OpenVRAPI: vrapi_SubmitFrame2(0xee119a90, 0xe27b4cd8) -> 0
02-17 21:48:54.816 18010 18026 I OpenVRAPI: vrapi_GetTimeInSeconds() -> 1739850534.816611
02-17 21:48:54.816 18010 18026 I OpenVRAPI: vrapi_GetPredictedDisplayTime(0xee119a90, 1732) -> 1739850549.249944
02-17 21:48:54.816 18010 18026 I OpenVRAPI: vrapi_GetPredictedTracking2(0xee119a90, 1739850549.249944) -> [struct]
02-17 21:48:54.816 18010 18026 I OpenVRAPI: vrapi_GetTimeInSeconds() -> 1739850534.816651
02-17 21:48:54.818 18010 18026 W OpenVRAPI: hewo?
02-17 21:48:54.818 18010 18026 I OpenVRAPI: vrapi_SubmitFrame2(0xee119a90, 0xe27b4cd8) -> 0
02-17 21:48:54.818 18010 18026 I OpenVRAPI: vrapi_GetTimeInSeconds() -> 1739850534.818670
02-17 21:48:54.818 18010 18026 I OpenVRAPI: vrapi_GetPredictedDisplayTime(0xee119a90, 1733) -> 1739850549.260336
02-17 21:48:54.818 18010 18026 I OpenVRAPI: vrapi_GetPredictedTracking2(0xee119a90, 1739850549.260336) -> [struct]
02-17 21:48:54.818 18010 18026 I OpenVRAPI: vrapi_GetTimeInSeconds() -> 1739850534.818725
02-17 21:48:54.820 18010 18026 W OpenVRAPI: hewo?
02-17 21:48:54.820 18010 18026 I OpenVRAPI: vrapi_SubmitFrame2(0xee119a90, 0xe27b4cd8) -> 0
02-17 21:48:54.820 18010 18026 I OpenVRAPI: vrapi_GetTimeInSeconds() -> 1739850534.820328
02-17 21:48:54.820 18010 18026 I OpenVRAPI: vrapi_GetPredictedDisplayTime(0xee119a90, 1734) -> 1739850549.270328
02-17 21:48:54.820 18010 18026 I OpenVRAPI: vrapi_GetPredictedTracking2(0xee119a90, 1739850549.270328) -> [struct]
02-17 21:48:54.820 18010 18026 I OpenVRAPI: vrapi_GetTimeInSeconds() -> 1739850534.820385
02-17 21:48:54.822 18010 18026 W OpenVRAPI: hewo?
02-17 21:48:54.822 18010 18026 I OpenVRAPI: vrapi_SubmitFrame2(0xee119a90, 0xe27b4cd8) -> 0
02-17 21:48:54.822 18010 18026 I OpenVRAPI: vrapi_GetTimeInSeconds() -> 1739850534.822185
02-17 21:48:54.822 18010 18026 I OpenVRAPI: vrapi_GetPredictedDisplayTime(0xee119a90, 1735) -> 1739850549.280518
02-17 21:48:54.822 18010 18026 I OpenVRAPI: vrapi_GetPredictedTracking2(0xee119a90, 1739850549.280518) -> [struct]
02-17 21:48:54.822 18010 18026 I OpenVRAPI: vrapi_GetTimeInSeconds() -> 1739850534.822234
02-17 21:48:54.824 18010 18026 W OpenVRAPI: hewo?
02-17 21:48:54.824 18010 18026 I OpenVRAPI: vrapi_SubmitFrame2(0xee119a90, 0xe27b4cd8) -> 0
02-17 21:48:54.824 18010 18026 I OpenVRAPI: vrapi_GetTimeInSeconds() -> 1739850534.824051
02-17 21:48:54.824 18010 18026 I OpenVRAPI: vrapi_GetPredictedDisplayTime(0xee119a90, 1736) -> 1739850549.290717
02-17 21:48:54.824 18010 18026 I OpenVRAPI: vrapi_GetPredictedTracking2(0xee119a90, 1739850549.290717) -> [struct]
02-17 21:48:54.824 18010 18026 I OpenVRAPI: vrapi_GetTimeInSeconds() -> 1739850534.824092
02-17 21:48:54.825 18010 18026 W OpenVRAPI: hewo?
02-17 21:48:54.825 18010 18026 I OpenVRAPI: vrapi_SubmitFrame2(0xee119a90, 0xe27b4cd8) -> 0
02-17 21:48:54.825 18010 18026 I OpenVRAPI: vrapi_GetTimeInSeconds() -> 1739850534.825919
02-17 21:48:54.825 18010 18026 I OpenVRAPI: vrapi_GetPredictedDisplayTime(0xee119a90, 1737) -> 1739850549.300919
02-17 21:48:54.825 18010 18026 I OpenVRAPI: vrapi_GetPredictedTracking2(0xee119a90, 1739850549.300919) -> [struct]
02-17 21:48:54.825 18010 18026 I OpenVRAPI: vrapi_GetTimeInSeconds() -> 1739850534.825973
02-17 21:48:54.827 18010 18026 W OpenVRAPI: hewo?
02-17 21:48:54.827 18010 18026 I OpenVRAPI: vrapi_SubmitFrame2(0xee119a90, 0xe27b4cd8) -> 0
02-17 21:48:54.827 18010 18026 I OpenVRAPI: vrapi_GetTimeInSeconds() -> 1739850534.827808
02-17 21:48:54.827 18010 18026 I OpenVRAPI: vrapi_GetPredictedDisplayTime(0xee119a90, 1738) -> 1739850549.311141
02-17 21:48:54.827 18010 18026 I OpenVRAPI: vrapi_GetPredictedTracking2(0xee119a90, 1739850549.311141) -> [struct]
02-17 21:48:54.827 18010 18026 I OpenVRAPI: vrapi_GetTimeInSeconds() -> 1739850534.827849
02-17 21:48:54.829 18010 18026 W OpenVRAPI: hewo?
02-17 21:48:54.829 18010 18026 I OpenVRAPI: vrapi_SubmitFrame2(0xee119a90, 0xe27b4cd8) -> 0
02-17 21:48:54.829 18010 18026 I OpenVRAPI: vrapi_GetTimeInSeconds() -> 1739850534.829669
02-17 21:48:54.829 18010 18026 I OpenVRAPI: vrapi_GetPredictedDisplayTime(0xee119a90, 1739) -> 1739850549.321335
02-17 21:48:54.829 18010 18026 I OpenVRAPI: vrapi_GetPredictedTracking2(0xee119a90, 1739850549.321335) -> [struct]
02-17 21:48:54.829 18010 18026 I OpenVRAPI: vrapi_GetTimeInSeconds() -> 1739850534.829711
02-17 21:48:54.831 18010 18026 W OpenVRAPI: hewo?
02-17 21:48:54.831 18010 18026 I OpenVRAPI: vrapi_SubmitFrame2(0xee119a90, 0xe27b4cd8) -> 0
02-17 21:48:54.831 18010 18026 I OpenVRAPI: vrapi_GetTimeInSeconds() -> 1739850534.831518
02-17 21:48:54.831 18010 18026 I OpenVRAPI: vrapi_GetPredictedDisplayTime(0xee119a90, 1740) -> 1739850549.331518
02-17 21:48:54.831 18010 18026 I OpenVRAPI: vrapi_GetPredictedTracking2(0xee119a90, 1739850549.331518) -> [struct]
02-17 21:48:54.831 18010 18026 I OpenVRAPI: vrapi_GetTimeInSeconds() -> 1739850534.831562
02-17 21:48:54.833 18010 18026 W OpenVRAPI: hewo?
02-17 21:48:54.833 18010 18026 I OpenVRAPI: vrapi_SubmitFrame2(0xee119a90, 0xe27b4cd8) -> 0
02-17 21:48:54.833 18010 18026 I OpenVRAPI: vrapi_GetTimeInSeconds() -> 1739850534.833384
02-17 21:48:54.833 18010 18026 I OpenVRAPI: vrapi_GetPredictedDisplayTime(0xee119a90, 1741) -> 1739850549.341717
02-17 21:48:54.833 18010 18026 I OpenVRAPI: vrapi_GetPredictedTracking2(0xee119a90, 1739850549.341717) -> [struct]
02-17 21:48:54.833 18010 18026 I OpenVRAPI: vrapi_GetTimeInSeconds() -> 1739850534.833428
02-17 21:48:54.835 18010 18026 W OpenVRAPI: hewo?
02-17 21:48:54.835 18010 18026 I OpenVRAPI: vrapi_SubmitFrame2(0xee119a90, 0xe27b4cd8) -> 0
02-17 21:48:54.835 18010 18026 I OpenVRAPI: vrapi_GetTimeInSeconds() -> 1739850534.835244
02-17 21:48:54.835 18010 18026 I OpenVRAPI: vrapi_GetPredictedDisplayTime(0xee119a90, 1742) -> 1739850549.351911
02-17 21:48:54.835 18010 18026 I OpenVRAPI: vrapi_GetPredictedTracking2(0xee119a90, 1739850549.351911) -> [struct]
02-17 21:48:54.835 18010 18026 I OpenVRAPI: vrapi_GetTimeInSeconds() -> 1739850534.835292
02-17 21:48:54.837 18010 18026 W OpenVRAPI: hewo?
02-17 21:48:54.837 18010 18026 I OpenVRAPI: vrapi_SubmitFrame2(0xee119a90, 0xe27b4cd8) -> 0
02-17 21:48:54.837 18010 18026 I OpenVRAPI: vrapi_GetTimeInSeconds() -> 1739850534.837175
02-17 21:48:54.837 18010 18026 I OpenVRAPI: vrapi_GetPredictedDisplayTime(0xee119a90, 1743) -> 1739850549.362175
02-17 21:48:54.837 18010 18026 I OpenVRAPI: vrapi_GetPredictedTracking2(0xee119a90, 1739850549.362175) -> [struct]
02-17 21:48:54.837 18010 18026 I OpenVRAPI: vrapi_GetTimeInSeconds() -> 1739850534.837256
02-17 21:48:54.838 18010 18026 W OpenVRAPI: hewo?
02-17 21:48:54.839 18010 18026 I OpenVRAPI: vrapi_SubmitFrame2(0xee119a90, 0xe27b4cd8) -> 0
02-17 21:48:54.839 18010 18026 I OpenVRAPI: vrapi_GetTimeInSeconds() -> 1739850534.839029
02-17 21:48:54.839 18010 18026 I OpenVRAPI: vrapi_GetPredictedDisplayTime(0xee119a90, 1744) -> 1739850549.372362
02-17 21:48:54.839 18010 18026 I OpenVRAPI: vrapi_GetPredictedTracking2(0xee119a90, 1739850549.372362) -> [struct]
02-17 21:48:54.839 18010 18026 I OpenVRAPI: vrapi_GetTimeInSeconds() -> 1739850534.839097
02-17 21:48:54.840 18010 18026 W OpenVRAPI: hewo?
02-17 21:48:54.840 18010 18026 I OpenVRAPI: vrapi_SubmitFrame2(0xee119a90, 0xe27b4cd8) -> 0
02-17 21:48:54.840 18010 18026 I OpenVRAPI: vrapi_GetTimeInSeconds() -> 1739850534.840891
02-17 21:48:54.840 18010 18026 I OpenVRAPI: vrapi_GetPredictedDisplayTime(0xee119a90, 1745) -> 1739850549.382558
02-17 21:48:54.840 18010 18026 I OpenVRAPI: vrapi_GetPredictedTracking2(0xee119a90, 1739850549.382558) -> [struct]
02-17 21:48:54.840 18010 18026 I OpenVRAPI: vrapi_GetTimeInSeconds() -> 1739850534.840962
02-17 21:48:54.842 18010 18026 W OpenVRAPI: hewo?
02-17 21:48:54.842 18010 18026 I OpenVRAPI: vrapi_SubmitFrame2(0xee119a90, 0xe27b4cd8) -> 0
02-17 21:48:54.842 18010 18026 I OpenVRAPI: vrapi_GetTimeInSeconds() -> 1739850534.842752
02-17 21:48:54.842 18010 18026 I OpenVRAPI: vrapi_GetPredictedDisplayTime(0xee119a90, 1746) -> 1739850549.392751
02-17 21:48:54.842 18010 18026 I OpenVRAPI: vrapi_GetPredictedTracking2(0xee119a90, 1739850549.392751) -> [struct]
02-17 21:48:54.842 18010 18026 I OpenVRAPI: vrapi_GetTimeInSeconds() -> 1739850534.842818
02-17 21:48:54.844 18010 18026 W OpenVRAPI: hewo?
02-17 21:48:54.844 18010 18026 I OpenVRAPI: vrapi_SubmitFrame2(0xee119a90, 0xe27b4cd8) -> 0
02-17 21:48:54.844 18010 18026 I OpenVRAPI: vrapi_GetTimeInSeconds() -> 1739850534.844673
02-17 21:48:54.844 18010 18026 I OpenVRAPI: vrapi_GetPredictedDisplayTime(0xee119a90, 1747) -> 1739850549.403007
02-17 21:48:54.844 18010 18026 I OpenVRAPI: vrapi_GetPredictedTracking2(0xee119a90, 1739850549.403007) -> [struct]
02-17 21:48:54.844 18010 18026 I OpenVRAPI: vrapi_GetTimeInSeconds() -> 1739850534.844740
02-17 21:48:54.846 18010 18026 W OpenVRAPI: hewo?
02-17 21:48:54.846 18010 18026 I OpenVRAPI: vrapi_SubmitFrame2(0xee119a90, 0xe27b4cd8) -> 0
02-17 21:48:54.846 18010 18026 I OpenVRAPI: vrapi_GetTimeInSeconds() -> 1739850534.846506
02-17 21:48:54.846 18010 18026 I OpenVRAPI: vrapi_GetPredictedDisplayTime(0xee119a90, 1748) -> 1739850549.413173
02-17 21:48:54.846 18010 18026 I OpenVRAPI: vrapi_GetPredictedTracking2(0xee119a90, 1739850549.413173) -> [struct]
02-17 21:48:54.846 18010 18026 I OpenVRAPI: vrapi_GetTimeInSeconds() -> 1739850534.846579
02-17 21:48:54.848 18010 18026 W OpenVRAPI: hewo?
02-17 21:48:54.848 18010 18026 I OpenVRAPI: vrapi_SubmitFrame2(0xee119a90, 0xe27b4cd8) -> 0
02-17 21:48:54.848 18010 18026 I OpenVRAPI: vrapi_GetTimeInSeconds() -> 1739850534.848351
02-17 21:48:54.848 18010 18026 I OpenVRAPI: vrapi_GetPredictedDisplayTime(0xee119a90, 1749) -> 1739850549.423351
02-17 21:48:54.848 18010 18026 I OpenVRAPI: vrapi_GetPredictedTracking2(0xee119a90, 1739850549.423351) -> [struct]
02-17 21:48:54.848 18010 18026 I OpenVRAPI: vrapi_GetTimeInSeconds() -> 1739850534.848506
02-17 21:48:54.850 18010 18026 W OpenVRAPI: hewo?
02-17 21:48:54.850 18010 18026 I OpenVRAPI: vrapi_SubmitFrame2(0xee119a90, 0xe27b4cd8) -> 0
02-17 21:48:54.850 18010 18026 I OpenVRAPI: vrapi_GetTimeInSeconds() -> 1739850534.850137
02-17 21:48:54.850 18010 18026 I OpenVRAPI: vrapi_GetPredictedDisplayTime(0xee119a90, 1750) -> 1739850549.433470
02-17 21:48:54.850 18010 18026 I OpenVRAPI: vrapi_GetPredictedTracking2(0xee119a90, 1739850549.433470) -> [struct]
02-17 21:48:54.850 18010 18026 I OpenVRAPI: vrapi_GetTimeInSeconds() -> 1739850534.850184
02-17 21:48:54.851 18010 18026 W OpenVRAPI: hewo?
02-17 21:48:54.851 18010 18026 I OpenVRAPI: vrapi_SubmitFrame2(0xee119a90, 0xe27b4cd8) -> 0
02-17 21:48:54.852 18010 18026 I OpenVRAPI: vrapi_GetTimeInSeconds() -> 1739850534.852001
02-17 21:48:54.852 18010 18026 I OpenVRAPI: vrapi_GetPredictedDisplayTime(0xee119a90, 1751) -> 1739850549.443668
02-17 21:48:54.852 18010 18026 I OpenVRAPI: vrapi_GetPredictedTracking2(0xee119a90, 1739850549.443668) -> [struct]
02-17 21:48:54.852 18010 18026 I OpenVRAPI: vrapi_GetTimeInSeconds() -> 1739850534.852047
02-17 21:48:54.853 18010 18026 W OpenVRAPI: hewo?
02-17 21:48:54.853 18010 18026 I OpenVRAPI: vrapi_SubmitFrame2(0xee119a90, 0xe27b4cd8) -> 0
02-17 21:48:54.853 18010 18026 I OpenVRAPI: vrapi_GetTimeInSeconds() -> 1739850534.853897
02-17 21:48:54.853 18010 18026 I OpenVRAPI: vrapi_GetPredictedDisplayTime(0xee119a90, 1752) -> 1739850549.453897
02-17 21:48:54.853 18010 18026 I OpenVRAPI: vrapi_GetPredictedTracking2(0xee119a90, 1739850549.453897) -> [struct]
02-17 21:48:54.853 18010 18026 I OpenVRAPI: vrapi_GetTimeInSeconds() -> 1739850534.853947
02-17 21:48:54.855 18010 18026 W OpenVRAPI: hewo?
02-17 21:48:54.855 18010 18026 I OpenVRAPI: vrapi_SubmitFrame2(0xee119a90, 0xe27b4cd8) -> 0
02-17 21:48:54.855 18010 18026 I OpenVRAPI: vrapi_GetTimeInSeconds() -> 1739850534.855739
02-17 21:48:54.855 18010 18026 I OpenVRAPI: vrapi_GetPredictedDisplayTime(0xee119a90, 1753) -> 1739850549.464072
02-17 21:48:54.855 18010 18026 I OpenVRAPI: vrapi_GetPredictedTracking2(0xee119a90, 1739850549.464072) -> [struct]
02-17 21:48:54.855 18010 18026 I OpenVRAPI: vrapi_GetTimeInSeconds() -> 1739850534.855782
02-17 21:48:54.857 18010 18026 W OpenVRAPI: hewo?
02-17 21:48:54.857 18010 18026 I OpenVRAPI: vrapi_SubmitFrame2(0xee119a90, 0xe27b4cd8) -> 0
02-17 21:48:54.857 18010 18026 I OpenVRAPI: vrapi_GetTimeInSeconds() -> 1739850534.857594
02-17 21:48:54.857 18010 18026 I OpenVRAPI: vrapi_GetPredictedDisplayTime(0xee119a90, 1754) -> 1739850549.474260
02-17 21:48:54.857 18010 18026 I OpenVRAPI: vrapi_GetPredictedTracking2(0xee119a90, 1739850549.474260) -> [struct]
02-17 21:48:54.857 18010 18026 I OpenVRAPI: vrapi_GetTimeInSeconds() -> 1739850534.857647
02-17 21:48:54.859 18010 18026 W OpenVRAPI: hewo?
02-17 21:48:54.859 18010 18026 I OpenVRAPI: vrapi_SubmitFrame2(0xee119a90, 0xe27b4cd8) -> 0
02-17 21:48:54.859 18010 18026 I OpenVRAPI: vrapi_GetTimeInSeconds() -> 1739850534.859457
02-17 21:48:54.859 18010 18026 I OpenVRAPI: vrapi_GetPredictedDisplayTime(0xee119a90, 1755) -> 1739850549.484457
02-17 21:48:54.859 18010 18026 I OpenVRAPI: vrapi_GetPredictedTracking2(0xee119a90, 1739850549.484457) -> [struct]
02-17 21:48:54.859 18010 18026 I OpenVRAPI: vrapi_GetTimeInSeconds() -> 1739850534.859508
02-17 21:48:54.861 18010 18026 W OpenVRAPI: hewo?
02-17 21:48:54.861 18010 18026 I OpenVRAPI: vrapi_SubmitFrame2(0xee119a90, 0xe27b4cd8) -> 0
02-17 21:48:54.861 18010 18026 I OpenVRAPI: vrapi_GetTimeInSeconds() -> 1739850534.861356
02-17 21:48:54.861 18010 18026 I OpenVRAPI: vrapi_GetPredictedDisplayTime(0xee119a90, 1756) -> 1739850549.494689
02-17 21:48:54.861 18010 18026 I OpenVRAPI: vrapi_GetPredictedTracking2(0xee119a90, 1739850549.494689) -> [struct]
02-17 21:48:54.861 18010 18026 I OpenVRAPI: vrapi_GetTimeInSeconds() -> 1739850534.861396
02-17 21:48:54.863 18010 18026 W OpenVRAPI: hewo?
02-17 21:48:54.863 18010 18026 I OpenVRAPI: vrapi_SubmitFrame2(0xee119a90, 0xe27b4cd8) -> 0
02-17 21:48:54.863 18010 18026 I OpenVRAPI: vrapi_GetTimeInSeconds() -> 1739850534.863203
02-17 21:48:54.863 18010 18026 I OpenVRAPI: vrapi_GetPredictedDisplayTime(0xee119a90, 1757) -> 1739850549.504869
02-17 21:48:54.863 18010 18026 I OpenVRAPI: vrapi_GetPredictedTracking2(0xee119a90, 1739850549.504869) -> [struct]
02-17 21:48:54.863 18010 18026 I OpenVRAPI: vrapi_GetTimeInSeconds() -> 1739850534.863252
02-17 21:48:54.865 18010 18026 W OpenVRAPI: hewo?
02-17 21:48:54.865 18010 18026 I OpenVRAPI: vrapi_SubmitFrame2(0xee119a90, 0xe27b4cd8) -> 0
02-17 21:48:54.865 18010 18026 I OpenVRAPI: vrapi_GetTimeInSeconds() -> 1739850534.865080
02-17 21:48:54.865 18010 18026 I OpenVRAPI: vrapi_GetPredictedDisplayTime(0xee119a90, 1758) -> 1739850549.515080
02-17 21:48:54.865 18010 18026 I OpenVRAPI: vrapi_GetPredictedTracking2(0xee119a90, 1739850549.515080) -> [struct]
02-17 21:48:54.865 18010 18026 I OpenVRAPI: vrapi_GetTimeInSeconds() -> 1739850534.865127
02-17 21:48:54.866 18010 18026 W OpenVRAPI: hewo?
02-17 21:48:54.866 18010 18026 I OpenVRAPI: vrapi_SubmitFrame2(0xee119a90, 0xe27b4cd8) -> 0
02-17 21:48:54.866 18010 18026 I OpenVRAPI: vrapi_GetTimeInSeconds() -> 1739850534.866913
02-17 21:48:54.866 18010 18026 I OpenVRAPI: vrapi_GetPredictedDisplayTime(0xee119a90, 1759) -> 1739850549.525247
02-17 21:48:54.866 18010 18026 I OpenVRAPI: vrapi_GetPredictedTracking2(0xee119a90, 1739850549.525247) -> [struct]
02-17 21:48:54.866 18010 18026 I OpenVRAPI: vrapi_GetTimeInSeconds() -> 1739850534.866961
02-17 21:48:54.868 18010 18026 W OpenVRAPI: hewo?
02-17 21:48:54.868 18010 18026 I OpenVRAPI: vrapi_SubmitFrame2(0xee119a90, 0xe27b4cd8) -> 0
02-17 21:48:54.868 18010 18026 I OpenVRAPI: vrapi_GetTimeInSeconds() -> 1739850534.868955
02-17 21:48:54.868 18010 18026 I OpenVRAPI: vrapi_GetPredictedDisplayTime(0xee119a90, 1760) -> 1739850549.535622
02-17 21:48:54.869 18010 18026 I OpenVRAPI: vrapi_GetPredictedTracking2(0xee119a90, 1739850549.535622) -> [struct]
02-17 21:48:54.869 18010 18026 I OpenVRAPI: vrapi_GetTimeInSeconds() -> 1739850534.869027
02-17 21:48:54.870 18010 18026 W OpenVRAPI: hewo?
02-17 21:48:54.870 18010 18026 I OpenVRAPI: vrapi_SubmitFrame2(0xee119a90, 0xe27b4cd8) -> 0
02-17 21:48:54.870 18010 18026 I OpenVRAPI: vrapi_GetTimeInSeconds() -> 1739850534.870718
02-17 21:48:54.870 18010 18026 I OpenVRAPI: vrapi_GetPredictedDisplayTime(0xee119a90, 1761) -> 1739850549.545718
02-17 21:48:54.870 18010 18026 I OpenVRAPI: vrapi_GetPredictedTracking2(0xee119a90, 1739850549.545718) -> [struct]
02-17 21:48:54.870 18010 18026 I OpenVRAPI: vrapi_GetTimeInSeconds() -> 1739850534.870788
02-17 21:48:54.872 18010 18026 W OpenVRAPI: hewo?
02-17 21:48:54.872 18010 18026 I OpenVRAPI: vrapi_SubmitFrame2(0xee119a90, 0xe27b4cd8) -> 0
02-17 21:48:54.872 18010 18026 I OpenVRAPI: vrapi_GetTimeInSeconds() -> 1739850534.872494
02-17 21:48:54.872 18010 18026 I OpenVRAPI: vrapi_GetPredictedDisplayTime(0xee119a90, 1762) -> 1739850549.555827
02-17 21:48:54.872 18010 18026 I OpenVRAPI: vrapi_GetPredictedTracking2(0xee119a90, 1739850549.555827) -> [struct]
02-17 21:48:54.872 18010 18026 I OpenVRAPI: vrapi_GetTimeInSeconds() -> 1739850534.872538
02-17 21:48:54.874 18010 18026 W OpenVRAPI: hewo?
02-17 21:48:54.874 18010 18026 I OpenVRAPI: vrapi_SubmitFrame2(0xee119a90, 0xe27b4cd8) -> 0
02-17 21:48:54.874 18010 18026 I OpenVRAPI: vrapi_GetTimeInSeconds() -> 1739850534.874357
02-17 21:48:54.874 18010 18026 I OpenVRAPI: vrapi_GetPredictedDisplayTime(0xee119a90, 1763) -> 1739850549.566024
02-17 21:48:54.874 18010 18026 I OpenVRAPI: vrapi_GetPredictedTracking2(0xee119a90, 1739850549.566024) -> [struct]
02-17 21:48:54.874 18010 18026 I OpenVRAPI: vrapi_GetTimeInSeconds() -> 1739850534.874403
02-17 21:48:54.876 18010 18026 W OpenVRAPI: hewo?
02-17 21:48:54.876 18010 18026 I OpenVRAPI: vrapi_SubmitFrame2(0xee119a90, 0xe27b4cd8) -> 0
02-17 21:48:54.876 18010 18026 I OpenVRAPI: vrapi_GetTimeInSeconds() -> 1739850534.876210
02-17 21:48:54.876 18010 18026 I OpenVRAPI: vrapi_GetPredictedDisplayTime(0xee119a90, 1764) -> 1739850549.576210
02-17 21:48:54.876 18010 18026 I OpenVRAPI: vrapi_GetPredictedTracking2(0xee119a90, 1739850549.576210) -> [struct]
02-17 21:48:54.876 18010 18026 I OpenVRAPI: vrapi_GetTimeInSeconds() -> 1739850534.876255
02-17 21:48:54.878 18010 18026 W OpenVRAPI: hewo?
02-17 21:48:54.878 18010 18026 I OpenVRAPI: vrapi_SubmitFrame2(0xee119a90, 0xe27b4cd8) -> 0
02-17 21:48:54.878 18010 18026 I OpenVRAPI: vrapi_GetTimeInSeconds() -> 1739850534.878154
02-17 21:48:54.878 18010 18026 I OpenVRAPI: vrapi_GetPredictedDisplayTime(0xee119a90, 1765) -> 1739850549.586487
02-17 21:48:54.878 18010 18026 I OpenVRAPI: vrapi_GetPredictedTracking2(0xee119a90, 1739850549.586487) -> [struct]
02-17 21:48:54.878 18010 18026 I OpenVRAPI: vrapi_GetTimeInSeconds() -> 1739850534.878193
02-17 21:48:54.879 18010 18026 W OpenVRAPI: hewo?
02-17 21:48:54.879 18010 18026 I OpenVRAPI: vrapi_SubmitFrame2(0xee119a90, 0xe27b4cd8) -> 0
02-17 21:48:54.879 18010 18026 I OpenVRAPI: vrapi_GetTimeInSeconds() -> 1739850534.879964
02-17 21:48:54.879 18010 18026 I OpenVRAPI: vrapi_GetPredictedDisplayTime(0xee119a90, 1766) -> 1739850549.596631
02-17 21:48:54.879 18010 18026 I OpenVRAPI: vrapi_GetPredictedTracking2(0xee119a90, 1739850549.596631) -> [struct]
02-17 21:48:54.880 18010 18026 I OpenVRAPI: vrapi_GetTimeInSeconds() -> 1739850534.880006
02-17 21:48:54.881 18010 18026 W OpenVRAPI: hewo?
02-17 21:48:54.881 18010 18026 I OpenVRAPI: vrapi_SubmitFrame2(0xee119a90, 0xe27b4cd8) -> 0
02-17 21:48:54.881 18010 18026 I OpenVRAPI: vrapi_GetTimeInSeconds() -> 1739850534.881831
02-17 21:48:54.881 18010 18026 I OpenVRAPI: vrapi_GetPredictedDisplayTime(0xee119a90, 1767) -> 1739850549.606831
02-17 21:48:54.881 18010 18026 I OpenVRAPI: vrapi_GetPredictedTracking2(0xee119a90, 1739850549.606831) -> [struct]
02-17 21:48:54.881 18010 18026 I OpenVRAPI: vrapi_GetTimeInSeconds() -> 1739850534.881880
02-17 21:48:54.883 18010 18026 W OpenVRAPI: hewo?
02-17 21:48:54.883 18010 18026 I OpenVRAPI: vrapi_SubmitFrame2(0xee119a90, 0xe27b4cd8) -> 0
02-17 21:48:54.883 18010 18026 I OpenVRAPI: vrapi_GetTimeInSeconds() -> 1739850534.883739
02-17 21:48:54.883 18010 18026 I OpenVRAPI: vrapi_GetPredictedDisplayTime(0xee119a90, 1768) -> 1739850549.617072
02-17 21:48:54.883 18010 18026 I OpenVRAPI: vrapi_GetPredictedTracking2(0xee119a90, 1739850549.617072) -> [struct]
02-17 21:48:54.883 18010 18026 I OpenVRAPI: vrapi_GetTimeInSeconds() -> 1739850534.883779
02-17 21:48:54.885 18010 18026 W OpenVRAPI: hewo?
02-17 21:48:54.885 18010 18026 I OpenVRAPI: vrapi_SubmitFrame2(0xee119a90, 0xe27b4cd8) -> 0
02-17 21:48:54.885 18010 18026 I OpenVRAPI: vrapi_GetTimeInSeconds() -> 1739850534.885588
02-17 21:48:54.885 18010 18026 I OpenVRAPI: vrapi_GetPredictedDisplayTime(0xee119a90, 1769) -> 1739850549.627254
02-17 21:48:54.885 18010 18026 I OpenVRAPI: vrapi_GetPredictedTracking2(0xee119a90, 1739850549.627254) -> [struct]
02-17 21:48:54.885 18010 18026 I OpenVRAPI: vrapi_GetTimeInSeconds() -> 1739850534.885628
02-17 21:48:54.887 18010 18026 W OpenVRAPI: hewo?
02-17 21:48:54.887 18010 18026 I OpenVRAPI: vrapi_SubmitFrame2(0xee119a90, 0xe27b4cd8) -> 0
02-17 21:48:54.887 18010 18026 I OpenVRAPI: vrapi_GetTimeInSeconds() -> 1739850534.887447
02-17 21:48:54.887 18010 18026 I OpenVRAPI: vrapi_GetPredictedDisplayTime(0xee119a90, 1770) -> 1739850549.637447
02-17 21:48:54.887 18010 18026 I OpenVRAPI: vrapi_GetPredictedTracking2(0xee119a90, 1739850549.637447) -> [struct]
02-17 21:48:54.887 18010 18026 I OpenVRAPI: vrapi_GetTimeInSeconds() -> 1739850534.887490
02-17 21:48:54.889 18010 18026 W OpenVRAPI: hewo?
02-17 21:48:54.889 18010 18026 I OpenVRAPI: vrapi_SubmitFrame2(0xee119a90, 0xe27b4cd8) -> 0
02-17 21:48:54.889 18010 18026 I OpenVRAPI: vrapi_GetTimeInSeconds() -> 1739850534.889304
02-17 21:48:54.889 18010 18026 I OpenVRAPI: vrapi_GetPredictedDisplayTime(0xee119a90, 1771) -> 1739850549.647637
02-17 21:48:54.889 18010 18026 I OpenVRAPI: vrapi_GetPredictedTracking2(0xee119a90, 1739850549.647637) -> [struct]
02-17 21:48:54.889 18010 18026 I OpenVRAPI: vrapi_GetTimeInSeconds() -> 1739850534.889350
02-17 21:48:54.891 18010 18026 W OpenVRAPI: hewo?
02-17 21:48:54.891 18010 18026 I OpenVRAPI: vrapi_SubmitFrame2(0xee119a90, 0xe27b4cd8) -> 0
02-17 21:48:54.891 18010 18026 I OpenVRAPI: vrapi_GetTimeInSeconds() -> 1739850534.891159
02-17 21:48:54.891 18010 18026 I OpenVRAPI: vrapi_GetPredictedDisplayTime(0xee119a90, 1772) -> 1739850549.657826
02-17 21:48:54.891 18010 18026 I OpenVRAPI: vrapi_GetPredictedTracking2(0xee119a90, 1739850549.657826) -> [struct]
02-17 21:48:54.891 18010 18026 I OpenVRAPI: vrapi_GetTimeInSeconds() -> 1739850534.891207
02-17 21:48:54.893 18010 18026 W OpenVRAPI: hewo?
02-17 21:48:54.893 18010 18026 I OpenVRAPI: vrapi_SubmitFrame2(0xee119a90, 0xe27b4cd8) -> 0
02-17 21:48:54.893 18010 18026 I OpenVRAPI: vrapi_GetTimeInSeconds() -> 1739850534.893243
02-17 21:48:54.893 18010 18026 I OpenVRAPI: vrapi_GetPredictedDisplayTime(0xee119a90, 1773) -> 1739850549.668243
02-17 21:48:54.893 18010 18026 I OpenVRAPI: vrapi_GetPredictedTracking2(0xee119a90, 1739850549.668243) -> [struct]
02-17 21:48:54.893 18010 18026 I OpenVRAPI: vrapi_GetTimeInSeconds() -> 1739850534.893316
02-17 21:48:54.894 18010 18026 W OpenVRAPI: hewo?
02-17 21:48:54.894 18010 18026 I OpenVRAPI: vrapi_SubmitFrame2(0xee119a90, 0xe27b4cd8) -> 0
02-17 21:48:54.894 18010 18026 I OpenVRAPI: vrapi_GetTimeInSeconds() -> 1739850534.894960
02-17 21:48:54.894 18010 18026 I OpenVRAPI: vrapi_GetPredictedDisplayTime(0xee119a90, 1774) -> 1739850549.678294
02-17 21:48:54.894 18010 18026 I OpenVRAPI: vrapi_GetPredictedTracking2(0xee119a90, 1739850549.678294) -> [struct]
02-17 21:48:54.895 18010 18026 I OpenVRAPI: vrapi_GetTimeInSeconds() -> 1739850534.895002
02-17 21:48:54.896 18010 18026 W OpenVRAPI: hewo?
02-17 21:48:54.896 18010 18026 I OpenVRAPI: vrapi_SubmitFrame2(0xee119a90, 0xe27b4cd8) -> 0
02-17 21:48:54.896 18010 18026 I OpenVRAPI: vrapi_GetTimeInSeconds() -> 1739850534.896812
02-17 21:48:54.896 18010 18026 I OpenVRAPI: vrapi_GetPredictedDisplayTime(0xee119a90, 1775) -> 1739850549.688479
02-17 21:48:54.896 18010 18026 I OpenVRAPI: vrapi_GetPredictedTracking2(0xee119a90, 1739850549.688479) -> [struct]
02-17 21:48:54.896 18010 18026 I OpenVRAPI: vrapi_GetTimeInSeconds() -> 1739850534.896853
02-17 21:48:54.898 18010 18026 W OpenVRAPI: hewo?
02-17 21:48:54.898 18010 18026 I OpenVRAPI: vrapi_SubmitFrame2(0xee119a90, 0xe27b4cd8) -> 0
02-17 21:48:54.898 18010 18026 I OpenVRAPI: vrapi_GetTimeInSeconds() -> 1739850534.898664
02-17 21:48:54.898 18010 18026 I OpenVRAPI: vrapi_GetPredictedDisplayTime(0xee119a90, 1776) -> 1739850549.698664
02-17 21:48:54.898 18010 18026 I OpenVRAPI: vrapi_GetPredictedTracking2(0xee119a90, 1739850549.698664) -> [struct]
02-17 21:48:54.898 18010 18026 I OpenVRAPI: vrapi_GetTimeInSeconds() -> 1739850534.898711
02-17 21:48:54.900 18010 18026 W OpenVRAPI: hewo?
02-17 21:48:54.900 18010 18026 I OpenVRAPI: vrapi_SubmitFrame2(0xee119a90, 0xe27b4cd8) -> 0
02-17 21:48:54.900 18010 18026 I OpenVRAPI: vrapi_GetTimeInSeconds() -> 1739850534.900517
02-17 21:48:54.900 18010 18026 I OpenVRAPI: vrapi_GetPredictedDisplayTime(0xee119a90, 1777) -> 1739850549.708850
02-17 21:48:54.900 18010 18026 I OpenVRAPI: vrapi_GetPredictedTracking2(0xee119a90, 1739850549.708850) -> [struct]
02-17 21:48:54.900 18010 18026 I OpenVRAPI: vrapi_GetTimeInSeconds() -> 1739850534.900560
02-17 21:48:54.902 18010 18026 W OpenVRAPI: hewo?
02-17 21:48:54.902 18010 18026 I OpenVRAPI: vrapi_SubmitFrame2(0xee119a90, 0xe27b4cd8) -> 0
02-17 21:48:54.902 18010 18026 I OpenVRAPI: vrapi_GetTimeInSeconds() -> 1739850534.902386
02-17 21:48:54.902 18010 18026 I OpenVRAPI: vrapi_GetPredictedDisplayTime(0xee119a90, 1778) -> 1739850549.719053
02-17 21:48:54.902 18010 18026 I OpenVRAPI: vrapi_GetPredictedTracking2(0xee119a90, 1739850549.719053) -> [struct]
02-17 21:48:54.902 18010 18026 I OpenVRAPI: vrapi_GetTimeInSeconds() -> 1739850534.902435
02-17 21:48:54.904 18010 18026 W OpenVRAPI: hewo?
02-17 21:48:54.904 18010 18026 I OpenVRAPI: vrapi_SubmitFrame2(0xee119a90, 0xe27b4cd8) -> 0
02-17 21:48:54.904 18010 18026 I OpenVRAPI: vrapi_GetTimeInSeconds() -> 1739850534.904261
02-17 21:48:54.904 18010 18026 I OpenVRAPI: vrapi_GetPredictedDisplayTime(0xee119a90, 1779) -> 1739850549.729261
02-17 21:48:54.904 18010 18026 I OpenVRAPI: vrapi_GetPredictedTracking2(0xee119a90, 1739850549.729261) -> [struct]
02-17 21:48:54.904 18010 18026 I OpenVRAPI: vrapi_GetTimeInSeconds() -> 1739850534.904312
02-17 21:48:54.906 18010 18026 W OpenVRAPI: hewo?
02-17 21:48:54.906 18010 18026 I OpenVRAPI: vrapi_SubmitFrame2(0xee119a90, 0xe27b4cd8) -> 0
02-17 21:48:54.906 18010 18026 I OpenVRAPI: vrapi_GetTimeInSeconds() -> 1739850534.906119
02-17 21:48:54.906 18010 18026 I OpenVRAPI: vrapi_GetPredictedDisplayTime(0xee119a90, 1780) -> 1739850549.739452
02-17 21:48:54.906 18010 18026 I OpenVRAPI: vrapi_GetPredictedTracking2(0xee119a90, 1739850549.739452) -> [struct]
02-17 21:48:54.906 18010 18026 I OpenVRAPI: vrapi_GetTimeInSeconds() -> 1739850534.906165
02-17 21:48:54.907 18010 18026 W OpenVRAPI: hewo?
02-17 21:48:54.907 18010 18026 I OpenVRAPI: vrapi_SubmitFrame2(0xee119a90, 0xe27b4cd8) -> 0
02-17 21:48:54.907 18010 18026 I OpenVRAPI: vrapi_GetTimeInSeconds() -> 1739850534.907975
02-17 21:48:54.907 18010 18026 I OpenVRAPI: vrapi_GetPredictedDisplayTime(0xee119a90, 1781) -> 1739850549.749642
02-17 21:48:54.908 18010 18026 I OpenVRAPI: vrapi_GetPredictedTracking2(0xee119a90, 1739850549.749642) -> [struct]
02-17 21:48:54.908 18010 18026 I OpenVRAPI: vrapi_GetTimeInSeconds() -> 1739850534.908022
02-17 21:48:54.909 18010 18026 W OpenVRAPI: hewo?
02-17 21:48:54.909 18010 18026 I OpenVRAPI: vrapi_SubmitFrame2(0xee119a90, 0xe27b4cd8) -> 0
02-17 21:48:54.909 18010 18026 I OpenVRAPI: vrapi_GetTimeInSeconds() -> 1739850534.909837
02-17 21:48:54.909 18010 18026 I OpenVRAPI: vrapi_GetPredictedDisplayTime(0xee119a90, 1782) -> 1739850549.759837
02-17 21:48:54.909 18010 18026 I OpenVRAPI: vrapi_GetPredictedTracking2(0xee119a90, 1739850549.759837) -> [struct]
02-17 21:48:54.909 18010 18026 I OpenVRAPI: vrapi_GetTimeInSeconds() -> 1739850534.909883
02-17 21:48:54.911 18010 18026 W OpenVRAPI: hewo?
02-17 21:48:54.911 18010 18026 I OpenVRAPI: vrapi_SubmitFrame2(0xee119a90, 0xe27b4cd8) -> 0
02-17 21:48:54.911 18010 18026 I OpenVRAPI: vrapi_GetTimeInSeconds() -> 1739850534.911760
02-17 21:48:54.911 18010 18026 I OpenVRAPI: vrapi_GetPredictedDisplayTime(0xee119a90, 1783) -> 1739850549.770093
02-17 21:48:54.911 18010 18026 I OpenVRAPI: vrapi_GetPredictedTracking2(0xee119a90, 1739850549.770093) -> [struct]
02-17 21:48:54.911 18010 18026 I OpenVRAPI: vrapi_GetTimeInSeconds() -> 1739850534.911798
02-17 21:48:54.913 18010 18026 W OpenVRAPI: hewo?
02-17 21:48:54.913 18010 18026 I OpenVRAPI: vrapi_SubmitFrame2(0xee119a90, 0xe27b4cd8) -> 0
02-17 21:48:54.913 18010 18026 I OpenVRAPI: vrapi_GetTimeInSeconds() -> 1739850534.913592
02-17 21:48:54.913 18010 18026 I OpenVRAPI: vrapi_GetPredictedDisplayTime(0xee119a90, 1784) -> 1739850549.780259
02-17 21:48:54.913 18010 18026 I OpenVRAPI: vrapi_GetPredictedTracking2(0xee119a90, 1739850549.780259) -> [struct]
02-17 21:48:54.913 18010 18026 I OpenVRAPI: vrapi_GetTimeInSeconds() -> 1739850534.913635
02-17 21:48:54.915 18010 18026 W OpenVRAPI: hewo?
02-17 21:48:54.915 18010 18026 I OpenVRAPI: vrapi_SubmitFrame2(0xee119a90, 0xe27b4cd8) -> 0
02-17 21:48:54.915 18010 18026 I OpenVRAPI: vrapi_GetTimeInSeconds() -> 1739850534.915460
02-17 21:48:54.915 18010 18026 I OpenVRAPI: vrapi_GetPredictedDisplayTime(0xee119a90, 1785) -> 1739850549.790460
02-17 21:48:54.915 18010 18026 I OpenVRAPI: vrapi_GetPredictedTracking2(0xee119a90, 1739850549.790460) -> [struct]
02-17 21:48:54.915 18010 18026 I OpenVRAPI: vrapi_GetTimeInSeconds() -> 1739850534.915514
02-17 21:48:54.917 18010 18026 W OpenVRAPI: hewo?
02-17 21:48:54.917 18010 18026 I OpenVRAPI: vrapi_SubmitFrame2(0xee119a90, 0xe27b4cd8) -> 0
02-17 21:48:54.917 18010 18026 I OpenVRAPI: vrapi_GetTimeInSeconds() -> 1739850534.917302
02-17 21:48:54.917 18010 18026 I OpenVRAPI: vrapi_GetPredictedDisplayTime(0xee119a90, 1786) -> 1739850549.800636
02-17 21:48:54.917 18010 18026 I OpenVRAPI: vrapi_GetPredictedTracking2(0xee119a90, 1739850549.800636) -> [struct]
02-17 21:48:54.917 18010 18026 I OpenVRAPI: vrapi_GetTimeInSeconds() -> 1739850534.917347
02-17 21:48:54.919 18010 18026 W OpenVRAPI: hewo?
02-17 21:48:54.919 18010 18026 I OpenVRAPI: vrapi_SubmitFrame2(0xee119a90, 0xe27b4cd8) -> 0
02-17 21:48:54.919 18010 18026 I OpenVRAPI: vrapi_GetTimeInSeconds() -> 1739850534.919159
02-17 21:48:54.919 18010 18026 I OpenVRAPI: vrapi_GetPredictedDisplayTime(0xee119a90, 1787) -> 1739850549.810826
02-17 21:48:54.919 18010 18026 I OpenVRAPI: vrapi_GetPredictedTracking2(0xee119a90, 1739850549.810826) -> [struct]
02-17 21:48:54.919 18010 18026 I OpenVRAPI: vrapi_GetTimeInSeconds() -> 1739850534.919208
02-17 21:48:54.920 18010 18026 W OpenVRAPI: hewo?
02-17 21:48:54.921 18010 18026 I OpenVRAPI: vrapi_SubmitFrame2(0xee119a90, 0xe27b4cd8) -> 0
02-17 21:48:54.921 18010 18026 I OpenVRAPI: vrapi_GetTimeInSeconds() -> 1739850534.921024
02-17 21:48:54.921 18010 18026 I OpenVRAPI: vrapi_GetPredictedDisplayTime(0xee119a90, 1788) -> 1739850549.821024
02-17 21:48:54.921 18010 18026 I OpenVRAPI: vrapi_GetPredictedTracking2(0xee119a90, 1739850549.821024) -> [struct]
02-17 21:48:54.921 18010 18026 I OpenVRAPI: vrapi_GetTimeInSeconds() -> 1739850534.921070
02-17 21:48:54.922 18010 18026 W OpenVRAPI: hewo?
02-17 21:48:54.922 18010 18026 I OpenVRAPI: vrapi_SubmitFrame2(0xee119a90, 0xe27b4cd8) -> 0
02-17 21:48:54.922 18010 18026 I OpenVRAPI: vrapi_GetTimeInSeconds() -> 1739850534.922887
02-17 21:48:54.922 18010 18026 I OpenVRAPI: vrapi_GetPredictedDisplayTime(0xee119a90, 1789) -> 1739850549.831220
02-17 21:48:54.922 18010 18026 I OpenVRAPI: vrapi_GetPredictedTracking2(0xee119a90, 1739850549.831220) -> [struct]
02-17 21:48:54.922 18010 18026 I OpenVRAPI: vrapi_GetTimeInSeconds() -> 1739850534.922938
02-17 21:48:54.924 18010 18026 W OpenVRAPI: hewo?
02-17 21:48:54.924 18010 18026 I OpenVRAPI: vrapi_SubmitFrame2(0xee119a90, 0xe27b4cd8) -> 0
02-17 21:48:54.924 18010 18026 I OpenVRAPI: vrapi_GetTimeInSeconds() -> 1739850534.924744
02-17 21:48:54.924 18010 18026 I OpenVRAPI: vrapi_GetPredictedDisplayTime(0xee119a90, 1790) -> 1739850549.841410
02-17 21:48:54.924 18010 18026 I OpenVRAPI: vrapi_GetPredictedTracking2(0xee119a90, 1739850549.841410) -> [struct]
02-17 21:48:54.924 18010 18026 I OpenVRAPI: vrapi_GetTimeInSeconds() -> 1739850534.924790
02-17 21:48:54.926 18010 18026 W OpenVRAPI: hewo?
02-17 21:48:54.926 18010 18026 I OpenVRAPI: vrapi_SubmitFrame2(0xee119a90, 0xe27b4cd8) -> 0
02-17 21:48:54.926 18010 18026 I OpenVRAPI: vrapi_GetTimeInSeconds() -> 1739850534.926601
02-17 21:48:54.926 18010 18026 I OpenVRAPI: vrapi_GetPredictedDisplayTime(0xee119a90, 1791) -> 1739850549.851601
02-17 21:48:54.926 18010 18026 I OpenVRAPI: vrapi_GetPredictedTracking2(0xee119a90, 1739850549.851601) -> [struct]
02-17 21:48:54.926 18010 18026 I OpenVRAPI: vrapi_GetTimeInSeconds() -> 1739850534.926647
02-17 21:48:54.928 18010 18026 W OpenVRAPI: hewo?
02-17 21:48:54.928 18010 18026 I OpenVRAPI: vrapi_SubmitFrame2(0xee119a90, 0xe27b4cd8) -> 0
02-17 21:48:54.928 18010 18026 I OpenVRAPI: vrapi_GetTimeInSeconds() -> 1739850534.928529
02-17 21:48:54.928 18010 18026 I OpenVRAPI: vrapi_GetPredictedDisplayTime(0xee119a90, 1792) -> 1739850549.861863
02-17 21:48:54.928 18010 18026 I OpenVRAPI: vrapi_GetPredictedTracking2(0xee119a90, 1739850549.861863) -> [struct]
02-17 21:48:54.928 18010 18026 I OpenVRAPI: vrapi_GetTimeInSeconds() -> 1739850534.928570
02-17 21:48:54.930 18010 18026 W OpenVRAPI: hewo?
02-17 21:48:54.930 18010 18026 I OpenVRAPI: vrapi_SubmitFrame2(0xee119a90, 0xe27b4cd8) -> 0
02-17 21:48:54.930 18010 18026 I OpenVRAPI: vrapi_GetTimeInSeconds() -> 1739850534.930369
02-17 21:48:54.930 18010 18026 I OpenVRAPI: vrapi_GetPredictedDisplayTime(0xee119a90, 1793) -> 1739850549.872035
02-17 21:48:54.930 18010 18026 I OpenVRAPI: vrapi_GetPredictedTracking2(0xee119a90, 1739850549.872035) -> [struct]
02-17 21:48:54.930 18010 18026 I OpenVRAPI: vrapi_GetTimeInSeconds() -> 1739850534.930410
02-17 21:48:54.932 18010 18026 W OpenVRAPI: hewo?
02-17 21:48:54.932 18010 18026 I OpenVRAPI: vrapi_SubmitFrame2(0xee119a90, 0xe27b4cd8) -> 0
02-17 21:48:54.932 18010 18026 I OpenVRAPI: vrapi_GetTimeInSeconds() -> 1739850534.932227
02-17 21:48:54.932 18010 18026 I OpenVRAPI: vrapi_GetPredictedDisplayTime(0xee119a90, 1794) -> 1739850549.882227
02-17 21:48:54.932 18010 18026 I OpenVRAPI: vrapi_GetPredictedTracking2(0xee119a90, 1739850549.882227) -> [struct]
02-17 21:48:54.932 18010 18026 I OpenVRAPI: vrapi_GetTimeInSeconds() -> 1739850534.932278
02-17 21:48:54.934 18010 18026 W OpenVRAPI: hewo?
02-17 21:48:54.934 18010 18026 I OpenVRAPI: vrapi_SubmitFrame2(0xee119a90, 0xe27b4cd8) -> 0
02-17 21:48:54.934 18010 18026 I OpenVRAPI: vrapi_GetTimeInSeconds() -> 1739850534.934074
02-17 21:48:54.934 18010 18026 I OpenVRAPI: vrapi_GetPredictedDisplayTime(0xee119a90, 1795) -> 1739850549.892407
02-17 21:48:54.934 18010 18026 I OpenVRAPI: vrapi_GetPredictedTracking2(0xee119a90, 1739850549.892407) -> [struct]
02-17 21:48:54.934 18010 18026 I OpenVRAPI: vrapi_GetTimeInSeconds() -> 1739850534.934123
02-17 21:48:54.935 18010 18026 W OpenVRAPI: hewo?
02-17 21:48:54.935 18010 18026 I OpenVRAPI: vrapi_SubmitFrame2(0xee119a90, 0xe27b4cd8) -> 0
02-17 21:48:54.935 18010 18026 I OpenVRAPI: vrapi_GetTimeInSeconds() -> 1739850534.935955
02-17 21:48:54.935 18010 18026 I OpenVRAPI: vrapi_GetPredictedDisplayTime(0xee119a90, 1796) -> 1739850549.902622
02-17 21:48:54.935 18010 18026 I OpenVRAPI: vrapi_GetPredictedTracking2(0xee119a90, 1739850549.902622) -> [struct]
02-17 21:48:54.936 18010 18026 I OpenVRAPI: vrapi_GetTimeInSeconds() -> 1739850534.936006
02-17 21:48:54.937 18010 18026 W OpenVRAPI: hewo?
02-17 21:48:54.938 18010 18026 I OpenVRAPI: vrapi_SubmitFrame2(0xee119a90, 0xe27b4cd8) -> 0
02-17 21:48:54.938 18010 18026 I OpenVRAPI: vrapi_GetTimeInSeconds() -> 1739850534.938033
02-17 21:48:54.938 18010 18026 I OpenVRAPI: vrapi_GetPredictedDisplayTime(0xee119a90, 1797) -> 1739850549.913033
02-17 21:48:54.938 18010 18026 I OpenVRAPI: vrapi_GetPredictedTracking2(0xee119a90, 1739850549.913033) -> [struct]
02-17 21:48:54.938 18010 18026 I OpenVRAPI: vrapi_GetTimeInSeconds() -> 1739850534.938112
02-17 21:48:54.939 18010 18026 W OpenVRAPI: hewo?
02-17 21:48:54.939 18010 18026 I OpenVRAPI: vrapi_SubmitFrame2(0xee119a90, 0xe27b4cd8) -> 0
02-17 21:48:54.939 18010 18026 I OpenVRAPI: vrapi_GetTimeInSeconds() -> 1739850534.939673
02-17 21:48:54.939 18010 18026 I OpenVRAPI: vrapi_GetPredictedDisplayTime(0xee119a90, 1798) -> 1739850549.923007
02-17 21:48:54.939 18010 18026 I OpenVRAPI: vrapi_GetPredictedTracking2(0xee119a90, 1739850549.923007) -> [struct]
02-17 21:48:54.939 18010 18026 I OpenVRAPI: vrapi_GetTimeInSeconds() -> 1739850534.939725
02-17 21:48:54.941 18010 18026 W OpenVRAPI: hewo?
02-17 21:48:54.941 18010 18026 I OpenVRAPI: vrapi_SubmitFrame2(0xee119a90, 0xe27b4cd8) -> 0
02-17 21:48:54.941 18010 18026 I OpenVRAPI: vrapi_GetTimeInSeconds() -> 1739850534.941528
02-17 21:48:54.941 18010 18026 I OpenVRAPI: vrapi_GetPredictedDisplayTime(0xee119a90, 1799) -> 1739850549.933194
02-17 21:48:54.941 18010 18026 I OpenVRAPI: vrapi_GetPredictedTracking2(0xee119a90, 1739850549.933194) -> [struct]
02-17 21:48:54.941 18010 18026 I OpenVRAPI: vrapi_GetTimeInSeconds() -> 1739850534.941581
02-17 21:48:54.943 18010 18026 W OpenVRAPI: hewo?
02-17 21:48:54.943 18010 18026 I OpenVRAPI: vrapi_SubmitFrame2(0xee119a90, 0xe27b4cd8) -> 0
02-17 21:48:54.943 18010 18026 I OpenVRAPI: vrapi_GetTimeInSeconds() -> 1739850534.943388
02-17 21:48:54.943 18010 18026 I OpenVRAPI: vrapi_GetPredictedDisplayTime(0xee119a90, 1800) -> 1739850549.943388
02-17 21:48:54.943 18010 18026 I OpenVRAPI: vrapi_GetPredictedTracking2(0xee119a90, 1739850549.943388) -> [struct]
02-17 21:48:54.943 18010 18026 I OpenVRAPI: vrapi_GetTimeInSeconds() -> 1739850534.943441
02-17 21:48:54.945 18010 18026 W OpenVRAPI: hewo?
02-17 21:48:54.945 18010 18026 I OpenVRAPI: vrapi_SubmitFrame2(0xee119a90, 0xe27b4cd8) -> 0
02-17 21:48:54.945 18010 18026 I OpenVRAPI: vrapi_GetTimeInSeconds() -> 1739850534.945345
02-17 21:48:54.945 18010 18026 I OpenVRAPI: vrapi_GetPredictedDisplayTime(0xee119a90, 1801) -> 1739850549.953678
02-17 21:48:54.945 18010 18026 I OpenVRAPI: vrapi_GetPredictedTracking2(0xee119a90, 1739850549.953678) -> [struct]
02-17 21:48:54.945 18010 18026 I OpenVRAPI: vrapi_GetTimeInSeconds() -> 1739850534.945387
02-17 21:48:54.947 18010 18026 W OpenVRAPI: hewo?
02-17 21:48:54.947 18010 18026 I OpenVRAPI: vrapi_SubmitFrame2(0xee119a90, 0xe27b4cd8) -> 0
02-17 21:48:54.947 18010 18026 I OpenVRAPI: vrapi_GetTimeInSeconds() -> 1739850534.947183
02-17 21:48:54.947 18010 18026 I OpenVRAPI: vrapi_GetPredictedDisplayTime(0xee119a90, 1802) -> 1739850549.963850
02-17 21:48:54.947 18010 18026 I OpenVRAPI: vrapi_GetPredictedTracking2(0xee119a90, 1739850549.963850) -> [struct]
02-17 21:48:54.947 18010 18026 I OpenVRAPI: vrapi_GetTimeInSeconds() -> 1739850534.947225
02-17 21:48:54.948 18010 18026 W OpenVRAPI: hewo?
02-17 21:48:54.949 18010 18026 I OpenVRAPI: vrapi_SubmitFrame2(0xee119a90, 0xe27b4cd8) -> 0
02-17 21:48:54.949 18010 18026 I OpenVRAPI: vrapi_GetTimeInSeconds() -> 1739850534.949026
02-17 21:48:54.949 18010 18026 I OpenVRAPI: vrapi_GetPredictedDisplayTime(0xee119a90, 1803) -> 1739850549.974026
02-17 21:48:54.949 18010 18026 I OpenVRAPI: vrapi_GetPredictedTracking2(0xee119a90, 1739850549.974026) -> [struct]
02-17 21:48:54.949 18010 18026 I OpenVRAPI: vrapi_GetTimeInSeconds() -> 1739850534.949075
02-17 21:48:54.950 18010 18026 W OpenVRAPI: hewo?
02-17 21:48:54.950 18010 18026 I OpenVRAPI: vrapi_SubmitFrame2(0xee119a90, 0xe27b4cd8) -> 0
02-17 21:48:54.950 18010 18026 I OpenVRAPI: vrapi_GetTimeInSeconds() -> 1739850534.950866
02-17 21:48:54.950 18010 18026 I OpenVRAPI: vrapi_GetPredictedDisplayTime(0xee119a90, 1804) -> 1739850549.984200
02-17 21:48:54.950 18010 18026 I OpenVRAPI: vrapi_GetPredictedTracking2(0xee119a90, 1739850549.984200) -> [struct]
02-17 21:48:54.950 18010 18026 I OpenVRAPI: vrapi_GetTimeInSeconds() -> 1739850534.950912
02-17 21:48:54.952 18010 18026 W OpenVRAPI: hewo?
02-17 21:48:54.952 18010 18026 I OpenVRAPI: vrapi_SubmitFrame2(0xee119a90, 0xe27b4cd8) -> 0
02-17 21:48:54.952 18010 18026 I OpenVRAPI: vrapi_GetTimeInSeconds() -> 1739850534.952729
02-17 21:48:54.952 18010 18026 I OpenVRAPI: vrapi_GetPredictedDisplayTime(0xee119a90, 1805) -> 1739850549.994395
02-17 21:48:54.952 18010 18026 I OpenVRAPI: vrapi_GetPredictedTracking2(0xee119a90, 1739850549.994395) -> [struct]
02-17 21:48:54.952 18010 18026 I OpenVRAPI: vrapi_GetTimeInSeconds() -> 1739850534.952777
02-17 21:48:54.954 18010 18026 W OpenVRAPI: hewo?
02-17 21:48:54.954 18010 18026 I OpenVRAPI: vrapi_SubmitFrame2(0xee119a90, 0xe27b4cd8) -> 0
02-17 21:48:54.954 18010 18026 I OpenVRAPI: vrapi_GetTimeInSeconds() -> 1739850534.954593
02-17 21:48:54.954 18010 18026 I OpenVRAPI: vrapi_GetPredictedDisplayTime(0xee119a90, 1806) -> 1739850550.004593
02-17 21:48:54.954 18010 18026 I OpenVRAPI: vrapi_GetPredictedTracking2(0xee119a90, 1739850550.004593) -> [struct]
02-17 21:48:54.954 18010 18026 I OpenVRAPI: vrapi_GetTimeInSeconds() -> 1739850534.954639
02-17 21:48:54.956 18010 18026 W OpenVRAPI: hewo?
02-17 21:48:54.956 18010 18026 I OpenVRAPI: vrapi_SubmitFrame2(0xee119a90, 0xe27b4cd8) -> 0
02-17 21:48:54.956 18010 18026 I OpenVRAPI: vrapi_GetTimeInSeconds() -> 1739850534.956469
02-17 21:48:54.956 18010 18026 I OpenVRAPI: vrapi_GetPredictedDisplayTime(0xee119a90, 1807) -> 1739850550.014802
02-17 21:48:54.956 18010 18026 I OpenVRAPI: vrapi_GetPredictedTracking2(0xee119a90, 1739850550.014802) -> [struct]
02-17 21:48:54.956 18010 18026 I OpenVRAPI: vrapi_GetTimeInSeconds() -> 1739850534.956519
02-17 21:48:54.958 18010 18026 W OpenVRAPI: hewo?
02-17 21:48:54.958 18010 18026 I OpenVRAPI: vrapi_SubmitFrame2(0xee119a90, 0xe27b4cd8) -> 0
02-17 21:48:54.958 18010 18026 I OpenVRAPI: vrapi_GetTimeInSeconds() -> 1739850534.958309
02-17 21:48:54.958 18010 18026 I OpenVRAPI: vrapi_GetPredictedDisplayTime(0xee119a90, 1808) -> 1739850550.024976
02-17 21:48:54.958 18010 18026 I OpenVRAPI: vrapi_GetPredictedTracking2(0xee119a90, 1739850550.024976) -> [struct]
02-17 21:48:54.958 18010 18026 I OpenVRAPI: vrapi_GetTimeInSeconds() -> 1739850534.958356
02-17 21:48:54.960 18010 18026 W OpenVRAPI: hewo?
02-17 21:48:54.960 18010 18026 I OpenVRAPI: vrapi_SubmitFrame2(0xee119a90, 0xe27b4cd8) -> 0
02-17 21:48:54.960 18010 18026 I OpenVRAPI: vrapi_GetTimeInSeconds() -> 1739850534.960190
02-17 21:48:54.960 18010 18026 I OpenVRAPI: vrapi_GetPredictedDisplayTime(0xee119a90, 1809) -> 1739850550.035190
02-17 21:48:54.960 18010 18026 I OpenVRAPI: vrapi_GetPredictedTracking2(0xee119a90, 1739850550.035190) -> [struct]
02-17 21:48:54.960 18010 18026 I OpenVRAPI: vrapi_GetTimeInSeconds() -> 1739850534.960236
02-17 21:48:54.962 18010 18026 W OpenVRAPI: hewo?
02-17 21:48:54.962 18010 18026 I OpenVRAPI: vrapi_SubmitFrame2(0xee119a90, 0xe27b4cd8) -> 0
02-17 21:48:54.962 18010 18026 I OpenVRAPI: vrapi_GetTimeInSeconds() -> 1739850534.962105
02-17 21:48:54.962 18010 18026 I OpenVRAPI: vrapi_GetPredictedDisplayTime(0xee119a90, 1810) -> 1739850550.045438
02-17 21:48:54.962 18010 18026 I OpenVRAPI: vrapi_GetPredictedTracking2(0xee119a90, 1739850550.045438) -> [struct]
02-17 21:48:54.962 18010 18026 I OpenVRAPI: vrapi_GetTimeInSeconds() -> 1739850534.962146
02-17 21:48:54.963 18010 18026 W OpenVRAPI: hewo?
02-17 21:48:54.963 18010 18026 I OpenVRAPI: vrapi_SubmitFrame2(0xee119a90, 0xe27b4cd8) -> 0
02-17 21:48:54.963 18010 18026 I OpenVRAPI: vrapi_GetTimeInSeconds() -> 1739850534.963955
02-17 21:48:54.963 18010 18026 I OpenVRAPI: vrapi_GetPredictedDisplayTime(0xee119a90, 1811) -> 1739850550.055622
02-17 21:48:54.963 18010 18026 I OpenVRAPI: vrapi_GetPredictedTracking2(0xee119a90, 1739850550.055622) -> [struct]
02-17 21:48:54.963 18010 18026 I OpenVRAPI: vrapi_GetTimeInSeconds() -> 1739850534.963996
02-17 21:48:54.965 18010 18026 W OpenVRAPI: hewo?
02-17 21:48:54.965 18010 18026 I OpenVRAPI: vrapi_SubmitFrame2(0xee119a90, 0xe27b4cd8) -> 0
02-17 21:48:54.965 18010 18026 I OpenVRAPI: vrapi_GetTimeInSeconds() -> 1739850534.965802
02-17 21:48:54.965 18010 18026 I OpenVRAPI: vrapi_GetPredictedDisplayTime(0xee119a90, 1812) -> 1739850550.065802
02-17 21:48:54.965 18010 18026 I OpenVRAPI: vrapi_GetPredictedTracking2(0xee119a90, 1739850550.065802) -> [struct]
02-17 21:48:54.965 18010 18026 I OpenVRAPI: vrapi_GetTimeInSeconds() -> 1739850534.965852
02-17 21:48:54.967 18010 18026 W OpenVRAPI: hewo?
02-17 21:48:54.967 18010 18026 I OpenVRAPI: vrapi_SubmitFrame2(0xee119a90, 0xe27b4cd8) -> 0
02-17 21:48:54.967 18010 18026 I OpenVRAPI: vrapi_GetTimeInSeconds() -> 1739850534.967654
02-17 21:48:54.967 18010 18026 I OpenVRAPI: vrapi_GetPredictedDisplayTime(0xee119a90, 1813) -> 1739850550.075987
02-17 21:48:54.967 18010 18026 I OpenVRAPI: vrapi_GetPredictedTracking2(0xee119a90, 1739850550.075987) -> [struct]
02-17 21:48:54.967 18010 18026 I OpenVRAPI: vrapi_GetTimeInSeconds() -> 1739850534.967704
02-17 21:48:54.969 18010 18026 W OpenVRAPI: hewo?
02-17 21:48:54.969 18010 18026 I OpenVRAPI: vrapi_SubmitFrame2(0xee119a90, 0xe27b4cd8) -> 0
02-17 21:48:54.969 18010 18026 I OpenVRAPI: vrapi_GetTimeInSeconds() -> 1739850534.969520
02-17 21:48:54.969 18010 18026 I OpenVRAPI: vrapi_GetPredictedDisplayTime(0xee119a90, 1814) -> 1739850550.086187
02-17 21:48:54.969 18010 18026 I OpenVRAPI: vrapi_GetPredictedTracking2(0xee119a90, 1739850550.086187) -> [struct]
02-17 21:48:54.969 18010 18026 I OpenVRAPI: vrapi_GetTimeInSeconds() -> 1739850534.969563
02-17 21:48:54.971 18010 18026 W OpenVRAPI: hewo?
02-17 21:48:54.971 18010 18026 I OpenVRAPI: vrapi_SubmitFrame2(0xee119a90, 0xe27b4cd8) -> 0
02-17 21:48:54.971 18010 18026 I OpenVRAPI: vrapi_GetTimeInSeconds() -> 1739850534.971383
02-17 21:48:54.971 18010 18026 I OpenVRAPI: vrapi_GetPredictedDisplayTime(0xee119a90, 1815) -> 1739850550.096383
02-17 21:48:54.971 18010 18026 I OpenVRAPI: vrapi_GetPredictedTracking2(0xee119a90, 1739850550.096383) -> [struct]
02-17 21:48:54.971 18010 18026 I OpenVRAPI: vrapi_GetTimeInSeconds() -> 1739850534.971422
02-17 21:48:54.973 18010 18026 W OpenVRAPI: hewo?
02-17 21:48:54.973 18010 18026 I OpenVRAPI: vrapi_SubmitFrame2(0xee119a90, 0xe27b4cd8) -> 0
02-17 21:48:54.973 18010 18026 I OpenVRAPI: vrapi_GetTimeInSeconds() -> 1739850534.973245
02-17 21:48:54.973 18010 18026 I OpenVRAPI: vrapi_GetPredictedDisplayTime(0xee119a90, 1816) -> 1739850550.106579
02-17 21:48:54.973 18010 18026 I OpenVRAPI: vrapi_GetPredictedTracking2(0xee119a90, 1739850550.106579) -> [struct]
02-17 21:48:54.973 18010 18026 I OpenVRAPI: vrapi_GetTimeInSeconds() -> 1739850534.973287
02-17 21:48:54.975 18010 18026 W OpenVRAPI: hewo?
02-17 21:48:54.975 18010 18026 I OpenVRAPI: vrapi_SubmitFrame2(0xee119a90, 0xe27b4cd8) -> 0
02-17 21:48:54.975 18010 18026 I OpenVRAPI: vrapi_GetTimeInSeconds() -> 1739850534.975188
02-17 21:48:54.975 18010 18026 I OpenVRAPI: vrapi_GetPredictedDisplayTime(0xee119a90, 1817) -> 1739850550.116855
02-17 21:48:54.975 18010 18026 I OpenVRAPI: vrapi_GetPredictedTracking2(0xee119a90, 1739850550.116855) -> [struct]
02-17 21:48:54.975 18010 18026 I OpenVRAPI: vrapi_GetTimeInSeconds() -> 1739850534.975245
02-17 21:48:54.976 18010 18026 W OpenVRAPI: hewo?
02-17 21:48:54.976 18010 18026 I OpenVRAPI: vrapi_SubmitFrame2(0xee119a90, 0xe27b4cd8) -> 0
02-17 21:48:54.976 18010 18026 I OpenVRAPI: vrapi_GetTimeInSeconds() -> 1739850534.976994
02-17 21:48:54.977 18010 18026 I OpenVRAPI: vrapi_GetPredictedDisplayTime(0xee119a90, 1818) -> 1739850550.126994
02-17 21:48:54.977 18010 18026 I OpenVRAPI: vrapi_GetPredictedTracking2(0xee119a90, 1739850550.126994) -> [struct]
02-17 21:48:54.977 18010 18026 I OpenVRAPI: vrapi_GetTimeInSeconds() -> 1739850534.977044
02-17 21:48:54.978 18010 18026 W OpenVRAPI: hewo?
02-17 21:48:54.978 18010 18026 I OpenVRAPI: vrapi_SubmitFrame2(0xee119a90, 0xe27b4cd8) -> 0
02-17 21:48:54.978 18010 18026 I OpenVRAPI: vrapi_GetTimeInSeconds() -> 1739850534.978860
02-17 21:48:54.978 18010 18026 I OpenVRAPI: vrapi_GetPredictedDisplayTime(0xee119a90, 1819) -> 1739850550.137193
02-17 21:48:54.978 18010 18026 I OpenVRAPI: vrapi_GetPredictedTracking2(0xee119a90, 1739850550.137193) -> [struct]
02-17 21:48:54.978 18010 18026 I OpenVRAPI: vrapi_GetTimeInSeconds() -> 1739850534.978900
02-17 21:48:54.980 18010 18026 W OpenVRAPI: hewo?
02-17 21:48:54.980 18010 18026 I OpenVRAPI: vrapi_SubmitFrame2(0xee119a90, 0xe27b4cd8) -> 0
02-17 21:48:54.980 18010 18026 I OpenVRAPI: vrapi_GetTimeInSeconds() -> 1739850534.980742
02-17 21:48:54.980 18010 18026 I OpenVRAPI: vrapi_GetPredictedDisplayTime(0xee119a90, 1820) -> 1739850550.147408
02-17 21:48:54.980 18010 18026 I OpenVRAPI: vrapi_GetPredictedTracking2(0xee119a90, 1739850550.147408) -> [struct]
02-17 21:48:54.980 18010 18026 I OpenVRAPI: vrapi_GetTimeInSeconds() -> 1739850534.980782
02-17 21:48:54.982 18010 18026 W OpenVRAPI: hewo?
02-17 21:48:54.982 18010 18026 I OpenVRAPI: vrapi_SubmitFrame2(0xee119a90, 0xe27b4cd8) -> 0
02-17 21:48:54.982 18010 18026 I OpenVRAPI: vrapi_GetTimeInSeconds() -> 1739850534.982586
02-17 21:48:54.982 18010 18026 I OpenVRAPI: vrapi_GetPredictedDisplayTime(0xee119a90, 1821) -> 1739850550.157586
02-17 21:48:54.982 18010 18026 I OpenVRAPI: vrapi_GetPredictedTracking2(0xee119a90, 1739850550.157586) -> [struct]
02-17 21:48:54.982 18010 18026 I OpenVRAPI: vrapi_GetTimeInSeconds() -> 1739850534.982640
02-17 21:48:54.984 18010 18026 W OpenVRAPI: hewo?
02-17 21:48:54.984 18010 18026 I OpenVRAPI: vrapi_SubmitFrame2(0xee119a90, 0xe27b4cd8) -> 0
02-17 21:48:54.984 18010 18026 I OpenVRAPI: vrapi_GetTimeInSeconds() -> 1739850534.984455
02-17 21:48:54.984 18010 18026 I OpenVRAPI: vrapi_GetPredictedDisplayTime(0xee119a90, 1822) -> 1739850550.167789
02-17 21:48:54.984 18010 18026 I OpenVRAPI: vrapi_GetPredictedTracking2(0xee119a90, 1739850550.167789) -> [struct]
02-17 21:48:54.984 18010 18026 I OpenVRAPI: vrapi_GetTimeInSeconds() -> 1739850534.984510
02-17 21:48:54.986 18010 18026 W OpenVRAPI: hewo?
02-17 21:48:54.986 18010 18026 I OpenVRAPI: vrapi_SubmitFrame2(0xee119a90, 0xe27b4cd8) -> 0
02-17 21:48:54.986 18010 18026 I OpenVRAPI: vrapi_GetTimeInSeconds() -> 1739850534.986299
02-17 21:48:54.986 18010 18026 I OpenVRAPI: vrapi_GetPredictedDisplayTime(0xee119a90, 1823) -> 1739850550.177966
02-17 21:48:54.986 18010 18026 I OpenVRAPI: vrapi_GetPredictedTracking2(0xee119a90, 1739850550.177966) -> [struct]
02-17 21:48:54.986 18010 18026 I OpenVRAPI: vrapi_GetTimeInSeconds() -> 1739850534.986349
02-17 21:48:54.988 18010 18026 W OpenVRAPI: hewo?
02-17 21:48:54.988 18010 18026 I OpenVRAPI: vrapi_SubmitFrame2(0xee119a90, 0xe27b4cd8) -> 0
02-17 21:48:54.988 18010 18026 I OpenVRAPI: vrapi_GetTimeInSeconds() -> 1739850534.988169
02-17 21:48:54.988 18010 18026 I OpenVRAPI: vrapi_GetPredictedDisplayTime(0xee119a90, 1824) -> 1739850550.188169
02-17 21:48:54.988 18010 18026 I OpenVRAPI: vrapi_GetPredictedTracking2(0xee119a90, 1739850550.188169) -> [struct]
02-17 21:48:54.988 18010 18026 I OpenVRAPI: vrapi_GetTimeInSeconds() -> 1739850534.988218
02-17 21:48:54.989 18010 18026 W OpenVRAPI: hewo?
02-17 21:48:54.990 18010 18026 I OpenVRAPI: vrapi_SubmitFrame2(0xee119a90, 0xe27b4cd8) -> 0
02-17 21:48:54.990 18010 18026 I OpenVRAPI: vrapi_GetTimeInSeconds() -> 1739850534.990017
02-17 21:48:54.990 18010 18026 I OpenVRAPI: vrapi_GetPredictedDisplayTime(0xee119a90, 1825) -> 1739850550.198351
02-17 21:48:54.990 18010 18026 I OpenVRAPI: vrapi_GetPredictedTracking2(0xee119a90, 1739850550.198351) -> [struct]
02-17 21:48:54.990 18010 18026 I OpenVRAPI: vrapi_GetTimeInSeconds() -> 1739850534.990065
02-17 21:48:54.991 18010 18026 W OpenVRAPI: hewo?
02-17 21:48:54.991 18010 18026 I OpenVRAPI: vrapi_SubmitFrame2(0xee119a90, 0xe27b4cd8) -> 0
02-17 21:48:54.991 18010 18026 I OpenVRAPI: vrapi_GetTimeInSeconds() -> 1739850534.991880
02-17 21:48:54.991 18010 18026 I OpenVRAPI: vrapi_GetPredictedDisplayTime(0xee119a90, 1826) -> 1739850550.208547
02-17 21:48:54.991 18010 18026 I OpenVRAPI: vrapi_GetPredictedTracking2(0xee119a90, 1739850550.208547) -> [struct]
02-17 21:48:54.991 18010 18026 I OpenVRAPI: vrapi_GetTimeInSeconds() -> 1739850534.991928
02-17 21:48:54.993 18010 18026 W OpenVRAPI: hewo?
02-17 21:48:54.993 18010 18026 I OpenVRAPI: vrapi_SubmitFrame2(0xee119a90, 0xe27b4cd8) -> 0
02-17 21:48:54.993 18010 18026 I OpenVRAPI: vrapi_GetTimeInSeconds() -> 1739850534.993737
02-17 21:48:54.993 18010 18026 I OpenVRAPI: vrapi_GetPredictedDisplayTime(0xee119a90, 1827) -> 1739850550.218737
02-17 21:48:54.993 18010 18026 I OpenVRAPI: vrapi_GetPredictedTracking2(0xee119a90, 1739850550.218737) -> [struct]
02-17 21:48:54.993 18010 18026 I OpenVRAPI: vrapi_GetTimeInSeconds() -> 1739850534.993777
02-17 21:48:54.995 18010 18026 W OpenVRAPI: hewo?
02-17 21:48:54.995 18010 18026 I OpenVRAPI: vrapi_SubmitFrame2(0xee119a90, 0xe27b4cd8) -> 0
02-17 21:48:54.995 18010 18026 I OpenVRAPI: vrapi_GetTimeInSeconds() -> 1739850534.995831
02-17 21:48:54.995 18010 18026 I OpenVRAPI: vrapi_GetPredictedDisplayTime(0xee119a90, 1828) -> 1739850550.229164
02-17 21:48:54.995 18010 18026 I OpenVRAPI: vrapi_GetPredictedTracking2(0xee119a90, 1739850550.229164) -> [struct]
02-17 21:48:54.995 18010 18026 I OpenVRAPI: vrapi_GetTimeInSeconds() -> 1739850534.995919
02-17 21:48:54.997 18010 18026 W OpenVRAPI: hewo?
02-17 21:48:54.997 18010 18026 I OpenVRAPI: vrapi_SubmitFrame2(0xee119a90, 0xe27b4cd8) -> 0
02-17 21:48:54.997 18010 18026 I OpenVRAPI: vrapi_GetTimeInSeconds() -> 1739850534.997561
02-17 21:48:54.997 18010 18026 I OpenVRAPI: vrapi_GetPredictedDisplayTime(0xee119a90, 1829) -> 1739850550.239227
02-17 21:48:54.997 18010 18026 I OpenVRAPI: vrapi_GetPredictedTracking2(0xee119a90, 1739850550.239227) -> [struct]
02-17 21:48:54.997 18010 18026 I OpenVRAPI: vrapi_GetTimeInSeconds() -> 1739850534.997652
02-17 21:48:54.999 18010 18026 W OpenVRAPI: hewo?
02-17 21:48:54.999 18010 18026 I OpenVRAPI: vrapi_SubmitFrame2(0xee119a90, 0xe27b4cd8) -> 0
02-17 21:48:54.999 18010 18026 I OpenVRAPI: vrapi_GetTimeInSeconds() -> 1739850534.999326
02-17 21:48:54.999 18010 18026 I OpenVRAPI: vrapi_GetPredictedDisplayTime(0xee119a90, 1830) -> 1739850550.249326
02-17 21:48:54.999 18010 18026 I OpenVRAPI: vrapi_GetPredictedTracking2(0xee119a90, 1739850550.249326) -> [struct]
02-17 21:48:54.999 18010 18026 I OpenVRAPI: vrapi_GetTimeInSeconds() -> 1739850534.999373
02-17 21:48:55.001 18010 18026 W OpenVRAPI: hewo?
02-17 21:48:55.001 18010 18026 I OpenVRAPI: vrapi_SubmitFrame2(0xee119a90, 0xe27b4cd8) -> 0
02-17 21:48:55.001 18010 18026 I OpenVRAPI: vrapi_GetTimeInSeconds() -> 1739850535.001183
02-17 21:48:55.001 18010 18026 I OpenVRAPI: vrapi_GetPredictedDisplayTime(0xee119a90, 1831) -> 1739850550.259516
02-17 21:48:55.001 18010 18026 I OpenVRAPI: vrapi_GetPredictedTracking2(0xee119a90, 1739850550.259516) -> [struct]
02-17 21:48:55.001 18010 18026 I OpenVRAPI: vrapi_GetTimeInSeconds() -> 1739850535.001231
02-17 21:48:55.003 18010 18026 W OpenVRAPI: hewo?
02-17 21:48:55.003 18010 18026 I OpenVRAPI: vrapi_SubmitFrame2(0xee119a90, 0xe27b4cd8) -> 0
02-17 21:48:55.003 18010 18026 I OpenVRAPI: vrapi_GetTimeInSeconds() -> 1739850535.003422
02-17 21:48:55.003 18010 18026 I OpenVRAPI: vrapi_GetPredictedDisplayTime(0xee119a90, 1832) -> 1739850550.270088
02-17 21:48:55.003 18010 18026 I OpenVRAPI: vrapi_GetPredictedTracking2(0xee119a90, 1739850550.270088) -> [struct]
02-17 21:48:55.003 18010 18026 I OpenVRAPI: vrapi_GetTimeInSeconds() -> 1739850535.003472
02-17 21:48:55.004 18010 18026 W OpenVRAPI: hewo?
02-17 21:48:55.004 18010 18026 I OpenVRAPI: vrapi_SubmitFrame2(0xee119a90, 0xe27b4cd8) -> 0
02-17 21:48:55.004 18010 18026 I OpenVRAPI: vrapi_GetTimeInSeconds() -> 1739850535.004912
02-17 21:48:55.004 18010 18026 I OpenVRAPI: vrapi_GetPredictedDisplayTime(0xee119a90, 1833) -> 1739850550.279912
02-17 21:48:55.004 18010 18026 I OpenVRAPI: vrapi_GetPredictedTracking2(0xee119a90, 1739850550.279912) -> [struct]
02-17 21:48:55.004 18010 18026 I OpenVRAPI: vrapi_GetTimeInSeconds() -> 1739850535.004960
02-17 21:48:55.006 18010 18026 W OpenVRAPI: hewo?
02-17 21:48:55.006 18010 18026 I OpenVRAPI: vrapi_SubmitFrame2(0xee119a90, 0xe27b4cd8) -> 0
02-17 21:48:55.006 18010 18026 I OpenVRAPI: vrapi_GetTimeInSeconds() -> 1739850535.006755
02-17 21:48:55.006 18010 18026 I OpenVRAPI: vrapi_GetPredictedDisplayTime(0xee119a90, 1834) -> 1739850550.290088
02-17 21:48:55.006 18010 18026 I OpenVRAPI: vrapi_GetPredictedTracking2(0xee119a90, 1739850550.290088) -> [struct]
02-17 21:48:55.006 18010 18026 I OpenVRAPI: vrapi_GetTimeInSeconds() -> 1739850535.006801
02-17 21:48:55.008 18010 18026 W OpenVRAPI: hewo?
02-17 21:48:55.008 18010 18026 I OpenVRAPI: vrapi_SubmitFrame2(0xee119a90, 0xe27b4cd8) -> 0
02-17 21:48:55.008 18010 18026 I OpenVRAPI: vrapi_GetTimeInSeconds() -> 1739850535.008612
02-17 21:48:55.008 18010 18026 I OpenVRAPI: vrapi_GetPredictedDisplayTime(0xee119a90, 1835) -> 1739850550.300278
02-17 21:48:55.008 18010 18026 I OpenVRAPI: vrapi_GetPredictedTracking2(0xee119a90, 1739850550.300278) -> [struct]
02-17 21:48:55.008 18010 18026 I OpenVRAPI: vrapi_GetTimeInSeconds() -> 1739850535.008663
02-17 21:48:55.010 18010 18026 W OpenVRAPI: hewo?
02-17 21:48:55.010 18010 18026 I OpenVRAPI: vrapi_SubmitFrame2(0xee119a90, 0xe27b4cd8) -> 0
02-17 21:48:55.010 18010 18026 I OpenVRAPI: vrapi_GetTimeInSeconds() -> 1739850535.010483
02-17 21:48:55.010 18010 18026 I OpenVRAPI: vrapi_GetPredictedDisplayTime(0xee119a90, 1836) -> 1739850550.310483
02-17 21:48:55.010 18010 18026 I OpenVRAPI: vrapi_GetPredictedTracking2(0xee119a90, 1739850550.310483) -> [struct]
02-17 21:48:55.010 18010 18026 I OpenVRAPI: vrapi_GetTimeInSeconds() -> 1739850535.010531
02-17 21:48:55.012 18010 18026 W OpenVRAPI: hewo?
02-17 21:48:55.012 18010 18026 I OpenVRAPI: vrapi_SubmitFrame2(0xee119a90, 0xe27b4cd8) -> 0
02-17 21:48:55.012 18010 18026 I OpenVRAPI: vrapi_GetTimeInSeconds() -> 1739850535.012337
02-17 21:48:55.012 18010 18026 I OpenVRAPI: vrapi_GetPredictedDisplayTime(0xee119a90, 1837) -> 1739850550.320670
02-17 21:48:55.012 18010 18026 I OpenVRAPI: vrapi_GetPredictedTracking2(0xee119a90, 1739850550.320670) -> [struct]
02-17 21:48:55.012 18010 18026 I OpenVRAPI: vrapi_GetTimeInSeconds() -> 1739850535.012416
02-17 21:48:55.014 18010 18026 W OpenVRAPI: hewo?
02-17 21:48:55.014 18010 18026 I OpenVRAPI: vrapi_SubmitFrame2(0xee119a90, 0xe27b4cd8) -> 0
02-17 21:48:55.014 18010 18026 I OpenVRAPI: vrapi_GetTimeInSeconds() -> 1739850535.014192
02-17 21:48:55.014 18010 18026 I OpenVRAPI: vrapi_GetPredictedDisplayTime(0xee119a90, 1838) -> 1739850550.330858
02-17 21:48:55.014 18010 18026 I OpenVRAPI: vrapi_GetPredictedTracking2(0xee119a90, 1739850550.330858) -> [struct]
02-17 21:48:55.014 18010 18026 I OpenVRAPI: vrapi_GetTimeInSeconds() -> 1739850535.014236
02-17 21:48:55.016 18010 18026 W OpenVRAPI: hewo?
02-17 21:48:55.016 18010 18026 I OpenVRAPI: vrapi_SubmitFrame2(0xee119a90, 0xe27b4cd8) -> 0
02-17 21:48:55.016 18010 18026 I OpenVRAPI: vrapi_GetTimeInSeconds() -> 1739850535.016058
02-17 21:48:55.016 18010 18026 I OpenVRAPI: vrapi_GetPredictedDisplayTime(0xee119a90, 1839) -> 1739850550.341058
02-17 21:48:55.016 18010 18026 I OpenVRAPI: vrapi_GetPredictedTracking2(0xee119a90, 1739850550.341058) -> [struct]
02-17 21:48:55.016 18010 18026 I OpenVRAPI: vrapi_GetTimeInSeconds() -> 1739850535.016106
02-17 21:48:55.017 18010 18026 W OpenVRAPI: hewo?
02-17 21:48:55.017 18010 18026 I OpenVRAPI: vrapi_SubmitFrame2(0xee119a90, 0xe27b4cd8) -> 0
02-17 21:48:55.017 18010 18026 I OpenVRAPI: vrapi_GetTimeInSeconds() -> 1739850535.017913
02-17 21:48:55.017 18010 18026 I OpenVRAPI: vrapi_GetPredictedDisplayTime(0xee119a90, 1840) -> 1739850550.351246
02-17 21:48:55.017 18010 18026 I OpenVRAPI: vrapi_GetPredictedTracking2(0xee119a90, 1739850550.351246) -> [struct]
02-17 21:48:55.017 18010 18026 I OpenVRAPI: vrapi_GetTimeInSeconds() -> 1739850535.017958
02-17 21:48:55.019 18010 18026 W OpenVRAPI: hewo?
02-17 21:48:55.019 18010 18026 I OpenVRAPI: vrapi_SubmitFrame2(0xee119a90, 0xe27b4cd8) -> 0
02-17 21:48:55.019 18010 18026 I OpenVRAPI: vrapi_GetTimeInSeconds() -> 1739850535.019767
02-17 21:48:55.019 18010 18026 I OpenVRAPI: vrapi_GetPredictedDisplayTime(0xee119a90, 1841) -> 1739850550.361434
02-17 21:48:55.019 18010 18026 I OpenVRAPI: vrapi_GetPredictedTracking2(0xee119a90, 1739850550.361434) -> [struct]
02-17 21:48:55.019 18010 18026 I OpenVRAPI: vrapi_GetTimeInSeconds() -> 1739850535.019815
02-17 21:48:55.021 18010 18026 W OpenVRAPI: hewo?
02-17 21:48:55.021 18010 18026 I OpenVRAPI: vrapi_SubmitFrame2(0xee119a90, 0xe27b4cd8) -> 0
02-17 21:48:55.021 18010 18026 I OpenVRAPI: vrapi_GetTimeInSeconds() -> 1739850535.021632
02-17 21:48:55.021 18010 18026 I OpenVRAPI: vrapi_GetPredictedDisplayTime(0xee119a90, 1842) -> 1739850550.371632
02-17 21:48:55.021 18010 18026 I OpenVRAPI: vrapi_GetPredictedTracking2(0xee119a90, 1739850550.371632) -> [struct]
02-17 21:48:55.021 18010 18026 I OpenVRAPI: vrapi_GetTimeInSeconds() -> 1739850535.021676
02-17 21:48:55.023 18010 18026 W OpenVRAPI: hewo?
02-17 21:48:55.023 18010 18026 I OpenVRAPI: vrapi_SubmitFrame2(0xee119a90, 0xe27b4cd8) -> 0
02-17 21:48:55.023 18010 18026 I OpenVRAPI: vrapi_GetTimeInSeconds() -> 1739850535.023498
02-17 21:48:55.023 18010 18026 I OpenVRAPI: vrapi_GetPredictedDisplayTime(0xee119a90, 1843) -> 1739850550.381831
02-17 21:48:55.023 18010 18026 I OpenVRAPI: vrapi_GetPredictedTracking2(0xee119a90, 1739850550.381831) -> [struct]
02-17 21:48:55.023 18010 18026 I OpenVRAPI: vrapi_GetTimeInSeconds() -> 1739850535.023546
02-17 21:48:55.025 18010 18026 W OpenVRAPI: hewo?
02-17 21:48:55.025 18010 18026 I OpenVRAPI: vrapi_SubmitFrame2(0xee119a90, 0xe27b4cd8) -> 0
02-17 21:48:55.025 18010 18026 I OpenVRAPI: vrapi_GetTimeInSeconds() -> 1739850535.025561
02-17 21:48:55.025 18010 18026 I OpenVRAPI: vrapi_GetPredictedDisplayTime(0xee119a90, 1844) -> 1739850550.392228
02-17 21:48:55.025 18010 18026 I OpenVRAPI: vrapi_GetPredictedTracking2(0xee119a90, 1739850550.392228) -> [struct]
02-17 21:48:55.025 18010 18026 I OpenVRAPI: vrapi_GetTimeInSeconds() -> 1739850535.025635
02-17 21:48:55.027 18010 18026 W OpenVRAPI: hewo?
02-17 21:48:55.027 18010 18026 I OpenVRAPI: vrapi_SubmitFrame2(0xee119a90, 0xe27b4cd8) -> 0
02-17 21:48:55.027 18010 18026 I OpenVRAPI: vrapi_GetTimeInSeconds() -> 1739850535.027296
02-17 21:48:55.027 18010 18026 I OpenVRAPI: vrapi_GetPredictedDisplayTime(0xee119a90, 1845) -> 1739850550.402296
02-17 21:48:55.027 18010 18026 I OpenVRAPI: vrapi_GetPredictedTracking2(0xee119a90, 1739850550.402296) -> [struct]
02-17 21:48:55.027 18010 18026 I OpenVRAPI: vrapi_GetTimeInSeconds() -> 1739850535.027388
02-17 21:48:55.029 18010 18026 W OpenVRAPI: hewo?
02-17 21:48:55.029 18010 18026 I OpenVRAPI: vrapi_SubmitFrame2(0xee119a90, 0xe27b4cd8) -> 0
02-17 21:48:55.029 18010 18026 I OpenVRAPI: vrapi_GetTimeInSeconds() -> 1739850535.029061
02-17 21:48:55.029 18010 18026 I OpenVRAPI: vrapi_GetPredictedDisplayTime(0xee119a90, 1846) -> 1739850550.412395
02-17 21:48:55.029 18010 18026 I OpenVRAPI: vrapi_GetPredictedTracking2(0xee119a90, 1739850550.412395) -> [struct]
02-17 21:48:55.029 18010 18026 I OpenVRAPI: vrapi_GetTimeInSeconds() -> 1739850535.029109
02-17 21:48:55.030 18010 18026 W OpenVRAPI: hewo?
02-17 21:48:55.030 18010 18026 I OpenVRAPI: vrapi_SubmitFrame2(0xee119a90, 0xe27b4cd8) -> 0
02-17 21:48:55.030 18010 18026 I OpenVRAPI: vrapi_GetTimeInSeconds() -> 1739850535.030918
02-17 21:48:55.030 18010 18026 I OpenVRAPI: vrapi_GetPredictedDisplayTime(0xee119a90, 1847) -> 1739850550.422585
02-17 21:48:55.030 18010 18026 I OpenVRAPI: vrapi_GetPredictedTracking2(0xee119a90, 1739850550.422585) -> [struct]
02-17 21:48:55.030 18010 18026 I OpenVRAPI: vrapi_GetTimeInSeconds() -> 1739850535.030967
02-17 21:48:55.032 18010 18026 W OpenVRAPI: hewo?
02-17 21:48:55.032 18010 18026 I OpenVRAPI: vrapi_SubmitFrame2(0xee119a90, 0xe27b4cd8) -> 0
02-17 21:48:55.032 18010 18026 I OpenVRAPI: vrapi_GetTimeInSeconds() -> 1739850535.032787
02-17 21:48:55.032 18010 18026 I OpenVRAPI: vrapi_GetPredictedDisplayTime(0xee119a90, 1848) -> 1739850550.432787
02-17 21:48:55.032 18010 18026 I OpenVRAPI: vrapi_GetPredictedTracking2(0xee119a90, 1739850550.432787) -> [struct]
02-17 21:48:55.032 18010 18026 I OpenVRAPI: vrapi_GetTimeInSeconds() -> 1739850535.032835
02-17 21:48:55.034 18010 18026 W OpenVRAPI: hewo?
02-17 21:48:55.034 18010 18026 I OpenVRAPI: vrapi_SubmitFrame2(0xee119a90, 0xe27b4cd8) -> 0
02-17 21:48:55.034 18010 18026 I OpenVRAPI: vrapi_GetTimeInSeconds() -> 1739850535.034643
02-17 21:48:55.034 18010 18026 I OpenVRAPI: vrapi_GetPredictedDisplayTime(0xee119a90, 1849) -> 1739850550.442976
02-17 21:48:55.034 18010 18026 I OpenVRAPI: vrapi_GetPredictedTracking2(0xee119a90, 1739850550.442976) -> [struct]
02-17 21:48:55.034 18010 18026 I OpenVRAPI: vrapi_GetTimeInSeconds() -> 1739850535.034689
02-17 21:48:55.036 18010 18026 W OpenVRAPI: hewo?
02-17 21:48:55.036 18010 18026 I OpenVRAPI: vrapi_SubmitFrame2(0xee119a90, 0xe27b4cd8) -> 0
02-17 21:48:55.036 18010 18026 I OpenVRAPI: vrapi_GetTimeInSeconds() -> 1739850535.036497
02-17 21:48:55.036 18010 18026 I OpenVRAPI: vrapi_GetPredictedDisplayTime(0xee119a90, 1850) -> 1739850550.453164
02-17 21:48:55.036 18010 18026 I OpenVRAPI: vrapi_GetPredictedTracking2(0xee119a90, 1739850550.453164) -> [struct]
02-17 21:48:55.036 18010 18026 I OpenVRAPI: vrapi_GetTimeInSeconds() -> 1739850535.036548
02-17 21:48:55.038 18010 18026 W OpenVRAPI: hewo?
02-17 21:48:55.038 18010 18026 I OpenVRAPI: vrapi_SubmitFrame2(0xee119a90, 0xe27b4cd8) -> 0
02-17 21:48:55.038 18010 18026 I OpenVRAPI: vrapi_GetTimeInSeconds() -> 1739850535.038371
02-17 21:48:55.038 18010 18026 I OpenVRAPI: vrapi_GetPredictedDisplayTime(0xee119a90, 1851) -> 1739850550.463371
02-17 21:48:55.038 18010 18026 I OpenVRAPI: vrapi_GetPredictedTracking2(0xee119a90, 1739850550.463371) -> [struct]
02-17 21:48:55.038 18010 18026 I OpenVRAPI: vrapi_GetTimeInSeconds() -> 1739850535.038435
02-17 21:48:55.040 18010 18026 W OpenVRAPI: hewo?
02-17 21:48:55.040 18010 18026 I OpenVRAPI: vrapi_SubmitFrame2(0xee119a90, 0xe27b4cd8) -> 0
02-17 21:48:55.040 18010 18026 I OpenVRAPI: vrapi_GetTimeInSeconds() -> 1739850535.040222
02-17 21:48:55.040 18010 18026 I OpenVRAPI: vrapi_GetPredictedDisplayTime(0xee119a90, 1852) -> 1739850550.473555
02-17 21:48:55.040 18010 18026 I OpenVRAPI: vrapi_GetPredictedTracking2(0xee119a90, 1739850550.473555) -> [struct]
02-17 21:48:55.040 18010 18026 I OpenVRAPI: vrapi_GetTimeInSeconds() -> 1739850535.040269
02-17 21:48:55.042 18010 18026 W OpenVRAPI: hewo?
02-17 21:48:55.042 18010 18026 I OpenVRAPI: vrapi_SubmitFrame2(0xee119a90, 0xe27b4cd8) -> 0
02-17 21:48:55.042 18010 18026 I OpenVRAPI: vrapi_GetTimeInSeconds() -> 1739850535.042077
02-17 21:48:55.042 18010 18026 I OpenVRAPI: vrapi_GetPredictedDisplayTime(0xee119a90, 1853) -> 1739850550.483744
02-17 21:48:55.042 18010 18026 I OpenVRAPI: vrapi_GetPredictedTracking2(0xee119a90, 1739850550.483744) -> [struct]
02-17 21:48:55.042 18010 18026 I OpenVRAPI: vrapi_GetTimeInSeconds() -> 1739850535.042124
02-17 21:48:55.043 18010 18026 W OpenVRAPI: hewo?
02-17 21:48:55.043 18010 18026 I OpenVRAPI: vrapi_SubmitFrame2(0xee119a90, 0xe27b4cd8) -> 0
02-17 21:48:55.043 18010 18026 I OpenVRAPI: vrapi_GetTimeInSeconds() -> 1739850535.043942
02-17 21:48:55.043 18010 18026 I OpenVRAPI: vrapi_GetPredictedDisplayTime(0xee119a90, 1854) -> 1739850550.493942
02-17 21:48:55.043 18010 18026 I OpenVRAPI: vrapi_GetPredictedTracking2(0xee119a90, 1739850550.493942) -> [struct]
02-17 21:48:55.043 18010 18026 I OpenVRAPI: vrapi_GetTimeInSeconds() -> 1739850535.043997
02-17 21:48:55.045 18010 18026 W OpenVRAPI: hewo?
02-17 21:48:55.045 18010 18026 I OpenVRAPI: vrapi_SubmitFrame2(0xee119a90, 0xe27b4cd8) -> 0
02-17 21:48:55.045 18010 18026 I OpenVRAPI: vrapi_GetTimeInSeconds() -> 1739850535.045794
02-17 21:48:55.045 18010 18026 I OpenVRAPI: vrapi_GetPredictedDisplayTime(0xee119a90, 1855) -> 1739850550.504127
02-17 21:48:55.045 18010 18026 I OpenVRAPI: vrapi_GetPredictedTracking2(0xee119a90, 1739850550.504127) -> [struct]
02-17 21:48:55.045 18010 18026 I OpenVRAPI: vrapi_GetTimeInSeconds() -> 1739850535.045841
02-17 21:48:55.047 18010 18026 W OpenVRAPI: hewo?
02-17 21:48:55.047 18010 18026 I OpenVRAPI: vrapi_SubmitFrame2(0xee119a90, 0xe27b4cd8) -> 0
02-17 21:48:55.047 18010 18026 I OpenVRAPI: vrapi_GetTimeInSeconds() -> 1739850535.047844
02-17 21:48:55.047 18010 18026 I OpenVRAPI: vrapi_GetPredictedDisplayTime(0xee119a90, 1856) -> 1739850550.514511
02-17 21:48:55.047 18010 18026 I OpenVRAPI: vrapi_GetPredictedTracking2(0xee119a90, 1739850550.514511) -> [struct]
02-17 21:48:55.047 18010 18026 I OpenVRAPI: vrapi_GetTimeInSeconds() -> 1739850535.047931
02-17 21:48:55.049 18010 18026 W OpenVRAPI: hewo?
02-17 21:48:55.049 18010 18026 I OpenVRAPI: vrapi_SubmitFrame2(0xee119a90, 0xe27b4cd8) -> 0
02-17 21:48:55.049 18010 18026 I OpenVRAPI: vrapi_GetTimeInSeconds() -> 1739850535.049527
02-17 21:48:55.049 18010 18026 I OpenVRAPI: vrapi_GetPredictedDisplayTime(0xee119a90, 1857) -> 1739850550.524527
02-17 21:48:55.049 18010 18026 I OpenVRAPI: vrapi_GetPredictedTracking2(0xee119a90, 1739850550.524527) -> [struct]
02-17 21:48:55.049 18010 18026 I OpenVRAPI: vrapi_GetTimeInSeconds() -> 1739850535.049574
02-17 21:48:55.051 18010 18026 W OpenVRAPI: hewo?
02-17 21:48:55.051 18010 18026 I OpenVRAPI: vrapi_SubmitFrame2(0xee119a90, 0xe27b4cd8) -> 0
02-17 21:48:55.051 18010 18026 I OpenVRAPI: vrapi_GetTimeInSeconds() -> 1739850535.051370
02-17 21:48:55.051 18010 18026 I OpenVRAPI: vrapi_GetPredictedDisplayTime(0xee119a90, 1858) -> 1739850550.534703
02-17 21:48:55.051 18010 18026 I OpenVRAPI: vrapi_GetPredictedTracking2(0xee119a90, 1739850550.534703) -> [struct]
02-17 21:48:55.051 18010 18026 I OpenVRAPI: vrapi_GetTimeInSeconds() -> 1739850535.051426
02-17 21:48:55.053 18010 18026 W OpenVRAPI: hewo?
02-17 21:48:55.053 18010 18026 I OpenVRAPI: vrapi_SubmitFrame2(0xee119a90, 0xe27b4cd8) -> 0
02-17 21:48:55.053 18010 18026 I OpenVRAPI: vrapi_GetTimeInSeconds() -> 1739850535.053225
02-17 21:48:55.053 18010 18026 I OpenVRAPI: vrapi_GetPredictedDisplayTime(0xee119a90, 1859) -> 1739850550.544892
02-17 21:48:55.053 18010 18026 I OpenVRAPI: vrapi_GetPredictedTracking2(0xee119a90, 1739850550.544892) -> [struct]
02-17 21:48:55.053 18010 18026 I OpenVRAPI: vrapi_GetTimeInSeconds() -> 1739850535.053272
02-17 21:48:55.055 18010 18026 W OpenVRAPI: hewo?
02-17 21:48:55.055 18010 18026 I OpenVRAPI: vrapi_SubmitFrame2(0xee119a90, 0xe27b4cd8) -> 0
02-17 21:48:55.055 18010 18026 I OpenVRAPI: vrapi_GetTimeInSeconds() -> 1739850535.055148
02-17 21:48:55.055 18010 18026 I OpenVRAPI: vrapi_GetPredictedDisplayTime(0xee119a90, 1860) -> 1739850550.555148
02-17 21:48:55.055 18010 18026 I OpenVRAPI: vrapi_GetPredictedTracking2(0xee119a90, 1739850550.555148) -> [struct]
02-17 21:48:55.055 18010 18026 I OpenVRAPI: vrapi_GetTimeInSeconds() -> 1739850535.055197
02-17 21:48:55.056 18010 18026 W OpenVRAPI: hewo?
02-17 21:48:55.056 18010 18026 I OpenVRAPI: vrapi_SubmitFrame2(0xee119a90, 0xe27b4cd8) -> 0
02-17 21:48:55.056 18010 18026 I OpenVRAPI: vrapi_GetTimeInSeconds() -> 1739850535.056949
02-17 21:48:55.056 18010 18026 I OpenVRAPI: vrapi_GetPredictedDisplayTime(0xee119a90, 1861) -> 1739850550.565282
02-17 21:48:55.056 18010 18026 I OpenVRAPI: vrapi_GetPredictedTracking2(0xee119a90, 1739850550.565282) -> [struct]
02-17 21:48:55.056 18010 18026 I OpenVRAPI: vrapi_GetTimeInSeconds() -> 1739850535.056996
02-17 21:48:55.058 18010 18026 W OpenVRAPI: hewo?
02-17 21:48:55.058 18010 18026 I OpenVRAPI: vrapi_SubmitFrame2(0xee119a90, 0xe27b4cd8) -> 0
02-17 21:48:55.058 18010 18026 I OpenVRAPI: vrapi_GetTimeInSeconds() -> 1739850535.058803
02-17 21:48:55.058 18010 18026 I OpenVRAPI: vrapi_GetPredictedDisplayTime(0xee119a90, 1862) -> 1739850550.575470
02-17 21:48:55.058 18010 18026 I OpenVRAPI: vrapi_GetPredictedTracking2(0xee119a90, 1739850550.575470) -> [struct]
02-17 21:48:55.058 18010 18026 I OpenVRAPI: vrapi_GetTimeInSeconds() -> 1739850535.058853
02-17 21:48:55.060 18010 18026 W OpenVRAPI: hewo?
02-17 21:48:55.060 18010 18026 I OpenVRAPI: vrapi_SubmitFrame2(0xee119a90, 0xe27b4cd8) -> 0
02-17 21:48:55.060 18010 18026 I OpenVRAPI: vrapi_GetTimeInSeconds() -> 1739850535.060664
02-17 21:48:55.060 18010 18026 I OpenVRAPI: vrapi_GetPredictedDisplayTime(0xee119a90, 1863) -> 1739850550.585664
02-17 21:48:55.060 18010 18026 I OpenVRAPI: vrapi_GetPredictedTracking2(0xee119a90, 1739850550.585664) -> [struct]
02-17 21:48:55.060 18010 18026 I OpenVRAPI: vrapi_GetTimeInSeconds() -> 1739850535.060710
02-17 21:48:55.062 18010 18026 W OpenVRAPI: hewo?
02-17 21:48:55.062 18010 18026 I OpenVRAPI: vrapi_SubmitFrame2(0xee119a90, 0xe27b4cd8) -> 0
02-17 21:48:55.062 18010 18026 I OpenVRAPI: vrapi_GetTimeInSeconds() -> 1739850535.062532
02-17 21:48:55.062 18010 18026 I OpenVRAPI: vrapi_GetPredictedDisplayTime(0xee119a90, 1864) -> 1739850550.595866
02-17 21:48:55.062 18010 18026 I OpenVRAPI: vrapi_GetPredictedTracking2(0xee119a90, 1739850550.595866) -> [struct]
02-17 21:48:55.062 18010 18026 I OpenVRAPI: vrapi_GetTimeInSeconds() -> 1739850535.062581
02-17 21:48:55.064 18010 18026 W OpenVRAPI: hewo?
02-17 21:48:55.064 18010 18026 I OpenVRAPI: vrapi_SubmitFrame2(0xee119a90, 0xe27b4cd8) -> 0
02-17 21:48:55.064 18010 18026 I OpenVRAPI: vrapi_GetTimeInSeconds() -> 1739850535.064383
02-17 21:48:55.064 18010 18026 I OpenVRAPI: vrapi_GetPredictedDisplayTime(0xee119a90, 1865) -> 1739850550.606050
02-17 21:48:55.064 18010 18026 I OpenVRAPI: vrapi_GetPredictedTracking2(0xee119a90, 1739850550.606050) -> [struct]
02-17 21:48:55.064 18010 18026 I OpenVRAPI: vrapi_GetTimeInSeconds() -> 1739850535.064428
02-17 21:48:55.066 18010 18026 W OpenVRAPI: hewo?
02-17 21:48:55.066 18010 18026 I OpenVRAPI: vrapi_SubmitFrame2(0xee119a90, 0xe27b4cd8) -> 0
02-17 21:48:55.066 18010 18026 I OpenVRAPI: vrapi_GetTimeInSeconds() -> 1739850535.066238
02-17 21:48:55.066 18010 18026 I OpenVRAPI: vrapi_GetPredictedDisplayTime(0xee119a90, 1866) -> 1739850550.616238
02-17 21:48:55.066 18010 18026 I OpenVRAPI: vrapi_GetPredictedTracking2(0xee119a90, 1739850550.616238) -> [struct]
02-17 21:48:55.066 18010 18026 I OpenVRAPI: vrapi_GetTimeInSeconds() -> 1739850535.066287
02-17 21:48:55.068 18010 18026 W OpenVRAPI: hewo?
02-17 21:48:55.068 18010 18026 I OpenVRAPI: vrapi_SubmitFrame2(0xee119a90, 0xe27b4cd8) -> 0
02-17 21:48:55.068 18010 18026 I OpenVRAPI: vrapi_GetTimeInSeconds() -> 1739850535.068100
02-17 21:48:55.068 18010 18026 I OpenVRAPI: vrapi_GetPredictedDisplayTime(0xee119a90, 1867) -> 1739850550.626433
02-17 21:48:55.068 18010 18026 I OpenVRAPI: vrapi_GetPredictedTracking2(0xee119a90, 1739850550.626433) -> [struct]
02-17 21:48:55.068 18010 18026 I OpenVRAPI: vrapi_GetTimeInSeconds() -> 1739850535.068147
02-17 21:48:55.070 18010 18026 W OpenVRAPI: hewo?
02-17 21:48:55.070 18010 18026 I OpenVRAPI: vrapi_SubmitFrame2(0xee119a90, 0xe27b4cd8) -> 0
02-17 21:48:55.070 18010 18026 I OpenVRAPI: vrapi_GetTimeInSeconds() -> 1739850535.070137
02-17 21:48:55.070 18010 18026 I OpenVRAPI: vrapi_GetPredictedDisplayTime(0xee119a90, 1868) -> 1739850550.636803
02-17 21:48:55.070 18010 18026 I OpenVRAPI: vrapi_GetPredictedTracking2(0xee119a90, 1739850550.636803) -> [struct]
02-17 21:48:55.070 18010 18026 I OpenVRAPI: vrapi_GetTimeInSeconds() -> 1739850535.070179
02-17 21:48:55.071 18010 18026 W OpenVRAPI: hewo?
02-17 21:48:55.071 18010 18026 I OpenVRAPI: vrapi_SubmitFrame2(0xee119a90, 0xe27b4cd8) -> 0
02-17 21:48:55.071 18010 18026 I OpenVRAPI: vrapi_GetTimeInSeconds() -> 1739850535.071861
02-17 21:48:55.071 18010 18026 I OpenVRAPI: vrapi_GetPredictedDisplayTime(0xee119a90, 1869) -> 1739850550.646861
02-17 21:48:55.071 18010 18026 I OpenVRAPI: vrapi_GetPredictedTracking2(0xee119a90, 1739850550.646861) -> [struct]
02-17 21:48:55.071 18010 18026 I OpenVRAPI: vrapi_GetTimeInSeconds() -> 1739850535.071904
02-17 21:48:55.073 18010 18026 W OpenVRAPI: hewo?
02-17 21:48:55.073 18010 18026 I OpenVRAPI: vrapi_SubmitFrame2(0xee119a90, 0xe27b4cd8) -> 0
02-17 21:48:55.073 18010 18026 I OpenVRAPI: vrapi_GetTimeInSeconds() -> 1739850535.073766
02-17 21:48:55.073 18010 18026 I OpenVRAPI: vrapi_GetPredictedDisplayTime(0xee119a90, 1870) -> 1739850550.657099
02-17 21:48:55.073 18010 18026 I OpenVRAPI: vrapi_GetPredictedTracking2(0xee119a90, 1739850550.657099) -> [struct]
02-17 21:48:55.073 18010 18026 I OpenVRAPI: vrapi_GetTimeInSeconds() -> 1739850535.073807
02-17 21:48:55.075 18010 18026 W OpenVRAPI: hewo?
02-17 21:48:55.075 18010 18026 I OpenVRAPI: vrapi_SubmitFrame2(0xee119a90, 0xe27b4cd8) -> 0
02-17 21:48:55.075 18010 18026 I OpenVRAPI: vrapi_GetTimeInSeconds() -> 1739850535.075567
02-17 21:48:55.075 18010 18026 I OpenVRAPI: vrapi_GetPredictedDisplayTime(0xee119a90, 1871) -> 1739850550.667234
02-17 21:48:55.075 18010 18026 I OpenVRAPI: vrapi_GetPredictedTracking2(0xee119a90, 1739850550.667234) -> [struct]
02-17 21:48:55.075 18010 18026 I OpenVRAPI: vrapi_GetTimeInSeconds() -> 1739850535.075617
02-17 21:48:55.077 18010 18026 W OpenVRAPI: hewo?
02-17 21:48:55.077 18010 18026 I OpenVRAPI: vrapi_SubmitFrame2(0xee119a90, 0xe27b4cd8) -> 0
02-17 21:48:55.077 18010 18026 I OpenVRAPI: vrapi_GetTimeInSeconds() -> 1739850535.077427
02-17 21:48:55.077 18010 18026 I OpenVRAPI: vrapi_GetPredictedDisplayTime(0xee119a90, 1872) -> 1739850550.677427
02-17 21:48:55.077 18010 18026 I OpenVRAPI: vrapi_GetPredictedTracking2(0xee119a90, 1739850550.677427) -> [struct]
02-17 21:48:55.077 18010 18026 I OpenVRAPI: vrapi_GetTimeInSeconds() -> 1739850535.077483
02-17 21:48:55.079 18010 18026 W OpenVRAPI: hewo?
02-17 21:48:55.079 18010 18026 I OpenVRAPI: vrapi_SubmitFrame2(0xee119a90, 0xe27b4cd8) -> 0
02-17 21:48:55.079 18010 18026 I OpenVRAPI: vrapi_GetTimeInSeconds() -> 1739850535.079283
02-17 21:48:55.079 18010 18026 I OpenVRAPI: vrapi_GetPredictedDisplayTime(0xee119a90, 1873) -> 1739850550.687616
02-17 21:48:55.079 18010 18026 I OpenVRAPI: vrapi_GetPredictedTracking2(0xee119a90, 1739850550.687616) -> [struct]
02-17 21:48:55.079 18010 18026 I OpenVRAPI: vrapi_GetTimeInSeconds() -> 1739850535.079333
02-17 21:48:55.081 18010 18026 W OpenVRAPI: hewo?
02-17 21:48:55.081 18010 18026 I OpenVRAPI: vrapi_SubmitFrame2(0xee119a90, 0xe27b4cd8) -> 0
02-17 21:48:55.081 18010 18026 I OpenVRAPI: vrapi_GetTimeInSeconds() -> 1739850535.081129
02-17 21:48:55.081 18010 18026 I OpenVRAPI: vrapi_GetPredictedDisplayTime(0xee119a90, 1874) -> 1739850550.697796
02-17 21:48:55.081 18010 18026 I OpenVRAPI: vrapi_GetPredictedTracking2(0xee119a90, 1739850550.697796) -> [struct]
02-17 21:48:55.081 18010 18026 I OpenVRAPI: vrapi_GetTimeInSeconds() -> 1739850535.081177
02-17 21:48:55.082 18010 18026 W OpenVRAPI: hewo?
02-17 21:48:55.082 18010 18026 I OpenVRAPI: vrapi_SubmitFrame2(0xee119a90, 0xe27b4cd8) -> 0
02-17 21:48:55.082 18010 18026 I OpenVRAPI: vrapi_GetTimeInSeconds() -> 1739850535.082993
02-17 21:48:55.083 18010 18026 I OpenVRAPI: vrapi_GetPredictedDisplayTime(0xee119a90, 1875) -> 1739850550.707993
02-17 21:48:55.083 18010 18026 I OpenVRAPI: vrapi_GetPredictedTracking2(0xee119a90, 1739850550.707993) -> [struct]
02-17 21:48:55.083 18010 18026 I OpenVRAPI: vrapi_GetTimeInSeconds() -> 1739850535.083039
02-17 21:48:55.084 18010 18026 W OpenVRAPI: hewo?
02-17 21:48:55.084 18010 18026 I OpenVRAPI: vrapi_SubmitFrame2(0xee119a90, 0xe27b4cd8) -> 0
02-17 21:48:55.084 18010 18026 I OpenVRAPI: vrapi_GetTimeInSeconds() -> 1739850535.084855
02-17 21:48:55.084 18010 18026 I OpenVRAPI: vrapi_GetPredictedDisplayTime(0xee119a90, 1876) -> 1739850550.718188
02-17 21:48:55.084 18010 18026 I OpenVRAPI: vrapi_GetPredictedTracking2(0xee119a90, 1739850550.718188) -> [struct]
02-17 21:48:55.084 18010 18026 I OpenVRAPI: vrapi_GetTimeInSeconds() -> 1739850535.084902
02-17 21:48:55.086 18010 18026 W OpenVRAPI: hewo?
02-17 21:48:55.086 18010 18026 I OpenVRAPI: vrapi_SubmitFrame2(0xee119a90, 0xe27b4cd8) -> 0
02-17 21:48:55.086 18010 18026 I OpenVRAPI: vrapi_GetTimeInSeconds() -> 1739850535.086706
02-17 21:48:55.086 18010 18026 I OpenVRAPI: vrapi_GetPredictedDisplayTime(0xee119a90, 1877) -> 1739850550.728373
02-17 21:48:55.086 18010 18026 I OpenVRAPI: vrapi_GetPredictedTracking2(0xee119a90, 1739850550.728373) -> [struct]
02-17 21:48:55.086 18010 18026 I OpenVRAPI: vrapi_GetTimeInSeconds() -> 1739850535.086755
02-17 21:48:55.088 18010 18026 W OpenVRAPI: hewo?
02-17 21:48:55.088 18010 18026 I OpenVRAPI: vrapi_SubmitFrame2(0xee119a90, 0xe27b4cd8) -> 0
02-17 21:48:55.088 18010 18026 I OpenVRAPI: vrapi_GetTimeInSeconds() -> 1739850535.088575
02-17 21:48:55.088 18010 18026 I OpenVRAPI: vrapi_GetPredictedDisplayTime(0xee119a90, 1878) -> 1739850550.738575
02-17 21:48:55.088 18010 18026 I OpenVRAPI: vrapi_GetPredictedTracking2(0xee119a90, 1739850550.738575) -> [struct]
02-17 21:48:55.088 18010 18026 I OpenVRAPI: vrapi_GetTimeInSeconds() -> 1739850535.088621
02-17 21:48:55.090 18010 18026 W OpenVRAPI: hewo?
02-17 21:48:55.090 18010 18026 I OpenVRAPI: vrapi_SubmitFrame2(0xee119a90, 0xe27b4cd8) -> 0
02-17 21:48:55.090 18010 18026 I OpenVRAPI: vrapi_GetTimeInSeconds() -> 1739850535.090512
02-17 21:48:55.090 18010 18026 I OpenVRAPI: vrapi_GetPredictedDisplayTime(0xee119a90, 1879) -> 1739850550.748845
02-17 21:48:55.090 18010 18026 I OpenVRAPI: vrapi_GetPredictedTracking2(0xee119a90, 1739850550.748845) -> [struct]
02-17 21:48:55.090 18010 18026 I OpenVRAPI: vrapi_GetTimeInSeconds() -> 1739850535.090595
02-17 21:48:55.092 18010 18026 W OpenVRAPI: hewo?
02-17 21:48:55.092 18010 18026 I OpenVRAPI: vrapi_SubmitFrame2(0xee119a90, 0xe27b4cd8) -> 0
02-17 21:48:55.092 18010 18026 I OpenVRAPI: vrapi_GetTimeInSeconds() -> 1739850535.092357
02-17 21:48:55.092 18010 18026 I OpenVRAPI: vrapi_GetPredictedDisplayTime(0xee119a90, 1880) -> 1739850550.759024
02-17 21:48:55.092 18010 18026 I OpenVRAPI: vrapi_GetPredictedTracking2(0xee119a90, 1739850550.759024) -> [struct]
02-17 21:48:55.092 18010 18026 I OpenVRAPI: vrapi_GetTimeInSeconds() -> 1739850535.092448
02-17 21:48:55.094 18010 18026 W OpenVRAPI: hewo?
02-17 21:48:55.094 18010 18026 I OpenVRAPI: vrapi_SubmitFrame2(0xee119a90, 0xe27b4cd8) -> 0
02-17 21:48:55.094 18010 18026 I OpenVRAPI: vrapi_GetTimeInSeconds() -> 1739850535.094218
02-17 21:48:55.094 18010 18026 I OpenVRAPI: vrapi_GetPredictedDisplayTime(0xee119a90, 1881) -> 1739850550.769218
02-17 21:48:55.094 18010 18026 I OpenVRAPI: vrapi_GetPredictedTracking2(0xee119a90, 1739850550.769218) -> [struct]
02-17 21:48:55.094 18010 18026 I OpenVRAPI: vrapi_GetTimeInSeconds() -> 1739850535.094308
02-17 21:48:55.096 18010 18026 W OpenVRAPI: hewo?
02-17 21:48:55.096 18010 18026 I OpenVRAPI: vrapi_SubmitFrame2(0xee119a90, 0xe27b4cd8) -> 0
02-17 21:48:55.096 18010 18026 I OpenVRAPI: vrapi_GetTimeInSeconds() -> 1739850535.096066
02-17 21:48:55.096 18010 18026 I OpenVRAPI: vrapi_GetPredictedDisplayTime(0xee119a90, 1882) -> 1739850550.779399
02-17 21:48:55.096 18010 18026 I OpenVRAPI: vrapi_GetPredictedTracking2(0xee119a90, 1739850550.779399) -> [struct]
02-17 21:48:55.096 18010 18026 I OpenVRAPI: vrapi_GetTimeInSeconds() -> 1739850535.096152
02-17 21:48:55.097 18010 18026 W OpenVRAPI: hewo?
02-17 21:48:55.097 18010 18026 I OpenVRAPI: vrapi_SubmitFrame2(0xee119a90, 0xe27b4cd8) -> 0
02-17 21:48:55.097 18010 18026 I OpenVRAPI: vrapi_GetTimeInSeconds() -> 1739850535.097914
02-17 21:48:55.097 18010 18026 I OpenVRAPI: vrapi_GetPredictedDisplayTime(0xee119a90, 1883) -> 1739850550.789581
02-17 21:48:55.097 18010 18026 I OpenVRAPI: vrapi_GetPredictedTracking2(0xee119a90, 1739850550.789581) -> [struct]
02-17 21:48:55.098 18010 18026 I OpenVRAPI: vrapi_GetTimeInSeconds() -> 1739850535.098003
02-17 21:48:55.099 18010 18026 W OpenVRAPI: hewo?
02-17 21:48:55.099 18010 18026 I OpenVRAPI: vrapi_SubmitFrame2(0xee119a90, 0xe27b4cd8) -> 0
02-17 21:48:55.099 18010 18026 I OpenVRAPI: vrapi_GetTimeInSeconds() -> 1739850535.099768
02-17 21:48:55.099 18010 18026 I OpenVRAPI: vrapi_GetPredictedDisplayTime(0xee119a90, 1884) -> 1739850550.799768
02-17 21:48:55.099 18010 18026 I OpenVRAPI: vrapi_GetPredictedTracking2(0xee119a90, 1739850550.799768) -> [struct]
02-17 21:48:55.099 18010 18026 I OpenVRAPI: vrapi_GetTimeInSeconds() -> 1739850535.099849
02-17 21:48:55.101 18010 18026 W OpenVRAPI: hewo?
02-17 21:48:55.101 18010 18026 I OpenVRAPI: vrapi_SubmitFrame2(0xee119a90, 0xe27b4cd8) -> 0
02-17 21:48:55.101 18010 18026 I OpenVRAPI: vrapi_GetTimeInSeconds() -> 1739850535.101643
02-17 21:48:55.101 18010 18026 I OpenVRAPI: vrapi_GetPredictedDisplayTime(0xee119a90, 1885) -> 1739850550.809976
02-17 21:48:55.101 18010 18026 I OpenVRAPI: vrapi_GetPredictedTracking2(0xee119a90, 1739850550.809976) -> [struct]
02-17 21:48:55.101 18010 18026 I OpenVRAPI: vrapi_GetTimeInSeconds() -> 1739850535.101745
02-17 21:48:55.103 18010 18026 W OpenVRAPI: hewo?
02-17 21:48:55.103 18010 18026 I OpenVRAPI: vrapi_SubmitFrame2(0xee119a90, 0xe27b4cd8) -> 0
02-17 21:48:55.103 18010 18026 I OpenVRAPI: vrapi_GetTimeInSeconds() -> 1739850535.103484
02-17 21:48:55.103 18010 18026 I OpenVRAPI: vrapi_GetPredictedDisplayTime(0xee119a90, 1886) -> 1739850550.820151
02-17 21:48:55.103 18010 18026 I OpenVRAPI: vrapi_GetPredictedTracking2(0xee119a90, 1739850550.820151) -> [struct]
02-17 21:48:55.103 18010 18026 I OpenVRAPI: vrapi_GetTimeInSeconds() -> 1739850535.103551
02-17 21:48:55.105 18010 18026 W OpenVRAPI: hewo?
02-17 21:48:55.105 18010 18026 I OpenVRAPI: vrapi_SubmitFrame2(0xee119a90, 0xe27b4cd8) -> 0
02-17 21:48:55.105 18010 18026 I OpenVRAPI: vrapi_GetTimeInSeconds() -> 1739850535.105359
02-17 21:48:55.105 18010 18026 I OpenVRAPI: vrapi_GetPredictedDisplayTime(0xee119a90, 1887) -> 1739850550.830359
02-17 21:48:55.105 18010 18026 I OpenVRAPI: vrapi_GetPredictedTracking2(0xee119a90, 1739850550.830359) -> [struct]
02-17 21:48:55.105 18010 18026 I OpenVRAPI: vrapi_GetTimeInSeconds() -> 1739850535.105434
02-17 21:48:55.107 18010 18026 W OpenVRAPI: hewo?
02-17 21:48:55.107 18010 18026 I OpenVRAPI: vrapi_SubmitFrame2(0xee119a90, 0xe27b4cd8) -> 0
02-17 21:48:55.107 18010 18026 I OpenVRAPI: vrapi_GetTimeInSeconds() -> 1739850535.107208
02-17 21:48:55.107 18010 18026 I OpenVRAPI: vrapi_GetPredictedDisplayTime(0xee119a90, 1888) -> 1739850550.840541
02-17 21:48:55.107 18010 18026 I OpenVRAPI: vrapi_GetPredictedTracking2(0xee119a90, 1739850550.840541) -> [struct]
02-17 21:48:55.107 18010 18026 I OpenVRAPI: vrapi_GetTimeInSeconds() -> 1739850535.107270
02-17 21:48:55.108 18010 18026 W OpenVRAPI: hewo?
02-17 21:48:55.109 18010 18026 I OpenVRAPI: vrapi_SubmitFrame2(0xee119a90, 0xe27b4cd8) -> 0
02-17 21:48:55.109 18010 18026 I OpenVRAPI: vrapi_GetTimeInSeconds() -> 1739850535.109050
02-17 21:48:55.109 18010 18026 I OpenVRAPI: vrapi_GetPredictedDisplayTime(0xee119a90, 1889) -> 1739850550.850717
02-17 21:48:55.109 18010 18026 I OpenVRAPI: vrapi_GetPredictedTracking2(0xee119a90, 1739850550.850717) -> [struct]
02-17 21:48:55.109 18010 18026 I OpenVRAPI: vrapi_GetTimeInSeconds() -> 1739850535.109116
02-17 21:48:55.110 18010 18026 W OpenVRAPI: hewo?
02-17 21:48:55.110 18010 18026 I OpenVRAPI: vrapi_SubmitFrame2(0xee119a90, 0xe27b4cd8) -> 0
02-17 21:48:55.110 18010 18026 I OpenVRAPI: vrapi_GetTimeInSeconds() -> 1739850535.110917
02-17 21:48:55.110 18010 18026 I OpenVRAPI: vrapi_GetPredictedDisplayTime(0xee119a90, 1890) -> 1739850550.860917
02-17 21:48:55.110 18010 18026 I OpenVRAPI: vrapi_GetPredictedTracking2(0xee119a90, 1739850550.860917) -> [struct]
02-17 21:48:55.110 18010 18026 I OpenVRAPI: vrapi_GetTimeInSeconds() -> 1739850535.110979
02-17 21:48:55.112 18010 18026 W OpenVRAPI: hewo?
02-17 21:48:55.112 18010 18026 I OpenVRAPI: vrapi_SubmitFrame2(0xee119a90, 0xe27b4cd8) -> 0
02-17 21:48:55.112 18010 18026 I OpenVRAPI: vrapi_GetTimeInSeconds() -> 1739850535.112773
02-17 21:48:55.112 18010 18026 I OpenVRAPI: vrapi_GetPredictedDisplayTime(0xee119a90, 1891) -> 1739850550.871106
02-17 21:48:55.112 18010 18026 I OpenVRAPI: vrapi_GetPredictedTracking2(0xee119a90, 1739850550.871106) -> [struct]
02-17 21:48:55.112 18010 18026 I OpenVRAPI: vrapi_GetTimeInSeconds() -> 1739850535.112838
02-17 21:48:55.114 18010 18026 W OpenVRAPI: hewo?
02-17 21:48:55.114 18010 18026 I OpenVRAPI: vrapi_SubmitFrame2(0xee119a90, 0xe27b4cd8) -> 0
02-17 21:48:55.114 18010 18026 I OpenVRAPI: vrapi_GetTimeInSeconds() -> 1739850535.114624
02-17 21:48:55.114 18010 18026 I OpenVRAPI: vrapi_GetPredictedDisplayTime(0xee119a90, 1892) -> 1739850550.881291
02-17 21:48:55.114 18010 18026 I OpenVRAPI: vrapi_GetPredictedTracking2(0xee119a90, 1739850550.881291) -> [struct]
02-17 21:48:55.114 18010 18026 I OpenVRAPI: vrapi_GetTimeInSeconds() -> 1739850535.114686
02-17 21:48:55.116 18010 18026 W OpenVRAPI: hewo?
02-17 21:48:55.116 18010 18026 I OpenVRAPI: vrapi_SubmitFrame2(0xee119a90, 0xe27b4cd8) -> 0
02-17 21:48:55.116 18010 18026 I OpenVRAPI: vrapi_GetTimeInSeconds() -> 1739850535.116492
02-17 21:48:55.116 18010 18026 I OpenVRAPI: vrapi_GetPredictedDisplayTime(0xee119a90, 1893) -> 1739850550.891492
02-17 21:48:55.116 18010 18026 I OpenVRAPI: vrapi_GetPredictedTracking2(0xee119a90, 1739850550.891492) -> [struct]
02-17 21:48:55.116 18010 18026 I OpenVRAPI: vrapi_GetTimeInSeconds() -> 1739850535.116558
02-17 21:48:55.118 18010 18026 W OpenVRAPI: hewo?
02-17 21:48:55.118 18010 18026 I OpenVRAPI: vrapi_SubmitFrame2(0xee119a90, 0xe27b4cd8) -> 0
02-17 21:48:55.118 18010 18026 I OpenVRAPI: vrapi_GetTimeInSeconds() -> 1739850535.118331
02-17 21:48:55.118 18010 18026 I OpenVRAPI: vrapi_GetPredictedDisplayTime(0xee119a90, 1894) -> 1739850550.901665
02-17 21:48:55.118 18010 18026 I OpenVRAPI: vrapi_GetPredictedTracking2(0xee119a90, 1739850550.901665) -> [struct]
02-17 21:48:55.118 18010 18026 I OpenVRAPI: vrapi_GetTimeInSeconds() -> 1739850535.118467
02-17 21:48:55.120 18010 18026 W OpenVRAPI: hewo?
02-17 21:48:55.120 18010 18026 I OpenVRAPI: vrapi_SubmitFrame2(0xee119a90, 0xe27b4cd8) -> 0
02-17 21:48:55.120 18010 18026 I OpenVRAPI: vrapi_GetTimeInSeconds() -> 1739850535.120192
02-17 21:48:55.120 18010 18026 I OpenVRAPI: vrapi_GetPredictedDisplayTime(0xee119a90, 1895) -> 1739850550.911859
02-17 21:48:55.120 18010 18026 I OpenVRAPI: vrapi_GetPredictedTracking2(0xee119a90, 1739850550.911859) -> [struct]
02-17 21:48:55.120 18010 18026 I OpenVRAPI: vrapi_GetTimeInSeconds() -> 1739850535.120253
02-17 21:48:55.122 18010 18026 W OpenVRAPI: hewo?
02-17 21:48:55.122 18010 18026 I OpenVRAPI: vrapi_SubmitFrame2(0xee119a90, 0xe27b4cd8) -> 0
02-17 21:48:55.122 18010 18026 I OpenVRAPI: vrapi_GetTimeInSeconds() -> 1739850535.122066
02-17 21:48:55.122 18010 18026 I OpenVRAPI: vrapi_GetPredictedDisplayTime(0xee119a90, 1896) -> 1739850550.922066
02-17 21:48:55.122 18010 18026 I OpenVRAPI: vrapi_GetPredictedTracking2(0xee119a90, 1739850550.922066) -> [struct]
02-17 21:48:55.122 18010 18026 I OpenVRAPI: vrapi_GetTimeInSeconds() -> 1739850535.122131
02-17 21:48:55.123 18010 18026 W OpenVRAPI: hewo?
02-17 21:48:55.123 18010 18026 I OpenVRAPI: vrapi_SubmitFrame2(0xee119a90, 0xe27b4cd8) -> 0
02-17 21:48:55.123 18010 18026 I OpenVRAPI: vrapi_GetTimeInSeconds() -> 1739850535.123914
02-17 21:48:55.123 18010 18026 I OpenVRAPI: vrapi_GetPredictedDisplayTime(0xee119a90, 1897) -> 1739850550.932248
02-17 21:48:55.123 18010 18026 I OpenVRAPI: vrapi_GetPredictedTracking2(0xee119a90, 1739850550.932248) -> [struct]
02-17 21:48:55.123 18010 18026 I OpenVRAPI: vrapi_GetTimeInSeconds() -> 1739850535.123975
02-17 21:48:55.125 18010 18026 W OpenVRAPI: hewo?
02-17 21:48:55.125 18010 18026 I OpenVRAPI: vrapi_SubmitFrame2(0xee119a90, 0xe27b4cd8) -> 0
02-17 21:48:55.125 18010 18026 I OpenVRAPI: vrapi_GetTimeInSeconds() -> 1739850535.125794
02-17 21:48:55.125 18010 18026 I OpenVRAPI: vrapi_GetPredictedDisplayTime(0xee119a90, 1898) -> 1739850550.942461
02-17 21:48:55.125 18010 18026 I OpenVRAPI: vrapi_GetPredictedTracking2(0xee119a90, 1739850550.942461) -> [struct]
02-17 21:48:55.125 18010 18026 I OpenVRAPI: vrapi_GetTimeInSeconds() -> 1739850535.125861
02-17 21:48:55.127 18010 18026 W OpenVRAPI: hewo?
02-17 21:48:55.127 18010 18026 I OpenVRAPI: vrapi_SubmitFrame2(0xee119a90, 0xe27b4cd8) -> 0
02-17 21:48:55.127 18010 18026 I OpenVRAPI: vrapi_GetTimeInSeconds() -> 1739850535.127652
02-17 21:48:55.127 18010 18026 I OpenVRAPI: vrapi_GetPredictedDisplayTime(0xee119a90, 1899) -> 1739850550.952652
02-17 21:48:55.127 18010 18026 I OpenVRAPI: vrapi_GetPredictedTracking2(0xee119a90, 1739850550.952652) -> [struct]
02-17 21:48:55.127 18010 18026 I OpenVRAPI: vrapi_GetTimeInSeconds() -> 1739850535.127712
02-17 21:48:55.129 18010 18026 W OpenVRAPI: hewo?
02-17 21:48:55.129 18010 18026 I OpenVRAPI: vrapi_SubmitFrame2(0xee119a90, 0xe27b4cd8) -> 0
02-17 21:48:55.129 18010 18026 I OpenVRAPI: vrapi_GetTimeInSeconds() -> 1739850535.129511
02-17 21:48:55.129 18010 18026 I OpenVRAPI: vrapi_GetPredictedDisplayTime(0xee119a90, 1900) -> 1739850550.962844
02-17 21:48:55.129 18010 18026 I OpenVRAPI: vrapi_GetPredictedTracking2(0xee119a90, 1739850550.962844) -> [struct]
02-17 21:48:55.129 18010 18026 I OpenVRAPI: vrapi_GetTimeInSeconds() -> 1739850535.129576
02-17 21:48:55.131 18010 18026 W OpenVRAPI: hewo?
02-17 21:48:55.131 18010 18026 I OpenVRAPI: vrapi_SubmitFrame2(0xee119a90, 0xe27b4cd8) -> 0
02-17 21:48:55.131 18010 18026 I OpenVRAPI: vrapi_GetTimeInSeconds() -> 1739850535.131462
02-17 21:48:55.131 18010 18026 I OpenVRAPI: vrapi_GetPredictedDisplayTime(0xee119a90, 1901) -> 1739850550.973129
02-17 21:48:55.131 18010 18026 I OpenVRAPI: vrapi_GetPredictedTracking2(0xee119a90, 1739850550.973129) -> [struct]
02-17 21:48:55.131 18010 18026 I OpenVRAPI: vrapi_GetTimeInSeconds() -> 1739850535.131545
02-17 21:48:55.133 18010 18026 W OpenVRAPI: hewo?
02-17 21:48:55.133 18010 18026 I OpenVRAPI: vrapi_SubmitFrame2(0xee119a90, 0xe27b4cd8) -> 0
02-17 21:48:55.133 18010 18026 I OpenVRAPI: vrapi_GetTimeInSeconds() -> 1739850535.133251
02-17 21:48:55.133 18010 18026 I OpenVRAPI: vrapi_GetPredictedDisplayTime(0xee119a90, 1902) -> 1739850550.983251
02-17 21:48:55.133 18010 18026 I OpenVRAPI: vrapi_GetPredictedTracking2(0xee119a90, 1739850550.983251) -> [struct]
02-17 21:48:55.133 18010 18026 I OpenVRAPI: vrapi_GetTimeInSeconds() -> 1739850535.133316
02-17 21:48:55.135 18010 18026 W OpenVRAPI: hewo?
02-17 21:48:55.135 18010 18026 I OpenVRAPI: vrapi_SubmitFrame2(0xee119a90, 0xe27b4cd8) -> 0
02-17 21:48:55.135 18010 18026 I OpenVRAPI: vrapi_GetTimeInSeconds() -> 1739850535.135107
02-17 21:48:55.135 18010 18026 I OpenVRAPI: vrapi_GetPredictedDisplayTime(0xee119a90, 1903) -> 1739850550.993441
02-17 21:48:55.135 18010 18026 I OpenVRAPI: vrapi_GetPredictedTracking2(0xee119a90, 1739850550.993441) -> [struct]
02-17 21:48:55.135 18010 18026 I OpenVRAPI: vrapi_GetTimeInSeconds() -> 1739850535.135172
02-17 21:48:55.136 18010 18026 W OpenVRAPI: hewo?
02-17 21:48:55.136 18010 18026 I OpenVRAPI: vrapi_SubmitFrame2(0xee119a90, 0xe27b4cd8) -> 0
02-17 21:48:55.136 18010 18026 I OpenVRAPI: vrapi_GetTimeInSeconds() -> 1739850535.136936
02-17 21:48:55.136 18010 18026 I OpenVRAPI: vrapi_GetPredictedDisplayTime(0xee119a90, 1904) -> 1739850551.003603
02-17 21:48:55.136 18010 18026 I OpenVRAPI: vrapi_GetPredictedTracking2(0xee119a90, 1739850551.003603) -> [struct]
02-17 21:48:55.137 18010 18026 I OpenVRAPI: vrapi_GetTimeInSeconds() -> 1739850535.137004
02-17 21:48:55.138 18010 18026 W OpenVRAPI: hewo?
02-17 21:48:55.138 18010 18026 I OpenVRAPI: vrapi_SubmitFrame2(0xee119a90, 0xe27b4cd8) -> 0
02-17 21:48:55.138 18010 18026 I OpenVRAPI: vrapi_GetTimeInSeconds() -> 1739850535.138799
02-17 21:48:55.138 18010 18026 I OpenVRAPI: vrapi_GetPredictedDisplayTime(0xee119a90, 1905) -> 1739850551.013799
02-17 21:48:55.138 18010 18026 I OpenVRAPI: vrapi_GetPredictedTracking2(0xee119a90, 1739850551.013799) -> [struct]
02-17 21:48:55.138 18010 18026 I OpenVRAPI: vrapi_GetTimeInSeconds() -> 1739850535.138869
02-17 21:48:55.140 18010 18026 W OpenVRAPI: hewo?
02-17 21:48:55.140 18010 18026 I OpenVRAPI: vrapi_SubmitFrame2(0xee119a90, 0xe27b4cd8) -> 0
02-17 21:48:55.140 18010 18026 I OpenVRAPI: vrapi_GetTimeInSeconds() -> 1739850535.140649
02-17 21:48:55.140 18010 18026 I OpenVRAPI: vrapi_GetPredictedDisplayTime(0xee119a90, 1906) -> 1739850551.023982
02-17 21:48:55.140 18010 18026 I OpenVRAPI: vrapi_GetPredictedTracking2(0xee119a90, 1739850551.023982) -> [struct]
02-17 21:48:55.140 18010 18026 I OpenVRAPI: vrapi_GetTimeInSeconds() -> 1739850535.140715
02-17 21:48:55.142 18010 18026 W OpenVRAPI: hewo?
02-17 21:48:55.142 18010 18026 I OpenVRAPI: vrapi_SubmitFrame2(0xee119a90, 0xe27b4cd8) -> 0
02-17 21:48:55.142 18010 18026 I OpenVRAPI: vrapi_GetTimeInSeconds() -> 1739850535.142516
02-17 21:48:55.142 18010 18026 I OpenVRAPI: vrapi_GetPredictedDisplayTime(0xee119a90, 1907) -> 1739850551.034182
02-17 21:48:55.142 18010 18026 I OpenVRAPI: vrapi_GetPredictedTracking2(0xee119a90, 1739850551.034182) -> [struct]
02-17 21:48:55.142 18010 18026 I OpenVRAPI: vrapi_GetTimeInSeconds() -> 1739850535.142586
02-17 21:48:55.144 18010 18026 W OpenVRAPI: hewo?
02-17 21:48:55.144 18010 18026 I OpenVRAPI: vrapi_SubmitFrame2(0xee119a90, 0xe27b4cd8) -> 0
02-17 21:48:55.144 18010 18026 I OpenVRAPI: vrapi_GetTimeInSeconds() -> 1739850535.144369
02-17 21:48:55.144 18010 18026 I OpenVRAPI: vrapi_GetPredictedDisplayTime(0xee119a90, 1908) -> 1739850551.044369
02-17 21:48:55.144 18010 18026 I OpenVRAPI: vrapi_GetPredictedTracking2(0xee119a90, 1739850551.044369) -> [struct]
02-17 21:48:55.144 18010 18026 I OpenVRAPI: vrapi_GetTimeInSeconds() -> 1739850535.144435
02-17 21:48:55.146 18010 18026 W OpenVRAPI: hewo?
02-17 21:48:55.146 18010 18026 I OpenVRAPI: vrapi_SubmitFrame2(0xee119a90, 0xe27b4cd8) -> 0
02-17 21:48:55.146 18010 18026 I OpenVRAPI: vrapi_GetTimeInSeconds() -> 1739850535.146227
02-17 21:48:55.146 18010 18026 I OpenVRAPI: vrapi_GetPredictedDisplayTime(0xee119a90, 1909) -> 1739850551.054560
02-17 21:48:55.146 18010 18026 I OpenVRAPI: vrapi_GetPredictedTracking2(0xee119a90, 1739850551.054560) -> [struct]
02-17 21:48:55.146 18010 18026 I OpenVRAPI: vrapi_GetTimeInSeconds() -> 1739850535.146287
02-17 21:48:55.148 18010 18026 W OpenVRAPI: hewo?
02-17 21:48:55.148 18010 18026 I OpenVRAPI: vrapi_SubmitFrame2(0xee119a90, 0xe27b4cd8) -> 0
02-17 21:48:55.148 18010 18026 I OpenVRAPI: vrapi_GetTimeInSeconds() -> 1739850535.148078
02-17 21:48:55.148 18010 18026 I OpenVRAPI: vrapi_GetPredictedDisplayTime(0xee119a90, 1910) -> 1739850551.064744
02-17 21:48:55.148 18010 18026 I OpenVRAPI: vrapi_GetPredictedTracking2(0xee119a90, 1739850551.064744) -> [struct]
02-17 21:48:55.148 18010 18026 I OpenVRAPI: vrapi_GetTimeInSeconds() -> 1739850535.148142
02-17 21:48:55.149 18010 18026 W OpenVRAPI: hewo?
02-17 21:48:55.149 18010 18026 I OpenVRAPI: vrapi_SubmitFrame2(0xee119a90, 0xe27b4cd8) -> 0
02-17 21:48:55.149 18010 18026 I OpenVRAPI: vrapi_GetTimeInSeconds() -> 1739850535.149951
02-17 21:48:55.149 18010 18026 I OpenVRAPI: vrapi_GetPredictedDisplayTime(0xee119a90, 1911) -> 1739850551.074951
02-17 21:48:55.150 18010 18026 I OpenVRAPI: vrapi_GetPredictedTracking2(0xee119a90, 1739850551.074951) -> [struct]
02-17 21:48:55.150 18010 18026 I OpenVRAPI: vrapi_GetTimeInSeconds() -> 1739850535.150019
02-17 21:48:55.151 18010 18026 W OpenVRAPI: hewo?
02-17 21:48:55.151 18010 18026 I OpenVRAPI: vrapi_SubmitFrame2(0xee119a90, 0xe27b4cd8) -> 0
02-17 21:48:55.151 18010 18026 I OpenVRAPI: vrapi_GetTimeInSeconds() -> 1739850535.151837
02-17 21:48:55.151 18010 18026 I OpenVRAPI: vrapi_GetPredictedDisplayTime(0xee119a90, 1912) -> 1739850551.085171
02-17 21:48:55.151 18010 18026 I OpenVRAPI: vrapi_GetPredictedTracking2(0xee119a90, 1739850551.085171) -> [struct]
02-17 21:48:55.151 18010 18026 I OpenVRAPI: vrapi_GetTimeInSeconds() -> 1739850535.151903
02-17 21:48:55.153 18010 18026 W OpenVRAPI: hewo?
02-17 21:48:55.153 18010 18026 I OpenVRAPI: vrapi_SubmitFrame2(0xee119a90, 0xe27b4cd8) -> 0
02-17 21:48:55.153 18010 18026 I OpenVRAPI: vrapi_GetTimeInSeconds() -> 1739850535.153652
02-17 21:48:55.153 18010 18026 I OpenVRAPI: vrapi_GetPredictedDisplayTime(0xee119a90, 1913) -> 1739850551.095319
02-17 21:48:55.153 18010 18026 I OpenVRAPI: vrapi_GetPredictedTracking2(0xee119a90, 1739850551.095319) -> [struct]
02-17 21:48:55.153 18010 18026 I OpenVRAPI: vrapi_GetTimeInSeconds() -> 1739850535.153720
02-17 21:48:55.155 18010 18026 W OpenVRAPI: hewo?
02-17 21:48:55.155 18010 18026 I OpenVRAPI: vrapi_SubmitFrame2(0xee119a90, 0xe27b4cd8) -> 0
02-17 21:48:55.155 18010 18026 I OpenVRAPI: vrapi_GetTimeInSeconds() -> 1739850535.155519
02-17 21:48:55.155 18010 18026 I OpenVRAPI: vrapi_GetPredictedDisplayTime(0xee119a90, 1914) -> 1739850551.105519
02-17 21:48:55.155 18010 18026 I OpenVRAPI: vrapi_GetPredictedTracking2(0xee119a90, 1739850551.105519) -> [struct]
02-17 21:48:55.155 18010 18026 I OpenVRAPI: vrapi_GetTimeInSeconds() -> 1739850535.155583
02-17 21:48:55.157 18010 18026 W OpenVRAPI: hewo?
02-17 21:48:55.157 18010 18026 I OpenVRAPI: vrapi_SubmitFrame2(0xee119a90, 0xe27b4cd8) -> 0
02-17 21:48:55.157 18010 18026 I OpenVRAPI: vrapi_GetTimeInSeconds() -> 1739850535.157359
02-17 21:48:55.157 18010 18026 I OpenVRAPI: vrapi_GetPredictedDisplayTime(0xee119a90, 1915) -> 1739850551.115692
02-17 21:48:55.157 18010 18026 I OpenVRAPI: vrapi_GetPredictedTracking2(0xee119a90, 1739850551.115692) -> [struct]
02-17 21:48:55.157 18010 18026 I OpenVRAPI: vrapi_GetTimeInSeconds() -> 1739850535.157445
02-17 21:48:55.159 18010 18026 W OpenVRAPI: hewo?
02-17 21:48:55.159 18010 18026 I OpenVRAPI: vrapi_SubmitFrame2(0xee119a90, 0xe27b4cd8) -> 0
02-17 21:48:55.159 18010 18026 I OpenVRAPI: vrapi_GetTimeInSeconds() -> 1739850535.159224
02-17 21:48:55.159 18010 18026 I OpenVRAPI: vrapi_GetPredictedDisplayTime(0xee119a90, 1916) -> 1739850551.125891
02-17 21:48:55.159 18010 18026 I OpenVRAPI: vrapi_GetPredictedTracking2(0xee119a90, 1739850551.125891) -> [struct]
02-17 21:48:55.159 18010 18026 I OpenVRAPI: vrapi_GetTimeInSeconds() -> 1739850535.159292
02-17 21:48:55.161 18010 18026 W OpenVRAPI: hewo?
02-17 21:48:55.161 18010 18026 I OpenVRAPI: vrapi_SubmitFrame2(0xee119a90, 0xe27b4cd8) -> 0
02-17 21:48:55.161 18010 18026 I OpenVRAPI: vrapi_GetTimeInSeconds() -> 1739850535.161088
02-17 21:48:55.161 18010 18026 I OpenVRAPI: vrapi_GetPredictedDisplayTime(0xee119a90, 1917) -> 1739850551.136088
02-17 21:48:55.161 18010 18026 I OpenVRAPI: vrapi_GetPredictedTracking2(0xee119a90, 1739850551.136088) -> [struct]
02-17 21:48:55.161 18010 18026 I OpenVRAPI: vrapi_GetTimeInSeconds() -> 1739850535.161156
02-17 21:48:55.162 18010 18026 W OpenVRAPI: hewo?
02-17 21:48:55.162 18010 18026 I OpenVRAPI: vrapi_SubmitFrame2(0xee119a90, 0xe27b4cd8) -> 0
02-17 21:48:55.162 18010 18026 I OpenVRAPI: vrapi_GetTimeInSeconds() -> 1739850535.162985
02-17 21:48:55.163 18010 18026 I OpenVRAPI: vrapi_GetPredictedDisplayTime(0xee119a90, 1918) -> 1739850551.146319
02-17 21:48:55.163 18010 18026 I OpenVRAPI: vrapi_GetPredictedTracking2(0xee119a90, 1739850551.146319) -> [struct]
02-17 21:48:55.163 18010 18026 I OpenVRAPI: vrapi_GetTimeInSeconds() -> 1739850535.163059
02-17 21:48:55.164 18010 18026 W OpenVRAPI: hewo?
02-17 21:48:55.164 18010 18026 I OpenVRAPI: vrapi_SubmitFrame2(0xee119a90, 0xe27b4cd8) -> 0
02-17 21:48:55.164 18010 18026 I OpenVRAPI: vrapi_GetTimeInSeconds() -> 1739850535.164843
02-17 21:48:55.164 18010 18026 I OpenVRAPI: vrapi_GetPredictedDisplayTime(0xee119a90, 1919) -> 1739850551.156509
02-17 21:48:55.164 18010 18026 I OpenVRAPI: vrapi_GetPredictedTracking2(0xee119a90, 1739850551.156509) -> [struct]
02-17 21:48:55.164 18010 18026 I OpenVRAPI: vrapi_GetTimeInSeconds() -> 1739850535.164917
02-17 21:48:55.166 18010 18026 W OpenVRAPI: hewo?
02-17 21:48:55.166 18010 18026 I OpenVRAPI: vrapi_SubmitFrame2(0xee119a90, 0xe27b4cd8) -> 0
02-17 21:48:55.166 18010 18026 I OpenVRAPI: vrapi_GetTimeInSeconds() -> 1739850535.166670
02-17 21:48:55.166 18010 18026 I OpenVRAPI: vrapi_GetPredictedDisplayTime(0xee119a90, 1920) -> 1739850551.166670
02-17 21:48:55.166 18010 18026 I OpenVRAPI: vrapi_GetPredictedTracking2(0xee119a90, 1739850551.166670) -> [struct]
02-17 21:48:55.166 18010 18026 I OpenVRAPI: vrapi_GetTimeInSeconds() -> 1739850535.166736
02-17 21:48:55.168 18010 18026 W OpenVRAPI: hewo?
02-17 21:48:55.168 18010 18026 I OpenVRAPI: vrapi_SubmitFrame2(0xee119a90, 0xe27b4cd8) -> 0
02-17 21:48:55.168 18010 18026 I OpenVRAPI: vrapi_GetTimeInSeconds() -> 1739850535.168540
02-17 21:48:55.168 18010 18026 I OpenVRAPI: vrapi_GetPredictedDisplayTime(0xee119a90, 1921) -> 1739850551.176873
02-17 21:48:55.168 18010 18026 I OpenVRAPI: vrapi_GetPredictedTracking2(0xee119a90, 1739850551.176873) -> [struct]
02-17 21:48:55.168 18010 18026 I OpenVRAPI: vrapi_GetTimeInSeconds() -> 1739850535.168607
02-17 21:48:55.170 18010 18026 W OpenVRAPI: hewo?
02-17 21:48:55.170 18010 18026 I OpenVRAPI: vrapi_SubmitFrame2(0xee119a90, 0xe27b4cd8) -> 0
02-17 21:48:55.170 18010 18026 I OpenVRAPI: vrapi_GetTimeInSeconds() -> 1739850535.170377
02-17 21:48:55.170 18010 18026 I OpenVRAPI: vrapi_GetPredictedDisplayTime(0xee119a90, 1922) -> 1739850551.187044
02-17 21:48:55.170 18010 18026 I OpenVRAPI: vrapi_GetPredictedTracking2(0xee119a90, 1739850551.187044) -> [struct]
02-17 21:48:55.170 18010 18026 I OpenVRAPI: vrapi_GetTimeInSeconds() -> 1739850535.170442
02-17 21:48:55.172 18010 18026 W OpenVRAPI: hewo?
02-17 21:48:55.172 18010 18026 I OpenVRAPI: vrapi_SubmitFrame2(0xee119a90, 0xe27b4cd8) -> 0
02-17 21:48:55.172 18010 18026 I OpenVRAPI: vrapi_GetTimeInSeconds() -> 1739850535.172255
02-17 21:48:55.172 18010 18026 I OpenVRAPI: vrapi_GetPredictedDisplayTime(0xee119a90, 1923) -> 1739850551.197255
02-17 21:48:55.172 18010 18026 I OpenVRAPI: vrapi_GetPredictedTracking2(0xee119a90, 1739850551.197255) -> [struct]
02-17 21:48:55.172 18010 18026 I OpenVRAPI: vrapi_GetTimeInSeconds() -> 1739850535.172323
02-17 21:48:55.174 18010 18026 W OpenVRAPI: hewo?
02-17 21:48:55.174 18010 18026 I OpenVRAPI: vrapi_SubmitFrame2(0xee119a90, 0xe27b4cd8) -> 0
02-17 21:48:55.174 18010 18026 I OpenVRAPI: vrapi_GetTimeInSeconds() -> 1739850535.174101
02-17 21:48:55.174 18010 18026 I OpenVRAPI: vrapi_GetPredictedDisplayTime(0xee119a90, 1924) -> 1739850551.207434
02-17 21:48:55.174 18010 18026 I OpenVRAPI: vrapi_GetPredictedTracking2(0xee119a90, 1739850551.207434) -> [struct]
02-17 21:48:55.174 18010 18026 I OpenVRAPI: vrapi_GetTimeInSeconds() -> 1739850535.174168
02-17 21:48:55.175 18010 18026 W OpenVRAPI: hewo?
02-17 21:48:55.175 18010 18026 I OpenVRAPI: vrapi_SubmitFrame2(0xee119a90, 0xe27b4cd8) -> 0
02-17 21:48:55.175 18010 18026 I OpenVRAPI: vrapi_GetTimeInSeconds() -> 1739850535.175954
02-17 21:48:55.175 18010 18026 I OpenVRAPI: vrapi_GetPredictedDisplayTime(0xee119a90, 1925) -> 1739850551.217620
02-17 21:48:55.176 18010 18026 I OpenVRAPI: vrapi_GetPredictedTracking2(0xee119a90, 1739850551.217620) -> [struct]
02-17 21:48:55.176 18010 18026 I OpenVRAPI: vrapi_GetTimeInSeconds() -> 1739850535.176021
02-17 21:48:55.177 18010 18026 W OpenVRAPI: hewo?
02-17 21:48:55.177 18010 18026 I OpenVRAPI: vrapi_SubmitFrame2(0xee119a90, 0xe27b4cd8) -> 0
02-17 21:48:55.177 18010 18026 I OpenVRAPI: vrapi_GetTimeInSeconds() -> 1739850535.177821
02-17 21:48:55.177 18010 18026 I OpenVRAPI: vrapi_GetPredictedDisplayTime(0xee119a90, 1926) -> 1739850551.227821
02-17 21:48:55.177 18010 18026 I OpenVRAPI: vrapi_GetPredictedTracking2(0xee119a90, 1739850551.227821) -> [struct]
02-17 21:48:55.177 18010 18026 I OpenVRAPI: vrapi_GetTimeInSeconds() -> 1739850535.177887
02-17 21:48:55.179 18010 18026 W OpenVRAPI: hewo?
02-17 21:48:55.179 18010 18026 I OpenVRAPI: vrapi_SubmitFrame2(0xee119a90, 0xe27b4cd8) -> 0
02-17 21:48:55.179 18010 18026 I OpenVRAPI: vrapi_GetTimeInSeconds() -> 1739850535.179670
02-17 21:48:55.179 18010 18026 I OpenVRAPI: vrapi_GetPredictedDisplayTime(0xee119a90, 1927) -> 1739850551.238003
02-17 21:48:55.179 18010 18026 I OpenVRAPI: vrapi_GetPredictedTracking2(0xee119a90, 1739850551.238003) -> [struct]
02-17 21:48:55.179 18010 18026 I OpenVRAPI: vrapi_GetTimeInSeconds() -> 1739850535.179737
02-17 21:48:55.181 18010 18026 W OpenVRAPI: hewo?
02-17 21:48:55.181 18010 18026 I OpenVRAPI: vrapi_SubmitFrame2(0xee119a90, 0xe27b4cd8) -> 0
02-17 21:48:55.181 18010 18026 I OpenVRAPI: vrapi_GetTimeInSeconds() -> 1739850535.181527
02-17 21:48:55.181 18010 18026 I OpenVRAPI: vrapi_GetPredictedDisplayTime(0xee119a90, 1928) -> 1739850551.248194
02-17 21:48:55.181 18010 18026 I OpenVRAPI: vrapi_GetPredictedTracking2(0xee119a90, 1739850551.248194) -> [struct]
02-17 21:48:55.181 18010 18026 I OpenVRAPI: vrapi_GetTimeInSeconds() -> 1739850535.181587
02-17 21:48:55.183 18010 18026 W OpenVRAPI: hewo?
02-17 21:48:55.183 18010 18026 I OpenVRAPI: vrapi_SubmitFrame2(0xee119a90, 0xe27b4cd8) -> 0
02-17 21:48:55.183 18010 18026 I OpenVRAPI: vrapi_GetTimeInSeconds() -> 1739850535.183380
02-17 21:48:55.183 18010 18026 I OpenVRAPI: vrapi_GetPredictedDisplayTime(0xee119a90, 1929) -> 1739850551.258380
02-17 21:48:55.183 18010 18026 I OpenVRAPI: vrapi_GetPredictedTracking2(0xee119a90, 1739850551.258380) -> [struct]
02-17 21:48:55.183 18010 18026 I OpenVRAPI: vrapi_GetTimeInSeconds() -> 1739850535.183457
02-17 21:48:55.185 18010 18026 W OpenVRAPI: hewo?
02-17 21:48:55.185 18010 18026 I OpenVRAPI: vrapi_SubmitFrame2(0xee119a90, 0xe27b4cd8) -> 0
02-17 21:48:55.185 18010 18026 I OpenVRAPI: vrapi_GetTimeInSeconds() -> 1739850535.185261
02-17 21:48:55.185 18010 18026 I OpenVRAPI: vrapi_GetPredictedDisplayTime(0xee119a90, 1930) -> 1739850551.268594
02-17 21:48:55.185 18010 18026 I OpenVRAPI: vrapi_GetPredictedTracking2(0xee119a90, 1739850551.268594) -> [struct]
02-17 21:48:55.185 18010 18026 I OpenVRAPI: vrapi_GetTimeInSeconds() -> 1739850535.185326
02-17 21:48:55.187 18010 18026 W OpenVRAPI: hewo?
02-17 21:48:55.187 18010 18026 I OpenVRAPI: vrapi_SubmitFrame2(0xee119a90, 0xe27b4cd8) -> 0
02-17 21:48:55.187 18010 18026 I OpenVRAPI: vrapi_GetTimeInSeconds() -> 1739850535.187093
02-17 21:48:55.187 18010 18026 I OpenVRAPI: vrapi_GetPredictedDisplayTime(0xee119a90, 1931) -> 1739850551.278759
02-17 21:48:55.187 18010 18026 I OpenVRAPI: vrapi_GetPredictedTracking2(0xee119a90, 1739850551.278759) -> [struct]
02-17 21:48:55.187 18010 18026 I OpenVRAPI: vrapi_GetTimeInSeconds() -> 1739850535.187161
02-17 21:48:55.188 18010 18026 W OpenVRAPI: hewo?
02-17 21:48:55.189 18010 18026 I OpenVRAPI: vrapi_SubmitFrame2(0xee119a90, 0xe27b4cd8) -> 0
02-17 21:48:55.189 18010 18026 I OpenVRAPI: vrapi_GetTimeInSeconds() -> 1739850535.189056
02-17 21:48:55.189 18010 18026 I OpenVRAPI: vrapi_GetPredictedDisplayTime(0xee119a90, 1932) -> 1739850551.289056
02-17 21:48:55.189 18010 18026 I OpenVRAPI: vrapi_GetPredictedTracking2(0xee119a90, 1739850551.289056) -> [struct]
02-17 21:48:55.189 18010 18026 I OpenVRAPI: vrapi_GetTimeInSeconds() -> 1739850535.189129
02-17 21:48:55.190 18010 18026 W OpenVRAPI: hewo?
02-17 21:48:55.190 18010 18026 I OpenVRAPI: vrapi_SubmitFrame2(0xee119a90, 0xe27b4cd8) -> 0
02-17 21:48:55.190 18010 18026 I OpenVRAPI: vrapi_GetTimeInSeconds() -> 1739850535.190857
02-17 21:48:55.190 18010 18026 I OpenVRAPI: vrapi_GetPredictedDisplayTime(0xee119a90, 1933) -> 1739850551.299190
02-17 21:48:55.190 18010 18026 I OpenVRAPI: vrapi_GetPredictedTracking2(0xee119a90, 1739850551.299190) -> [struct]
02-17 21:48:55.190 18010 18026 I OpenVRAPI: vrapi_GetTimeInSeconds() -> 1739850535.190932
02-17 21:48:55.192 18010 18026 W OpenVRAPI: hewo?
02-17 21:48:55.192 18010 18026 I OpenVRAPI: vrapi_SubmitFrame2(0xee119a90, 0xe27b4cd8) -> 0
02-17 21:48:55.192 18010 18026 I OpenVRAPI: vrapi_GetTimeInSeconds() -> 1739850535.192691
02-17 21:48:55.192 18010 18026 I OpenVRAPI: vrapi_GetPredictedDisplayTime(0xee119a90, 1934) -> 1739850551.309358
02-17 21:48:55.192 18010 18026 I OpenVRAPI: vrapi_GetPredictedTracking2(0xee119a90, 1739850551.309358) -> [struct]
02-17 21:48:55.192 18010 18026 I OpenVRAPI: vrapi_GetTimeInSeconds() -> 1739850535.192759
02-17 21:48:55.194 18010 18026 W OpenVRAPI: hewo?
02-17 21:48:55.194 18010 18026 I OpenVRAPI: vrapi_SubmitFrame2(0xee119a90, 0xe27b4cd8) -> 0
02-17 21:48:55.194 18010 18026 I OpenVRAPI: vrapi_GetTimeInSeconds() -> 1739850535.194538
02-17 21:48:55.194 18010 18026 I OpenVRAPI: vrapi_GetPredictedDisplayTime(0xee119a90, 1935) -> 1739850551.319538
02-17 21:48:55.194 18010 18026 I OpenVRAPI: vrapi_GetPredictedTracking2(0xee119a90, 1739850551.319538) -> [struct]
02-17 21:48:55.194 18010 18026 I OpenVRAPI: vrapi_GetTimeInSeconds() -> 1739850535.194609
02-17 21:48:55.196 18010 18026 W OpenVRAPI: hewo?
02-17 21:48:55.196 18010 18026 I OpenVRAPI: vrapi_SubmitFrame2(0xee119a90, 0xe27b4cd8) -> 0
02-17 21:48:55.196 18010 18026 I OpenVRAPI: vrapi_GetTimeInSeconds() -> 1739850535.196392
02-17 21:48:55.196 18010 18026 I OpenVRAPI: vrapi_GetPredictedDisplayTime(0xee119a90, 1936) -> 1739850551.329726
02-17 21:48:55.196 18010 18026 I OpenVRAPI: vrapi_GetPredictedTracking2(0xee119a90, 1739850551.329726) -> [struct]
02-17 21:48:55.196 18010 18026 I OpenVRAPI: vrapi_GetTimeInSeconds() -> 1739850535.196460
02-17 21:48:55.198 18010 18026 W OpenVRAPI: hewo?
02-17 21:48:55.198 18010 18026 I OpenVRAPI: vrapi_SubmitFrame2(0xee119a90, 0xe27b4cd8) -> 0
02-17 21:48:55.198 18010 18026 I OpenVRAPI: vrapi_GetTimeInSeconds() -> 1739850535.198244
02-17 21:48:55.198 18010 18026 I OpenVRAPI: vrapi_GetPredictedDisplayTime(0xee119a90, 1937) -> 1739850551.339911
02-17 21:48:55.198 18010 18026 I OpenVRAPI: vrapi_GetPredictedTracking2(0xee119a90, 1739850551.339911) -> [struct]
02-17 21:48:55.198 18010 18026 I OpenVRAPI: vrapi_GetTimeInSeconds() -> 1739850535.198317
02-17 21:48:55.200 18010 18026 W OpenVRAPI: hewo?
02-17 21:48:55.200 18010 18026 I OpenVRAPI: vrapi_SubmitFrame2(0xee119a90, 0xe27b4cd8) -> 0
02-17 21:48:55.200 18010 18026 I OpenVRAPI: vrapi_GetTimeInSeconds() -> 1739850535.200108
02-17 21:48:55.200 18010 18026 I OpenVRAPI: vrapi_GetPredictedDisplayTime(0xee119a90, 1938) -> 1739850551.350108
02-17 21:48:55.200 18010 18026 I OpenVRAPI: vrapi_GetPredictedTracking2(0xee119a90, 1739850551.350108) -> [struct]
02-17 21:48:55.200 18010 18026 I OpenVRAPI: vrapi_GetTimeInSeconds() -> 1739850535.200176
02-17 21:48:55.201 18010 18026 W OpenVRAPI: hewo?
02-17 21:48:55.201 18010 18026 I OpenVRAPI: vrapi_SubmitFrame2(0xee119a90, 0xe27b4cd8) -> 0
02-17 21:48:55.201 18010 18026 I OpenVRAPI: vrapi_GetTimeInSeconds() -> 1739850535.201977
02-17 21:48:55.202 18010 18026 I OpenVRAPI: vrapi_GetPredictedDisplayTime(0xee119a90, 1939) -> 1739850551.360311
02-17 21:48:55.202 18010 18026 I OpenVRAPI: vrapi_GetPredictedTracking2(0xee119a90, 1739850551.360311) -> [struct]
02-17 21:48:55.202 18010 18026 I OpenVRAPI: vrapi_GetTimeInSeconds() -> 1739850535.202046
02-17 21:48:55.203 18010 18026 W OpenVRAPI: hewo?
02-17 21:48:55.203 18010 18026 I OpenVRAPI: vrapi_SubmitFrame2(0xee119a90, 0xe27b4cd8) -> 0
02-17 21:48:55.203 18010 18026 I OpenVRAPI: vrapi_GetTimeInSeconds() -> 1739850535.203821
02-17 21:48:55.203 18010 18026 I OpenVRAPI: vrapi_GetPredictedDisplayTime(0xee119a90, 1940) -> 1739850551.370488
02-17 21:48:55.203 18010 18026 I OpenVRAPI: vrapi_GetPredictedTracking2(0xee119a90, 1739850551.370488) -> [struct]
02-17 21:48:55.203 18010 18026 I OpenVRAPI: vrapi_GetTimeInSeconds() -> 1739850535.203888
02-17 21:48:55.205 18010 18026 W OpenVRAPI: hewo?
02-17 21:48:55.205 18010 18026 I OpenVRAPI: vrapi_SubmitFrame2(0xee119a90, 0xe27b4cd8) -> 0
02-17 21:48:55.205 18010 18026 I OpenVRAPI: vrapi_GetTimeInSeconds() -> 1739850535.205714
02-17 21:48:55.205 18010 18026 I OpenVRAPI: vrapi_GetPredictedDisplayTime(0xee119a90, 1941) -> 1739850551.380714
02-17 21:48:55.205 18010 18026 I OpenVRAPI: vrapi_GetPredictedTracking2(0xee119a90, 1739850551.380714) -> [struct]
02-17 21:48:55.205 18010 18026 I OpenVRAPI: vrapi_GetTimeInSeconds() -> 1739850535.205786
02-17 21:48:55.207 18010 18026 W OpenVRAPI: hewo?
02-17 21:48:55.207 18010 18026 I OpenVRAPI: vrapi_SubmitFrame2(0xee119a90, 0xe27b4cd8) -> 0
02-17 21:48:55.207 18010 18026 I OpenVRAPI: vrapi_GetTimeInSeconds() -> 1739850535.207567
02-17 21:48:55.207 18010 18026 I OpenVRAPI: vrapi_GetPredictedDisplayTime(0xee119a90, 1942) -> 1739850551.390901
02-17 21:48:55.207 18010 18026 I OpenVRAPI: vrapi_GetPredictedTracking2(0xee119a90, 1739850551.390901) -> [struct]
02-17 21:48:55.207 18010 18026 I OpenVRAPI: vrapi_GetTimeInSeconds() -> 1739850535.207639
02-17 21:48:55.209 18010 18026 W OpenVRAPI: hewo?
02-17 21:48:55.209 18010 18026 I OpenVRAPI: vrapi_SubmitFrame2(0xee119a90, 0xe27b4cd8) -> 0
02-17 21:48:55.209 18010 18026 I OpenVRAPI: vrapi_GetTimeInSeconds() -> 1739850535.209410
02-17 21:48:55.209 18010 18026 I OpenVRAPI: vrapi_GetPredictedDisplayTime(0xee119a90, 1943) -> 1739850551.401077
02-17 21:48:55.209 18010 18026 I OpenVRAPI: vrapi_GetPredictedTracking2(0xee119a90, 1739850551.401077) -> [struct]
02-17 21:48:55.209 18010 18026 I OpenVRAPI: vrapi_GetTimeInSeconds() -> 1739850535.209490
02-17 21:48:55.211 18010 18026 W OpenVRAPI: hewo?
02-17 21:48:55.211 18010 18026 I OpenVRAPI: vrapi_SubmitFrame2(0xee119a90, 0xe27b4cd8) -> 0
02-17 21:48:55.211 18010 18026 I OpenVRAPI: vrapi_GetTimeInSeconds() -> 1739850535.211269
02-17 21:48:55.211 18010 18026 I OpenVRAPI: vrapi_GetPredictedDisplayTime(0xee119a90, 1944) -> 1739850551.411269
02-17 21:48:55.211 18010 18026 I OpenVRAPI: vrapi_GetPredictedTracking2(0xee119a90, 1739850551.411269) -> [struct]
02-17 21:48:55.211 18010 18026 I OpenVRAPI: vrapi_GetTimeInSeconds() -> 1739850535.211337
02-17 21:48:55.213 18010 18026 W OpenVRAPI: hewo?
02-17 21:48:55.213 18010 18026 I OpenVRAPI: vrapi_SubmitFrame2(0xee119a90, 0xe27b4cd8) -> 0
02-17 21:48:55.213 18010 18026 I OpenVRAPI: vrapi_GetTimeInSeconds() -> 1739850535.213226
02-17 21:48:55.213 18010 18026 I OpenVRAPI: vrapi_GetPredictedDisplayTime(0xee119a90, 1945) -> 1739850551.421559
02-17 21:48:55.213 18010 18026 I OpenVRAPI: vrapi_GetPredictedTracking2(0xee119a90, 1739850551.421559) -> [struct]
02-17 21:48:55.213 18010 18026 I OpenVRAPI: vrapi_GetTimeInSeconds() -> 1739850535.213304
02-17 21:48:55.214 18010 18026 W OpenVRAPI: hewo?
02-17 21:48:55.215 18010 18026 I OpenVRAPI: vrapi_SubmitFrame2(0xee119a90, 0xe27b4cd8) -> 0
02-17 21:48:55.215 18010 18026 I OpenVRAPI: vrapi_GetTimeInSeconds() -> 1739850535.215075
02-17 21:48:55.215 18010 18026 I OpenVRAPI: vrapi_GetPredictedDisplayTime(0xee119a90, 1946) -> 1739850551.431741
02-17 21:48:55.215 18010 18026 I OpenVRAPI: vrapi_GetPredictedTracking2(0xee119a90, 1739850551.431741) -> [struct]
02-17 21:48:55.215 18010 18026 I OpenVRAPI: vrapi_GetTimeInSeconds() -> 1739850535.215150
02-17 21:48:55.216 18010 18026 W OpenVRAPI: hewo?
02-17 21:48:55.216 18010 18026 I OpenVRAPI: vrapi_SubmitFrame2(0xee119a90, 0xe27b4cd8) -> 0
02-17 21:48:55.216 18010 18026 I OpenVRAPI: vrapi_GetTimeInSeconds() -> 1739850535.216882
02-17 21:48:55.216 18010 18026 I OpenVRAPI: vrapi_GetPredictedDisplayTime(0xee119a90, 1947) -> 1739850551.441881
02-17 21:48:55.216 18010 18026 I OpenVRAPI: vrapi_GetPredictedTracking2(0xee119a90, 1739850551.441881) -> [struct]
02-17 21:48:55.216 18010 18026 I OpenVRAPI: vrapi_GetTimeInSeconds() -> 1739850535.216966
02-17 21:48:55.218 18010 18026 W OpenVRAPI: hewo?
02-17 21:48:55.218 18010 18026 I OpenVRAPI: vrapi_SubmitFrame2(0xee119a90, 0xe27b4cd8) -> 0
02-17 21:48:55.218 18010 18026 I OpenVRAPI: vrapi_GetTimeInSeconds() -> 1739850535.218700
02-17 21:48:55.218 18010 18026 I OpenVRAPI: vrapi_GetPredictedDisplayTime(0xee119a90, 1948) -> 1739850551.452034
02-17 21:48:55.218 18010 18026 I OpenVRAPI: vrapi_GetPredictedTracking2(0xee119a90, 1739850551.452034) -> [struct]
02-17 21:48:55.218 18010 18026 I OpenVRAPI: vrapi_GetTimeInSeconds() -> 1739850535.218767
02-17 21:48:55.220 18010 18026 W OpenVRAPI: hewo?
02-17 21:48:55.220 18010 18026 I OpenVRAPI: vrapi_SubmitFrame2(0xee119a90, 0xe27b4cd8) -> 0
02-17 21:48:55.220 18010 18026 I OpenVRAPI: vrapi_GetTimeInSeconds() -> 1739850535.220585
02-17 21:48:55.220 18010 18026 I OpenVRAPI: vrapi_GetPredictedDisplayTime(0xee119a90, 1949) -> 1739850551.462251
02-17 21:48:55.220 18010 18026 I OpenVRAPI: vrapi_GetPredictedTracking2(0xee119a90, 1739850551.462251) -> [struct]
02-17 21:48:55.220 18010 18026 I OpenVRAPI: vrapi_GetTimeInSeconds() -> 1739850535.220657
02-17 21:48:55.222 18010 18026 W OpenVRAPI: hewo?
02-17 21:48:55.222 18010 18026 I OpenVRAPI: vrapi_SubmitFrame2(0xee119a90, 0xe27b4cd8) -> 0
02-17 21:48:55.222 18010 18026 I OpenVRAPI: vrapi_GetTimeInSeconds() -> 1739850535.222437
02-17 21:48:55.222 18010 18026 I OpenVRAPI: vrapi_GetPredictedDisplayTime(0xee119a90, 1950) -> 1739850551.472437
02-17 21:48:55.222 18010 18026 I OpenVRAPI: vrapi_GetPredictedTracking2(0xee119a90, 1739850551.472437) -> [struct]
02-17 21:48:55.222 18010 18026 I OpenVRAPI: vrapi_GetTimeInSeconds() -> 1739850535.222504
02-17 21:48:55.224 18010 18026 W OpenVRAPI: hewo?
02-17 21:48:55.224 18010 18026 I OpenVRAPI: vrapi_SubmitFrame2(0xee119a90, 0xe27b4cd8) -> 0
02-17 21:48:55.224 18010 18026 I OpenVRAPI: vrapi_GetTimeInSeconds() -> 1739850535.224295
02-17 21:48:55.224 18010 18026 I OpenVRAPI: vrapi_GetPredictedDisplayTime(0xee119a90, 1951) -> 1739850551.482629
02-17 21:48:55.224 18010 18026 I OpenVRAPI: vrapi_GetPredictedTracking2(0xee119a90, 1739850551.482629) -> [struct]
02-17 21:48:55.224 18010 18026 I OpenVRAPI: vrapi_GetTimeInSeconds() -> 1739850535.224397
02-17 21:48:55.226 18010 18026 W OpenVRAPI: hewo?
02-17 21:48:55.226 18010 18026 I OpenVRAPI: vrapi_SubmitFrame2(0xee119a90, 0xe27b4cd8) -> 0
02-17 21:48:55.226 18010 18026 I OpenVRAPI: vrapi_GetTimeInSeconds() -> 1739850535.226136
02-17 21:48:55.226 18010 18026 I OpenVRAPI: vrapi_GetPredictedDisplayTime(0xee119a90, 1952) -> 1739850551.492803
02-17 21:48:55.226 18010 18026 I OpenVRAPI: vrapi_GetPredictedTracking2(0xee119a90, 1739850551.492803) -> [struct]
02-17 21:48:55.226 18010 18026 I OpenVRAPI: vrapi_GetTimeInSeconds() -> 1739850535.226197
02-17 21:48:55.227 18010 18026 W OpenVRAPI: hewo?
02-17 21:48:55.227 18010 18026 I OpenVRAPI: vrapi_SubmitFrame2(0xee119a90, 0xe27b4cd8) -> 0
02-17 21:48:55.228 18010 18026 I OpenVRAPI: vrapi_GetTimeInSeconds() -> 1739850535.228007
02-17 21:48:55.228 18010 18026 I OpenVRAPI: vrapi_GetPredictedDisplayTime(0xee119a90, 1953) -> 1739850551.503007
02-17 21:48:55.228 18010 18026 I OpenVRAPI: vrapi_GetPredictedTracking2(0xee119a90, 1739850551.503007) -> [struct]
02-17 21:48:55.228 18010 18026 I OpenVRAPI: vrapi_GetTimeInSeconds() -> 1739850535.228091
02-17 21:48:55.229 18010 18026 W OpenVRAPI: hewo?
02-17 21:48:55.229 18010 18026 I OpenVRAPI: vrapi_SubmitFrame2(0xee119a90, 0xe27b4cd8) -> 0
02-17 21:48:55.229 18010 18026 I OpenVRAPI: vrapi_GetTimeInSeconds() -> 1739850535.229856
02-17 21:48:55.229 18010 18026 I OpenVRAPI: vrapi_GetPredictedDisplayTime(0xee119a90, 1954) -> 1739850551.513190
02-17 21:48:55.229 18010 18026 I OpenVRAPI: vrapi_GetPredictedTracking2(0xee119a90, 1739850551.513190) -> [struct]
02-17 21:48:55.229 18010 18026 I OpenVRAPI: vrapi_GetTimeInSeconds() -> 1739850535.229934
02-17 21:48:55.231 18010 18026 W OpenVRAPI: hewo?
02-17 21:48:55.231 18010 18026 I OpenVRAPI: vrapi_SubmitFrame2(0xee119a90, 0xe27b4cd8) -> 0
02-17 21:48:55.231 18010 18026 I OpenVRAPI: vrapi_GetTimeInSeconds() -> 1739850535.231742
02-17 21:48:55.231 18010 18026 I OpenVRAPI: vrapi_GetPredictedDisplayTime(0xee119a90, 1955) -> 1739850551.523408
02-17 21:48:55.231 18010 18026 I OpenVRAPI: vrapi_GetPredictedTracking2(0xee119a90, 1739850551.523408) -> [struct]
02-17 21:48:55.231 18010 18026 I OpenVRAPI: vrapi_GetTimeInSeconds() -> 1739850535.231822
02-17 21:48:55.233 18010 18026 W OpenVRAPI: hewo?
02-17 21:48:55.233 18010 18026 I OpenVRAPI: vrapi_SubmitFrame2(0xee119a90, 0xe27b4cd8) -> 0
02-17 21:48:55.233 18010 18026 I OpenVRAPI: vrapi_GetTimeInSeconds() -> 1739850535.233617
02-17 21:48:55.233 18010 18026 I OpenVRAPI: vrapi_GetPredictedDisplayTime(0xee119a90, 1956) -> 1739850551.533617
02-17 21:48:55.233 18010 18026 I OpenVRAPI: vrapi_GetPredictedTracking2(0xee119a90, 1739850551.533617) -> [struct]
02-17 21:48:55.233 18010 18026 I OpenVRAPI: vrapi_GetTimeInSeconds() -> 1739850535.233685
02-17 21:48:55.235 18010 18026 W OpenVRAPI: hewo?
02-17 21:48:55.235 18010 18026 I OpenVRAPI: vrapi_SubmitFrame2(0xee119a90, 0xe27b4cd8) -> 0
02-17 21:48:55.235 18010 18026 I OpenVRAPI: vrapi_GetTimeInSeconds() -> 1739850535.235459
02-17 21:48:55.235 18010 18026 I OpenVRAPI: vrapi_GetPredictedDisplayTime(0xee119a90, 1957) -> 1739850551.543792
02-17 21:48:55.235 18010 18026 I OpenVRAPI: vrapi_GetPredictedTracking2(0xee119a90, 1739850551.543792) -> [struct]
02-17 21:48:55.235 18010 18026 I OpenVRAPI: vrapi_GetTimeInSeconds() -> 1739850535.235540
02-17 21:48:55.237 18010 18026 W OpenVRAPI: hewo?
02-17 21:48:55.237 18010 18026 I OpenVRAPI: vrapi_SubmitFrame2(0xee119a90, 0xe27b4cd8) -> 0
02-17 21:48:55.237 18010 18026 I OpenVRAPI: vrapi_GetTimeInSeconds() -> 1739850535.237318
02-17 21:48:55.237 18010 18026 I OpenVRAPI: vrapi_GetPredictedDisplayTime(0xee119a90, 1958) -> 1739850551.553984
02-17 21:48:55.237 18010 18026 I OpenVRAPI: vrapi_GetPredictedTracking2(0xee119a90, 1739850551.553984) -> [struct]
02-17 21:48:55.237 18010 18026 I OpenVRAPI: vrapi_GetTimeInSeconds() -> 1739850535.237380
02-17 21:48:55.239 18010 18026 W OpenVRAPI: hewo?
02-17 21:48:55.239 18010 18026 I OpenVRAPI: vrapi_SubmitFrame2(0xee119a90, 0xe27b4cd8) -> 0
02-17 21:48:55.239 18010 18026 I OpenVRAPI: vrapi_GetTimeInSeconds() -> 1739850535.239165
02-17 21:48:55.239 18010 18026 I OpenVRAPI: vrapi_GetPredictedDisplayTime(0xee119a90, 1959) -> 1739850551.564165
02-17 21:48:55.239 18010 18026 I OpenVRAPI: vrapi_GetPredictedTracking2(0xee119a90, 1739850551.564165) -> [struct]
02-17 21:48:55.239 18010 18026 I OpenVRAPI: vrapi_GetTimeInSeconds() -> 1739850535.239245
02-17 21:48:55.240 18010 18026 W OpenVRAPI: hewo?
02-17 21:48:55.240 18010 18026 I OpenVRAPI: vrapi_SubmitFrame2(0xee119a90, 0xe27b4cd8) -> 0
02-17 21:48:55.241 18010 18026 I OpenVRAPI: vrapi_GetTimeInSeconds() -> 1739850535.241011
02-17 21:48:55.241 18010 18026 I OpenVRAPI: vrapi_GetPredictedDisplayTime(0xee119a90, 1960) -> 1739850551.574344
02-17 21:48:55.241 18010 18026 I OpenVRAPI: vrapi_GetPredictedTracking2(0xee119a90, 1739850551.574344) -> [struct]
02-17 21:48:55.241 18010 18026 I OpenVRAPI: vrapi_GetTimeInSeconds() -> 1739850535.241079
02-17 21:48:55.242 18010 18026 W OpenVRAPI: hewo?
02-17 21:48:55.242 18010 18026 I OpenVRAPI: vrapi_SubmitFrame2(0xee119a90, 0xe27b4cd8) -> 0
02-17 21:48:55.242 18010 18026 I OpenVRAPI: vrapi_GetTimeInSeconds() -> 1739850535.242867
02-17 21:48:55.242 18010 18026 I OpenVRAPI: vrapi_GetPredictedDisplayTime(0xee119a90, 1961) -> 1739850551.584534
02-17 21:48:55.242 18010 18026 I OpenVRAPI: vrapi_GetPredictedTracking2(0xee119a90, 1739850551.584534) -> [struct]
02-17 21:48:55.242 18010 18026 I OpenVRAPI: vrapi_GetTimeInSeconds() -> 1739850535.242939
02-17 21:48:55.244 18010 18026 W OpenVRAPI: hewo?
02-17 21:48:55.244 18010 18026 I OpenVRAPI: vrapi_SubmitFrame2(0xee119a90, 0xe27b4cd8) -> 0
02-17 21:48:55.244 18010 18026 I OpenVRAPI: vrapi_GetTimeInSeconds() -> 1739850535.244748
02-17 21:48:55.244 18010 18026 I OpenVRAPI: vrapi_GetPredictedDisplayTime(0xee119a90, 1962) -> 1739850551.594748
02-17 21:48:55.244 18010 18026 I OpenVRAPI: vrapi_GetPredictedTracking2(0xee119a90, 1739850551.594748) -> [struct]
02-17 21:48:55.244 18010 18026 I OpenVRAPI: vrapi_GetTimeInSeconds() -> 1739850535.244821
02-17 21:48:55.246 18010 18026 W OpenVRAPI: hewo?
02-17 21:48:55.246 18010 18026 I OpenVRAPI: vrapi_SubmitFrame2(0xee119a90, 0xe27b4cd8) -> 0
02-17 21:48:55.246 18010 18026 I OpenVRAPI: vrapi_GetTimeInSeconds() -> 1739850535.246596
02-17 21:48:55.246 18010 18026 I OpenVRAPI: vrapi_GetPredictedDisplayTime(0xee119a90, 1963) -> 1739850551.604929
02-17 21:48:55.246 18010 18026 I OpenVRAPI: vrapi_GetPredictedTracking2(0xee119a90, 1739850551.604929) -> [struct]
02-17 21:48:55.246 18010 18026 I OpenVRAPI: vrapi_GetTimeInSeconds() -> 1739850535.246663
02-17 21:48:55.248 18010 18026 W OpenVRAPI: hewo?
02-17 21:48:55.248 18010 18026 I OpenVRAPI: vrapi_SubmitFrame2(0xee119a90, 0xe27b4cd8) -> 0
02-17 21:48:55.248 18010 18026 I OpenVRAPI: vrapi_GetTimeInSeconds() -> 1739850535.248459
02-17 21:48:55.248 18010 18026 I OpenVRAPI: vrapi_GetPredictedDisplayTime(0xee119a90, 1964) -> 1739850551.615125
02-17 21:48:55.248 18010 18026 I OpenVRAPI: vrapi_GetPredictedTracking2(0xee119a90, 1739850551.615125) -> [struct]
02-17 21:48:55.248 18010 18026 I OpenVRAPI: vrapi_GetTimeInSeconds() -> 1739850535.248531
02-17 21:48:55.250 18010 18026 W OpenVRAPI: hewo?
02-17 21:48:55.250 18010 18026 I OpenVRAPI: vrapi_SubmitFrame2(0xee119a90, 0xe27b4cd8) -> 0
02-17 21:48:55.250 18010 18026 I OpenVRAPI: vrapi_GetTimeInSeconds() -> 1739850535.250305
02-17 21:48:55.250 18010 18026 I OpenVRAPI: vrapi_GetPredictedDisplayTime(0xee119a90, 1965) -> 1739850551.625305
02-17 21:48:55.250 18010 18026 I OpenVRAPI: vrapi_GetPredictedTracking2(0xee119a90, 1739850551.625305) -> [struct]
02-17 21:48:55.250 18010 18026 I OpenVRAPI: vrapi_GetTimeInSeconds() -> 1739850535.250372
02-17 21:48:55.252 18010 18026 W OpenVRAPI: hewo?
02-17 21:48:55.252 18010 18026 I OpenVRAPI: vrapi_SubmitFrame2(0xee119a90, 0xe27b4cd8) -> 0
02-17 21:48:55.252 18010 18026 I OpenVRAPI: vrapi_GetTimeInSeconds() -> 1739850535.252167
02-17 21:48:55.252 18010 18026 I OpenVRAPI: vrapi_GetPredictedDisplayTime(0xee119a90, 1966) -> 1739850551.635500
02-17 21:48:55.252 18010 18026 I OpenVRAPI: vrapi_GetPredictedTracking2(0xee119a90, 1739850551.635500) -> [struct]
02-17 21:48:55.252 18010 18026 I OpenVRAPI: vrapi_GetTimeInSeconds() -> 1739850535.252241
02-17 21:48:55.253 18010 18026 W OpenVRAPI: hewo?
02-17 21:48:55.254 18010 18026 I OpenVRAPI: vrapi_SubmitFrame2(0xee119a90, 0xe27b4cd8) -> 0
02-17 21:48:55.254 18010 18026 I OpenVRAPI: vrapi_GetTimeInSeconds() -> 1739850535.254033
02-17 21:48:55.254 18010 18026 I OpenVRAPI: vrapi_GetPredictedDisplayTime(0xee119a90, 1967) -> 1739850551.645700
02-17 21:48:55.254 18010 18026 I OpenVRAPI: vrapi_GetPredictedTracking2(0xee119a90, 1739850551.645700) -> [struct]
02-17 21:48:55.254 18010 18026 I OpenVRAPI: vrapi_GetTimeInSeconds() -> 1739850535.254095
02-17 21:48:55.255 18010 18026 W OpenVRAPI: hewo?
02-17 21:48:55.255 18010 18026 I OpenVRAPI: vrapi_SubmitFrame2(0xee119a90, 0xe27b4cd8) -> 0
02-17 21:48:55.255 18010 18026 I OpenVRAPI: vrapi_GetTimeInSeconds() -> 1739850535.255877
02-17 21:48:55.255 18010 18026 I OpenVRAPI: vrapi_GetPredictedDisplayTime(0xee119a90, 1968) -> 1739850551.655878
02-17 21:48:55.255 18010 18026 I OpenVRAPI: vrapi_GetPredictedTracking2(0xee119a90, 1739850551.655878) -> [struct]
02-17 21:48:55.255 18010 18026 I OpenVRAPI: vrapi_GetTimeInSeconds() -> 1739850535.255950
02-17 21:48:55.257 18010 18026 W OpenVRAPI: hewo?
02-17 21:48:55.257 18010 18026 I OpenVRAPI: vrapi_SubmitFrame2(0xee119a90, 0xe27b4cd8) -> 0
02-17 21:48:55.257 18010 18026 I OpenVRAPI: vrapi_GetTimeInSeconds() -> 1739850535.257760
02-17 21:48:55.257 18010 18026 I OpenVRAPI: vrapi_GetPredictedDisplayTime(0xee119a90, 1969) -> 1739850551.666093
02-17 21:48:55.257 18010 18026 I OpenVRAPI: vrapi_GetPredictedTracking2(0xee119a90, 1739850551.666093) -> [struct]
02-17 21:48:55.257 18010 18026 I OpenVRAPI: vrapi_GetTimeInSeconds() -> 1739850535.257828
02-17 21:48:55.259 18010 18026 W OpenVRAPI: hewo?
02-17 21:48:55.259 18010 18026 I OpenVRAPI: vrapi_SubmitFrame2(0xee119a90, 0xe27b4cd8) -> 0
02-17 21:48:55.259 18010 18026 I OpenVRAPI: vrapi_GetTimeInSeconds() -> 1739850535.259594
02-17 21:48:55.259 18010 18026 I OpenVRAPI: vrapi_GetPredictedDisplayTime(0xee119a90, 1970) -> 1739850551.676261
02-17 21:48:55.259 18010 18026 I OpenVRAPI: vrapi_GetPredictedTracking2(0xee119a90, 1739850551.676261) -> [struct]
02-17 21:48:55.259 18010 18026 I OpenVRAPI: vrapi_GetTimeInSeconds() -> 1739850535.259666
02-17 21:48:55.261 18010 18026 W OpenVRAPI: hewo?
02-17 21:48:55.261 18010 18026 I OpenVRAPI: vrapi_SubmitFrame2(0xee119a90, 0xe27b4cd8) -> 0
02-17 21:48:55.261 18010 18026 I OpenVRAPI: vrapi_GetTimeInSeconds() -> 1739850535.261467
02-17 21:48:55.261 18010 18026 I OpenVRAPI: vrapi_GetPredictedDisplayTime(0xee119a90, 1971) -> 1739850551.686467
02-17 21:48:55.261 18010 18026 I OpenVRAPI: vrapi_GetPredictedTracking2(0xee119a90, 1739850551.686467) -> [struct]
02-17 21:48:55.261 18010 18026 I OpenVRAPI: vrapi_GetTimeInSeconds() -> 1739850535.261552
02-17 21:48:55.263 18010 18026 W OpenVRAPI: hewo?
02-17 21:48:55.263 18010 18026 I OpenVRAPI: vrapi_SubmitFrame2(0xee119a90, 0xe27b4cd8) -> 0
02-17 21:48:55.263 18010 18026 I OpenVRAPI: vrapi_GetTimeInSeconds() -> 1739850535.263303
02-17 21:48:55.263 18010 18026 I OpenVRAPI: vrapi_GetPredictedDisplayTime(0xee119a90, 1972) -> 1739850551.696636
02-17 21:48:55.263 18010 18026 I OpenVRAPI: vrapi_GetPredictedTracking2(0xee119a90, 1739850551.696636) -> [struct]
02-17 21:48:55.263 18010 18026 I OpenVRAPI: vrapi_GetTimeInSeconds() -> 1739850535.263385
02-17 21:48:55.265 18010 18026 W OpenVRAPI: hewo?
02-17 21:48:55.265 18010 18026 I OpenVRAPI: vrapi_SubmitFrame2(0xee119a90, 0xe27b4cd8) -> 0
02-17 21:48:55.265 18010 18026 I OpenVRAPI: vrapi_GetTimeInSeconds() -> 1739850535.265184
02-17 21:48:55.265 18010 18026 I OpenVRAPI: vrapi_GetPredictedDisplayTime(0xee119a90, 1973) -> 1739850551.706851
02-17 21:48:55.265 18010 18026 I OpenVRAPI: vrapi_GetPredictedTracking2(0xee119a90, 1739850551.706851) -> [struct]
02-17 21:48:55.265 18010 18026 I OpenVRAPI: vrapi_GetTimeInSeconds() -> 1739850535.265252
02-17 21:48:55.266 18010 18026 W OpenVRAPI: hewo?
02-17 21:48:55.266 18010 18026 I OpenVRAPI: vrapi_SubmitFrame2(0xee119a90, 0xe27b4cd8) -> 0
02-17 21:48:55.267 18010 18026 I OpenVRAPI: vrapi_GetTimeInSeconds() -> 1739850535.267021
02-17 21:48:55.267 18010 18026 I OpenVRAPI: vrapi_GetPredictedDisplayTime(0xee119a90, 1974) -> 1739850551.717021
02-17 21:48:55.267 18010 18026 I OpenVRAPI: vrapi_GetPredictedTracking2(0xee119a90, 1739850551.717021) -> [struct]
02-17 21:48:55.267 18010 18026 I OpenVRAPI: vrapi_GetTimeInSeconds() -> 1739850535.267093
02-17 21:48:55.268 18010 18026 W OpenVRAPI: hewo?
02-17 21:48:55.268 18010 18026 I OpenVRAPI: vrapi_SubmitFrame2(0xee119a90, 0xe27b4cd8) -> 0
02-17 21:48:55.268 18010 18026 I OpenVRAPI: vrapi_GetTimeInSeconds() -> 1739850535.268869
02-17 21:48:55.268 18010 18026 I OpenVRAPI: vrapi_GetPredictedDisplayTime(0xee119a90, 1975) -> 1739850551.727203
02-17 21:48:55.268 18010 18026 I OpenVRAPI: vrapi_GetPredictedTracking2(0xee119a90, 1739850551.727203) -> [struct]
02-17 21:48:55.268 18010 18026 I OpenVRAPI: vrapi_GetTimeInSeconds() -> 1739850535.268938
02-17 21:48:55.270 18010 18026 W OpenVRAPI: hewo?
02-17 21:48:55.270 18010 18026 I OpenVRAPI: vrapi_SubmitFrame2(0xee119a90, 0xe27b4cd8) -> 0
02-17 21:48:55.270 18010 18026 I OpenVRAPI: vrapi_GetTimeInSeconds() -> 1739850535.270725
02-17 21:48:55.270 18010 18026 I OpenVRAPI: vrapi_GetPredictedDisplayTime(0xee119a90, 1976) -> 1739850551.737391
02-17 21:48:55.270 18010 18026 I OpenVRAPI: vrapi_GetPredictedTracking2(0xee119a90, 1739850551.737391) -> [struct]
02-17 21:48:55.270 18010 18026 I OpenVRAPI: vrapi_GetTimeInSeconds() -> 1739850535.270796
02-17 21:48:55.272 18010 18026 W OpenVRAPI: hewo?
02-17 21:48:55.272 18010 18026 I OpenVRAPI: vrapi_SubmitFrame2(0xee119a90, 0xe27b4cd8) -> 0
02-17 21:48:55.272 18010 18026 I OpenVRAPI: vrapi_GetTimeInSeconds() -> 1739850535.272590
02-17 21:48:55.272 18010 18026 I OpenVRAPI: vrapi_GetPredictedDisplayTime(0xee119a90, 1977) -> 1739850551.747590
02-17 21:48:55.272 18010 18026 I OpenVRAPI: vrapi_GetPredictedTracking2(0xee119a90, 1739850551.747590) -> [struct]
02-17 21:48:55.272 18010 18026 I OpenVRAPI: vrapi_GetTimeInSeconds() -> 1739850535.272659
02-17 21:48:55.274 18010 18026 W OpenVRAPI: hewo?
02-17 21:48:55.274 18010 18026 I OpenVRAPI: vrapi_SubmitFrame2(0xee119a90, 0xe27b4cd8) -> 0
02-17 21:48:55.274 18010 18026 I OpenVRAPI: vrapi_GetTimeInSeconds() -> 1739850535.274460
02-17 21:48:55.274 18010 18026 I OpenVRAPI: vrapi_GetPredictedDisplayTime(0xee119a90, 1978) -> 1739850551.757793
02-17 21:48:55.274 18010 18026 I OpenVRAPI: vrapi_GetPredictedTracking2(0xee119a90, 1739850551.757793) -> [struct]
02-17 21:48:55.274 18010 18026 I OpenVRAPI: vrapi_GetTimeInSeconds() -> 1739850535.274530
02-17 21:48:55.276 18010 18026 W OpenVRAPI: hewo?
02-17 21:48:55.276 18010 18026 I OpenVRAPI: vrapi_SubmitFrame2(0xee119a90, 0xe27b4cd8) -> 0
02-17 21:48:55.276 18010 18026 I OpenVRAPI: vrapi_GetTimeInSeconds() -> 1739850535.276298
02-17 21:48:55.276 18010 18026 I OpenVRAPI: vrapi_GetPredictedDisplayTime(0xee119a90, 1979) -> 1739850551.767964
02-17 21:48:55.276 18010 18026 I OpenVRAPI: vrapi_GetPredictedTracking2(0xee119a90, 1739850551.767964) -> [struct]
02-17 21:48:55.276 18010 18026 I OpenVRAPI: vrapi_GetTimeInSeconds() -> 1739850535.276365
02-17 21:48:55.278 18010 18026 W OpenVRAPI: hewo?
02-17 21:48:55.278 18010 18026 I OpenVRAPI: vrapi_SubmitFrame2(0xee119a90, 0xe27b4cd8) -> 0
02-17 21:48:55.278 18010 18026 I OpenVRAPI: vrapi_GetTimeInSeconds() -> 1739850535.278156
02-17 21:48:55.278 18010 18026 I OpenVRAPI: vrapi_GetPredictedDisplayTime(0xee119a90, 1980) -> 1739850551.778156
02-17 21:48:55.278 18010 18026 I OpenVRAPI: vrapi_GetPredictedTracking2(0xee119a90, 1739850551.778156) -> [struct]
02-17 21:48:55.278 18010 18026 I OpenVRAPI: vrapi_GetTimeInSeconds() -> 1739850535.278227
02-17 21:48:55.279 18010 18026 W OpenVRAPI: hewo?
02-17 21:48:55.279 18010 18026 I OpenVRAPI: vrapi_SubmitFrame2(0xee119a90, 0xe27b4cd8) -> 0
02-17 21:48:55.280 18010 18026 I OpenVRAPI: vrapi_GetTimeInSeconds() -> 1739850535.280013
02-17 21:48:55.280 18010 18026 I OpenVRAPI: vrapi_GetPredictedDisplayTime(0xee119a90, 1981) -> 1739850551.788347
02-17 21:48:55.280 18010 18026 I OpenVRAPI: vrapi_GetPredictedTracking2(0xee119a90, 1739850551.788347) -> [struct]
02-17 21:48:55.280 18010 18026 I OpenVRAPI: vrapi_GetTimeInSeconds() -> 1739850535.280082
02-17 21:48:55.281 18010 18026 W OpenVRAPI: hewo?
02-17 21:48:55.281 18010 18026 I OpenVRAPI: vrapi_SubmitFrame2(0xee119a90, 0xe27b4cd8) -> 0
02-17 21:48:55.281 18010 18026 I OpenVRAPI: vrapi_GetTimeInSeconds() -> 1739850535.281971
02-17 21:48:55.282 18010 18026 I OpenVRAPI: vrapi_GetPredictedDisplayTime(0xee119a90, 1982) -> 1739850551.798638
02-17 21:48:55.282 18010 18026 I OpenVRAPI: vrapi_GetPredictedTracking2(0xee119a90, 1739850551.798638) -> [struct]
02-17 21:48:55.282 18010 18026 I OpenVRAPI: vrapi_GetTimeInSeconds() -> 1739850535.282042
02-17 21:48:55.283 18010 18026 W OpenVRAPI: hewo?
02-17 21:48:55.283 18010 18026 I OpenVRAPI: vrapi_SubmitFrame2(0xee119a90, 0xe27b4cd8) -> 0
02-17 21:48:55.283 18010 18026 I OpenVRAPI: vrapi_GetTimeInSeconds() -> 1739850535.283723
02-17 21:48:55.283 18010 18026 I OpenVRAPI: vrapi_GetPredictedDisplayTime(0xee119a90, 1983) -> 1739850551.808723
02-17 21:48:55.283 18010 18026 I OpenVRAPI: vrapi_GetPredictedTracking2(0xee119a90, 1739850551.808723) -> [struct]
02-17 21:48:55.283 18010 18026 I OpenVRAPI: vrapi_GetTimeInSeconds() -> 1739850535.283786
02-17 21:48:55.285 18010 18026 W OpenVRAPI: hewo?
02-17 21:48:55.285 18010 18026 I OpenVRAPI: vrapi_SubmitFrame2(0xee119a90, 0xe27b4cd8) -> 0
02-17 21:48:55.285 18010 18026 I OpenVRAPI: vrapi_GetTimeInSeconds() -> 1739850535.285604
02-17 21:48:55.285 18010 18026 I OpenVRAPI: vrapi_GetPredictedDisplayTime(0xee119a90, 1984) -> 1739850551.818938
02-17 21:48:55.285 18010 18026 I OpenVRAPI: vrapi_GetPredictedTracking2(0xee119a90, 1739850551.818938) -> [struct]
02-17 21:48:55.285 18010 18026 I OpenVRAPI: vrapi_GetTimeInSeconds() -> 1739850535.285667
02-17 21:48:55.287 18010 18026 W OpenVRAPI: hewo?
02-17 21:48:55.287 18010 18026 I OpenVRAPI: vrapi_SubmitFrame2(0xee119a90, 0xe27b4cd8) -> 0
02-17 21:48:55.287 18010 18026 I OpenVRAPI: vrapi_GetTimeInSeconds() -> 1739850535.287452
02-17 21:48:55.287 18010 18026 I OpenVRAPI: vrapi_GetPredictedDisplayTime(0xee119a90, 1985) -> 1739850551.829119
02-17 21:48:55.287 18010 18026 I OpenVRAPI: vrapi_GetPredictedTracking2(0xee119a90, 1739850551.829119) -> [struct]
02-17 21:48:55.287 18010 18026 I OpenVRAPI: vrapi_GetTimeInSeconds() -> 1739850535.287525
02-17 21:48:55.289 18010 18026 W OpenVRAPI: hewo?
02-17 21:48:55.289 18010 18026 I OpenVRAPI: vrapi_SubmitFrame2(0xee119a90, 0xe27b4cd8) -> 0
02-17 21:48:55.289 18010 18026 I OpenVRAPI: vrapi_GetTimeInSeconds() -> 1739850535.289307
02-17 21:48:55.289 18010 18026 I OpenVRAPI: vrapi_GetPredictedDisplayTime(0xee119a90, 1986) -> 1739850551.839307
02-17 21:48:55.289 18010 18026 I OpenVRAPI: vrapi_GetPredictedTracking2(0xee119a90, 1739850551.839307) -> [struct]
02-17 21:48:55.289 18010 18026 I OpenVRAPI: vrapi_GetTimeInSeconds() -> 1739850535.289384
02-17 21:48:55.291 18010 18026 W OpenVRAPI: hewo?
02-17 21:48:55.291 18010 18026 I OpenVRAPI: vrapi_SubmitFrame2(0xee119a90, 0xe27b4cd8) -> 0
02-17 21:48:55.291 18010 18026 I OpenVRAPI: vrapi_GetTimeInSeconds() -> 1739850535.291156
02-17 21:48:55.291 18010 18026 I OpenVRAPI: vrapi_GetPredictedDisplayTime(0xee119a90, 1987) -> 1739850551.849490
02-17 21:48:55.291 18010 18026 I OpenVRAPI: vrapi_GetPredictedTracking2(0xee119a90, 1739850551.849490) -> [struct]
02-17 21:48:55.291 18010 18026 I OpenVRAPI: vrapi_GetTimeInSeconds() -> 1739850535.291223
02-17 21:48:55.292 18010 18026 W OpenVRAPI: hewo?
02-17 21:48:55.292 18010 18026 I OpenVRAPI: vrapi_SubmitFrame2(0xee119a90, 0xe27b4cd8) -> 0
02-17 21:48:55.293 18010 18026 I OpenVRAPI: vrapi_GetTimeInSeconds() -> 1739850535.293009
02-17 21:48:55.293 18010 18026 I OpenVRAPI: vrapi_GetPredictedDisplayTime(0xee119a90, 1988) -> 1739850551.859675
02-17 21:48:55.293 18010 18026 I OpenVRAPI: vrapi_GetPredictedTracking2(0xee119a90, 1739850551.859675) -> [struct]
02-17 21:48:55.293 18010 18026 I OpenVRAPI: vrapi_GetTimeInSeconds() -> 1739850535.293071
02-17 21:48:55.294 18010 18026 W OpenVRAPI: hewo?
02-17 21:48:55.294 18010 18026 I OpenVRAPI: vrapi_SubmitFrame2(0xee119a90, 0xe27b4cd8) -> 0
02-17 21:48:55.294 18010 18026 I OpenVRAPI: vrapi_GetTimeInSeconds() -> 1739850535.294883
02-17 21:48:55.294 18010 18026 I OpenVRAPI: vrapi_GetPredictedDisplayTime(0xee119a90, 1989) -> 1739850551.869883
02-17 21:48:55.294 18010 18026 I OpenVRAPI: vrapi_GetPredictedTracking2(0xee119a90, 1739850551.869883) -> [struct]
02-17 21:48:55.294 18010 18026 I OpenVRAPI: vrapi_GetTimeInSeconds() -> 1739850535.294950
02-17 21:48:55.296 18010 18026 W OpenVRAPI: hewo?
02-17 21:48:55.296 18010 18026 I OpenVRAPI: vrapi_SubmitFrame2(0xee119a90, 0xe27b4cd8) -> 0
02-17 21:48:55.296 18010 18026 I OpenVRAPI: vrapi_GetTimeInSeconds() -> 1739850535.296730
02-17 21:48:55.296 18010 18026 I OpenVRAPI: vrapi_GetPredictedDisplayTime(0xee119a90, 1990) -> 1739850551.880063
02-17 21:48:55.296 18010 18026 I OpenVRAPI: vrapi_GetPredictedTracking2(0xee119a90, 1739850551.880063) -> [struct]
02-17 21:48:55.296 18010 18026 I OpenVRAPI: vrapi_GetTimeInSeconds() -> 1739850535.296791
02-17 21:48:55.298 18010 18026 W OpenVRAPI: hewo?
02-17 21:48:55.298 18010 18026 I OpenVRAPI: vrapi_SubmitFrame2(0xee119a90, 0xe27b4cd8) -> 0
02-17 21:48:55.298 18010 18026 I OpenVRAPI: vrapi_GetTimeInSeconds() -> 1739850535.298588
02-17 21:48:55.298 18010 18026 I OpenVRAPI: vrapi_GetPredictedDisplayTime(0xee119a90, 1991) -> 1739850551.890254
02-17 21:48:55.298 18010 18026 I OpenVRAPI: vrapi_GetPredictedTracking2(0xee119a90, 1739850551.890254) -> [struct]
02-17 21:48:55.298 18010 18026 I OpenVRAPI: vrapi_GetTimeInSeconds() -> 1739850535.298654
02-17 21:48:55.300 18010 18026 W OpenVRAPI: hewo?
02-17 21:48:55.300 18010 18026 I OpenVRAPI: vrapi_SubmitFrame2(0xee119a90, 0xe27b4cd8) -> 0
02-17 21:48:55.300 18010 18026 I OpenVRAPI: vrapi_GetTimeInSeconds() -> 1739850535.300431
02-17 21:48:55.300 18010 18026 I OpenVRAPI: vrapi_GetPredictedDisplayTime(0xee119a90, 1992) -> 1739850551.900431
02-17 21:48:55.300 18010 18026 I OpenVRAPI: vrapi_GetPredictedTracking2(0xee119a90, 1739850551.900431) -> [struct]
02-17 21:48:55.300 18010 18026 I OpenVRAPI: vrapi_GetTimeInSeconds() -> 1739850535.300493
02-17 21:48:55.302 18010 18026 W OpenVRAPI: hewo?
02-17 21:48:55.302 18010 18026 I OpenVRAPI: vrapi_SubmitFrame2(0xee119a90, 0xe27b4cd8) -> 0
02-17 21:48:55.302 18010 18026 I OpenVRAPI: vrapi_GetTimeInSeconds() -> 1739850535.302303
02-17 21:48:55.302 18010 18026 I OpenVRAPI: vrapi_GetPredictedDisplayTime(0xee119a90, 1993) -> 1739850551.910636
02-17 21:48:55.302 18010 18026 I OpenVRAPI: vrapi_GetPredictedTracking2(0xee119a90, 1739850551.910636) -> [struct]
02-17 21:48:55.302 18010 18026 I OpenVRAPI: vrapi_GetTimeInSeconds() -> 1739850535.302360
02-17 21:48:55.304 18010 18026 W OpenVRAPI: hewo?
02-17 21:48:55.304 18010 18026 I OpenVRAPI: vrapi_SubmitFrame2(0xee119a90, 0xe27b4cd8) -> 0
02-17 21:48:55.304 18010 18026 I OpenVRAPI: vrapi_GetTimeInSeconds() -> 1739850535.304248
02-17 21:48:55.304 18010 18026 I OpenVRAPI: vrapi_GetPredictedDisplayTime(0xee119a90, 1994) -> 1739850551.920914
02-17 21:48:55.304 18010 18026 I OpenVRAPI: vrapi_GetPredictedTracking2(0xee119a90, 1739850551.920914) -> [struct]
02-17 21:48:55.304 18010 18026 I OpenVRAPI: vrapi_GetTimeInSeconds() -> 1739850535.304348
02-17 21:48:55.305 18010 18026 W OpenVRAPI: hewo?
02-17 21:48:55.306 18010 18026 I OpenVRAPI: vrapi_SubmitFrame2(0xee119a90, 0xe27b4cd8) -> 0
02-17 21:48:55.306 18010 18026 I OpenVRAPI: vrapi_GetTimeInSeconds() -> 1739850535.306025
02-17 21:48:55.306 18010 18026 I OpenVRAPI: vrapi_GetPredictedDisplayTime(0xee119a90, 1995) -> 1739850551.931025
02-17 21:48:55.306 18010 18026 I OpenVRAPI: vrapi_GetPredictedTracking2(0xee119a90, 1739850551.931025) -> [struct]
02-17 21:48:55.306 18010 18026 I OpenVRAPI: vrapi_GetTimeInSeconds() -> 1739850535.306112
02-17 21:48:55.307 18010 18026 W OpenVRAPI: hewo?
02-17 21:48:55.307 18010 18026 I OpenVRAPI: vrapi_SubmitFrame2(0xee119a90, 0xe27b4cd8) -> 0
02-17 21:48:55.307 18010 18026 I OpenVRAPI: vrapi_GetTimeInSeconds() -> 1739850535.307891
02-17 21:48:55.307 18010 18026 I OpenVRAPI: vrapi_GetPredictedDisplayTime(0xee119a90, 1996) -> 1739850551.941225
02-17 21:48:55.307 18010 18026 I OpenVRAPI: vrapi_GetPredictedTracking2(0xee119a90, 1739850551.941225) -> [struct]
02-17 21:48:55.307 18010 18026 I OpenVRAPI: vrapi_GetTimeInSeconds() -> 1739850535.307952
02-17 21:48:55.309 18010 18026 W OpenVRAPI: hewo?
02-17 21:48:55.309 18010 18026 I OpenVRAPI: vrapi_SubmitFrame2(0xee119a90, 0xe27b4cd8) -> 0
02-17 21:48:55.309 18010 18026 I OpenVRAPI: vrapi_GetTimeInSeconds() -> 1739850535.309737
02-17 21:48:55.309 18010 18026 I OpenVRAPI: vrapi_GetPredictedDisplayTime(0xee119a90, 1997) -> 1739850551.951404
02-17 21:48:55.309 18010 18026 I OpenVRAPI: vrapi_GetPredictedTracking2(0xee119a90, 1739850551.951404) -> [struct]
02-17 21:48:55.309 18010 18026 I OpenVRAPI: vrapi_GetTimeInSeconds() -> 1739850535.309805
02-17 21:48:55.311 18010 18026 W OpenVRAPI: hewo?
02-17 21:48:55.311 18010 18026 I OpenVRAPI: vrapi_SubmitFrame2(0xee119a90, 0xe27b4cd8) -> 0
02-17 21:48:55.311 18010 18026 I OpenVRAPI: vrapi_GetTimeInSeconds() -> 1739850535.311603
02-17 21:48:55.311 18010 18026 I OpenVRAPI: vrapi_GetPredictedDisplayTime(0xee119a90, 1998) -> 1739850551.961603
02-17 21:48:55.311 18010 18026 I OpenVRAPI: vrapi_GetPredictedTracking2(0xee119a90, 1739850551.961603) -> [struct]
02-17 21:48:55.311 18010 18026 I OpenVRAPI: vrapi_GetTimeInSeconds() -> 1739850535.311667
02-17 21:48:55.313 18010 18026 W OpenVRAPI: hewo?
02-17 21:48:55.313 18010 18026 I OpenVRAPI: vrapi_SubmitFrame2(0xee119a90, 0xe27b4cd8) -> 0
02-17 21:48:55.313 18010 18026 I OpenVRAPI: vrapi_GetTimeInSeconds() -> 1739850535.313441
02-17 21:48:55.313 18010 18026 I OpenVRAPI: vrapi_GetPredictedDisplayTime(0xee119a90, 1999) -> 1739850551.971774
02-17 21:48:55.313 18010 18026 I OpenVRAPI: vrapi_GetPredictedTracking2(0xee119a90, 1739850551.971774) -> [struct]
02-17 21:48:55.313 18010 18026 I OpenVRAPI: vrapi_GetTimeInSeconds() -> 1739850535.313535
02-17 21:48:55.315 18010 18026 W OpenVRAPI: hewo?
02-17 21:48:55.315 18010 18026 I OpenVRAPI: vrapi_SubmitFrame2(0xee119a90, 0xe27b4cd8) -> 0
02-17 21:48:55.315 18010 18026 I OpenVRAPI: vrapi_GetTimeInSeconds() -> 1739850535.315348
02-17 21:48:55.315 18010 18026 I OpenVRAPI: vrapi_GetPredictedDisplayTime(0xee119a90, 2000) -> 1739850551.982014
02-17 21:48:55.315 18010 18026 I OpenVRAPI: vrapi_GetPredictedTracking2(0xee119a90, 1739850551.982014) -> [struct]
02-17 21:48:55.315 18010 18026 I OpenVRAPI: vrapi_GetTimeInSeconds() -> 1739850535.315413
02-17 21:48:55.317 18010 18026 W OpenVRAPI: hewo?
02-17 21:48:55.317 18010 18026 I OpenVRAPI: vrapi_SubmitFrame2(0xee119a90, 0xe27b4cd8) -> 0
02-17 21:48:55.317 18010 18026 I OpenVRAPI: vrapi_GetTimeInSeconds() -> 1739850535.317171
02-17 21:48:55.317 18010 18026 I OpenVRAPI: vrapi_GetPredictedDisplayTime(0xee119a90, 2001) -> 1739850551.992171
02-17 21:48:55.317 18010 18026 I OpenVRAPI: vrapi_GetPredictedTracking2(0xee119a90, 1739850551.992171) -> [struct]
02-17 21:48:55.317 18010 18026 I OpenVRAPI: vrapi_GetTimeInSeconds() -> 1739850535.317240
02-17 21:48:55.318 18010 18026 W OpenVRAPI: hewo?
02-17 21:48:55.319 18010 18026 I OpenVRAPI: vrapi_SubmitFrame2(0xee119a90, 0xe27b4cd8) -> 0
02-17 21:48:55.319 18010 18026 I OpenVRAPI: vrapi_GetTimeInSeconds() -> 1739850535.319024
02-17 21:48:55.319 18010 18026 I OpenVRAPI: vrapi_GetPredictedDisplayTime(0xee119a90, 2002) -> 1739850552.002357
02-17 21:48:55.319 18010 18026 I OpenVRAPI: vrapi_GetPredictedTracking2(0xee119a90, 1739850552.002357) -> [struct]
02-17 21:48:55.319 18010 18026 I OpenVRAPI: vrapi_GetTimeInSeconds() -> 1739850535.319088
02-17 21:48:55.320 18010 18026 W OpenVRAPI: hewo?
02-17 21:48:55.320 18010 18026 I OpenVRAPI: vrapi_SubmitFrame2(0xee119a90, 0xe27b4cd8) -> 0
02-17 21:48:55.320 18010 18026 I OpenVRAPI: vrapi_GetTimeInSeconds() -> 1739850535.320870
02-17 21:48:55.320 18010 18026 I OpenVRAPI: vrapi_GetPredictedDisplayTime(0xee119a90, 2003) -> 1739850552.012537
02-17 21:48:55.320 18010 18026 I OpenVRAPI: vrapi_GetPredictedTracking2(0xee119a90, 1739850552.012537) -> [struct]
02-17 21:48:55.320 18010 18026 I OpenVRAPI: vrapi_GetTimeInSeconds() -> 1739850535.320940
02-17 21:48:55.322 18010 18026 W OpenVRAPI: hewo?
02-17 21:48:55.322 18010 18026 I OpenVRAPI: vrapi_SubmitFrame2(0xee119a90, 0xe27b4cd8) -> 0
02-17 21:48:55.322 18010 18026 I OpenVRAPI: vrapi_GetTimeInSeconds() -> 1739850535.322741
02-17 21:48:55.322 18010 18026 I OpenVRAPI: vrapi_GetPredictedDisplayTime(0xee119a90, 2004) -> 1739850552.022741
02-17 21:48:55.322 18010 18026 I OpenVRAPI: vrapi_GetPredictedTracking2(0xee119a90, 1739850552.022741) -> [struct]
02-17 21:48:55.322 18010 18026 I OpenVRAPI: vrapi_GetTimeInSeconds() -> 1739850535.322804
02-17 21:48:55.324 18010 18026 W OpenVRAPI: hewo?
02-17 21:48:55.324 18010 18026 I OpenVRAPI: vrapi_SubmitFrame2(0xee119a90, 0xe27b4cd8) -> 0
02-17 21:48:55.324 18010 18026 I OpenVRAPI: vrapi_GetTimeInSeconds() -> 1739850535.324603
02-17 21:48:55.324 18010 18026 I OpenVRAPI: vrapi_GetPredictedDisplayTime(0xee119a90, 2005) -> 1739850552.032936
02-17 21:48:55.324 18010 18026 I OpenVRAPI: vrapi_GetPredictedTracking2(0xee119a90, 1739850552.032936) -> [struct]
02-17 21:48:55.324 18010 18026 I OpenVRAPI: vrapi_GetTimeInSeconds() -> 1739850535.324671
02-17 21:48:55.326 18010 18026 W OpenVRAPI: hewo?
02-17 21:48:55.326 18010 18026 I OpenVRAPI: vrapi_SubmitFrame2(0xee119a90, 0xe27b4cd8) -> 0
02-17 21:48:55.326 18010 18026 I OpenVRAPI: vrapi_GetTimeInSeconds() -> 1739850535.326479
02-17 21:48:55.326 18010 18026 I OpenVRAPI: vrapi_GetPredictedDisplayTime(0xee119a90, 2006) -> 1739850552.043146
02-17 21:48:55.326 18010 18026 I OpenVRAPI: vrapi_GetPredictedTracking2(0xee119a90, 1739850552.043146) -> [struct]
02-17 21:48:55.326 18010 18026 I OpenVRAPI: vrapi_GetTimeInSeconds() -> 1739850535.326555
02-17 21:48:55.328 18010 18026 W OpenVRAPI: hewo?
02-17 21:48:55.328 18010 18026 I OpenVRAPI: vrapi_SubmitFrame2(0xee119a90, 0xe27b4cd8) -> 0
02-17 21:48:55.328 18010 18026 I OpenVRAPI: vrapi_GetTimeInSeconds() -> 1739850535.328308
02-17 21:48:55.328 18010 18026 I OpenVRAPI: vrapi_GetPredictedDisplayTime(0xee119a90, 2007) -> 1739850552.053308
02-17 21:48:55.328 18010 18026 I OpenVRAPI: vrapi_GetPredictedTracking2(0xee119a90, 1739850552.053308) -> [struct]
02-17 21:48:55.328 18010 18026 I OpenVRAPI: vrapi_GetTimeInSeconds() -> 1739850535.328375
02-17 21:48:55.330 18010 18026 W OpenVRAPI: hewo?
02-17 21:48:55.330 18010 18026 I OpenVRAPI: vrapi_SubmitFrame2(0xee119a90, 0xe27b4cd8) -> 0
02-17 21:48:55.330 18010 18026 I OpenVRAPI: vrapi_GetTimeInSeconds() -> 1739850535.330173
02-17 21:48:55.330 18010 18026 I OpenVRAPI: vrapi_GetPredictedDisplayTime(0xee119a90, 2008) -> 1739850552.063506
02-17 21:48:55.330 18010 18026 I OpenVRAPI: vrapi_GetPredictedTracking2(0xee119a90, 1739850552.063506) -> [struct]
02-17 21:48:55.330 18010 18026 I OpenVRAPI: vrapi_GetTimeInSeconds() -> 1739850535.330251
02-17 21:48:55.331 18010 18026 W OpenVRAPI: hewo?
02-17 21:48:55.332 18010 18026 I OpenVRAPI: vrapi_SubmitFrame2(0xee119a90, 0xe27b4cd8) -> 0
02-17 21:48:55.332 18010 18026 I OpenVRAPI: vrapi_GetTimeInSeconds() -> 1739850535.332038
02-17 21:48:55.332 18010 18026 I OpenVRAPI: vrapi_GetPredictedDisplayTime(0xee119a90, 2009) -> 1739850552.073705
02-17 21:48:55.332 18010 18026 I OpenVRAPI: vrapi_GetPredictedTracking2(0xee119a90, 1739850552.073705) -> [struct]
02-17 21:48:55.332 18010 18026 I OpenVRAPI: vrapi_GetTimeInSeconds() -> 1739850535.332118
02-17 21:48:55.333 18010 18026 W OpenVRAPI: hewo?
02-17 21:48:55.333 18010 18026 I OpenVRAPI: vrapi_SubmitFrame2(0xee119a90, 0xe27b4cd8) -> 0
02-17 21:48:55.333 18010 18026 I OpenVRAPI: vrapi_GetTimeInSeconds() -> 1739850535.333890
02-17 21:48:55.333 18010 18026 I OpenVRAPI: vrapi_GetPredictedDisplayTime(0xee119a90, 2010) -> 1739850552.083890
02-17 21:48:55.333 18010 18026 I OpenVRAPI: vrapi_GetPredictedTracking2(0xee119a90, 1739850552.083890) -> [struct]
02-17 21:48:55.333 18010 18026 I OpenVRAPI: vrapi_GetTimeInSeconds() -> 1739850535.333977
02-17 21:48:55.335 18010 18026 W OpenVRAPI: hewo?
02-17 21:48:55.335 18010 18026 I OpenVRAPI: vrapi_SubmitFrame2(0xee119a90, 0xe27b4cd8) -> 0
02-17 21:48:55.335 18010 18026 I OpenVRAPI: vrapi_GetTimeInSeconds() -> 1739850535.335758
02-17 21:48:55.335 18010 18026 I OpenVRAPI: vrapi_GetPredictedDisplayTime(0xee119a90, 2011) -> 1739850552.094091
02-17 21:48:55.335 18010 18026 I OpenVRAPI: vrapi_GetPredictedTracking2(0xee119a90, 1739850552.094091) -> [struct]
02-17 21:48:55.335 18010 18026 I OpenVRAPI: vrapi_GetTimeInSeconds() -> 1739850535.335824
02-17 21:48:55.337 18010 18026 W OpenVRAPI: hewo?
02-17 21:48:55.337 18010 18026 I OpenVRAPI: vrapi_SubmitFrame2(0xee119a90, 0xe27b4cd8) -> 0
02-17 21:48:55.337 18010 18026 I OpenVRAPI: vrapi_GetTimeInSeconds() -> 1739850535.337602
02-17 21:48:55.337 18010 18026 I OpenVRAPI: vrapi_GetPredictedDisplayTime(0xee119a90, 2012) -> 1739850552.104269
02-17 21:48:55.337 18010 18026 I OpenVRAPI: vrapi_GetPredictedTracking2(0xee119a90, 1739850552.104269) -> [struct]
02-17 21:48:55.337 18010 18026 I OpenVRAPI: vrapi_GetTimeInSeconds() -> 1739850535.337673
02-17 21:48:55.339 18010 18026 W OpenVRAPI: hewo?
02-17 21:48:55.339 18010 18026 I OpenVRAPI: vrapi_SubmitFrame2(0xee119a90, 0xe27b4cd8) -> 0
02-17 21:48:55.339 18010 18026 I OpenVRAPI: vrapi_GetTimeInSeconds() -> 1739850535.339455
02-17 21:48:55.339 18010 18026 I OpenVRAPI: vrapi_GetPredictedDisplayTime(0xee119a90, 2013) -> 1739850552.114455
02-17 21:48:55.339 18010 18026 I OpenVRAPI: vrapi_GetPredictedTracking2(0xee119a90, 1739850552.114455) -> [struct]
02-17 21:48:55.339 18010 18026 I OpenVRAPI: vrapi_GetTimeInSeconds() -> 1739850535.339543
02-17 21:48:55.341 18010 18026 W OpenVRAPI: hewo?
02-17 21:48:55.341 18010 18026 I OpenVRAPI: vrapi_SubmitFrame2(0xee119a90, 0xe27b4cd8) -> 0
02-17 21:48:55.341 18010 18026 I OpenVRAPI: vrapi_GetTimeInSeconds() -> 1739850535.341309
02-17 21:48:55.341 18010 18026 I OpenVRAPI: vrapi_GetPredictedDisplayTime(0xee119a90, 2014) -> 1739850552.124642
02-17 21:48:55.341 18010 18026 I OpenVRAPI: vrapi_GetPredictedTracking2(0xee119a90, 1739850552.124642) -> [struct]
02-17 21:48:55.341 18010 18026 I OpenVRAPI: vrapi_GetTimeInSeconds() -> 1739850535.341376
02-17 21:48:55.343 18010 18026 W OpenVRAPI: hewo?
02-17 21:48:55.343 18010 18026 I OpenVRAPI: vrapi_SubmitFrame2(0xee119a90, 0xe27b4cd8) -> 0
02-17 21:48:55.343 18010 18026 I OpenVRAPI: vrapi_GetTimeInSeconds() -> 1739850535.343147
02-17 21:48:55.343 18010 18026 I OpenVRAPI: vrapi_GetPredictedDisplayTime(0xee119a90, 2015) -> 1739850552.134814
02-17 21:48:55.343 18010 18026 I OpenVRAPI: vrapi_GetPredictedTracking2(0xee119a90, 1739850552.134814) -> [struct]
02-17 21:48:55.343 18010 18026 I OpenVRAPI: vrapi_GetTimeInSeconds() -> 1739850535.343208
02-17 21:48:55.344 18010 18026 W OpenVRAPI: hewo?
02-17 21:48:55.345 18010 18026 I OpenVRAPI: vrapi_SubmitFrame2(0xee119a90, 0xe27b4cd8) -> 0
02-17 21:48:55.345 18010 18026 I OpenVRAPI: vrapi_GetTimeInSeconds() -> 1739850535.345032
02-17 21:48:55.345 18010 18026 I OpenVRAPI: vrapi_GetPredictedDisplayTime(0xee119a90, 2016) -> 1739850552.145032
02-17 21:48:55.345 18010 18026 I OpenVRAPI: vrapi_GetPredictedTracking2(0xee119a90, 1739850552.145032) -> [struct]
02-17 21:48:55.345 18010 18026 I OpenVRAPI: vrapi_GetTimeInSeconds() -> 1739850535.345147
02-17 21:48:55.346 18010 18026 W OpenVRAPI: hewo?
02-17 21:48:55.346 18010 18026 I OpenVRAPI: vrapi_SubmitFrame2(0xee119a90, 0xe27b4cd8) -> 0
02-17 21:48:55.346 18010 18026 I OpenVRAPI: vrapi_GetTimeInSeconds() -> 1739850535.346884
02-17 21:48:55.346 18010 18026 I OpenVRAPI: vrapi_GetPredictedDisplayTime(0xee119a90, 2017) -> 1739850552.155217
02-17 21:48:55.346 18010 18026 I OpenVRAPI: vrapi_GetPredictedTracking2(0xee119a90, 1739850552.155217) -> [struct]
02-17 21:48:55.346 18010 18026 I OpenVRAPI: vrapi_GetTimeInSeconds() -> 1739850535.346946
02-17 21:48:55.348 18010 18026 W OpenVRAPI: hewo?
02-17 21:48:55.348 18010 18026 I OpenVRAPI: vrapi_SubmitFrame2(0xee119a90, 0xe27b4cd8) -> 0
02-17 21:48:55.348 18010 18026 I OpenVRAPI: vrapi_GetTimeInSeconds() -> 1739850535.348732
02-17 21:48:55.348 18010 18026 I OpenVRAPI: vrapi_GetPredictedDisplayTime(0xee119a90, 2018) -> 1739850552.165399
02-17 21:48:55.348 18010 18026 I OpenVRAPI: vrapi_GetPredictedTracking2(0xee119a90, 1739850552.165399) -> [struct]
02-17 21:48:55.348 18010 18026 I OpenVRAPI: vrapi_GetTimeInSeconds() -> 1739850535.348798
02-17 21:48:55.350 18010 18026 W OpenVRAPI: hewo?
02-17 21:48:55.350 18010 18026 I OpenVRAPI: vrapi_SubmitFrame2(0xee119a90, 0xe27b4cd8) -> 0
02-17 21:48:55.350 18010 18026 I OpenVRAPI: vrapi_GetTimeInSeconds() -> 1739850535.350596
02-17 21:48:55.350 18010 18026 I OpenVRAPI: vrapi_GetPredictedDisplayTime(0xee119a90, 2019) -> 1739850552.175596
02-17 21:48:55.350 18010 18026 I OpenVRAPI: vrapi_GetPredictedTracking2(0xee119a90, 1739850552.175596) -> [struct]
02-17 21:48:55.350 18010 18026 I OpenVRAPI: vrapi_GetTimeInSeconds() -> 1739850535.350658
02-17 21:48:55.352 18010 18026 W OpenVRAPI: hewo?
02-17 21:48:55.352 18010 18026 I OpenVRAPI: vrapi_SubmitFrame2(0xee119a90, 0xe27b4cd8) -> 0
02-17 21:48:55.352 18010 18026 I OpenVRAPI: vrapi_GetTimeInSeconds() -> 1739850535.352457
02-17 21:48:55.352 18010 18026 I OpenVRAPI: vrapi_GetPredictedDisplayTime(0xee119a90, 2020) -> 1739850552.185790
02-17 21:48:55.352 18010 18026 I OpenVRAPI: vrapi_GetPredictedTracking2(0xee119a90, 1739850552.185790) -> [struct]
02-17 21:48:55.352 18010 18026 I OpenVRAPI: vrapi_GetTimeInSeconds() -> 1739850535.352521
02-17 21:48:55.354 18010 18026 W OpenVRAPI: hewo?
02-17 21:48:55.354 18010 18026 I OpenVRAPI: vrapi_SubmitFrame2(0xee119a90, 0xe27b4cd8) -> 0
02-17 21:48:55.354 18010 18026 I OpenVRAPI: vrapi_GetTimeInSeconds() -> 1739850535.354310
02-17 21:48:55.354 18010 18026 I OpenVRAPI: vrapi_GetPredictedDisplayTime(0xee119a90, 2021) -> 1739850552.195977
02-17 21:48:55.354 18010 18026 I OpenVRAPI: vrapi_GetPredictedTracking2(0xee119a90, 1739850552.195977) -> [struct]
02-17 21:48:55.354 18010 18026 I OpenVRAPI: vrapi_GetTimeInSeconds() -> 1739850535.354372
02-17 21:48:55.356 18010 18026 W OpenVRAPI: hewo?
02-17 21:48:55.356 18010 18026 I OpenVRAPI: vrapi_SubmitFrame2(0xee119a90, 0xe27b4cd8) -> 0
02-17 21:48:55.356 18010 18026 I OpenVRAPI: vrapi_GetTimeInSeconds() -> 1739850535.356172
02-17 21:48:55.356 18010 18026 I OpenVRAPI: vrapi_GetPredictedDisplayTime(0xee119a90, 2022) -> 1739850552.206172
02-17 21:48:55.356 18010 18026 I OpenVRAPI: vrapi_GetPredictedTracking2(0xee119a90, 1739850552.206172) -> [struct]
02-17 21:48:55.356 18010 18026 I OpenVRAPI: vrapi_GetTimeInSeconds() -> 1739850535.356238
02-17 21:48:55.357 18010 18026 W OpenVRAPI: hewo?
02-17 21:48:55.357 18010 18026 I OpenVRAPI: vrapi_SubmitFrame2(0xee119a90, 0xe27b4cd8) -> 0
02-17 21:48:55.358 18010 18026 I OpenVRAPI: vrapi_GetTimeInSeconds() -> 1739850535.358017
02-17 21:48:55.358 18010 18026 I OpenVRAPI: vrapi_GetPredictedDisplayTime(0xee119a90, 2023) -> 1739850552.216351
02-17 21:48:55.358 18010 18026 I OpenVRAPI: vrapi_GetPredictedTracking2(0xee119a90, 1739850552.216351) -> [struct]
02-17 21:48:55.358 18010 18026 I OpenVRAPI: vrapi_GetTimeInSeconds() -> 1739850535.358078
02-17 21:48:55.359 18010 18026 W OpenVRAPI: hewo?
02-17 21:48:55.359 18010 18026 I OpenVRAPI: vrapi_SubmitFrame2(0xee119a90, 0xe27b4cd8) -> 0
02-17 21:48:55.359 18010 18026 I OpenVRAPI: vrapi_GetTimeInSeconds() -> 1739850535.359869
02-17 21:48:55.359 18010 18026 I OpenVRAPI: vrapi_GetPredictedDisplayTime(0xee119a90, 2024) -> 1739850552.226535
02-17 21:48:55.359 18010 18026 I OpenVRAPI: vrapi_GetPredictedTracking2(0xee119a90, 1739850552.226535) -> [struct]
02-17 21:48:55.359 18010 18026 I OpenVRAPI: vrapi_GetTimeInSeconds() -> 1739850535.359938
02-17 21:48:55.361 18010 18026 W OpenVRAPI: hewo?
02-17 21:48:55.361 18010 18026 I OpenVRAPI: vrapi_SubmitFrame2(0xee119a90, 0xe27b4cd8) -> 0
02-17 21:48:55.361 18010 18026 I OpenVRAPI: vrapi_GetTimeInSeconds() -> 1739850535.361748
02-17 21:48:55.361 18010 18026 I OpenVRAPI: vrapi_GetPredictedDisplayTime(0xee119a90, 2025) -> 1739850552.236748
02-17 21:48:55.361 18010 18026 I OpenVRAPI: vrapi_GetPredictedTracking2(0xee119a90, 1739850552.236748) -> [struct]
02-17 21:48:55.361 18010 18026 I OpenVRAPI: vrapi_GetTimeInSeconds() -> 1739850535.361803
02-17 21:48:55.363 18010 18026 W OpenVRAPI: hewo?
02-17 21:48:55.363 18010 18026 I OpenVRAPI: vrapi_SubmitFrame2(0xee119a90, 0xe27b4cd8) -> 0
02-17 21:48:55.363 18010 18026 I OpenVRAPI: vrapi_GetTimeInSeconds() -> 1739850535.363619
02-17 21:48:55.363 18010 18026 I OpenVRAPI: vrapi_GetPredictedDisplayTime(0xee119a90, 2026) -> 1739850552.246952
02-17 21:48:55.363 18010 18026 I OpenVRAPI: vrapi_GetPredictedTracking2(0xee119a90, 1739850552.246952) -> [struct]
02-17 21:48:55.363 18010 18026 I OpenVRAPI: vrapi_GetTimeInSeconds() -> 1739850535.363698
02-17 21:48:55.365 18010 18026 W OpenVRAPI: hewo?
02-17 21:48:55.365 18010 18026 I OpenVRAPI: vrapi_SubmitFrame2(0xee119a90, 0xe27b4cd8) -> 0
02-17 21:48:55.365 18010 18026 I OpenVRAPI: vrapi_GetTimeInSeconds() -> 1739850535.365461
02-17 21:48:55.365 18010 18026 I OpenVRAPI: vrapi_GetPredictedDisplayTime(0xee119a90, 2027) -> 1739850552.257128
02-17 21:48:55.365 18010 18026 I OpenVRAPI: vrapi_GetPredictedTracking2(0xee119a90, 1739850552.257128) -> [struct]
02-17 21:48:55.365 18010 18026 I OpenVRAPI: vrapi_GetTimeInSeconds() -> 1739850535.365534
02-17 21:48:55.367 18010 18026 W OpenVRAPI: hewo?
02-17 21:48:55.367 18010 18026 I OpenVRAPI: vrapi_SubmitFrame2(0xee119a90, 0xe27b4cd8) -> 0
02-17 21:48:55.367 18010 18026 I OpenVRAPI: vrapi_GetTimeInSeconds() -> 1739850535.367323
02-17 21:48:55.367 18010 18026 I OpenVRAPI: vrapi_GetPredictedDisplayTime(0xee119a90, 2028) -> 1739850552.267323
02-17 21:48:55.367 18010 18026 I OpenVRAPI: vrapi_GetPredictedTracking2(0xee119a90, 1739850552.267323) -> [struct]
02-17 21:48:55.367 18010 18026 I OpenVRAPI: vrapi_GetTimeInSeconds() -> 1739850535.367387
02-17 21:48:55.369 18010 18026 W OpenVRAPI: hewo?
02-17 21:48:55.369 18010 18026 I OpenVRAPI: vrapi_SubmitFrame2(0xee119a90, 0xe27b4cd8) -> 0
02-17 21:48:55.369 18010 18026 I OpenVRAPI: vrapi_GetTimeInSeconds() -> 1739850535.369188
02-17 21:48:55.369 18010 18026 I OpenVRAPI: vrapi_GetPredictedDisplayTime(0xee119a90, 2029) -> 1739850552.277521
02-17 21:48:55.369 18010 18026 I OpenVRAPI: vrapi_GetPredictedTracking2(0xee119a90, 1739850552.277521) -> [struct]
02-17 21:48:55.369 18010 18026 I OpenVRAPI: vrapi_GetTimeInSeconds() -> 1739850535.369265
02-17 21:48:55.370 18010 18026 W OpenVRAPI: hewo?
02-17 21:48:55.371 18010 18026 I OpenVRAPI: vrapi_SubmitFrame2(0xee119a90, 0xe27b4cd8) -> 0
02-17 21:48:55.371 18010 18026 I OpenVRAPI: vrapi_GetTimeInSeconds() -> 1739850535.371039
02-17 21:48:55.371 18010 18026 I OpenVRAPI: vrapi_GetPredictedDisplayTime(0xee119a90, 2030) -> 1739850552.287706
02-17 21:48:55.371 18010 18026 I OpenVRAPI: vrapi_GetPredictedTracking2(0xee119a90, 1739850552.287706) -> [struct]
02-17 21:48:55.371 18010 18026 I OpenVRAPI: vrapi_GetTimeInSeconds() -> 1739850535.371110
02-17 21:48:55.372 18010 18026 W OpenVRAPI: hewo?
02-17 21:48:55.373 18010 18026 I OpenVRAPI: vrapi_SubmitFrame2(0xee119a90, 0xe27b4cd8) -> 0
02-17 21:48:55.373 18010 18026 I OpenVRAPI: vrapi_GetTimeInSeconds() -> 1739850535.373145
02-17 21:48:55.373 18010 18026 I OpenVRAPI: vrapi_GetPredictedDisplayTime(0xee119a90, 2031) -> 1739850552.298145
02-17 21:48:55.373 18010 18026 I OpenVRAPI: vrapi_GetPredictedTracking2(0xee119a90, 1739850552.298145) -> [struct]
02-17 21:48:55.373 18010 18026 I OpenVRAPI: vrapi_GetTimeInSeconds() -> 1739850535.373315
02-17 21:48:55.374 18010 18026 W OpenVRAPI: hewo?
02-17 21:48:55.374 18010 18026 I OpenVRAPI: vrapi_SubmitFrame2(0xee119a90, 0xe27b4cd8) -> 0
02-17 21:48:55.374 18010 18026 I OpenVRAPI: vrapi_GetTimeInSeconds() -> 1739850535.374774
02-17 21:48:55.374 18010 18026 I OpenVRAPI: vrapi_GetPredictedDisplayTime(0xee119a90, 2032) -> 1739850552.308107
02-17 21:48:55.374 18010 18026 I OpenVRAPI: vrapi_GetPredictedTracking2(0xee119a90, 1739850552.308107) -> [struct]
02-17 21:48:55.374 18010 18026 I OpenVRAPI: vrapi_GetTimeInSeconds() -> 1739850535.374855
02-17 21:48:55.377 18010 18026 W OpenVRAPI: hewo?
02-17 21:48:55.377 18010 18026 I OpenVRAPI: vrapi_SubmitFrame2(0xee119a90, 0xe27b4cd8) -> 0
02-17 21:48:55.377 18010 18026 I OpenVRAPI: vrapi_GetTimeInSeconds() -> 1739850535.377130
02-17 21:48:55.377 18010 18026 I OpenVRAPI: vrapi_GetPredictedDisplayTime(0xee119a90, 2033) -> 1739850552.318797
02-17 21:48:55.377 18010 18026 I OpenVRAPI: vrapi_GetPredictedTracking2(0xee119a90, 1739850552.318797) -> [struct]
02-17 21:48:55.377 18010 18026 I OpenVRAPI: vrapi_GetTimeInSeconds() -> 1739850535.377206
02-17 21:48:55.378 18010 18026 W OpenVRAPI: hewo?
02-17 21:48:55.378 18010 18026 I OpenVRAPI: vrapi_SubmitFrame2(0xee119a90, 0xe27b4cd8) -> 0
02-17 21:48:55.378 18010 18026 I OpenVRAPI: vrapi_GetTimeInSeconds() -> 1739850535.378554
02-17 21:48:55.378 18010 18026 I OpenVRAPI: vrapi_GetPredictedDisplayTime(0xee119a90, 2034) -> 1739850552.328554
02-17 21:48:55.378 18010 18026 I OpenVRAPI: vrapi_GetPredictedTracking2(0xee119a90, 1739850552.328554) -> [struct]
02-17 21:48:55.378 18010 18026 I OpenVRAPI: vrapi_GetTimeInSeconds() -> 1739850535.378668
02-17 21:48:55.380 18010 18026 W OpenVRAPI: hewo?
02-17 21:48:55.380 18010 18026 I OpenVRAPI: vrapi_SubmitFrame2(0xee119a90, 0xe27b4cd8) -> 0
02-17 21:48:55.380 18010 18026 I OpenVRAPI: vrapi_GetTimeInSeconds() -> 1739850535.380351
02-17 21:48:55.380 18010 18026 I OpenVRAPI: vrapi_GetPredictedDisplayTime(0xee119a90, 2035) -> 1739850552.338684
02-17 21:48:55.380 18010 18026 I OpenVRAPI: vrapi_GetPredictedTracking2(0xee119a90, 1739850552.338684) -> [struct]
02-17 21:48:55.380 18010 18026 I OpenVRAPI: vrapi_GetTimeInSeconds() -> 1739850535.380427
02-17 21:48:55.382 18010 18026 W OpenVRAPI: hewo?
02-17 21:48:55.382 18010 18026 I OpenVRAPI: vrapi_SubmitFrame2(0xee119a90, 0xe27b4cd8) -> 0
02-17 21:48:55.382 18010 18026 I OpenVRAPI: vrapi_GetTimeInSeconds() -> 1739850535.382204
02-17 21:48:55.382 18010 18026 I OpenVRAPI: vrapi_GetPredictedDisplayTime(0xee119a90, 2036) -> 1739850552.348870
02-17 21:48:55.382 18010 18026 I OpenVRAPI: vrapi_GetPredictedTracking2(0xee119a90, 1739850552.348870) -> [struct]
02-17 21:48:55.382 18010 18026 I OpenVRAPI: vrapi_GetTimeInSeconds() -> 1739850535.382276
02-17 21:48:55.384 18010 18026 W OpenVRAPI: hewo?
02-17 21:48:55.384 18010 18026 I OpenVRAPI: vrapi_SubmitFrame2(0xee119a90, 0xe27b4cd8) -> 0
02-17 21:48:55.384 18010 18026 I OpenVRAPI: vrapi_GetTimeInSeconds() -> 1739850535.384063
02-17 21:48:55.384 18010 18026 I OpenVRAPI: vrapi_GetPredictedDisplayTime(0xee119a90, 2037) -> 1739850552.359063
02-17 21:48:55.384 18010 18026 I OpenVRAPI: vrapi_GetPredictedTracking2(0xee119a90, 1739850552.359063) -> [struct]
02-17 21:48:55.384 18010 18026 I OpenVRAPI: vrapi_GetTimeInSeconds() -> 1739850535.384123
02-17 21:48:55.385 18010 18026 W OpenVRAPI: hewo?
02-17 21:48:55.385 18010 18026 I OpenVRAPI: vrapi_SubmitFrame2(0xee119a90, 0xe27b4cd8) -> 0
02-17 21:48:55.385 18010 18026 I OpenVRAPI: vrapi_GetTimeInSeconds() -> 1739850535.385947
02-17 21:48:55.385 18010 18026 I OpenVRAPI: vrapi_GetPredictedDisplayTime(0xee119a90, 2038) -> 1739850552.369281
02-17 21:48:55.386 18010 18026 I OpenVRAPI: vrapi_GetPredictedTracking2(0xee119a90, 1739850552.369281) -> [struct]
02-17 21:48:55.386 18010 18026 I OpenVRAPI: vrapi_GetTimeInSeconds() -> 1739850535.386026
02-17 21:48:55.387 18010 18026 W OpenVRAPI: hewo?
02-17 21:48:55.387 18010 18026 I OpenVRAPI: vrapi_SubmitFrame2(0xee119a90, 0xe27b4cd8) -> 0
02-17 21:48:55.387 18010 18026 I OpenVRAPI: vrapi_GetTimeInSeconds() -> 1739850535.387835
02-17 21:48:55.387 18010 18026 I OpenVRAPI: vrapi_GetPredictedDisplayTime(0xee119a90, 2039) -> 1739850552.379502
02-17 21:48:55.387 18010 18026 I OpenVRAPI: vrapi_GetPredictedTracking2(0xee119a90, 1739850552.379502) -> [struct]
02-17 21:48:55.387 18010 18026 I OpenVRAPI: vrapi_GetTimeInSeconds() -> 1739850535.387924
02-17 21:48:55.389 18010 18026 W OpenVRAPI: hewo?
02-17 21:48:55.389 18010 18026 I OpenVRAPI: vrapi_SubmitFrame2(0xee119a90, 0xe27b4cd8) -> 0
02-17 21:48:55.389 18010 18026 I OpenVRAPI: vrapi_GetTimeInSeconds() -> 1739850535.389688
02-17 21:48:55.389 18010 18026 I OpenVRAPI: vrapi_GetPredictedDisplayTime(0xee119a90, 2040) -> 1739850552.389688
02-17 21:48:55.389 18010 18026 I OpenVRAPI: vrapi_GetPredictedTracking2(0xee119a90, 1739850552.389688) -> [struct]
02-17 21:48:55.389 18010 18026 I OpenVRAPI: vrapi_GetTimeInSeconds() -> 1739850535.389763
02-17 21:48:55.391 18010 18026 W OpenVRAPI: hewo?
02-17 21:48:55.391 18010 18026 I OpenVRAPI: vrapi_SubmitFrame2(0xee119a90, 0xe27b4cd8) -> 0
02-17 21:48:55.391 18010 18026 I OpenVRAPI: vrapi_GetTimeInSeconds() -> 1739850535.391513
02-17 21:48:55.391 18010 18026 I OpenVRAPI: vrapi_GetPredictedDisplayTime(0xee119a90, 2041) -> 1739850552.399846
02-17 21:48:55.391 18010 18026 I OpenVRAPI: vrapi_GetPredictedTracking2(0xee119a90, 1739850552.399846) -> [struct]
02-17 21:48:55.391 18010 18026 I OpenVRAPI: vrapi_GetTimeInSeconds() -> 1739850535.391591
02-17 21:48:55.393 18010 18026 W OpenVRAPI: hewo?
02-17 21:48:55.393 18010 18026 I OpenVRAPI: vrapi_SubmitFrame2(0xee119a90, 0xe27b4cd8) -> 0
02-17 21:48:55.393 18010 18026 I OpenVRAPI: vrapi_GetTimeInSeconds() -> 1739850535.393342
02-17 21:48:55.393 18010 18026 I OpenVRAPI: vrapi_GetPredictedDisplayTime(0xee119a90, 2042) -> 1739850552.410008
02-17 21:48:55.393 18010 18026 I OpenVRAPI: vrapi_GetPredictedTracking2(0xee119a90, 1739850552.410008) -> [struct]
02-17 21:48:55.393 18010 18026 I OpenVRAPI: vrapi_GetTimeInSeconds() -> 1739850535.393412
02-17 21:48:55.395 18010 18026 W OpenVRAPI: hewo?
02-17 21:48:55.395 18010 18026 I OpenVRAPI: vrapi_SubmitFrame2(0xee119a90, 0xe27b4cd8) -> 0
02-17 21:48:55.395 18010 18026 I OpenVRAPI: vrapi_GetTimeInSeconds() -> 1739850535.395203
02-17 21:48:55.395 18010 18026 I OpenVRAPI: vrapi_GetPredictedDisplayTime(0xee119a90, 2043) -> 1739850552.420203
02-17 21:48:55.395 18010 18026 I OpenVRAPI: vrapi_GetPredictedTracking2(0xee119a90, 1739850552.420203) -> [struct]
02-17 21:48:55.395 18010 18026 I OpenVRAPI: vrapi_GetTimeInSeconds() -> 1739850535.395269
02-17 21:48:55.397 18010 18026 W OpenVRAPI: hewo?
02-17 21:48:55.397 18010 18026 I OpenVRAPI: vrapi_SubmitFrame2(0xee119a90, 0xe27b4cd8) -> 0
02-17 21:48:55.397 18010 18026 I OpenVRAPI: vrapi_GetTimeInSeconds() -> 1739850535.397055
02-17 21:48:55.397 18010 18026 I OpenVRAPI: vrapi_GetPredictedDisplayTime(0xee119a90, 2044) -> 1739850552.430388
02-17 21:48:55.397 18010 18026 I OpenVRAPI: vrapi_GetPredictedTracking2(0xee119a90, 1739850552.430388) -> [struct]
02-17 21:48:55.397 18010 18026 I OpenVRAPI: vrapi_GetTimeInSeconds() -> 1739850535.397118
02-17 21:48:55.398 18010 18026 W OpenVRAPI: hewo?
02-17 21:48:55.398 18010 18026 I OpenVRAPI: vrapi_SubmitFrame2(0xee119a90, 0xe27b4cd8) -> 0
02-17 21:48:55.398 18010 18026 I OpenVRAPI: vrapi_GetTimeInSeconds() -> 1739850535.398916
02-17 21:48:55.398 18010 18026 I OpenVRAPI: vrapi_GetPredictedDisplayTime(0xee119a90, 2045) -> 1739850552.440583
02-17 21:48:55.398 18010 18026 I OpenVRAPI: vrapi_GetPredictedTracking2(0xee119a90, 1739850552.440583) -> [struct]
02-17 21:48:55.398 18010 18026 I OpenVRAPI: vrapi_GetTimeInSeconds() -> 1739850535.398979
02-17 21:48:55.400 18010 18026 W OpenVRAPI: hewo?
02-17 21:48:55.400 18010 18026 I OpenVRAPI: vrapi_SubmitFrame2(0xee119a90, 0xe27b4cd8) -> 0
02-17 21:48:55.400 18010 18026 I OpenVRAPI: vrapi_GetTimeInSeconds() -> 1739850535.400769
02-17 21:48:55.400 18010 18026 I OpenVRAPI: vrapi_GetPredictedDisplayTime(0xee119a90, 2046) -> 1739850552.450769
02-17 21:48:55.400 18010 18026 I OpenVRAPI: vrapi_GetPredictedTracking2(0xee119a90, 1739850552.450769) -> [struct]
02-17 21:48:55.400 18010 18026 I OpenVRAPI: vrapi_GetTimeInSeconds() -> 1739850535.400834
02-17 21:48:55.402 18010 18026 W OpenVRAPI: hewo?
02-17 21:48:55.402 18010 18026 I OpenVRAPI: vrapi_SubmitFrame2(0xee119a90, 0xe27b4cd8) -> 0
02-17 21:48:55.402 18010 18026 I OpenVRAPI: vrapi_GetTimeInSeconds() -> 1739850535.402629
02-17 21:48:55.402 18010 18026 I OpenVRAPI: vrapi_GetPredictedDisplayTime(0xee119a90, 2047) -> 1739850552.460963
02-17 21:48:55.402 18010 18026 I OpenVRAPI: vrapi_GetPredictedTracking2(0xee119a90, 1739850552.460963) -> [struct]
02-17 21:48:55.402 18010 18026 I OpenVRAPI: vrapi_GetTimeInSeconds() -> 1739850535.402693
02-17 21:48:55.404 18010 18026 W OpenVRAPI: hewo?
02-17 21:48:55.404 18010 18026 I OpenVRAPI: vrapi_SubmitFrame2(0xee119a90, 0xe27b4cd8) -> 0
02-17 21:48:55.404 18010 18026 I OpenVRAPI: vrapi_GetTimeInSeconds() -> 1739850535.404496
02-17 21:48:55.404 18010 18026 I OpenVRAPI: vrapi_GetPredictedDisplayTime(0xee119a90, 2048) -> 1739850552.471163
02-17 21:48:55.404 18010 18026 I OpenVRAPI: vrapi_GetPredictedTracking2(0xee119a90, 1739850552.471163) -> [struct]
02-17 21:48:55.404 18010 18026 I OpenVRAPI: vrapi_GetTimeInSeconds() -> 1739850535.404561
02-17 21:48:55.406 18010 18026 W OpenVRAPI: hewo?
02-17 21:48:55.406 18010 18026 I OpenVRAPI: vrapi_SubmitFrame2(0xee119a90, 0xe27b4cd8) -> 0
02-17 21:48:55.406 18010 18026 I OpenVRAPI: vrapi_GetTimeInSeconds() -> 1739850535.406348
02-17 21:48:55.406 18010 18026 I OpenVRAPI: vrapi_GetPredictedDisplayTime(0xee119a90, 2049) -> 1739850552.481349
02-17 21:48:55.406 18010 18026 I OpenVRAPI: vrapi_GetPredictedTracking2(0xee119a90, 1739850552.481349) -> [struct]
02-17 21:48:55.406 18010 18026 I OpenVRAPI: vrapi_GetTimeInSeconds() -> 1739850535.406414
02-17 21:48:55.408 18010 18026 W OpenVRAPI: hewo?
02-17 21:48:55.408 18010 18026 I OpenVRAPI: vrapi_SubmitFrame2(0xee119a90, 0xe27b4cd8) -> 0
02-17 21:48:55.408 18010 18026 I OpenVRAPI: vrapi_GetTimeInSeconds() -> 1739850535.408199
02-17 21:48:55.408 18010 18026 I OpenVRAPI: vrapi_GetPredictedDisplayTime(0xee119a90, 2050) -> 1739850552.491533
02-17 21:48:55.408 18010 18026 I OpenVRAPI: vrapi_GetPredictedTracking2(0xee119a90, 1739850552.491533) -> [struct]
02-17 21:48:55.408 18010 18026 I OpenVRAPI: vrapi_GetTimeInSeconds() -> 1739850535.408261
02-17 21:48:55.409 18010 18026 W OpenVRAPI: hewo?
02-17 21:48:55.410 18010 18026 I OpenVRAPI: vrapi_SubmitFrame2(0xee119a90, 0xe27b4cd8) -> 0
02-17 21:48:55.410 18010 18026 I OpenVRAPI: vrapi_GetTimeInSeconds() -> 1739850535.410055
02-17 21:48:55.410 18010 18026 I OpenVRAPI: vrapi_GetPredictedDisplayTime(0xee119a90, 2051) -> 1739850552.501721
02-17 21:48:55.410 18010 18026 I OpenVRAPI: vrapi_GetPredictedTracking2(0xee119a90, 1739850552.501721) -> [struct]
02-17 21:48:55.410 18010 18026 I OpenVRAPI: vrapi_GetTimeInSeconds() -> 1739850535.410118
02-17 21:48:55.411 18010 18026 W OpenVRAPI: hewo?
02-17 21:48:55.412 18010 18026 I OpenVRAPI: vrapi_SubmitFrame2(0xee119a90, 0xe27b4cd8) -> 0
02-17 21:48:55.412 18010 18026 I OpenVRAPI: vrapi_GetTimeInSeconds() -> 1739850535.412036
02-17 21:48:55.412 18010 18026 I OpenVRAPI: vrapi_GetPredictedDisplayTime(0xee119a90, 2052) -> 1739850552.512036
02-17 21:48:55.412 18010 18026 I OpenVRAPI: vrapi_GetPredictedTracking2(0xee119a90, 1739850552.512036) -> [struct]
02-17 21:48:55.412 18010 18026 I OpenVRAPI: vrapi_GetTimeInSeconds() -> 1739850535.412110
02-17 21:48:55.413 18010 18026 W OpenVRAPI: hewo?
02-17 21:48:55.413 18010 18026 I OpenVRAPI: vrapi_SubmitFrame2(0xee119a90, 0xe27b4cd8) -> 0
02-17 21:48:55.413 18010 18026 I OpenVRAPI: vrapi_GetTimeInSeconds() -> 1739850535.413830
02-17 21:48:55.413 18010 18026 I OpenVRAPI: vrapi_GetPredictedDisplayTime(0xee119a90, 2053) -> 1739850552.522164
02-17 21:48:55.413 18010 18026 I OpenVRAPI: vrapi_GetPredictedTracking2(0xee119a90, 1739850552.522164) -> [struct]
02-17 21:48:55.413 18010 18026 I OpenVRAPI: vrapi_GetTimeInSeconds() -> 1739850535.413907
02-17 21:48:55.415 18010 18026 W OpenVRAPI: hewo?
02-17 21:48:55.415 18010 18026 I OpenVRAPI: vrapi_SubmitFrame2(0xee119a90, 0xe27b4cd8) -> 0
02-17 21:48:55.415 18010 18026 I OpenVRAPI: vrapi_GetTimeInSeconds() -> 1739850535.415681
02-17 21:48:55.415 18010 18026 I OpenVRAPI: vrapi_GetPredictedDisplayTime(0xee119a90, 2054) -> 1739850552.532347
02-17 21:48:55.415 18010 18026 I OpenVRAPI: vrapi_GetPredictedTracking2(0xee119a90, 1739850552.532347) -> [struct]
02-17 21:48:55.415 18010 18026 I OpenVRAPI: vrapi_GetTimeInSeconds() -> 1739850535.415756
02-17 21:48:55.417 18010 18026 W OpenVRAPI: hewo?
02-17 21:48:55.417 18010 18026 I OpenVRAPI: vrapi_SubmitFrame2(0xee119a90, 0xe27b4cd8) -> 0
02-17 21:48:55.417 18010 18026 I OpenVRAPI: vrapi_GetTimeInSeconds() -> 1739850535.417549
02-17 21:48:55.417 18010 18026 I OpenVRAPI: vrapi_GetPredictedDisplayTime(0xee119a90, 2055) -> 1739850552.542549
02-17 21:48:55.417 18010 18026 I OpenVRAPI: vrapi_GetPredictedTracking2(0xee119a90, 1739850552.542549) -> [struct]
02-17 21:48:55.417 18010 18026 I OpenVRAPI: vrapi_GetTimeInSeconds() -> 1739850535.417620
02-17 21:48:55.419 18010 18026 W OpenVRAPI: hewo?
02-17 21:48:55.419 18010 18026 I OpenVRAPI: vrapi_SubmitFrame2(0xee119a90, 0xe27b4cd8) -> 0
02-17 21:48:55.419 18010 18026 I OpenVRAPI: vrapi_GetTimeInSeconds() -> 1739850535.419390
02-17 21:48:55.419 18010 18026 I OpenVRAPI: vrapi_GetPredictedDisplayTime(0xee119a90, 2056) -> 1739850552.552724
02-17 21:48:55.419 18010 18026 I OpenVRAPI: vrapi_GetPredictedTracking2(0xee119a90, 1739850552.552724) -> [struct]
02-17 21:48:55.419 18010 18026 I OpenVRAPI: vrapi_GetTimeInSeconds() -> 1739850535.419464
02-17 21:48:55.421 18010 18026 W OpenVRAPI: hewo?
02-17 21:48:55.421 18010 18026 I OpenVRAPI: vrapi_SubmitFrame2(0xee119a90, 0xe27b4cd8) -> 0
02-17 21:48:55.421 18010 18026 I OpenVRAPI: vrapi_GetTimeInSeconds() -> 1739850535.421233
02-17 21:48:55.421 18010 18026 I OpenVRAPI: vrapi_GetPredictedDisplayTime(0xee119a90, 2057) -> 1739850552.562900
02-17 21:48:55.421 18010 18026 I OpenVRAPI: vrapi_GetPredictedTracking2(0xee119a90, 1739850552.562900) -> [struct]
02-17 21:48:55.421 18010 18026 I OpenVRAPI: vrapi_GetTimeInSeconds() -> 1739850535.421304
02-17 21:48:55.423 18010 18026 W OpenVRAPI: hewo?
02-17 21:48:55.423 18010 18026 I OpenVRAPI: vrapi_SubmitFrame2(0xee119a90, 0xe27b4cd8) -> 0
02-17 21:48:55.423 18010 18026 I OpenVRAPI: vrapi_GetTimeInSeconds() -> 1739850535.423099
02-17 21:48:55.423 18010 18026 I OpenVRAPI: vrapi_GetPredictedDisplayTime(0xee119a90, 2058) -> 1739850552.573099
02-17 21:48:55.423 18010 18026 I OpenVRAPI: vrapi_GetPredictedTracking2(0xee119a90, 1739850552.573099) -> [struct]
02-17 21:48:55.423 18010 18026 I OpenVRAPI: vrapi_GetTimeInSeconds() -> 1739850535.423166
02-17 21:48:55.424 18010 18026 W OpenVRAPI: hewo?
02-17 21:48:55.424 18010 18026 I OpenVRAPI: vrapi_SubmitFrame2(0xee119a90, 0xe27b4cd8) -> 0
02-17 21:48:55.424 18010 18026 I OpenVRAPI: vrapi_GetTimeInSeconds() -> 1739850535.424952
02-17 21:48:55.424 18010 18026 I OpenVRAPI: vrapi_GetPredictedDisplayTime(0xee119a90, 2059) -> 1739850552.583285
02-17 21:48:55.425 18010 18026 I OpenVRAPI: vrapi_GetPredictedTracking2(0xee119a90, 1739850552.583285) -> [struct]
02-17 21:48:55.425 18010 18026 I OpenVRAPI: vrapi_GetTimeInSeconds() -> 1739850535.425024
02-17 21:48:55.426 18010 18026 W OpenVRAPI: hewo?
02-17 21:48:55.426 18010 18026 I OpenVRAPI: vrapi_SubmitFrame2(0xee119a90, 0xe27b4cd8) -> 0
02-17 21:48:55.426 18010 18026 I OpenVRAPI: vrapi_GetTimeInSeconds() -> 1739850535.426799
02-17 21:48:55.426 18010 18026 I OpenVRAPI: vrapi_GetPredictedDisplayTime(0xee119a90, 2060) -> 1739850552.593466
02-17 21:48:55.426 18010 18026 I OpenVRAPI: vrapi_GetPredictedTracking2(0xee119a90, 1739850552.593466) -> [struct]
02-17 21:48:55.426 18010 18026 I OpenVRAPI: vrapi_GetTimeInSeconds() -> 1739850535.426864
02-17 21:48:55.428 18010 18026 W OpenVRAPI: hewo?
02-17 21:48:55.428 18010 18026 I OpenVRAPI: vrapi_SubmitFrame2(0xee119a90, 0xe27b4cd8) -> 0
02-17 21:48:55.428 18010 18026 I OpenVRAPI: vrapi_GetTimeInSeconds() -> 1739850535.428684
02-17 21:48:55.428 18010 18026 I OpenVRAPI: vrapi_GetPredictedDisplayTime(0xee119a90, 2061) -> 1739850552.603684
02-17 21:48:55.428 18010 18026 I OpenVRAPI: vrapi_GetPredictedTracking2(0xee119a90, 1739850552.603684) -> [struct]
02-17 21:48:55.428 18010 18026 I OpenVRAPI: vrapi_GetTimeInSeconds() -> 1739850535.428755
02-17 21:48:55.430 18010 18026 W OpenVRAPI: hewo?
02-17 21:48:55.430 18010 18026 I OpenVRAPI: vrapi_SubmitFrame2(0xee119a90, 0xe27b4cd8) -> 0
02-17 21:48:55.430 18010 18026 I OpenVRAPI: vrapi_GetTimeInSeconds() -> 1739850535.430613
02-17 21:48:55.430 18010 18026 I OpenVRAPI: vrapi_GetPredictedDisplayTime(0xee119a90, 2062) -> 1739850552.613946
02-17 21:48:55.430 18010 18026 I OpenVRAPI: vrapi_GetPredictedTracking2(0xee119a90, 1739850552.613946) -> [struct]
02-17 21:48:55.430 18010 18026 I OpenVRAPI: vrapi_GetTimeInSeconds() -> 1739850535.430680
02-17 21:48:55.432 18010 18026 W OpenVRAPI: hewo?
02-17 21:48:55.432 18010 18026 I OpenVRAPI: vrapi_SubmitFrame2(0xee119a90, 0xe27b4cd8) -> 0
02-17 21:48:55.432 18010 18026 I OpenVRAPI: vrapi_GetTimeInSeconds() -> 1739850535.432380
02-17 21:48:55.432 18010 18026 I OpenVRAPI: vrapi_GetPredictedDisplayTime(0xee119a90, 2063) -> 1739850552.624047
02-17 21:48:55.432 18010 18026 I OpenVRAPI: vrapi_GetPredictedTracking2(0xee119a90, 1739850552.624047) -> [struct]
02-17 21:48:55.432 18010 18026 I OpenVRAPI: vrapi_GetTimeInSeconds() -> 1739850535.432456
02-17 21:48:55.434 18010 18026 W OpenVRAPI: hewo?
02-17 21:48:55.434 18010 18026 I OpenVRAPI: vrapi_SubmitFrame2(0xee119a90, 0xe27b4cd8) -> 0
02-17 21:48:55.434 18010 18026 I OpenVRAPI: vrapi_GetTimeInSeconds() -> 1739850535.434249
02-17 21:48:55.434 18010 18026 I OpenVRAPI: vrapi_GetPredictedDisplayTime(0xee119a90, 2064) -> 1739850552.634249
02-17 21:48:55.434 18010 18026 I OpenVRAPI: vrapi_GetPredictedTracking2(0xee119a90, 1739850552.634249) -> [struct]
02-17 21:48:55.434 18010 18026 I OpenVRAPI: vrapi_GetTimeInSeconds() -> 1739850535.434318
02-17 21:48:55.436 18010 18026 W OpenVRAPI: hewo?
02-17 21:48:55.436 18010 18026 I OpenVRAPI: vrapi_SubmitFrame2(0xee119a90, 0xe27b4cd8) -> 0
02-17 21:48:55.436 18010 18026 I OpenVRAPI: vrapi_GetTimeInSeconds() -> 1739850535.436107
02-17 21:48:55.436 18010 18026 I OpenVRAPI: vrapi_GetPredictedDisplayTime(0xee119a90, 2065) -> 1739850552.644440
02-17 21:48:55.436 18010 18026 I OpenVRAPI: vrapi_GetPredictedTracking2(0xee119a90, 1739850552.644440) -> [struct]
02-17 21:48:55.436 18010 18026 I OpenVRAPI: vrapi_GetTimeInSeconds() -> 1739850535.436178
02-17 21:48:55.437 18010 18026 W OpenVRAPI: hewo?
02-17 21:48:55.437 18010 18026 I OpenVRAPI: vrapi_SubmitFrame2(0xee119a90, 0xe27b4cd8) -> 0
02-17 21:48:55.437 18010 18026 I OpenVRAPI: vrapi_GetTimeInSeconds() -> 1739850535.437974
02-17 21:48:55.438 18010 18026 I OpenVRAPI: vrapi_GetPredictedDisplayTime(0xee119a90, 2066) -> 1739850552.654641
02-17 21:48:55.438 18010 18026 I OpenVRAPI: vrapi_GetPredictedTracking2(0xee119a90, 1739850552.654641) -> [struct]
02-17 21:48:55.438 18010 18026 I OpenVRAPI: vrapi_GetTimeInSeconds() -> 1739850535.438036
02-17 21:48:55.439 18010 18026 W OpenVRAPI: hewo?
02-17 21:48:55.439 18010 18026 I OpenVRAPI: vrapi_SubmitFrame2(0xee119a90, 0xe27b4cd8) -> 0
02-17 21:48:55.439 18010 18026 I OpenVRAPI: vrapi_GetTimeInSeconds() -> 1739850535.439840
02-17 21:48:55.439 18010 18026 I OpenVRAPI: vrapi_GetPredictedDisplayTime(0xee119a90, 2067) -> 1739850552.664840
02-17 21:48:55.439 18010 18026 I OpenVRAPI: vrapi_GetPredictedTracking2(0xee119a90, 1739850552.664840) -> [struct]
02-17 21:48:55.439 18010 18026 I OpenVRAPI: vrapi_GetTimeInSeconds() -> 1739850535.439911
02-17 21:48:55.441 18010 18026 W OpenVRAPI: hewo?
02-17 21:48:55.441 18010 18026 I OpenVRAPI: vrapi_SubmitFrame2(0xee119a90, 0xe27b4cd8) -> 0
02-17 21:48:55.441 18010 18026 I OpenVRAPI: vrapi_GetTimeInSeconds() -> 1739850535.441701
02-17 21:48:55.441 18010 18026 I OpenVRAPI: vrapi_GetPredictedDisplayTime(0xee119a90, 2068) -> 1739850552.675035
02-17 21:48:55.441 18010 18026 I OpenVRAPI: vrapi_GetPredictedTracking2(0xee119a90, 1739850552.675035) -> [struct]
02-17 21:48:55.441 18010 18026 I OpenVRAPI: vrapi_GetTimeInSeconds() -> 1739850535.441786
02-17 21:48:55.443 18010 18026 W OpenVRAPI: hewo?
02-17 21:48:55.443 18010 18026 I OpenVRAPI: vrapi_SubmitFrame2(0xee119a90, 0xe27b4cd8) -> 0
02-17 21:48:55.443 18010 18026 I OpenVRAPI: vrapi_GetTimeInSeconds() -> 1739850535.443578
02-17 21:48:55.443 18010 18026 I OpenVRAPI: vrapi_GetPredictedDisplayTime(0xee119a90, 2069) -> 1739850552.685244
02-17 21:48:55.443 18010 18026 I OpenVRAPI: vrapi_GetPredictedTracking2(0xee119a90, 1739850552.685244) -> [struct]
02-17 21:48:55.443 18010 18026 I OpenVRAPI: vrapi_GetTimeInSeconds() -> 1739850535.443648
02-17 21:48:55.445 18010 18026 W OpenVRAPI: hewo?
02-17 21:48:55.445 18010 18026 I OpenVRAPI: vrapi_SubmitFrame2(0xee119a90, 0xe27b4cd8) -> 0
02-17 21:48:55.445 18010 18026 I OpenVRAPI: vrapi_GetTimeInSeconds() -> 1739850535.445436
02-17 21:48:55.445 18010 18026 I OpenVRAPI: vrapi_GetPredictedDisplayTime(0xee119a90, 2070) -> 1739850552.695436
02-17 21:48:55.445 18010 18026 I OpenVRAPI: vrapi_GetPredictedTracking2(0xee119a90, 1739850552.695436) -> [struct]
02-17 21:48:55.445 18010 18026 I OpenVRAPI: vrapi_GetTimeInSeconds() -> 1739850535.445544
02-17 21:48:55.447 18010 18026 W OpenVRAPI: hewo?
02-17 21:48:55.447 18010 18026 I OpenVRAPI: vrapi_SubmitFrame2(0xee119a90, 0xe27b4cd8) -> 0
02-17 21:48:55.447 18010 18026 I OpenVRAPI: vrapi_GetTimeInSeconds() -> 1739850535.447288
02-17 21:48:55.447 18010 18026 I OpenVRAPI: vrapi_GetPredictedDisplayTime(0xee119a90, 2071) -> 1739850552.705621
02-17 21:48:55.447 18010 18026 I OpenVRAPI: vrapi_GetPredictedTracking2(0xee119a90, 1739850552.705621) -> [struct]
02-17 21:48:55.447 18010 18026 I OpenVRAPI: vrapi_GetTimeInSeconds() -> 1739850535.447355
02-17 21:48:55.449 18010 18026 W OpenVRAPI: hewo?
02-17 21:48:55.449 18010 18026 I OpenVRAPI: vrapi_SubmitFrame2(0xee119a90, 0xe27b4cd8) -> 0
02-17 21:48:55.449 18010 18026 I OpenVRAPI: vrapi_GetTimeInSeconds() -> 1739850535.449151
02-17 21:48:55.449 18010 18026 I OpenVRAPI: vrapi_GetPredictedDisplayTime(0xee119a90, 2072) -> 1739850552.715818
02-17 21:48:55.449 18010 18026 I OpenVRAPI: vrapi_GetPredictedTracking2(0xee119a90, 1739850552.715818) -> [struct]
02-17 21:48:55.449 18010 18026 I OpenVRAPI: vrapi_GetTimeInSeconds() -> 1739850535.449213
02-17 21:48:55.450 18010 18026 W OpenVRAPI: hewo?
02-17 21:48:55.451 18010 18026 I OpenVRAPI: vrapi_SubmitFrame2(0xee119a90, 0xe27b4cd8) -> 0
02-17 21:48:55.451 18010 18026 I OpenVRAPI: vrapi_GetTimeInSeconds() -> 1739850535.451030
02-17 21:48:55.451 18010 18026 I OpenVRAPI: vrapi_GetPredictedDisplayTime(0xee119a90, 2073) -> 1739850552.726030
02-17 21:48:55.451 18010 18026 I OpenVRAPI: vrapi_GetPredictedTracking2(0xee119a90, 1739850552.726030) -> [struct]
02-17 21:48:55.451 18010 18026 I OpenVRAPI: vrapi_GetTimeInSeconds() -> 1739850535.451095
02-17 21:48:55.452 18010 18026 W OpenVRAPI: hewo?
02-17 21:48:55.452 18010 18026 I OpenVRAPI: vrapi_SubmitFrame2(0xee119a90, 0xe27b4cd8) -> 0
02-17 21:48:55.452 18010 18026 I OpenVRAPI: vrapi_GetTimeInSeconds() -> 1739850535.452891
02-17 21:48:55.452 18010 18026 I OpenVRAPI: vrapi_GetPredictedDisplayTime(0xee119a90, 2074) -> 1739850552.736224
02-17 21:48:55.452 18010 18026 I OpenVRAPI: vrapi_GetPredictedTracking2(0xee119a90, 1739850552.736224) -> [struct]
02-17 21:48:55.452 18010 18026 I OpenVRAPI: vrapi_GetTimeInSeconds() -> 1739850535.452952
02-17 21:48:55.454 18010 18026 W OpenVRAPI: hewo?
02-17 21:48:55.454 18010 18026 I OpenVRAPI: vrapi_SubmitFrame2(0xee119a90, 0xe27b4cd8) -> 0
02-17 21:48:55.454 18010 18026 I OpenVRAPI: vrapi_GetTimeInSeconds() -> 1739850535.454758
02-17 21:48:55.454 18010 18026 I OpenVRAPI: vrapi_GetPredictedDisplayTime(0xee119a90, 2075) -> 1739850552.746425
02-17 21:48:55.454 18010 18026 I OpenVRAPI: vrapi_GetPredictedTracking2(0xee119a90, 1739850552.746425) -> [struct]
02-17 21:48:55.454 18010 18026 I OpenVRAPI: vrapi_GetTimeInSeconds() -> 1739850535.454823
02-17 21:48:55.456 18010 18026 W OpenVRAPI: hewo?
02-17 21:48:55.456 18010 18026 I OpenVRAPI: vrapi_SubmitFrame2(0xee119a90, 0xe27b4cd8) -> 0
02-17 21:48:55.456 18010 18026 I OpenVRAPI: vrapi_GetTimeInSeconds() -> 1739850535.456619
02-17 21:48:55.456 18010 18026 I OpenVRAPI: vrapi_GetPredictedDisplayTime(0xee119a90, 2076) -> 1739850552.756618
02-17 21:48:55.456 18010 18026 I OpenVRAPI: vrapi_GetPredictedTracking2(0xee119a90, 1739850552.756618) -> [struct]
02-17 21:48:55.456 18010 18026 I OpenVRAPI: vrapi_GetTimeInSeconds() -> 1739850535.456681
02-17 21:48:55.458 18010 18026 W OpenVRAPI: hewo?
02-17 21:48:55.458 18010 18026 I OpenVRAPI: vrapi_SubmitFrame2(0xee119a90, 0xe27b4cd8) -> 0
02-17 21:48:55.458 18010 18026 I OpenVRAPI: vrapi_GetTimeInSeconds() -> 1739850535.458536
02-17 21:48:55.458 18010 18026 I OpenVRAPI: vrapi_GetPredictedDisplayTime(0xee119a90, 2077) -> 1739850552.766870
02-17 21:48:55.458 18010 18026 I OpenVRAPI: vrapi_GetPredictedTracking2(0xee119a90, 1739850552.766870) -> [struct]
02-17 21:48:55.458 18010 18026 I OpenVRAPI: vrapi_GetTimeInSeconds() -> 1739850535.458601
02-17 21:48:55.460 18010 18026 W OpenVRAPI: hewo?
02-17 21:48:55.460 18010 18026 I OpenVRAPI: vrapi_SubmitFrame2(0xee119a90, 0xe27b4cd8) -> 0
02-17 21:48:55.460 18010 18026 I OpenVRAPI: vrapi_GetTimeInSeconds() -> 1739850535.460343
02-17 21:48:55.460 18010 18026 I OpenVRAPI: vrapi_GetPredictedDisplayTime(0xee119a90, 2078) -> 1739850552.777009
02-17 21:48:55.460 18010 18026 I OpenVRAPI: vrapi_GetPredictedTracking2(0xee119a90, 1739850552.777009) -> [struct]
02-17 21:48:55.460 18010 18026 I OpenVRAPI: vrapi_GetTimeInSeconds() -> 1739850535.460403
02-17 21:48:55.462 18010 18026 W OpenVRAPI: hewo?
02-17 21:48:55.462 18010 18026 I OpenVRAPI: vrapi_SubmitFrame2(0xee119a90, 0xe27b4cd8) -> 0
02-17 21:48:55.462 18010 18026 I OpenVRAPI: vrapi_GetTimeInSeconds() -> 1739850535.462266
02-17 21:48:55.462 18010 18026 I OpenVRAPI: vrapi_GetPredictedDisplayTime(0xee119a90, 2079) -> 1739850552.787266
02-17 21:48:55.462 18010 18026 I OpenVRAPI: vrapi_GetPredictedTracking2(0xee119a90, 1739850552.787266) -> [struct]
02-17 21:48:55.462 18010 18026 I OpenVRAPI: vrapi_GetTimeInSeconds() -> 1739850535.462332
02-17 21:48:55.464 18010 18026 W OpenVRAPI: hewo?
02-17 21:48:55.464 18010 18026 I OpenVRAPI: vrapi_SubmitFrame2(0xee119a90, 0xe27b4cd8) -> 0
02-17 21:48:55.464 18010 18026 I OpenVRAPI: vrapi_GetTimeInSeconds() -> 1739850535.464081
02-17 21:48:55.464 18010 18026 I OpenVRAPI: vrapi_GetPredictedDisplayTime(0xee119a90, 2080) -> 1739850552.797414
02-17 21:48:55.464 18010 18026 I OpenVRAPI: vrapi_GetPredictedTracking2(0xee119a90, 1739850552.797414) -> [struct]
02-17 21:48:55.464 18010 18026 I OpenVRAPI: vrapi_GetTimeInSeconds() -> 1739850535.464165
02-17 21:48:55.465 18010 18026 W OpenVRAPI: hewo?
02-17 21:48:55.465 18010 18026 I OpenVRAPI: vrapi_SubmitFrame2(0xee119a90, 0xe27b4cd8) -> 0
02-17 21:48:55.465 18010 18026 I OpenVRAPI: vrapi_GetTimeInSeconds() -> 1739850535.465937
02-17 21:48:55.465 18010 18026 I OpenVRAPI: vrapi_GetPredictedDisplayTime(0xee119a90, 2081) -> 1739850552.807604
02-17 21:48:55.465 18010 18026 I OpenVRAPI: vrapi_GetPredictedTracking2(0xee119a90, 1739850552.807604) -> [struct]
02-17 21:48:55.466 18010 18026 I OpenVRAPI: vrapi_GetTimeInSeconds() -> 1739850535.466024
02-17 21:48:55.467 18010 18026 W OpenVRAPI: hewo?
02-17 21:48:55.467 18010 18026 I OpenVRAPI: vrapi_SubmitFrame2(0xee119a90, 0xe27b4cd8) -> 0
02-17 21:48:55.467 18010 18026 I OpenVRAPI: vrapi_GetTimeInSeconds() -> 1739850535.467820
02-17 21:48:55.467 18010 18026 I OpenVRAPI: vrapi_GetPredictedDisplayTime(0xee119a90, 2082) -> 1739850552.817820
02-17 21:48:55.467 18010 18026 I OpenVRAPI: vrapi_GetPredictedTracking2(0xee119a90, 1739850552.817820) -> [struct]
02-17 21:48:55.467 18010 18026 I OpenVRAPI: vrapi_GetTimeInSeconds() -> 1739850535.467889
02-17 21:48:55.469 18010 18026 W OpenVRAPI: hewo?
02-17 21:48:55.469 18010 18026 I OpenVRAPI: vrapi_SubmitFrame2(0xee119a90, 0xe27b4cd8) -> 0
02-17 21:48:55.469 18010 18026 I OpenVRAPI: vrapi_GetTimeInSeconds() -> 1739850535.469686
02-17 21:48:55.469 18010 18026 I OpenVRAPI: vrapi_GetPredictedDisplayTime(0xee119a90, 2083) -> 1739850552.828020
02-17 21:48:55.469 18010 18026 I OpenVRAPI: vrapi_GetPredictedTracking2(0xee119a90, 1739850552.828020) -> [struct]
02-17 21:48:55.469 18010 18026 I OpenVRAPI: vrapi_GetTimeInSeconds() -> 1739850535.469753
02-17 21:48:55.471 18010 18026 W OpenVRAPI: hewo?
02-17 21:48:55.471 18010 18026 I OpenVRAPI: vrapi_SubmitFrame2(0xee119a90, 0xe27b4cd8) -> 0
02-17 21:48:55.471 18010 18026 I OpenVRAPI: vrapi_GetTimeInSeconds() -> 1739850535.471545
02-17 21:48:55.471 18010 18026 I OpenVRAPI: vrapi_GetPredictedDisplayTime(0xee119a90, 2084) -> 1739850552.838212
02-17 21:48:55.471 18010 18026 I OpenVRAPI: vrapi_GetPredictedTracking2(0xee119a90, 1739850552.838212) -> [struct]
02-17 21:48:55.471 18010 18026 I OpenVRAPI: vrapi_GetTimeInSeconds() -> 1739850535.471617
02-17 21:48:55.473 18010 18026 W OpenVRAPI: hewo?
02-17 21:48:55.473 18010 18026 I OpenVRAPI: vrapi_SubmitFrame2(0xee119a90, 0xe27b4cd8) -> 0
02-17 21:48:55.473 18010 18026 I OpenVRAPI: vrapi_GetTimeInSeconds() -> 1739850535.473401
02-17 21:48:55.473 18010 18026 I OpenVRAPI: vrapi_GetPredictedDisplayTime(0xee119a90, 2085) -> 1739850552.848401
02-17 21:48:55.473 18010 18026 I OpenVRAPI: vrapi_GetPredictedTracking2(0xee119a90, 1739850552.848401) -> [struct]
02-17 21:48:55.473 18010 18026 I OpenVRAPI: vrapi_GetTimeInSeconds() -> 1739850535.473488
02-17 21:48:55.475 18010 18026 W OpenVRAPI: hewo?
02-17 21:48:55.475 18010 18026 I OpenVRAPI: vrapi_SubmitFrame2(0xee119a90, 0xe27b4cd8) -> 0
02-17 21:48:55.475 18010 18026 I OpenVRAPI: vrapi_GetTimeInSeconds() -> 1739850535.475281
02-17 21:48:55.475 18010 18026 I OpenVRAPI: vrapi_GetPredictedDisplayTime(0xee119a90, 2086) -> 1739850552.858614
02-17 21:48:55.475 18010 18026 I OpenVRAPI: vrapi_GetPredictedTracking2(0xee119a90, 1739850552.858614) -> [struct]
02-17 21:48:55.475 18010 18026 I OpenVRAPI: vrapi_GetTimeInSeconds() -> 1739850535.475351
02-17 21:48:55.477 18010 18026 W OpenVRAPI: hewo?
02-17 21:48:55.477 18010 18026 I OpenVRAPI: vrapi_SubmitFrame2(0xee119a90, 0xe27b4cd8) -> 0
02-17 21:48:55.477 18010 18026 I OpenVRAPI: vrapi_GetTimeInSeconds() -> 1739850535.477122
02-17 21:48:55.477 18010 18026 I OpenVRAPI: vrapi_GetPredictedDisplayTime(0xee119a90, 2087) -> 1739850552.868789
02-17 21:48:55.477 18010 18026 I OpenVRAPI: vrapi_GetPredictedTracking2(0xee119a90, 1739850552.868789) -> [struct]
02-17 21:48:55.477 18010 18026 I OpenVRAPI: vrapi_GetTimeInSeconds() -> 1739850535.477188
02-17 21:48:55.478 18010 18026 W OpenVRAPI: hewo?
02-17 21:48:55.478 18010 18026 I OpenVRAPI: vrapi_SubmitFrame2(0xee119a90, 0xe27b4cd8) -> 0
02-17 21:48:55.478 18010 18026 I OpenVRAPI: vrapi_GetTimeInSeconds() -> 1739850535.478987
02-17 21:48:55.479 18010 18026 I OpenVRAPI: vrapi_GetPredictedDisplayTime(0xee119a90, 2088) -> 1739850552.878987
02-17 21:48:55.479 18010 18026 I OpenVRAPI: vrapi_GetPredictedTracking2(0xee119a90, 1739850552.878987) -> [struct]
02-17 21:48:55.479 18010 18026 I OpenVRAPI: vrapi_GetTimeInSeconds() -> 1739850535.479049
02-17 21:48:55.480 18010 18026 W OpenVRAPI: hewo?
02-17 21:48:55.480 18010 18026 I OpenVRAPI: vrapi_SubmitFrame2(0xee119a90, 0xe27b4cd8) -> 0
02-17 21:48:55.480 18010 18026 I OpenVRAPI: vrapi_GetTimeInSeconds() -> 1739850535.480850
02-17 21:48:55.480 18010 18026 I OpenVRAPI: vrapi_GetPredictedDisplayTime(0xee119a90, 2089) -> 1739850552.889184
02-17 21:48:55.480 18010 18026 I OpenVRAPI: vrapi_GetPredictedTracking2(0xee119a90, 1739850552.889184) -> [struct]
02-17 21:48:55.480 18010 18026 I OpenVRAPI: vrapi_GetTimeInSeconds() -> 1739850535.480911
02-17 21:48:55.482 18010 18026 W OpenVRAPI: hewo?
02-17 21:48:55.482 18010 18026 I OpenVRAPI: vrapi_SubmitFrame2(0xee119a90, 0xe27b4cd8) -> 0
02-17 21:48:55.482 18010 18026 I OpenVRAPI: vrapi_GetTimeInSeconds() -> 1739850535.482697
02-17 21:48:55.482 18010 18026 I OpenVRAPI: vrapi_GetPredictedDisplayTime(0xee119a90, 2090) -> 1739850552.899363
02-17 21:48:55.482 18010 18026 I OpenVRAPI: vrapi_GetPredictedTracking2(0xee119a90, 1739850552.899363) -> [struct]
02-17 21:48:55.482 18010 18026 I OpenVRAPI: vrapi_GetTimeInSeconds() -> 1739850535.482765
02-17 21:48:55.484 18010 18026 W OpenVRAPI: hewo?
02-17 21:48:55.484 18010 18026 I OpenVRAPI: vrapi_SubmitFrame2(0xee119a90, 0xe27b4cd8) -> 0
02-17 21:48:55.484 18010 18026 I OpenVRAPI: vrapi_GetTimeInSeconds() -> 1739850535.484620
02-17 21:48:55.484 18010 18026 I OpenVRAPI: vrapi_GetPredictedDisplayTime(0xee119a90, 2091) -> 1739850552.909620
02-17 21:48:55.484 18010 18026 I OpenVRAPI: vrapi_GetPredictedTracking2(0xee119a90, 1739850552.909620) -> [struct]
02-17 21:48:55.484 18010 18026 I OpenVRAPI: vrapi_GetTimeInSeconds() -> 1739850535.484703
02-17 21:48:55.486 18010 18026 W OpenVRAPI: hewo?
02-17 21:48:55.486 18010 18026 I OpenVRAPI: vrapi_SubmitFrame2(0xee119a90, 0xe27b4cd8) -> 0
02-17 21:48:55.486 18010 18026 I OpenVRAPI: vrapi_GetTimeInSeconds() -> 1739850535.486454
02-17 21:48:55.486 18010 18026 I OpenVRAPI: vrapi_GetPredictedDisplayTime(0xee119a90, 2092) -> 1739850552.919788
02-17 21:48:55.486 18010 18026 I OpenVRAPI: vrapi_GetPredictedTracking2(0xee119a90, 1739850552.919788) -> [struct]
02-17 21:48:55.486 18010 18026 I OpenVRAPI: vrapi_GetTimeInSeconds() -> 1739850535.486524
02-17 21:48:55.488 18010 18026 W OpenVRAPI: hewo?
02-17 21:48:55.488 18010 18026 I OpenVRAPI: vrapi_SubmitFrame2(0xee119a90, 0xe27b4cd8) -> 0
02-17 21:48:55.488 18010 18026 I OpenVRAPI: vrapi_GetTimeInSeconds() -> 1739850535.488283
02-17 21:48:55.488 18010 18026 I OpenVRAPI: vrapi_GetPredictedDisplayTime(0xee119a90, 2093) -> 1739850552.929950
02-17 21:48:55.488 18010 18026 I OpenVRAPI: vrapi_GetPredictedTracking2(0xee119a90, 1739850552.929950) -> [struct]
02-17 21:48:55.488 18010 18026 I OpenVRAPI: vrapi_GetTimeInSeconds() -> 1739850535.488348
02-17 21:48:55.490 18010 18026 W OpenVRAPI: hewo?
02-17 21:48:55.490 18010 18026 I OpenVRAPI: vrapi_SubmitFrame2(0xee119a90, 0xe27b4cd8) -> 0
02-17 21:48:55.490 18010 18026 I OpenVRAPI: vrapi_GetTimeInSeconds() -> 1739850535.490157
02-17 21:48:55.490 18010 18026 I OpenVRAPI: vrapi_GetPredictedDisplayTime(0xee119a90, 2094) -> 1739850552.940157
02-17 21:48:55.490 18010 18026 I OpenVRAPI: vrapi_GetPredictedTracking2(0xee119a90, 1739850552.940157) -> [struct]
02-17 21:48:55.490 18010 18026 I OpenVRAPI: vrapi_GetTimeInSeconds() -> 1739850535.490226
02-17 21:48:55.491 18010 18026 W OpenVRAPI: hewo?
02-17 21:48:55.491 18010 18026 I OpenVRAPI: vrapi_SubmitFrame2(0xee119a90, 0xe27b4cd8) -> 0
02-17 21:48:55.491 18010 18026 I OpenVRAPI: vrapi_GetTimeInSeconds() -> 1739850535.491992
02-17 21:48:55.492 18010 18026 I OpenVRAPI: vrapi_GetPredictedDisplayTime(0xee119a90, 2095) -> 1739850552.950325
02-17 21:48:55.492 18010 18026 I OpenVRAPI: vrapi_GetPredictedTracking2(0xee119a90, 1739850552.950325) -> [struct]
02-17 21:48:55.492 18010 18026 I OpenVRAPI: vrapi_GetTimeInSeconds() -> 1739850535.492056
02-17 21:48:55.493 18010 18026 W OpenVRAPI: hewo?
02-17 21:48:55.493 18010 18026 I OpenVRAPI: vrapi_SubmitFrame2(0xee119a90, 0xe27b4cd8) -> 0
02-17 21:48:55.493 18010 18026 I OpenVRAPI: vrapi_GetTimeInSeconds() -> 1739850535.493848
02-17 21:48:55.493 18010 18026 I OpenVRAPI: vrapi_GetPredictedDisplayTime(0xee119a90, 2096) -> 1739850552.960515
02-17 21:48:55.493 18010 18026 I OpenVRAPI: vrapi_GetPredictedTracking2(0xee119a90, 1739850552.960515) -> [struct]
02-17 21:48:55.493 18010 18026 I OpenVRAPI: vrapi_GetTimeInSeconds() -> 1739850535.493916
02-17 21:48:55.495 18010 18026 W OpenVRAPI: hewo?
02-17 21:48:55.495 18010 18026 I OpenVRAPI: vrapi_SubmitFrame2(0xee119a90, 0xe27b4cd8) -> 0
02-17 21:48:55.495 18010 18026 I OpenVRAPI: vrapi_GetTimeInSeconds() -> 1739850535.495715
02-17 21:48:55.495 18010 18026 I OpenVRAPI: vrapi_GetPredictedDisplayTime(0xee119a90, 2097) -> 1739850552.970715
02-17 21:48:55.495 18010 18026 I OpenVRAPI: vrapi_GetPredictedTracking2(0xee119a90, 1739850552.970715) -> [struct]
02-17 21:48:55.495 18010 18026 I OpenVRAPI: vrapi_GetTimeInSeconds() -> 1739850535.495784
02-17 21:48:55.497 18010 18026 W OpenVRAPI: hewo?
02-17 21:48:55.497 18010 18026 I OpenVRAPI: vrapi_SubmitFrame2(0xee119a90, 0xe27b4cd8) -> 0
02-17 21:48:55.497 18010 18026 I OpenVRAPI: vrapi_GetTimeInSeconds() -> 1739850535.497566
02-17 21:48:55.497 18010 18026 I OpenVRAPI: vrapi_GetPredictedDisplayTime(0xee119a90, 2098) -> 1739850552.980899
02-17 21:48:55.497 18010 18026 I OpenVRAPI: vrapi_GetPredictedTracking2(0xee119a90, 1739850552.980899) -> [struct]
02-17 21:48:55.497 18010 18026 I OpenVRAPI: vrapi_GetTimeInSeconds() -> 1739850535.497633
02-17 21:48:55.499 18010 18026 W OpenVRAPI: hewo?
02-17 21:48:55.499 18010 18026 I OpenVRAPI: vrapi_SubmitFrame2(0xee119a90, 0xe27b4cd8) -> 0
02-17 21:48:55.499 18010 18026 I OpenVRAPI: vrapi_GetTimeInSeconds() -> 1739850535.499412
02-17 21:48:55.499 18010 18026 I OpenVRAPI: vrapi_GetPredictedDisplayTime(0xee119a90, 2099) -> 1739850552.991079
02-17 21:48:55.499 18010 18026 I OpenVRAPI: vrapi_GetPredictedTracking2(0xee119a90, 1739850552.991079) -> [struct]
02-17 21:48:55.499 18010 18026 I OpenVRAPI: vrapi_GetTimeInSeconds() -> 1739850535.499509
02-17 21:48:55.501 18010 18026 W OpenVRAPI: hewo?
02-17 21:48:55.501 18010 18026 I OpenVRAPI: vrapi_SubmitFrame2(0xee119a90, 0xe27b4cd8) -> 0
02-17 21:48:55.501 18010 18026 I OpenVRAPI: vrapi_GetTimeInSeconds() -> 1739850535.501276
02-17 21:48:55.501 18010 18026 I OpenVRAPI: vrapi_GetPredictedDisplayTime(0xee119a90, 2100) -> 1739850553.001276
02-17 21:48:55.501 18010 18026 I OpenVRAPI: vrapi_GetPredictedTracking2(0xee119a90, 1739850553.001276) -> [struct]
02-17 21:48:55.501 18010 18026 I OpenVRAPI: vrapi_GetTimeInSeconds() -> 1739850535.501342
02-17 21:48:55.503 18010 18026 W OpenVRAPI: hewo?
02-17 21:48:55.503 18010 18026 I OpenVRAPI: vrapi_SubmitFrame2(0xee119a90, 0xe27b4cd8) -> 0
02-17 21:48:55.503 18010 18026 I OpenVRAPI: vrapi_GetTimeInSeconds() -> 1739850535.503135
02-17 21:48:55.503 18010 18026 I OpenVRAPI: vrapi_GetPredictedDisplayTime(0xee119a90, 2101) -> 1739850553.011469
02-17 21:48:55.503 18010 18026 I OpenVRAPI: vrapi_GetPredictedTracking2(0xee119a90, 1739850553.011469) -> [struct]
02-17 21:48:55.503 18010 18026 I OpenVRAPI: vrapi_GetTimeInSeconds() -> 1739850535.503197
02-17 21:48:55.504 18010 18026 W OpenVRAPI: hewo?
02-17 21:48:55.504 18010 18026 I OpenVRAPI: vrapi_SubmitFrame2(0xee119a90, 0xe27b4cd8) -> 0
02-17 21:48:55.505 18010 18026 I OpenVRAPI: vrapi_GetTimeInSeconds() -> 1739850535.505004
02-17 21:48:55.505 18010 18026 I OpenVRAPI: vrapi_GetPredictedDisplayTime(0xee119a90, 2102) -> 1739850553.021671
02-17 21:48:55.505 18010 18026 I OpenVRAPI: vrapi_GetPredictedTracking2(0xee119a90, 1739850553.021671) -> [struct]
02-17 21:48:55.505 18010 18026 I OpenVRAPI: vrapi_GetTimeInSeconds() -> 1739850535.505124
02-17 21:48:55.506 18010 18026 W OpenVRAPI: hewo?
02-17 21:48:55.506 18010 18026 I OpenVRAPI: vrapi_SubmitFrame2(0xee119a90, 0xe27b4cd8) -> 0
02-17 21:48:55.506 18010 18026 I OpenVRAPI: vrapi_GetTimeInSeconds() -> 1739850535.506874
02-17 21:48:55.506 18010 18026 I OpenVRAPI: vrapi_GetPredictedDisplayTime(0xee119a90, 2103) -> 1739850553.031874
02-17 21:48:55.506 18010 18026 I OpenVRAPI: vrapi_GetPredictedTracking2(0xee119a90, 1739850553.031874) -> [struct]
02-17 21:48:55.506 18010 18026 I OpenVRAPI: vrapi_GetTimeInSeconds() -> 1739850535.506942
02-17 21:48:55.508 18010 18026 W OpenVRAPI: hewo?
02-17 21:48:55.508 18010 18026 I OpenVRAPI: vrapi_SubmitFrame2(0xee119a90, 0xe27b4cd8) -> 0
02-17 21:48:55.508 18010 18026 I OpenVRAPI: vrapi_GetTimeInSeconds() -> 1739850535.508742
02-17 21:48:55.508 18010 18026 I OpenVRAPI: vrapi_GetPredictedDisplayTime(0xee119a90, 2104) -> 1739850553.042075
02-17 21:48:55.508 18010 18026 I OpenVRAPI: vrapi_GetPredictedTracking2(0xee119a90, 1739850553.042075) -> [struct]
02-17 21:48:55.508 18010 18026 I OpenVRAPI: vrapi_GetTimeInSeconds() -> 1739850535.508807
02-17 21:48:55.510 18010 18026 W OpenVRAPI: hewo?
02-17 21:48:55.510 18010 18026 I OpenVRAPI: vrapi_SubmitFrame2(0xee119a90, 0xe27b4cd8) -> 0
02-17 21:48:55.510 18010 18026 I OpenVRAPI: vrapi_GetTimeInSeconds() -> 1739850535.510618
02-17 21:48:55.510 18010 18026 I OpenVRAPI: vrapi_GetPredictedDisplayTime(0xee119a90, 2105) -> 1739850553.052285
02-17 21:48:55.510 18010 18026 I OpenVRAPI: vrapi_GetPredictedTracking2(0xee119a90, 1739850553.052285) -> [struct]
02-17 21:48:55.510 18010 18026 I OpenVRAPI: vrapi_GetTimeInSeconds() -> 1739850535.510687
02-17 21:48:55.512 18010 18026 W OpenVRAPI: hewo?
02-17 21:48:55.512 18010 18026 I OpenVRAPI: vrapi_SubmitFrame2(0xee119a90, 0xe27b4cd8) -> 0
02-17 21:48:55.512 18010 18026 I OpenVRAPI: vrapi_GetTimeInSeconds() -> 1739850535.512454
02-17 21:48:55.512 18010 18026 I OpenVRAPI: vrapi_GetPredictedDisplayTime(0xee119a90, 2106) -> 1739850553.062454
02-17 21:48:55.512 18010 18026 I OpenVRAPI: vrapi_GetPredictedTracking2(0xee119a90, 1739850553.062454) -> [struct]
02-17 21:48:55.512 18010 18026 I OpenVRAPI: vrapi_GetTimeInSeconds() -> 1739850535.512518
02-17 21:48:55.514 18010 18026 W OpenVRAPI: hewo?
02-17 21:48:55.514 18010 18026 I OpenVRAPI: vrapi_SubmitFrame2(0xee119a90, 0xe27b4cd8) -> 0
02-17 21:48:55.514 18010 18026 I OpenVRAPI: vrapi_GetTimeInSeconds() -> 1739850535.514310
02-17 21:48:55.514 18010 18026 I OpenVRAPI: vrapi_GetPredictedDisplayTime(0xee119a90, 2107) -> 1739850553.072644
02-17 21:48:55.514 18010 18026 I OpenVRAPI: vrapi_GetPredictedTracking2(0xee119a90, 1739850553.072644) -> [struct]
02-17 21:48:55.514 18010 18026 I OpenVRAPI: vrapi_GetTimeInSeconds() -> 1739850535.514381
02-17 21:48:55.516 18010 18026 W OpenVRAPI: hewo?
02-17 21:48:55.516 18010 18026 I OpenVRAPI: vrapi_SubmitFrame2(0xee119a90, 0xe27b4cd8) -> 0
02-17 21:48:55.516 18010 18026 I OpenVRAPI: vrapi_GetTimeInSeconds() -> 1739850535.516164
02-17 21:48:55.516 18010 18026 I OpenVRAPI: vrapi_GetPredictedDisplayTime(0xee119a90, 2108) -> 1739850553.082831
02-17 21:48:55.516 18010 18026 I OpenVRAPI: vrapi_GetPredictedTracking2(0xee119a90, 1739850553.082831) -> [struct]
02-17 21:48:55.516 18010 18026 I OpenVRAPI: vrapi_GetTimeInSeconds() -> 1739850535.516229
02-17 21:48:55.517 18010 18026 W OpenVRAPI: hewo?
02-17 21:48:55.518 18010 18026 I OpenVRAPI: vrapi_SubmitFrame2(0xee119a90, 0xe27b4cd8) -> 0
02-17 21:48:55.518 18010 18026 I OpenVRAPI: vrapi_GetTimeInSeconds() -> 1739850535.518029
02-17 21:48:55.518 18010 18026 I OpenVRAPI: vrapi_GetPredictedDisplayTime(0xee119a90, 2109) -> 1739850553.093029
02-17 21:48:55.518 18010 18026 I OpenVRAPI: vrapi_GetPredictedTracking2(0xee119a90, 1739850553.093029) -> [struct]
02-17 21:48:55.518 18010 18026 I OpenVRAPI: vrapi_GetTimeInSeconds() -> 1739850535.518099
02-17 21:48:55.519 18010 18026 W OpenVRAPI: hewo?
02-17 21:48:55.519 18010 18026 I OpenVRAPI: vrapi_SubmitFrame2(0xee119a90, 0xe27b4cd8) -> 0
02-17 21:48:55.519 18010 18026 I OpenVRAPI: vrapi_GetTimeInSeconds() -> 1739850535.519885
02-17 21:48:55.519 18010 18026 I OpenVRAPI: vrapi_GetPredictedDisplayTime(0xee119a90, 2110) -> 1739850553.103218
02-17 21:48:55.519 18010 18026 I OpenVRAPI: vrapi_GetPredictedTracking2(0xee119a90, 1739850553.103218) -> [struct]
02-17 21:48:55.519 18010 18026 I OpenVRAPI: vrapi_GetTimeInSeconds() -> 1739850535.519949
02-17 21:48:55.521 18010 18026 W OpenVRAPI: hewo?
02-17 21:48:55.521 18010 18026 I OpenVRAPI: vrapi_SubmitFrame2(0xee119a90, 0xe27b4cd8) -> 0
02-17 21:48:55.521 18010 18026 I OpenVRAPI: vrapi_GetTimeInSeconds() -> 1739850535.521749
02-17 21:48:55.521 18010 18026 I OpenVRAPI: vrapi_GetPredictedDisplayTime(0xee119a90, 2111) -> 1739850553.113416
02-17 21:48:55.521 18010 18026 I OpenVRAPI: vrapi_GetPredictedTracking2(0xee119a90, 1739850553.113416) -> [struct]
02-17 21:48:55.521 18010 18026 I OpenVRAPI: vrapi_GetTimeInSeconds() -> 1739850535.521820
02-17 21:48:55.523 18010 18026 W OpenVRAPI: hewo?
02-17 21:48:55.523 18010 18026 I OpenVRAPI: vrapi_SubmitFrame2(0xee119a90, 0xe27b4cd8) -> 0
02-17 21:48:55.523 18010 18026 I OpenVRAPI: vrapi_GetTimeInSeconds() -> 1739850535.523601
02-17 21:48:55.523 18010 18026 I OpenVRAPI: vrapi_GetPredictedDisplayTime(0xee119a90, 2112) -> 1739850553.123601
02-17 21:48:55.523 18010 18026 I OpenVRAPI: vrapi_GetPredictedTracking2(0xee119a90, 1739850553.123601) -> [struct]
02-17 21:48:55.523 18010 18026 I OpenVRAPI: vrapi_GetTimeInSeconds() -> 1739850535.523665
02-17 21:48:55.525 18010 18026 W OpenVRAPI: hewo?
02-17 21:48:55.525 18010 18026 I OpenVRAPI: vrapi_SubmitFrame2(0xee119a90, 0xe27b4cd8) -> 0
02-17 21:48:55.525 18010 18026 I OpenVRAPI: vrapi_GetTimeInSeconds() -> 1739850535.525541
02-17 21:48:55.525 18010 18026 I OpenVRAPI: vrapi_GetPredictedDisplayTime(0xee119a90, 2113) -> 1739850553.133875
02-17 21:48:55.525 18010 18026 I OpenVRAPI: vrapi_GetPredictedTracking2(0xee119a90, 1739850553.133875) -> [struct]
02-17 21:48:55.525 18010 18026 I OpenVRAPI: vrapi_GetTimeInSeconds() -> 1739850535.525616
02-17 21:48:55.527 18010 18026 W OpenVRAPI: hewo?
02-17 21:48:55.527 18010 18026 I OpenVRAPI: vrapi_SubmitFrame2(0xee119a90, 0xe27b4cd8) -> 0
02-17 21:48:55.527 18010 18026 I OpenVRAPI: vrapi_GetTimeInSeconds() -> 1739850535.527333
02-17 21:48:55.527 18010 18026 I OpenVRAPI: vrapi_GetPredictedDisplayTime(0xee119a90, 2114) -> 1739850553.143999
02-17 21:48:55.527 18010 18026 I OpenVRAPI: vrapi_GetPredictedTracking2(0xee119a90, 1739850553.143999) -> [struct]
02-17 21:48:55.527 18010 18026 I OpenVRAPI: vrapi_GetTimeInSeconds() -> 1739850535.527430
02-17 21:48:55.529 18010 18026 W OpenVRAPI: hewo?
02-17 21:48:55.529 18010 18026 I OpenVRAPI: vrapi_SubmitFrame2(0xee119a90, 0xe27b4cd8) -> 0
02-17 21:48:55.529 18010 18026 I OpenVRAPI: vrapi_GetTimeInSeconds() -> 1739850535.529181
02-17 21:48:55.529 18010 18026 I OpenVRAPI: vrapi_GetPredictedDisplayTime(0xee119a90, 2115) -> 1739850553.154181
02-17 21:48:55.529 18010 18026 I OpenVRAPI: vrapi_GetPredictedTracking2(0xee119a90, 1739850553.154181) -> [struct]
02-17 21:48:55.529 18010 18026 I OpenVRAPI: vrapi_GetTimeInSeconds() -> 1739850535.529275
02-17 21:48:55.530 18010 18026 W OpenVRAPI: hewo?
02-17 21:48:55.531 18010 18026 I OpenVRAPI: vrapi_SubmitFrame2(0xee119a90, 0xe27b4cd8) -> 0
02-17 21:48:55.531 18010 18026 I OpenVRAPI: vrapi_GetTimeInSeconds() -> 1739850535.531046
02-17 21:48:55.531 18010 18026 I OpenVRAPI: vrapi_GetPredictedDisplayTime(0xee119a90, 2116) -> 1739850553.164380
02-17 21:48:55.531 18010 18026 I OpenVRAPI: vrapi_GetPredictedTracking2(0xee119a90, 1739850553.164380) -> [struct]
02-17 21:48:55.531 18010 18026 I OpenVRAPI: vrapi_GetTimeInSeconds() -> 1739850535.531114
02-17 21:48:55.532 18010 18026 W OpenVRAPI: hewo?
02-17 21:48:55.532 18010 18026 I OpenVRAPI: vrapi_SubmitFrame2(0xee119a90, 0xe27b4cd8) -> 0
02-17 21:48:55.532 18010 18026 I OpenVRAPI: vrapi_GetTimeInSeconds() -> 1739850535.532888
02-17 21:48:55.532 18010 18026 I OpenVRAPI: vrapi_GetPredictedDisplayTime(0xee119a90, 2117) -> 1739850553.174554
02-17 21:48:55.532 18010 18026 I OpenVRAPI: vrapi_GetPredictedTracking2(0xee119a90, 1739850553.174554) -> [struct]
02-17 21:48:55.532 18010 18026 I OpenVRAPI: vrapi_GetTimeInSeconds() -> 1739850535.532951
02-17 21:48:55.534 18010 18026 W OpenVRAPI: hewo?
02-17 21:48:55.534 18010 18026 I OpenVRAPI: vrapi_SubmitFrame2(0xee119a90, 0xe27b4cd8) -> 0
02-17 21:48:55.534 18010 18026 I OpenVRAPI: vrapi_GetTimeInSeconds() -> 1739850535.534742
02-17 21:48:55.534 18010 18026 I OpenVRAPI: vrapi_GetPredictedDisplayTime(0xee119a90, 2118) -> 1739850553.184742
02-17 21:48:55.534 18010 18026 I OpenVRAPI: vrapi_GetPredictedTracking2(0xee119a90, 1739850553.184742) -> [struct]
02-17 21:48:55.534 18010 18026 I OpenVRAPI: vrapi_GetTimeInSeconds() -> 1739850535.534829
02-17 21:48:55.536 18010 18026 W OpenVRAPI: hewo?
02-17 21:48:55.536 18010 18026 I OpenVRAPI: vrapi_SubmitFrame2(0xee119a90, 0xe27b4cd8) -> 0
02-17 21:48:55.536 18010 18026 I OpenVRAPI: vrapi_GetTimeInSeconds() -> 1739850535.536601
02-17 21:48:55.536 18010 18026 I OpenVRAPI: vrapi_GetPredictedDisplayTime(0xee119a90, 2119) -> 1739850553.194934
02-17 21:48:55.536 18010 18026 I OpenVRAPI: vrapi_GetPredictedTracking2(0xee119a90, 1739850553.194934) -> [struct]
02-17 21:48:55.536 18010 18026 I OpenVRAPI: vrapi_GetTimeInSeconds() -> 1739850535.536666
02-17 21:48:55.538 18010 18026 W OpenVRAPI: hewo?
02-17 21:48:55.538 18010 18026 I OpenVRAPI: vrapi_SubmitFrame2(0xee119a90, 0xe27b4cd8) -> 0
02-17 21:48:55.538 18010 18026 I OpenVRAPI: vrapi_GetTimeInSeconds() -> 1739850535.538532
02-17 21:48:55.538 18010 18026 I OpenVRAPI: vrapi_GetPredictedDisplayTime(0xee119a90, 2120) -> 1739850553.205199
02-17 21:48:55.538 18010 18026 I OpenVRAPI: vrapi_GetPredictedTracking2(0xee119a90, 1739850553.205199) -> [struct]
02-17 21:48:55.538 18010 18026 I OpenVRAPI: vrapi_GetTimeInSeconds() -> 1739850535.538600
02-17 21:48:55.540 18010 18026 W OpenVRAPI: hewo?
02-17 21:48:55.540 18010 18026 I OpenVRAPI: vrapi_SubmitFrame2(0xee119a90, 0xe27b4cd8) -> 0
02-17 21:48:55.540 18010 18026 I OpenVRAPI: vrapi_GetTimeInSeconds() -> 1739850535.540332
02-17 21:48:55.540 18010 18026 I OpenVRAPI: vrapi_GetPredictedDisplayTime(0xee119a90, 2121) -> 1739850553.215332
02-17 21:48:55.540 18010 18026 I OpenVRAPI: vrapi_GetPredictedTracking2(0xee119a90, 1739850553.215332) -> [struct]
02-17 21:48:55.540 18010 18026 I OpenVRAPI: vrapi_GetTimeInSeconds() -> 1739850535.540404
02-17 21:48:55.542 18010 18026 W OpenVRAPI: hewo?
02-17 21:48:55.542 18010 18026 I OpenVRAPI: vrapi_SubmitFrame2(0xee119a90, 0xe27b4cd8) -> 0
02-17 21:48:55.542 18010 18026 I OpenVRAPI: vrapi_GetTimeInSeconds() -> 1739850535.542194
02-17 21:48:55.542 18010 18026 I OpenVRAPI: vrapi_GetPredictedDisplayTime(0xee119a90, 2122) -> 1739850553.225527
02-17 21:48:55.542 18010 18026 I OpenVRAPI: vrapi_GetPredictedTracking2(0xee119a90, 1739850553.225527) -> [struct]
02-17 21:48:55.542 18010 18026 I OpenVRAPI: vrapi_GetTimeInSeconds() -> 1739850535.542270
02-17 21:48:55.543 18010 18026 W OpenVRAPI: hewo?
02-17 21:48:55.544 18010 18026 I OpenVRAPI: vrapi_SubmitFrame2(0xee119a90, 0xe27b4cd8) -> 0
02-17 21:48:55.544 18010 18026 I OpenVRAPI: vrapi_GetTimeInSeconds() -> 1739850535.544061
02-17 21:48:55.544 18010 18026 I OpenVRAPI: vrapi_GetPredictedDisplayTime(0xee119a90, 2123) -> 1739850553.235728
02-17 21:48:55.544 18010 18026 I OpenVRAPI: vrapi_GetPredictedTracking2(0xee119a90, 1739850553.235728) -> [struct]
02-17 21:48:55.544 18010 18026 I OpenVRAPI: vrapi_GetTimeInSeconds() -> 1739850535.544127
02-17 21:48:55.545 18010 18026 W OpenVRAPI: hewo?
02-17 21:48:55.545 18010 18026 I OpenVRAPI: vrapi_SubmitFrame2(0xee119a90, 0xe27b4cd8) -> 0
02-17 21:48:55.545 18010 18026 I OpenVRAPI: vrapi_GetTimeInSeconds() -> 1739850535.545955
02-17 21:48:55.545 18010 18026 I OpenVRAPI: vrapi_GetPredictedDisplayTime(0xee119a90, 2124) -> 1739850553.245955
02-17 21:48:55.546 18010 18026 I OpenVRAPI: vrapi_GetPredictedTracking2(0xee119a90, 1739850553.245955) -> [struct]
02-17 21:48:55.546 18010 18026 I OpenVRAPI: vrapi_GetTimeInSeconds() -> 1739850535.546033
02-17 21:48:55.547 18010 18026 W OpenVRAPI: hewo?
02-17 21:48:55.547 18010 18026 I OpenVRAPI: vrapi_SubmitFrame2(0xee119a90, 0xe27b4cd8) -> 0
02-17 21:48:55.547 18010 18026 I OpenVRAPI: vrapi_GetTimeInSeconds() -> 1739850535.547884
02-17 21:48:55.547 18010 18026 I OpenVRAPI: vrapi_GetPredictedDisplayTime(0xee119a90, 2125) -> 1739850553.256217
02-17 21:48:55.547 18010 18026 I OpenVRAPI: vrapi_GetPredictedTracking2(0xee119a90, 1739850553.256217) -> [struct]
02-17 21:48:55.547 18010 18026 I OpenVRAPI: vrapi_GetTimeInSeconds() -> 1739850535.547971
02-17 21:48:55.549 18010 18026 W OpenVRAPI: hewo?
02-17 21:48:55.549 18010 18026 I OpenVRAPI: vrapi_SubmitFrame2(0xee119a90, 0xe27b4cd8) -> 0
02-17 21:48:55.549 18010 18026 I OpenVRAPI: vrapi_GetTimeInSeconds() -> 1739850535.549703
02-17 21:48:55.549 18010 18026 I OpenVRAPI: vrapi_GetPredictedDisplayTime(0xee119a90, 2126) -> 1739850553.266370
02-17 21:48:55.549 18010 18026 I OpenVRAPI: vrapi_GetPredictedTracking2(0xee119a90, 1739850553.266370) -> [struct]
02-17 21:48:55.549 18010 18026 I OpenVRAPI: vrapi_GetTimeInSeconds() -> 1739850535.549791
02-17 21:48:55.551 18010 18026 W OpenVRAPI: hewo?
02-17 21:48:55.551 18010 18026 I OpenVRAPI: vrapi_SubmitFrame2(0xee119a90, 0xe27b4cd8) -> 0
02-17 21:48:55.551 18010 18026 I OpenVRAPI: vrapi_GetTimeInSeconds() -> 1739850535.551578
02-17 21:48:55.551 18010 18026 I OpenVRAPI: vrapi_GetPredictedDisplayTime(0xee119a90, 2127) -> 1739850553.276578
02-17 21:48:55.551 18010 18026 I OpenVRAPI: vrapi_GetPredictedTracking2(0xee119a90, 1739850553.276578) -> [struct]
02-17 21:48:55.551 18010 18026 I OpenVRAPI: vrapi_GetTimeInSeconds() -> 1739850535.551658
02-17 21:48:55.553 18010 18026 W OpenVRAPI: hewo?
02-17 21:48:55.553 18010 18026 I OpenVRAPI: vrapi_SubmitFrame2(0xee119a90, 0xe27b4cd8) -> 0
02-17 21:48:55.553 18010 18026 I OpenVRAPI: vrapi_GetTimeInSeconds() -> 1739850535.553413
02-17 21:48:55.553 18010 18026 I OpenVRAPI: vrapi_GetPredictedDisplayTime(0xee119a90, 2128) -> 1739850553.286747
02-17 21:48:55.553 18010 18026 I OpenVRAPI: vrapi_GetPredictedTracking2(0xee119a90, 1739850553.286747) -> [struct]
02-17 21:48:55.553 18010 18026 I OpenVRAPI: vrapi_GetTimeInSeconds() -> 1739850535.553493
02-17 21:48:55.555 18010 18026 W OpenVRAPI: hewo?
02-17 21:48:55.555 18010 18026 I OpenVRAPI: vrapi_SubmitFrame2(0xee119a90, 0xe27b4cd8) -> 0
02-17 21:48:55.555 18010 18026 I OpenVRAPI: vrapi_GetTimeInSeconds() -> 1739850535.555279
02-17 21:48:55.555 18010 18026 I OpenVRAPI: vrapi_GetPredictedDisplayTime(0xee119a90, 2129) -> 1739850553.296946
02-17 21:48:55.555 18010 18026 I OpenVRAPI: vrapi_GetPredictedTracking2(0xee119a90, 1739850553.296946) -> [struct]
02-17 21:48:55.555 18010 18026 I OpenVRAPI: vrapi_GetTimeInSeconds() -> 1739850535.555358
02-17 21:48:55.557 18010 18026 W OpenVRAPI: hewo?
02-17 21:48:55.557 18010 18026 I OpenVRAPI: vrapi_SubmitFrame2(0xee119a90, 0xe27b4cd8) -> 0
02-17 21:48:55.557 18010 18026 I OpenVRAPI: vrapi_GetTimeInSeconds() -> 1739850535.557134
02-17 21:48:55.557 18010 18026 I OpenVRAPI: vrapi_GetPredictedDisplayTime(0xee119a90, 2130) -> 1739850553.307134
02-17 21:48:55.557 18010 18026 I OpenVRAPI: vrapi_GetPredictedTracking2(0xee119a90, 1739850553.307134) -> [struct]
02-17 21:48:55.557 18010 18026 I OpenVRAPI: vrapi_GetTimeInSeconds() -> 1739850535.557202
02-17 21:48:55.558 18010 18026 W OpenVRAPI: hewo?
02-17 21:48:55.558 18010 18026 I OpenVRAPI: vrapi_SubmitFrame2(0xee119a90, 0xe27b4cd8) -> 0
02-17 21:48:55.558 18010 18026 I OpenVRAPI: vrapi_GetTimeInSeconds() -> 1739850535.558977
02-17 21:48:55.559 18010 18026 I OpenVRAPI: vrapi_GetPredictedDisplayTime(0xee119a90, 2131) -> 1739850553.317310
02-17 21:48:55.559 18010 18026 I OpenVRAPI: vrapi_GetPredictedTracking2(0xee119a90, 1739850553.317310) -> [struct]
02-17 21:48:55.559 18010 18026 I OpenVRAPI: vrapi_GetTimeInSeconds() -> 1739850535.559055
02-17 21:48:55.560 18010 18026 W OpenVRAPI: hewo?
02-17 21:48:55.560 18010 18026 I OpenVRAPI: vrapi_SubmitFrame2(0xee119a90, 0xe27b4cd8) -> 0
02-17 21:48:55.560 18010 18026 I OpenVRAPI: vrapi_GetTimeInSeconds() -> 1739850535.560841
02-17 21:48:55.560 18010 18026 I OpenVRAPI: vrapi_GetPredictedDisplayTime(0xee119a90, 2132) -> 1739850553.327507
02-17 21:48:55.560 18010 18026 I OpenVRAPI: vrapi_GetPredictedTracking2(0xee119a90, 1739850553.327507) -> [struct]
02-17 21:48:55.560 18010 18026 I OpenVRAPI: vrapi_GetTimeInSeconds() -> 1739850535.560910
02-17 21:48:55.562 18010 18026 W OpenVRAPI: hewo?
02-17 21:48:55.562 18010 18026 I OpenVRAPI: vrapi_SubmitFrame2(0xee119a90, 0xe27b4cd8) -> 0
02-17 21:48:55.562 18010 18026 I OpenVRAPI: vrapi_GetTimeInSeconds() -> 1739850535.562706
02-17 21:48:55.562 18010 18026 I OpenVRAPI: vrapi_GetPredictedDisplayTime(0xee119a90, 2133) -> 1739850553.337706
02-17 21:48:55.562 18010 18026 I OpenVRAPI: vrapi_GetPredictedTracking2(0xee119a90, 1739850553.337706) -> [struct]
02-17 21:48:55.562 18010 18026 I OpenVRAPI: vrapi_GetTimeInSeconds() -> 1739850535.562811
02-17 21:48:55.564 18010 18026 W OpenVRAPI: hewo?
02-17 21:48:55.564 18010 18026 I OpenVRAPI: vrapi_SubmitFrame2(0xee119a90, 0xe27b4cd8) -> 0
02-17 21:48:55.564 18010 18026 I OpenVRAPI: vrapi_GetTimeInSeconds() -> 1739850535.564580
02-17 21:48:55.564 18010 18026 I OpenVRAPI: vrapi_GetPredictedDisplayTime(0xee119a90, 2134) -> 1739850553.347913
02-17 21:48:55.564 18010 18026 I OpenVRAPI: vrapi_GetPredictedTracking2(0xee119a90, 1739850553.347913) -> [struct]
02-17 21:48:55.564 18010 18026 I OpenVRAPI: vrapi_GetTimeInSeconds() -> 1739850535.564670
02-17 21:48:55.566 18010 18026 W OpenVRAPI: hewo?
02-17 21:48:55.566 18010 18026 I OpenVRAPI: vrapi_SubmitFrame2(0xee119a90, 0xe27b4cd8) -> 0
02-17 21:48:55.566 18010 18026 I OpenVRAPI: vrapi_GetTimeInSeconds() -> 1739850535.566410
02-17 21:48:55.566 18010 18026 I OpenVRAPI: vrapi_GetPredictedDisplayTime(0xee119a90, 2135) -> 1739850553.358077
02-17 21:48:55.566 18010 18026 I OpenVRAPI: vrapi_GetPredictedTracking2(0xee119a90, 1739850553.358077) -> [struct]
02-17 21:48:55.566 18010 18026 I OpenVRAPI: vrapi_GetTimeInSeconds() -> 1739850535.566494
02-17 21:48:55.568 18010 18026 W OpenVRAPI: hewo?
02-17 21:48:55.568 18010 18026 I OpenVRAPI: vrapi_SubmitFrame2(0xee119a90, 0xe27b4cd8) -> 0
02-17 21:48:55.568 18010 18026 I OpenVRAPI: vrapi_GetTimeInSeconds() -> 1739850535.568265
02-17 21:48:55.568 18010 18026 I OpenVRAPI: vrapi_GetPredictedDisplayTime(0xee119a90, 2136) -> 1739850553.368265
02-17 21:48:55.568 18010 18026 I OpenVRAPI: vrapi_GetPredictedTracking2(0xee119a90, 1739850553.368265) -> [struct]
02-17 21:48:55.568 18010 18026 I OpenVRAPI: vrapi_GetTimeInSeconds() -> 1739850535.568345
02-17 21:48:55.570 18010 18026 W OpenVRAPI: hewo?
02-17 21:48:55.570 18010 18026 I OpenVRAPI: vrapi_SubmitFrame2(0xee119a90, 0xe27b4cd8) -> 0
02-17 21:48:55.570 18010 18026 I OpenVRAPI: vrapi_GetTimeInSeconds() -> 1739850535.570118
02-17 21:48:55.570 18010 18026 I OpenVRAPI: vrapi_GetPredictedDisplayTime(0xee119a90, 2137) -> 1739850553.378452
02-17 21:48:55.570 18010 18026 I OpenVRAPI: vrapi_GetPredictedTracking2(0xee119a90, 1739850553.378452) -> [struct]
02-17 21:48:55.570 18010 18026 I OpenVRAPI: vrapi_GetTimeInSeconds() -> 1739850535.570198
02-17 21:48:55.571 18010 18026 W OpenVRAPI: hewo?
02-17 21:48:55.571 18010 18026 I OpenVRAPI: vrapi_SubmitFrame2(0xee119a90, 0xe27b4cd8) -> 0
02-17 21:48:55.571 18010 18026 I OpenVRAPI: vrapi_GetTimeInSeconds() -> 1739850535.571981
02-17 21:48:55.572 18010 18026 I OpenVRAPI: vrapi_GetPredictedDisplayTime(0xee119a90, 2138) -> 1739850553.388648
02-17 21:48:55.572 18010 18026 I OpenVRAPI: vrapi_GetPredictedTracking2(0xee119a90, 1739850553.388648) -> [struct]
02-17 21:48:55.572 18010 18026 I OpenVRAPI: vrapi_GetTimeInSeconds() -> 1739850535.572062
02-17 21:48:55.573 18010 18026 W OpenVRAPI: hewo?
02-17 21:48:55.573 18010 18026 I OpenVRAPI: vrapi_SubmitFrame2(0xee119a90, 0xe27b4cd8) -> 0
02-17 21:48:55.573 18010 18026 I OpenVRAPI: vrapi_GetTimeInSeconds() -> 1739850535.573830
02-17 21:48:55.573 18010 18026 I OpenVRAPI: vrapi_GetPredictedDisplayTime(0xee119a90, 2139) -> 1739850553.398830
02-17 21:48:55.573 18010 18026 I OpenVRAPI: vrapi_GetPredictedTracking2(0xee119a90, 1739850553.398830) -> [struct]
02-17 21:48:55.573 18010 18026 I OpenVRAPI: vrapi_GetTimeInSeconds() -> 1739850535.573916
02-17 21:48:55.575 18010 18026 W OpenVRAPI: hewo?
02-17 21:48:55.575 18010 18026 I OpenVRAPI: vrapi_SubmitFrame2(0xee119a90, 0xe27b4cd8) -> 0
02-17 21:48:55.575 18010 18026 I OpenVRAPI: vrapi_GetTimeInSeconds() -> 1739850535.575703
02-17 21:48:55.575 18010 18026 I OpenVRAPI: vrapi_GetPredictedDisplayTime(0xee119a90, 2140) -> 1739850553.409036
02-17 21:48:55.575 18010 18026 I OpenVRAPI: vrapi_GetPredictedTracking2(0xee119a90, 1739850553.409036) -> [struct]
02-17 21:48:55.575 18010 18026 I OpenVRAPI: vrapi_GetTimeInSeconds() -> 1739850535.575774
02-17 21:48:55.577 18010 18026 W OpenVRAPI: hewo?
02-17 21:48:55.577 18010 18026 I OpenVRAPI: vrapi_SubmitFrame2(0xee119a90, 0xe27b4cd8) -> 0
02-17 21:48:55.577 18010 18026 I OpenVRAPI: vrapi_GetTimeInSeconds() -> 1739850535.577539
02-17 21:48:55.577 18010 18026 I OpenVRAPI: vrapi_GetPredictedDisplayTime(0xee119a90, 2141) -> 1739850553.419206
02-17 21:48:55.577 18010 18026 I OpenVRAPI: vrapi_GetPredictedTracking2(0xee119a90, 1739850553.419206) -> [struct]
02-17 21:48:55.577 18010 18026 I OpenVRAPI: vrapi_GetTimeInSeconds() -> 1739850535.577609
02-17 21:48:55.579 18010 18026 W OpenVRAPI: hewo?
02-17 21:48:55.579 18010 18026 I OpenVRAPI: vrapi_SubmitFrame2(0xee119a90, 0xe27b4cd8) -> 0
02-17 21:48:55.579 18010 18026 I OpenVRAPI: vrapi_GetTimeInSeconds() -> 1739850535.579396
02-17 21:48:55.579 18010 18026 I OpenVRAPI: vrapi_GetPredictedDisplayTime(0xee119a90, 2142) -> 1739850553.429396
02-17 21:48:55.579 18010 18026 I OpenVRAPI: vrapi_GetPredictedTracking2(0xee119a90, 1739850553.429396) -> [struct]
02-17 21:48:55.579 18010 18026 I OpenVRAPI: vrapi_GetTimeInSeconds() -> 1739850535.579489
02-17 21:48:55.581 18010 18026 W OpenVRAPI: hewo?
02-17 21:48:55.581 18010 18026 I OpenVRAPI: vrapi_SubmitFrame2(0xee119a90, 0xe27b4cd8) -> 0
02-17 21:48:55.581 18010 18026 I OpenVRAPI: vrapi_GetTimeInSeconds() -> 1739850535.581250
02-17 21:48:55.581 18010 18026 I OpenVRAPI: vrapi_GetPredictedDisplayTime(0xee119a90, 2143) -> 1739850553.439584
02-17 21:48:55.581 18010 18026 I OpenVRAPI: vrapi_GetPredictedTracking2(0xee119a90, 1739850553.439584) -> [struct]
02-17 21:48:55.581 18010 18026 I OpenVRAPI: vrapi_GetTimeInSeconds() -> 1739850535.581341
02-17 21:48:55.583 18010 18026 W OpenVRAPI: hewo?
02-17 21:48:55.583 18010 18026 I OpenVRAPI: vrapi_SubmitFrame2(0xee119a90, 0xe27b4cd8) -> 0
02-17 21:48:55.583 18010 18026 I OpenVRAPI: vrapi_GetTimeInSeconds() -> 1739850535.583097
02-17 21:48:55.583 18010 18026 I OpenVRAPI: vrapi_GetPredictedDisplayTime(0xee119a90, 2144) -> 1739850553.449764
02-17 21:48:55.583 18010 18026 I OpenVRAPI: vrapi_GetPredictedTracking2(0xee119a90, 1739850553.449764) -> [struct]
02-17 21:48:55.583 18010 18026 I OpenVRAPI: vrapi_GetTimeInSeconds() -> 1739850535.583164
02-17 21:48:55.584 18010 18026 W OpenVRAPI: hewo?
02-17 21:48:55.584 18010 18026 I OpenVRAPI: vrapi_SubmitFrame2(0xee119a90, 0xe27b4cd8) -> 0
02-17 21:48:55.584 18010 18026 I OpenVRAPI: vrapi_GetTimeInSeconds() -> 1739850535.584965
02-17 21:48:55.584 18010 18026 I OpenVRAPI: vrapi_GetPredictedDisplayTime(0xee119a90, 2145) -> 1739850553.459965
02-17 21:48:55.585 18010 18026 I OpenVRAPI: vrapi_GetPredictedTracking2(0xee119a90, 1739850553.459965) -> [struct]
02-17 21:48:55.585 18010 18026 I OpenVRAPI: vrapi_GetTimeInSeconds() -> 1739850535.585027
02-17 21:48:55.586 18010 18026 W OpenVRAPI: hewo?
02-17 21:48:55.586 18010 18026 I OpenVRAPI: vrapi_SubmitFrame2(0xee119a90, 0xe27b4cd8) -> 0
02-17 21:48:55.586 18010 18026 I OpenVRAPI: vrapi_GetTimeInSeconds() -> 1739850535.586829
02-17 21:48:55.586 18010 18026 I OpenVRAPI: vrapi_GetPredictedDisplayTime(0xee119a90, 2146) -> 1739850553.470163
02-17 21:48:55.586 18010 18026 I OpenVRAPI: vrapi_GetPredictedTracking2(0xee119a90, 1739850553.470163) -> [struct]
02-17 21:48:55.586 18010 18026 I OpenVRAPI: vrapi_GetTimeInSeconds() -> 1739850535.586895
02-17 21:48:55.588 18010 18026 W OpenVRAPI: hewo?
02-17 21:48:55.588 18010 18026 I OpenVRAPI: vrapi_SubmitFrame2(0xee119a90, 0xe27b4cd8) -> 0
02-17 21:48:55.588 18010 18026 I OpenVRAPI: vrapi_GetTimeInSeconds() -> 1739850535.588678
02-17 21:48:55.588 18010 18026 I OpenVRAPI: vrapi_GetPredictedDisplayTime(0xee119a90, 2147) -> 1739850553.480345
02-17 21:48:55.588 18010 18026 I OpenVRAPI: vrapi_GetPredictedTracking2(0xee119a90, 1739850553.480345) -> [struct]
02-17 21:48:55.588 18010 18026 I OpenVRAPI: vrapi_GetTimeInSeconds() -> 1739850535.588745
02-17 21:48:55.590 18010 18026 W OpenVRAPI: hewo?
02-17 21:48:55.590 18010 18026 I OpenVRAPI: vrapi_SubmitFrame2(0xee119a90, 0xe27b4cd8) -> 0
02-17 21:48:55.590 18010 18026 I OpenVRAPI: vrapi_GetTimeInSeconds() -> 1739850535.590556
02-17 21:48:55.590 18010 18026 I OpenVRAPI: vrapi_GetPredictedDisplayTime(0xee119a90, 2148) -> 1739850553.490556
02-17 21:48:55.590 18010 18026 I OpenVRAPI: vrapi_GetPredictedTracking2(0xee119a90, 1739850553.490556) -> [struct]
02-17 21:48:55.590 18010 18026 I OpenVRAPI: vrapi_GetTimeInSeconds() -> 1739850535.590623
02-17 21:48:55.592 18010 18026 W OpenVRAPI: hewo?
02-17 21:48:55.592 18010 18026 I OpenVRAPI: vrapi_SubmitFrame2(0xee119a90, 0xe27b4cd8) -> 0
02-17 21:48:55.592 18010 18026 I OpenVRAPI: vrapi_GetTimeInSeconds() -> 1739850535.592433
02-17 21:48:55.592 18010 18026 I OpenVRAPI: vrapi_GetPredictedDisplayTime(0xee119a90, 2149) -> 1739850553.500766
02-17 21:48:55.592 18010 18026 I OpenVRAPI: vrapi_GetPredictedTracking2(0xee119a90, 1739850553.500766) -> [struct]
02-17 21:48:55.592 18010 18026 I OpenVRAPI: vrapi_GetTimeInSeconds() -> 1739850535.592501
02-17 21:48:55.594 18010 18026 W OpenVRAPI: hewo?
02-17 21:48:55.594 18010 18026 I OpenVRAPI: vrapi_SubmitFrame2(0xee119a90, 0xe27b4cd8) -> 0
02-17 21:48:55.594 18010 18026 I OpenVRAPI: vrapi_GetTimeInSeconds() -> 1739850535.594252
02-17 21:48:55.594 18010 18026 I OpenVRAPI: vrapi_GetPredictedDisplayTime(0xee119a90, 2150) -> 1739850553.510919
02-17 21:48:55.594 18010 18026 I OpenVRAPI: vrapi_GetPredictedTracking2(0xee119a90, 1739850553.510919) -> [struct]
02-17 21:48:55.594 18010 18026 I OpenVRAPI: vrapi_GetTimeInSeconds() -> 1739850535.594316
02-17 21:48:55.596 18010 18026 W OpenVRAPI: hewo?
02-17 21:48:55.596 18010 18026 I OpenVRAPI: vrapi_SubmitFrame2(0xee119a90, 0xe27b4cd8) -> 0
02-17 21:48:55.596 18010 18026 I OpenVRAPI: vrapi_GetTimeInSeconds() -> 1739850535.596123
02-17 21:48:55.596 18010 18026 I OpenVRAPI: vrapi_GetPredictedDisplayTime(0xee119a90, 2151) -> 1739850553.521123
02-17 21:48:55.596 18010 18026 I OpenVRAPI: vrapi_GetPredictedTracking2(0xee119a90, 1739850553.521123) -> [struct]
02-17 21:48:55.596 18010 18026 I OpenVRAPI: vrapi_GetTimeInSeconds() -> 1739850535.596191
02-17 21:48:55.597 18010 18026 W OpenVRAPI: hewo?
02-17 21:48:55.597 18010 18026 I OpenVRAPI: vrapi_SubmitFrame2(0xee119a90, 0xe27b4cd8) -> 0
02-17 21:48:55.597 18010 18026 I OpenVRAPI: vrapi_GetTimeInSeconds() -> 1739850535.597976
02-17 21:48:55.598 18010 18026 I OpenVRAPI: vrapi_GetPredictedDisplayTime(0xee119a90, 2152) -> 1739850553.531310
02-17 21:48:55.598 18010 18026 I OpenVRAPI: vrapi_GetPredictedTracking2(0xee119a90, 1739850553.531310) -> [struct]
02-17 21:48:55.598 18010 18026 I OpenVRAPI: vrapi_GetTimeInSeconds() -> 1739850535.598041
02-17 21:48:55.599 18010 18026 W OpenVRAPI: hewo?
02-17 21:48:55.599 18010 18026 I OpenVRAPI: vrapi_SubmitFrame2(0xee119a90, 0xe27b4cd8) -> 0
02-17 21:48:55.599 18010 18026 I OpenVRAPI: vrapi_GetTimeInSeconds() -> 1739850535.599834
02-17 21:48:55.599 18010 18026 I OpenVRAPI: vrapi_GetPredictedDisplayTime(0xee119a90, 2153) -> 1739850553.541501
02-17 21:48:55.599 18010 18026 I OpenVRAPI: vrapi_GetPredictedTracking2(0xee119a90, 1739850553.541501) -> [struct]
02-17 21:48:55.599 18010 18026 I OpenVRAPI: vrapi_GetTimeInSeconds() -> 1739850535.599911
02-17 21:48:55.601 18010 18026 W OpenVRAPI: hewo?
02-17 21:48:55.601 18010 18026 I OpenVRAPI: vrapi_SubmitFrame2(0xee119a90, 0xe27b4cd8) -> 0
02-17 21:48:55.601 18010 18026 I OpenVRAPI: vrapi_GetTimeInSeconds() -> 1739850535.601701
02-17 21:48:55.601 18010 18026 I OpenVRAPI: vrapi_GetPredictedDisplayTime(0xee119a90, 2154) -> 1739850553.551702
02-17 21:48:55.601 18010 18026 I OpenVRAPI: vrapi_GetPredictedTracking2(0xee119a90, 1739850553.551702) -> [struct]
02-17 21:48:55.601 18010 18026 I OpenVRAPI: vrapi_GetTimeInSeconds() -> 1739850535.601787
02-17 21:48:55.603 18010 18026 W OpenVRAPI: hewo?
02-17 21:48:55.603 18010 18026 I OpenVRAPI: vrapi_SubmitFrame2(0xee119a90, 0xe27b4cd8) -> 0
02-17 21:48:55.603 18010 18026 I OpenVRAPI: vrapi_GetTimeInSeconds() -> 1739850535.603553
02-17 21:48:55.603 18010 18026 I OpenVRAPI: vrapi_GetPredictedDisplayTime(0xee119a90, 2155) -> 1739850553.561887
02-17 21:48:55.603 18010 18026 I OpenVRAPI: vrapi_GetPredictedTracking2(0xee119a90, 1739850553.561887) -> [struct]
02-17 21:48:55.603 18010 18026 I OpenVRAPI: vrapi_GetTimeInSeconds() -> 1739850535.603659
02-17 21:48:55.605 18010 18026 W OpenVRAPI: hewo?
02-17 21:48:55.605 18010 18026 I OpenVRAPI: vrapi_SubmitFrame2(0xee119a90, 0xe27b4cd8) -> 0
02-17 21:48:55.605 18010 180